c[?7l[2J[0mSeaBIOS (version 1.16.3-debian-1.16.3-2)


iPXE (https://ipxe.org) 00:02.0 CA00 PCI2.10 PnP PMM+7EFCAB60+7EF0AB60 CA00
Press Ctrl-B to configure iPXE (PCI 00:02.0)...                                                                               


Booting from ROM...
c[?7l[2J[    0.000000] Linux version 6.12.111 (codespace@codespaces-5d341e) (gcc (Ubuntu 13.3.0-6ubuntu2~24.04.1) 13.3.0, GNU ld (GNU Binutils for Ubuntu) 2.42) #1 SMP PREEMPT_DYNAMIC Thu Oct  1 09:17:31 UTC 2026
[    0.000000] Command line: console=ttyS0 panic=-1 rdinit=/init loglevel=7
[    0.000000] BIOS-provided physical RAM map:
[    0.000000] BIOS-e820: [mem 0x0000000000000000-0x000000000009fbff] usable
[    0.000000] BIOS-e820: [mem 0x000000000009fc00-0x000000000009ffff] reserved
[    0.000000] BIOS-e820: [mem 0x00000000000f0000-0x00000000000fffff] reserved
[    0.000000] BIOS-e820: [mem 0x0000000000100000-0x000000007ffdefff] usable
[    0.000000] BIOS-e820: [mem 0x000000007ffdf000-0x000000007fffffff] reserved
[    0.000000] BIOS-e820: [mem 0x00000000b0000000-0x00000000bfffffff] reserved
[    0.000000] BIOS-e820: [mem 0x00000000fed1c000-0x00000000fed1ffff] reserved
[    0.000000] BIOS-e820: [mem 0x00000000feffc000-0x00000000feffffff] reserved
[    0.000000] BIOS-e820: [mem 0x00000000fffc0000-0x00000000ffffffff] reserved
[    0.000000] BIOS-e820: [mem 0x000000fd00000000-0x000000ffffffffff] reserved
[    0.000000] NX (Execute Disable) protection: active
[    0.000000] APIC: Static calls initialized
[    0.000000] SMBIOS 3.0.0 present.
[    0.000000] DMI: QEMU Standard PC (Q35 + ICH9, 2009), BIOS 1.16.3-debian-1.16.3-2 04/01/2014
[    0.000000] DMI: Memory slots populated: 1/1
[    0.000000] Hypervisor detected: KVM
[    0.000000] last_pfn = 0x7ffdf max_arch_pfn = 0x400000000
[    0.000000] kvm-clock: Using msrs 4b564d01 and 4b564d00
[    0.000001] kvm-clock: using sched offset of 395426183 cycles
[    0.000004] clocksource: kvm-clock: mask: 0xffffffffffffffff max_cycles: 0x1cd42e4dffb, max_idle_ns: 881590591483 ns
[    0.000010] tsc: Detected 2445.428 MHz processor
[    0.004426] last_pfn = 0x7ffdf max_arch_pfn = 0x400000000
[    0.004599] MTRR map: 4 entries (3 fixed + 1 variable; max 19), built from 8 variable MTRRs
[    0.004610] x86/PAT: Configuration [0-7]: WB  WC  UC- UC  WB  WP  UC- WT  
[    0.007429] found SMP MP-table at [mem 0x000f5480-0x000f548f]
[    0.008982] RAMDISK: [mem 0x7fd46000-0x7ffcffff]
[    0.009005] ACPI: Early table checksum verification disabled
[    0.009026] ACPI: RSDP 0x00000000000F52C0 000014 (v00 BOCHS )
[    0.009044] ACPI: RSDT 0x000000007FFE2425 000038 (v01 BOCHS  BXPC     00000001 BXPC 00000001)
[    0.009055] ACPI: FACP 0x000000007FFE2205 0000F4 (v03 BOCHS  BXPC     00000001 BXPC 00000001)
[    0.009068] ACPI: DSDT 0x000000007FFE0040 0021C5 (v01 BOCHS  BXPC     00000001 BXPC 00000001)
[    0.009077] ACPI: FACS 0x000000007FFE0000 000040
[    0.009083] ACPI: APIC 0x000000007FFE22F9 000090 (v03 BOCHS  BXPC     00000001 BXPC 00000001)
[    0.009091] ACPI: HPET 0x000000007FFE2389 000038 (v01 BOCHS  BXPC     00000001 BXPC 00000001)
[    0.009100] ACPI: MCFG 0x000000007FFE23C1 00003C (v01 BOCHS  BXPC     00000001 BXPC 00000001)
[    0.009109] ACPI: WAET 0x000000007FFE23FD 000028 (v01 BOCHS  BXPC     00000001 BXPC 00000001)
[    0.009116] ACPI: Reserving FACP table memory at [mem 0x7ffe2205-0x7ffe22f8]
[    0.009120] ACPI: Reserving DSDT table memory at [mem 0x7ffe0040-0x7ffe2204]
[    0.009123] ACPI: Reserving FACS table memory at [mem 0x7ffe0000-0x7ffe003f]
[    0.009126] ACPI: Reserving APIC table memory at [mem 0x7ffe22f9-0x7ffe2388]
[    0.009129] ACPI: Reserving HPET table memory at [mem 0x7ffe2389-0x7ffe23c0]
[    0.009132] ACPI: Reserving MCFG table memory at [mem 0x7ffe23c1-0x7ffe23fc]
[    0.009135] ACPI: Reserving WAET table memory at [mem 0x7ffe23fd-0x7ffe2424]
[    0.010215] No NUMA configuration found
[    0.010218] Faking a node at [mem 0x0000000000000000-0x000000007ffdefff]
[    0.010229] NODE_DATA(0) allocated [mem 0x7ffdb940-0x7ffdefff]
[    0.010253] Zone ranges:
[    0.010254]   DMA      [mem 0x0000000000001000-0x0000000000ffffff]
[    0.010258]   DMA32    [mem 0x0000000001000000-0x000000007ffdefff]
[    0.010262]   Normal   empty
[    0.010264] Movable zone start for each node
[    0.010266] Early memory node ranges
[    0.010267]   node   0: [mem 0x0000000000001000-0x000000000009efff]
[    0.010271]   node   0: [mem 0x0000000000100000-0x000000007ffdefff]
[    0.010275] Initmem setup node 0 [mem 0x0000000000001000-0x000000007ffdefff]
[    0.010488] On node 0, zone DMA: 1 pages in unavailable ranges
[    0.010563] On node 0, zone DMA: 97 pages in unavailable ranges
[    0.024922] On node 0, zone DMA32: 33 pages in unavailable ranges
[    0.025948] ACPI: PM-Timer IO Port: 0x608
[    0.025969] ACPI: LAPIC_NMI (acpi_id[0xff] dfl dfl lint[0x1])
[    0.026055] IOAPIC[0]: apic_id 0, version 17, address 0xfec00000, GSI 0-23
[    0.026062] ACPI: INT_SRC_OVR (bus 0 bus_irq 0 global_irq 2 dfl dfl)
[    0.026066] ACPI: INT_SRC_OVR (bus 0 bus_irq 5 global_irq 5 high level)
[    0.026070] ACPI: INT_SRC_OVR (bus 0 bus_irq 9 global_irq 9 high level)
[    0.026074] ACPI: INT_SRC_OVR (bus 0 bus_irq 10 global_irq 10 high level)
[    0.026078] ACPI: INT_SRC_OVR (bus 0 bus_irq 11 global_irq 11 high level)
[    0.026086] ACPI: Using ACPI (MADT) for SMP configuration information
[    0.026089] ACPI: HPET id: 0x8086a201 base: 0xfed00000
[    0.026101] CPU topo: Max. logical packages:   1
[    0.026103] CPU topo: Max. logical dies:       1
[    0.026105] CPU topo: Max. dies per package:   1
[    0.026112] CPU topo: Max. threads per core:   1
[    0.026114] CPU topo: Num. cores per package:     4
[    0.026116] CPU topo: Num. threads per package:   4
[    0.026118] CPU topo: Allowing 4 present CPUs plus 0 hotplug CPUs
[    0.026150] kvm-guest: APIC: eoi() replaced with kvm_guest_apic_eoi_write()
[    0.026197] PM: hibernation: Registered nosave memory: [mem 0x00000000-0x00000fff]
[    0.026202] PM: hibernation: Registered nosave memory: [mem 0x0009f000-0x000fffff]
[    0.026207] [mem 0xc0000000-0xfed1bfff] available for PCI devices
[    0.026210] Booting paravirtualized kernel on KVM
[    0.026213] clocksource: refined-jiffies: mask: 0xffffffff max_cycles: 0xffffffff, max_idle_ns: 1910969940391419 ns
[    0.032117] setup_percpu: NR_CPUS:64 nr_cpumask_bits:4 nr_cpu_ids:4 nr_node_ids:1
[    0.032448] percpu: Embedded 56 pages/cpu s192216 r8192 d28968 u524288
[    0.032543] Kernel command line: console=ttyS0 panic=-1 rdinit=/init loglevel=7
[    0.032918] Dentry cache hash table entries: 262144 (order: 9, 2097152 bytes, linear)
[    0.032988] Inode-cache hash table entries: 131072 (order: 8, 1048576 bytes, linear)
[    0.033112] Fallback order for Node 0: 0 
[    0.033121] Built 1 zonelists, mobility grouping on.  Total pages: 524157
[    0.033126] Policy zone: DMA32
[    0.033129] mem auto-init: stack:all(zero), heap alloc:off, heap free:off
[    0.036014] SLUB: HWalign=64, Order=0-3, MinObjects=0, CPUs=4, Nodes=1
[    0.037630] Dynamic Preempt: voluntary
[    0.037872] rcu: Preemptible hierarchical RCU implementation.
[    0.037874] rcu: 	RCU event tracing is enabled.
[    0.037875] rcu: 	RCU restricting CPUs from NR_CPUS=64 to nr_cpu_ids=4.
[    0.037879] 	Trampoline variant of Tasks RCU enabled.
[    0.037880] 	Tracing variant of Tasks RCU enabled.
[    0.037882] rcu: RCU calculated value of scheduler-enlistment delay is 100 jiffies.
[    0.037884] rcu: Adjusting geometry for rcu_fanout_leaf=16, nr_cpu_ids=4
[    0.037892] RCU Tasks: Setting shift to 2 and lim to 1 rcu_task_cb_adjust=1 rcu_task_cpu_ids=4.
[    0.037897] RCU Tasks Trace: Setting shift to 2 and lim to 1 rcu_task_cb_adjust=1 rcu_task_cpu_ids=4.
[    0.048093] NR_IRQS: 4352, nr_irqs: 456, preallocated irqs: 16
[    0.048627] rcu: srcu_init: Setting srcu_struct sizes based on contention.
[    0.048652] clocksource: jiffies: mask: 0xffffffff max_cycles: 0xffffffff, max_idle_ns: 1911260446275000 ns
[    0.063645] Console: colour VGA+ 80x25
[    0.063741] printk: legacy console [ttyS0] enabled
[    0.581203] ACPI: Core revision 20240827
[    0.583254] clocksource: hpet: mask: 0xffffffff max_cycles: 0xffffffff, max_idle_ns: 19112604467 ns
[    0.589683] APIC: Switch to symmetric I/O mode setup
[    0.596781] ..TIMER: vector=0x30 apic1=0 pin1=2 apic2=-1 pin2=-1
[    0.600963] clocksource: tsc-early: mask: 0xffffffffffffffff max_cycles: 0x233fd98c0cf, max_idle_ns: 440795209930 ns
[    0.609218] Calibrating delay loop (skipped) preset value.. 4890.85 BogoMIPS (lpj=2445428)
[    0.611845] Last level iTLB entries: 4KB 512, 2MB 255, 4MB 127
[    0.612214] Last level dTLB entries: 4KB 512, 2MB 255, 4MB 127, 1GB 0
[    0.613222] Spectre V1 : Mitigation: usercopy/swapgs barriers and __user pointer sanitization
[    0.614217] Spectre V2 : Mitigation: Retpolines
[    0.615213] Spectre V2 : Spectre v2 / SpectreRSB: Filling RSB on context switch and VMEXIT
[    0.616227] x86/fpu: x87 FPU will use FXSAVE
[    0.654177] Freeing SMP alternatives memory: 48K
[    0.655264] pid_max: default: 32768 minimum: 301
[    0.656239] LSM: initializing lsm=capability,selinux
[    0.657242] SELinux:  Initializing.
[    0.659414] Mount-cache hash table entries: 4096 (order: 3, 32768 bytes, linear)
[    0.660216] Mountpoint-cache hash table entries: 4096 (order: 3, 32768 bytes, linear)
[    0.761653] smpboot: CPU0: AMD QEMU Virtual CPU version 2.5+ (family: 0xf, model: 0x6b, stepping: 0x1)
[    0.762514] Performance Events: PMU not available due to virtualization, using software events only.
[    0.765413] signal: max sigframe size: 1440
[    0.766291] rcu: Hierarchical SRCU implementation.
[    0.767213] rcu: 	Max phase no-delay instances is 400.
[    0.768273] Timer migration: 1 hierarchy levels; 8 children per group; 1 crossnode level
[    0.769539] smp: Bringing up secondary CPUs ...
[    0.771358] smpboot: x86: Booting SMP configuration:
[    0.772217] .... node  #0, CPUs:      #1 #2 #3
[    0.783306] smp: Brought up 1 node, 4 CPUs
[    0.785214] smpboot: Total of 4 processors activated (19563.42 BogoMIPS)
[    0.787524] Memory: 2004480K/2096628K available (22528K kernel code, 2863K rwdata, 7100K rodata, 5388K init, 1244K bss, 87180K reserved, 0K cma-reserved)
[    0.789300] devtmpfs: initialized
[    0.791650] futex hash table entries: 1024 (order: 4, 65536 bytes, linear)
[    0.792548] PM: RTC time: 10:24:18, date: 2026-10-01
[    0.794664] NET: Registered PF_NETLINK/PF_ROUTE protocol family
[    0.796565] audit: initializing netlink subsys (disabled)
[    0.798215] audit: type=2000 audit(1790850257.743:1): state=initialized audit_enabled=0 res=1
[    0.798464] thermal_sys: Registered thermal governor 'step_wise'
[    0.799218] thermal_sys: Registered thermal governor 'user_space'
[    0.800284] cpuidle: using governor menu
[    0.804283] PCI: ECAM [mem 0xb0000000-0xbfffffff] (base 0xb0000000) for domain 0000 [bus 00-ff]
[    0.805216] PCI: ECAM [mem 0xb0000000-0xbfffffff] reserved as E820 entry
[    0.806254] PCI: Using configuration type 1 for base access
[    0.807435] kprobes: kprobe jump-optimization is enabled. All kprobes are optimized if possible.
[    0.810694] HugeTLB: registered 2.00 MiB page size, pre-allocated 0 pages
[    0.816213] HugeTLB: 28 KiB vmemmap can be freed for a 2.00 MiB page
[    0.821503] ACPI: Added _OSI(Module Device)
[    0.825213] ACPI: Added _OSI(Processor Device)
[    0.829213] ACPI: Added _OSI(Processor Aggregator Device)
[    0.836352] ACPI: 1 ACPI AML tables successfully acquired and loaded
[    0.847786] ACPI: Interpreter enabled
[    0.848249] ACPI: PM: (supports S0 S3 S4 S5)
[    0.849214] ACPI: Using IOAPIC for interrupt routing
[    0.850282] PCI: Using host bridge windows from ACPI; if necessary, use "pci=nocrs" and report a bug
[    0.851215] PCI: Using E820 reservations for host bridge windows
[    0.852665] ACPI: Enabled 2 GPEs in block 00 to 3F
[    0.861633] ACPI: PCI Root Bridge [PCI0] (domain 0000 [bus 00-ff])
[    0.862223] acpi PNP0A08:00: _OSC: OS supports [ExtendedConfig ASPM ClockPM Segments MSI HPX-Type3]
[    0.863366] acpi PNP0A08:00: _OSC: platform does not support [LTR]
[    0.864498] acpi PNP0A08:00: _OSC: OS now controls [PME PCIeCapability]
[    0.865376] PCI host bridge to bus 0000:00
[    0.866220] pci_bus 0000:00: root bus resource [io  0x0000-0x0cf7 window]
[    0.867215] pci_bus 0000:00: root bus resource [io  0x0d00-0xffff window]
[    0.868215] pci_bus 0000:00: root bus resource [mem 0x000a0000-0x000bffff window]
[    0.869214] pci_bus 0000:00: root bus resource [mem 0x80000000-0xafffffff window]
[    0.870215] pci_bus 0000:00: root bus resource [mem 0xc0000000-0xfebfffff window]
[    0.871215] pci_bus 0000:00: root bus resource [mem 0x100000000-0x8ffffffff window]
[    0.872217] pci_bus 0000:00: root bus resource [bus 00-ff]
[    0.873366] pci 0000:00:00.0: [8086:29c0] type 00 class 0x060000 conventional PCI endpoint
[    0.875771] pci 0000:00:01.0: [1234:1111] type 00 class 0x030000 conventional PCI endpoint
[    0.878029] pci 0000:00:01.0: BAR 0 [mem 0xfd000000-0xfdffffff pref]
[    0.882229] pci 0000:00:01.0: BAR 2 [mem 0xfebd4000-0xfebd4fff]
[    0.888223] pci 0000:00:01.0: ROM [mem 0xfebc0000-0xfebcffff pref]
[    0.889367] pci 0000:00:01.0: Video device with shadowed ROM at [mem 0x000c0000-0x000dffff]
[    0.890791] pci 0000:00:02.0: [8086:10d3] type 00 class 0x020000 PCIe Root Complex Integrated Endpoint
[    0.893084] pci 0000:00:02.0: BAR 0 [mem 0xfeb80000-0xfeb9ffff]
[    0.895214] pci 0000:00:02.0: BAR 1 [mem 0xfeba0000-0xfebbffff]
[    0.898213] pci 0000:00:02.0: BAR 2 [io  0xc040-0xc05f]
[    0.901213] pci 0000:00:02.0: BAR 3 [mem 0xfebd0000-0xfebd3fff]
[    0.908216] pci 0000:00:02.0: ROM [mem 0xfeb00000-0xfeb7ffff pref]
[    0.912734] pci 0000:00:1f.0: [8086:2918] type 00 class 0x060100 conventional PCI endpoint
[    0.915708] pci 0000:00:1f.0: quirk: [io  0x0600-0x067f] claimed by ICH6 ACPI/GPIO/TCO
[    0.917911] pci 0000:00:1f.2: [8086:2922] type 00 class 0x010601 conventional PCI endpoint
[    0.928216] pci 0000:00:1f.2: BAR 4 [io  0xc060-0xc07f]
[    0.930831] pci 0000:00:1f.2: BAR 5 [mem 0xfebd5000-0xfebd5fff]
[    0.933956] pci 0000:00:1f.3: [8086:2930] type 00 class 0x0c0500 conventional PCI endpoint
[    0.937417] pci 0000:00:1f.3: BAR 4 [io  0x0700-0x073f]
[    0.945106] ACPI: PCI: Interrupt link LNKA configured for IRQ 10
[    0.946299] ACPI: PCI: Interrupt link LNKB configured for IRQ 10
[    0.947510] ACPI: PCI: Interrupt link LNKC configured for IRQ 11
[    0.948487] ACPI: PCI: Interrupt link LNKD configured for IRQ 11
[    0.950256] ACPI: PCI: Interrupt link LNKE configured for IRQ 10
[    0.952215] ACPI: PCI: Interrupt link LNKF configured for IRQ 10
[    0.953444] ACPI: PCI: Interrupt link LNKG configured for IRQ 11
[    0.954500] ACPI: PCI: Interrupt link LNKH configured for IRQ 11
[    0.956305] ACPI: PCI: Interrupt link GSIA configured for IRQ 16
[    0.958244] ACPI: PCI: Interrupt link GSIB configured for IRQ 17
[    0.960210] ACPI: PCI: Interrupt link GSIC configured for IRQ 18
[    0.961246] ACPI: PCI: Interrupt link GSID configured for IRQ 19
[    0.962242] ACPI: PCI: Interrupt link GSIE configured for IRQ 20
[    0.963245] ACPI: PCI: Interrupt link GSIF configured for IRQ 21
[    0.964246] ACPI: PCI: Interrupt link GSIG configured for IRQ 22
[    0.965248] ACPI: PCI: Interrupt link GSIH configured for IRQ 23
[    0.967305] iommu: Default domain type: Translated
[    0.968214] iommu: DMA domain TLB invalidation policy: lazy mode
[    0.970245] SCSI subsystem initialized
[    0.971342] ACPI: bus type USB registered
[    0.972260] usbcore: registered new interface driver usbfs
[    0.973230] usbcore: registered new interface driver hub
[    0.974231] usbcore: registered new device driver usb
[    0.975257] pps_core: LinuxPPS API ver. 1 registered
[    0.976213] pps_core: Software ver. 5.3.6 - Copyright 2005-2007 Rodolfo Giometti <giometti@linux.it>
[    0.977224] PTP clock support registered
[    0.980300] Advanced Linux Sound Architecture Driver Initialized.
[    0.982646] NetLabel: Initializing
[    0.983213] NetLabel:  domain hash size = 128
[    0.984214] NetLabel:  protocols = UNLABELED CIPSOv4 CALIPSO
[    0.985255] NetLabel:  unlabeled traffic allowed by default
[    0.987242] PCI: Using ACPI for IRQ routing
[    1.154812] pci 0000:00:01.0: vgaarb: setting as boot VGA device
[    1.155209] pci 0000:00:01.0: vgaarb: bridge control possible
[    1.155209] pci 0000:00:01.0: vgaarb: VGA device added: decodes=io+mem,owns=io+mem,locks=none
[    1.155221] vgaarb: loaded
[    1.156365] hpet: 3 channels of 0 reserved for per-cpu timers
[    1.157244] hpet0: at MMIO 0xfed00000, IRQs 2, 8, 0
[    1.158213] hpet0: 3 comparators, 64-bit 100.000000 MHz counter
[    1.177218] clocksource: Switched to clocksource kvm-clock
[    1.619197] kwatchdog (54) used greatest stack depth: 15072 bytes left
[    1.771973] VFS: Disk quotas dquot_6.6.0
[    1.774989] VFS: Dquot-cache hash table entries: 512 (order 0, 4096 bytes)
[    1.781348] pnp: PnP ACPI init
[    1.783964] system 00:05: [mem 0xb0000000-0xbfffffff window] has been reserved
[    1.790123] pnp: PnP ACPI: found 6 devices
[    1.811671] clocksource: acpi_pm: mask: 0xffffff max_cycles: 0xffffff, max_idle_ns: 2085701024 ns
[    1.820590] NET: Registered PF_INET protocol family
[    1.826002] IP idents hash table entries: 32768 (order: 6, 262144 bytes, linear)
[    1.832710] tcp_listen_portaddr_hash hash table entries: 1024 (order: 2, 16384 bytes, linear)
[    1.841685] Table-perturb hash table entries: 65536 (order: 6, 262144 bytes, linear)
[    1.846762] TCP established hash table entries: 16384 (order: 5, 131072 bytes, linear)
[    1.852718] TCP bind hash table entries: 16384 (order: 7, 524288 bytes, linear)
[    1.859114] TCP: Hash tables configured (established 16384 bind 16384)
[    1.863179] UDP hash table entries: 1024 (order: 3, 32768 bytes, linear)
[    1.869460] UDP-Lite hash table entries: 1024 (order: 3, 32768 bytes, linear)
[    1.874444] NET: Registered PF_UNIX/PF_LOCAL protocol family
[    1.881509] RPC: Registered named UNIX socket transport module.
[    1.887084] RPC: Registered udp transport module.
[    1.890418] RPC: Registered tcp transport module.
[    1.895413] RPC: Registered tcp-with-tls transport module.
[    1.899777] RPC: Registered tcp NFSv4.1 backchannel transport module.
[    1.907791] pci_bus 0000:00: resource 4 [io  0x0000-0x0cf7 window]
[    1.912870] pci_bus 0000:00: resource 5 [io  0x0d00-0xffff window]
[    1.922215] pci_bus 0000:00: resource 6 [mem 0x000a0000-0x000bffff window]
[    1.927781] pci_bus 0000:00: resource 7 [mem 0x80000000-0xafffffff window]
[    1.934181] pci_bus 0000:00: resource 8 [mem 0xc0000000-0xfebfffff window]
[    1.940128] pci_bus 0000:00: resource 9 [mem 0x100000000-0x8ffffffff window]
[    1.945839] PCI: CLS 0 bytes, default 64
[    1.949289] clocksource: tsc: mask: 0xffffffffffffffff max_cycles: 0x233fd98c0cf, max_idle_ns: 440795209930 ns
[    1.950720] Unpacking initramfs...
[    1.969051] Initialise system trusted keyrings
[    1.976863] workingset: timestamp_bits=56 max_order=19 bucket_order=0
[    1.984992] NFS: Registering the id_resolver key type
[    1.992131] Key type id_resolver registered
[    1.995116] Key type id_legacy registered
[    1.999120] 9p: Installing v9fs 9p2000 file system support
[    2.033068] Key type asymmetric registered
[    2.035887] Asymmetric key parser 'x509' registered
[    2.039693] Block layer SCSI generic (bsg) driver version 0.4 loaded (major 251)
[    2.045380] io scheduler mq-deadline registered
[    2.048707] io scheduler kyber registered
[    2.052580] input: Power Button as /devices/LNXSYSTM:00/LNXPWRBN:00/input/input0
[    2.058948] ACPI: button: Power Button [PWRF]
[    2.068182] Serial: 8250/16550 driver, 4 ports, IRQ sharing enabled
[    2.073303] 00:03: ttyS0 at I/O 0x3f8 (irq = 4, base_baud = 115200) is a 16550A
[    2.081852] Non-volatile memory driver v1.3
[    2.084921] Linux agpgart interface v0.103
[    2.088659] ACPI: bus type drm_connector registered
[    2.096812] loop: module loaded
[    2.099947] ACPI: \_SB_.GSIA: Enabled at IRQ 16
[    2.105214] ahci 0000:00:1f.2: AHCI vers 0001.0000, 32 command slots, 1.5 Gbps, SATA mode
[    2.109969] ahci 0000:00:1f.2: 6/6 ports implemented (port mask 0x3f)
[    2.114171] ahci 0000:00:1f.2: flags: 64bit ncq only 
[    2.117795] Freeing initrd memory: 2600K
[    2.122466] scsi host0: ahci
[    2.124666] scsi host1: ahci
[    2.126793] scsi host2: ahci
[    2.129717] scsi host3: ahci
[    2.132365] scsi host4: ahci
[    2.135237] scsi host5: ahci
[    2.138760] ata1: SATA max UDMA/133 abar m4096@0xfebd5000 port 0xfebd5100 irq 24 lpm-pol 1
[    2.143059] ata2: SATA max UDMA/133 abar m4096@0xfebd5000 port 0xfebd5180 irq 24 lpm-pol 1
[    2.147744] ata3: SATA max UDMA/133 abar m4096@0xfebd5000 port 0xfebd5200 irq 24 lpm-pol 1
[    2.152692] ata4: SATA max UDMA/133 abar m4096@0xfebd5000 port 0xfebd5280 irq 24 lpm-pol 1
[    2.157834] ata5: SATA max UDMA/133 abar m4096@0xfebd5000 port 0xfebd5300 irq 24 lpm-pol 1
[    2.162698] ata6: SATA max UDMA/133 abar m4096@0xfebd5000 port 0xfebd5380 irq 24 lpm-pol 1
[    2.168558] e100: Intel(R) PRO/100 Network Driver
[    2.171864] e100: Copyright(c) 1999-2006 Intel Corporation
[    2.175003] e1000: Intel(R) PRO/1000 Network Driver
[    2.178186] e1000: Copyright (c) 1999-2006 Intel Corporation.
[    2.181549] e1000e: Intel(R) PRO/1000 Network Driver
[    2.184273] e1000e: Copyright(c) 1999 - 2015 Intel Corporation.
[    2.188017] ACPI: \_SB_.GSIG: Enabled at IRQ 22
[    2.192095] e1000e 0000:00:02.0: Interrupt Throttling Rate (ints/sec) set to dynamic conservative mode
[    2.240261] e1000e 0000:00:02.0 0000:00:02.0 (uninitialized): registered PHC clock
[    2.300681] e1000e 0000:00:02.0 eth0: (PCI Express:2.5GT/s:Width x1) 52:54:00:12:34:56
[    2.307434] e1000e 0000:00:02.0 eth0: Intel(R) PRO/1000 Network Connection
[    2.313278] e1000e 0000:00:02.0 eth0: MAC: 3, PHY: 8, PBA No: 000000-000
[    2.319028] sky2: driver version 1.30
[    2.322268] usbcore: registered new interface driver usblp
[    2.326884] usbcore: registered new interface driver usb-storage
[    2.331819] i8042: PNP: PS/2 Controller [PNP0303:KBD,PNP0f13:MOU] at 0x60,0x64 irq 1,12
[    2.339700] serio: i8042 KBD port at 0x60,0x64 irq 1
[    2.343627] serio: i8042 AUX port at 0x60,0x64 irq 12
[    2.348099] rtc_cmos 00:04: RTC can wake from S4
[    2.356949] rtc_cmos 00:04: registered as rtc0
[    2.360202] rtc_cmos 00:04: alarms up to one day, y3k, 242 bytes nvram, hpet irqs
[    2.365312] input: AT Translated Set 2 keyboard as /devices/platform/i8042/serio0/input/input1
[    2.368783] i801_smbus 0000:00:1f.3: SMBus using PCI interrupt
[    2.374077] device-mapper: ioctl: 4.48.0-ioctl (2023-03-01) initialised: dm-devel@lists.linux.dev
[    2.375155] i2c i2c-0: Memory type 0x07 not supported yet, not instantiating SPD
[    2.383981] amd_pstate: the _CPC object is not present in SBIOS or ACPI disabled
[    2.397667] hid: raw HID events driver (C) Jiri Kosina
[    2.401299] usbcore: registered new interface driver usbhid
[    2.405742] usbhid: USB HID core driver
[    2.410739] Initializing XFRM netlink socket
[    2.418611] NET: Registered PF_INET6 protocol family
[    2.424893] Segment Routing with IPv6
[    2.428856] In-situ OAM (IOAM) with IPv6
[    2.432384] sit: IPv6, IPv4 and MPLS over IPv4 tunneling driver
[    2.437086] NET: Registered PF_PACKET protocol family
[    2.440930] 9pnet: Installing 9P2000 support
[    2.443556] Key type dns_resolver registered
[    2.447892] IPI shorthand broadcast: enabled
[    2.458454] sched_clock: Marking stable (1900052103, 557558431)->(2908434438, -450823904)
[    2.465230] registered taskstats version 1
[    2.468333] Loading compiled-in X.509 certificates
[    2.476317] Demotion targets for Node 0: null
[    2.480294] PM:   Magic number: 14:532:425
[    2.483644] printk: legacy console [netcon0] enabled
[    2.487720] netconsole: network logging started
[    2.488892] ata1: SATA link down (SStatus 0 SControl 300)
[    2.491024] cfg80211: Loading compiled-in X.509 certificates for regulatory database
[    2.497869] ata5: SATA link down (SStatus 0 SControl 300)
[    2.499747] kworker/u16:1 (89) used greatest stack depth: 14952 bytes left
[    2.505736] ata6: SATA link down (SStatus 0 SControl 300)
[    2.506177] Loaded X.509 cert 'sforshee: 00b28ddf47aef9cea7'
[    2.506752] Loaded X.509 cert 'wens: 61c038651aabdcf94bd0ac7ff06c7248db18c600'
[    2.506804] platform regulatory.0: Direct firmware load for regulatory.db failed with error -2
[    2.506813] cfg80211: failed to load regulatory.db
[    2.508042] ALSA device list:
[    2.510535] kworker/u16:1 (90) used greatest stack depth: 14352 bytes left
[    2.514900] ata3: SATA link up 1.5 Gbps (SStatus 113 SControl 300)
[    2.517505]   No soundcards found.
[    2.525248] ata2: SATA link down (SStatus 0 SControl 300)
[    2.552793] ata3.00: LPM support broken, forcing max_power
[    2.555750] ata3.00: ATAPI: QEMU DVD-ROM, 2.5+, max UDMA/100
[    2.560087] ata3.00: applying bridge limits
[    2.563240] ata4: SATA link down (SStatus 0 SControl 300)
[    2.568309] ata3.00: LPM support broken, forcing max_power
[    2.571526] ata3.00: configured for UDMA/100
[    2.575009] scsi 2:0:0:0: CD-ROM            QEMU     QEMU DVD-ROM     2.5+ PQ: 0 ANSI: 5
[    2.604909] sr 2:0:0:0: [sr0] scsi3-mmc drive: 4x/4x cd/rw xa/form2 tray
[    2.629125] cdrom: Uniform CD-ROM driver Revision: 3.20
[    2.640073] sr 2:0:0:0: Attached scsi generic sg0 type 5
[    2.645800] Freeing unused kernel image (initmem) memory: 5388K
[    2.649081] Write protecting the kernel read-only data: 30720k
[    2.656837] Freeing unused kernel image (rodata/data gap) memory: 1092K
[    2.739191] x86/mm: Checked W+X mappings: passed, no W+X pages found.
[    2.743736] Run /init as init process
[    2.747717] mount (94) used greatest stack depth: 14016 bytes left
[    2.751391] mount (95) used greatest stack depth: 13552 bytes left
BOOTMARK userspace-up
Linux (none) 6.12.111 #1 SMP PREEMPT_DYNAMIC Thu Oct  1 09:17:31 UTC 2026 x86_64 GNU/Linux
BOOTMARK insmod-start
[    2.794865] mali mali.0: Kernel DDK version r54p0-01eac0
[    2.798604] mali mali.0: Using Dummy Model
[    2.801000] mali mali.0: GPU metrics tracepoint support enabled
[    2.804228] mali mali.0: Register LUT 000e0800 initialized for GPU arch 0x000e0805
[    2.808652] mali mali.0: GPU identified as 0x0 arch 14.8.5 r0p0 status 0
[    2.812510] mali mali.0: _find_key: OPP table not found (-19)
[    2.816071] mali mali.0: No OPPs found in device tree! Scaling timeouts using 100000 kHz
[    2.819542] mali mali.0: Large page allocation set to true after hardware feature check
[    2.826046] Dummy model register access: Reading unsupported register 0xf10. Returning 0
[    2.830826] Dummy model register access: Writing unsupported register 0xf10 value 0x0
[    2.834757] Dummy model register access: Writing unsupported register 0x88 value 0x0
[    2.839103] Dummy model register access: Writing unsupported register 0x8c value 0x0
[    2.846654] Dummy model register access: Writing unsupported register 0x88 value 0x222fbb
[    2.854585] Dummy model register access: Writing unsupported register 0x8c value 0x0
[    2.859887] input: ImExPS/2 Generic Explorer Mouse as /devices/platform/i8042/serio1/input/input3
[    2.867657] Dummy model register access: Writing unsupported register 0x41030 value 0x0
[    2.876316] Dummy model register access: Writing unsupported register 0x41034 value 0x0
[    2.880208] mali mali.0: Clock not available for devfreq
[    2.882147] mali mali.0: Continuing without devfreq
[    2.884751] mali mali.0: * MALI kbase_mmap_min_addr compiled to CONFIG_LSM_MMAP_MIN_ADDR, no runtime update possible! *
[    2.891578] mali mali.0: Probed as mali0
BOOTMARK insmod-rc 0
Module                  Size  Used by    Not tainted
mali_kbase           2113536  0 
BOOTMARK kcov-start
KCOV node present at /sys/kernel/debug/kcov
-rw-------    1 0        0                0 Oct  1 10:24 /sys/kernel/debug/kcov
BOOTMARK probe-start
KCOV init-trace ok (area=32768 words / 256 KiB)
KCOV enable ok (collecting)
PROBE build              kbase-probe, EL0 ioctl exerciser
PROBE device             /dev/mali0
[    2.932419] Dummy model register access: Writing unsupported register 0x40120 value 0x3fff
[    2.937282] Dummy model register access: Writing unsupported register 0x40124 value 0x0
PROBE version_check       negotiated major=1 minor=36 (proposed 1.36)
PROBE gpuprops_size       773 bytes
PROBE gpuprops product_id=0x0006 version_status=0xe850 major=9 minor=0
PROBE gpuprops gpu_freq_khz_max=851968 log2_pc_size=0 num_exec_engines=15 log2_l2_line_size=255
PROBE gpuprops raw gpu_id=0x0000000000000100
PROBE mem_alloc           gpu_va=0x41000 out_flags=0x200f (SAME_VA cookie)
PROBE mmap                bound cookie 0x41000 -> cpu=gpu=0x7fed8f8ee000
PROBE mem_query           commit_size=0 bytes
PROBE summary             passed=0x1ff failed=0x000
KCOV run: /bin/kbase-probe exited 255
KCOV covered_pcs=656023 area_kib=256
KCOV disable ok
BOOTMARK kcov-ctl-rc 255
BOOTMARK probe-rc 0
BOOTMARK kcov-end
BOOTMARK dmesg-start
[    2.794865] mali mali.0: Kernel DDK version r54p0-01eac0
[    2.798604] mali mali.0: Using Dummy Model
[    2.801000] mali mali.0: GPU metrics tracepoint support enabled
[    2.804228] mali mali.0: Register LUT 000e0800 initialized for GPU arch 0x000e0805
[    2.808652] mali mali.0: GPU identified as 0x0 arch 14.8.5 r0p0 status 0
[    2.812510] mali mali.0: _find_key: OPP table not found (-19)
[    2.816071] mali mali.0: No OPPs found in device tree! Scaling timeouts using 100000 kHz
[    2.819542] mali mali.0: Large page allocation set to true after hardware feature check
[    2.880208] mali mali.0: Clock not available for devfreq
[    2.882147] mali mali.0: Continuing without devfreq
[    2.884751] mali mali.0: * MALI kbase_mmap_min_addr compiled to CONFIG_LSM_MMAP_MIN_ADDR, no runtime update possible! *
[    2.891578] mali mali.0: Probed as mali0
BOOTMARK dmesg-end
BOOTMARK poweroff
[    3.023002] e1000e: EEE TX LPI TIMER: 00000000
[    3.027011] ACPI: PM: Preparing to enter system sleep state S5
[    3.029323] reboot: Power down
