c[?7l[2J[0mSeaBIOS (version 1.16.3-debian-1.16.3-2)


iPXE (https://ipxe.org) 00:02.0 CA00 PCI2.10 PnP PMM+7EFCAB60+7EF0AB60 CA00
Press Ctrl-B to configure iPXE (PCI 00:02.0)...                                                                               


Booting from ROM...
c[?7l[2J[    0.000000] Linux version 6.12.111 (codespace@codespaces-5d341e) (gcc (Ubuntu 13.3.0-6ubuntu2~24.04.1) 13.3.0, GNU ld (GNU Binutils for Ubuntu) 2.42) #1 SMP PREEMPT_DYNAMIC Thu Oct  1 01:20:33 UTC 2026
[    0.000000] Command line: console=ttyS0 panic=-1 rdinit=/init loglevel=7
[    0.000000] BIOS-provided physical RAM map:
[    0.000000] BIOS-e820: [mem 0x0000000000000000-0x000000000009fbff] usable
[    0.000000] BIOS-e820: [mem 0x000000000009fc00-0x000000000009ffff] reserved
[    0.000000] BIOS-e820: [mem 0x00000000000f0000-0x00000000000fffff] reserved
[    0.000000] BIOS-e820: [mem 0x0000000000100000-0x000000007ffdefff] usable
[    0.000000] BIOS-e820: [mem 0x000000007ffdf000-0x000000007fffffff] reserved
[    0.000000] BIOS-e820: [mem 0x00000000b0000000-0x00000000bfffffff] reserved
[    0.000000] BIOS-e820: [mem 0x00000000fed1c000-0x00000000fed1ffff] reserved
[    0.000000] BIOS-e820: [mem 0x00000000feffc000-0x00000000feffffff] reserved
[    0.000000] BIOS-e820: [mem 0x00000000fffc0000-0x00000000ffffffff] reserved
[    0.000000] BIOS-e820: [mem 0x000000fd00000000-0x000000ffffffffff] reserved
[    0.000000] NX (Execute Disable) protection: active
[    0.000000] APIC: Static calls initialized
[    0.000000] SMBIOS 3.0.0 present.
[    0.000000] DMI: QEMU Standard PC (Q35 + ICH9, 2009), BIOS 1.16.3-debian-1.16.3-2 04/01/2014
[    0.000000] DMI: Memory slots populated: 1/1
[    0.000000] Hypervisor detected: KVM
[    0.000000] last_pfn = 0x7ffdf max_arch_pfn = 0x400000000
[    0.000000] kvm-clock: Using msrs 4b564d01 and 4b564d00
[    0.000000] kvm-clock: using sched offset of 353102939 cycles
[    0.000002] clocksource: kvm-clock: mask: 0xffffffffffffffff max_cycles: 0x1cd42e4dffb, max_idle_ns: 881590591483 ns
[    0.000004] tsc: Detected 2445.428 MHz processor
[    0.000739] last_pfn = 0x7ffdf max_arch_pfn = 0x400000000
[    0.000912] MTRR map: 4 entries (3 fixed + 1 variable; max 19), built from 8 variable MTRRs
[    0.000919] x86/PAT: Configuration [0-7]: WB  WC  UC- UC  WB  WP  UC- WT  
[    0.002915] found SMP MP-table at [mem 0x000f5480-0x000f548f]
[    0.003065] RAMDISK: [mem 0x7fdc8000-0x7ffcffff]
[    0.003101] ACPI: Early table checksum verification disabled
[    0.003120] ACPI: RSDP 0x00000000000F52C0 000014 (v00 BOCHS )
[    0.003131] ACPI: RSDT 0x000000007FFE2425 000038 (v01 BOCHS  BXPC     00000001 BXPC 00000001)
[    0.003135] ACPI: FACP 0x000000007FFE2205 0000F4 (v03 BOCHS  BXPC     00000001 BXPC 00000001)
[    0.003138] ACPI: DSDT 0x000000007FFE0040 0021C5 (v01 BOCHS  BXPC     00000001 BXPC 00000001)
[    0.003140] ACPI: FACS 0x000000007FFE0000 000040
[    0.003142] ACPI: APIC 0x000000007FFE22F9 000090 (v03 BOCHS  BXPC     00000001 BXPC 00000001)
[    0.003143] ACPI: HPET 0x000000007FFE2389 000038 (v01 BOCHS  BXPC     00000001 BXPC 00000001)
[    0.003144] ACPI: MCFG 0x000000007FFE23C1 00003C (v01 BOCHS  BXPC     00000001 BXPC 00000001)
[    0.003146] ACPI: WAET 0x000000007FFE23FD 000028 (v01 BOCHS  BXPC     00000001 BXPC 00000001)
[    0.003147] ACPI: Reserving FACP table memory at [mem 0x7ffe2205-0x7ffe22f8]
[    0.003148] ACPI: Reserving DSDT table memory at [mem 0x7ffe0040-0x7ffe2204]
[    0.003149] ACPI: Reserving FACS table memory at [mem 0x7ffe0000-0x7ffe003f]
[    0.003149] ACPI: Reserving APIC table memory at [mem 0x7ffe22f9-0x7ffe2388]
[    0.003149] ACPI: Reserving HPET table memory at [mem 0x7ffe2389-0x7ffe23c0]
[    0.003150] ACPI: Reserving MCFG table memory at [mem 0x7ffe23c1-0x7ffe23fc]
[    0.003150] ACPI: Reserving WAET table memory at [mem 0x7ffe23fd-0x7ffe2424]
[    0.004126] No NUMA configuration found
[    0.004128] Faking a node at [mem 0x0000000000000000-0x000000007ffdefff]
[    0.004135] NODE_DATA(0) allocated [mem 0x7ffdb940-0x7ffdefff]
[    0.004148] Zone ranges:
[    0.004149]   DMA      [mem 0x0000000000001000-0x0000000000ffffff]
[    0.004150]   DMA32    [mem 0x0000000001000000-0x000000007ffdefff]
[    0.004152]   Normal   empty
[    0.004153] Movable zone start for each node
[    0.004153] Early memory node ranges
[    0.004154]   node   0: [mem 0x0000000000001000-0x000000000009efff]
[    0.004155]   node   0: [mem 0x0000000000100000-0x000000007ffdefff]
[    0.004156] Initmem setup node 0 [mem 0x0000000000001000-0x000000007ffdefff]
[    0.004414] On node 0, zone DMA: 1 pages in unavailable ranges
[    0.004424] On node 0, zone DMA: 97 pages in unavailable ranges
[    0.008208] On node 0, zone DMA32: 33 pages in unavailable ranges
[    0.009158] ACPI: PM-Timer IO Port: 0x608
[    0.009171] ACPI: LAPIC_NMI (acpi_id[0xff] dfl dfl lint[0x1])
[    0.009252] IOAPIC[0]: apic_id 0, version 17, address 0xfec00000, GSI 0-23
[    0.009254] ACPI: INT_SRC_OVR (bus 0 bus_irq 0 global_irq 2 dfl dfl)
[    0.009256] ACPI: INT_SRC_OVR (bus 0 bus_irq 5 global_irq 5 high level)
[    0.009256] ACPI: INT_SRC_OVR (bus 0 bus_irq 9 global_irq 9 high level)
[    0.009257] ACPI: INT_SRC_OVR (bus 0 bus_irq 10 global_irq 10 high level)
[    0.009258] ACPI: INT_SRC_OVR (bus 0 bus_irq 11 global_irq 11 high level)
[    0.009260] ACPI: Using ACPI (MADT) for SMP configuration information
[    0.009261] ACPI: HPET id: 0x8086a201 base: 0xfed00000
[    0.009267] CPU topo: Max. logical packages:   1
[    0.009267] CPU topo: Max. logical dies:       1
[    0.009268] CPU topo: Max. dies per package:   1
[    0.009271] CPU topo: Max. threads per core:   1
[    0.009271] CPU topo: Num. cores per package:     4
[    0.009272] CPU topo: Num. threads per package:   4
[    0.009272] CPU topo: Allowing 4 present CPUs plus 0 hotplug CPUs
[    0.009299] kvm-guest: APIC: eoi() replaced with kvm_guest_apic_eoi_write()
[    0.009327] PM: hibernation: Registered nosave memory: [mem 0x00000000-0x00000fff]
[    0.009329] PM: hibernation: Registered nosave memory: [mem 0x0009f000-0x000fffff]
[    0.009330] [mem 0xc0000000-0xfed1bfff] available for PCI devices
[    0.009331] Booting paravirtualized kernel on KVM
[    0.009332] clocksource: refined-jiffies: mask: 0xffffffff max_cycles: 0xffffffff, max_idle_ns: 1910969940391419 ns
[    0.014585] setup_percpu: NR_CPUS:64 nr_cpumask_bits:4 nr_cpu_ids:4 nr_node_ids:1
[    0.014860] percpu: Embedded 56 pages/cpu s192216 r8192 d28968 u524288
[    0.014904] Kernel command line: console=ttyS0 panic=-1 rdinit=/init loglevel=7
[    0.015197] Dentry cache hash table entries: 262144 (order: 9, 2097152 bytes, linear)
[    0.015245] Inode-cache hash table entries: 131072 (order: 8, 1048576 bytes, linear)
[    0.015294] Fallback order for Node 0: 0 
[    0.015296] Built 1 zonelists, mobility grouping on.  Total pages: 524157
[    0.015297] Policy zone: DMA32
[    0.015298] mem auto-init: stack:all(zero), heap alloc:off, heap free:off
[    0.017247] SLUB: HWalign=64, Order=0-3, MinObjects=0, CPUs=4, Nodes=1
[    0.018595] Dynamic Preempt: voluntary
[    0.018867] rcu: Preemptible hierarchical RCU implementation.
[    0.018868] rcu: 	RCU event tracing is enabled.
[    0.018869] rcu: 	RCU restricting CPUs from NR_CPUS=64 to nr_cpu_ids=4.
[    0.018870] 	Trampoline variant of Tasks RCU enabled.
[    0.018870] 	Tracing variant of Tasks RCU enabled.
[    0.018871] rcu: RCU calculated value of scheduler-enlistment delay is 100 jiffies.
[    0.018872] rcu: Adjusting geometry for rcu_fanout_leaf=16, nr_cpu_ids=4
[    0.018876] RCU Tasks: Setting shift to 2 and lim to 1 rcu_task_cb_adjust=1 rcu_task_cpu_ids=4.
[    0.018878] RCU Tasks Trace: Setting shift to 2 and lim to 1 rcu_task_cb_adjust=1 rcu_task_cpu_ids=4.
[    0.021992] NR_IRQS: 4352, nr_irqs: 456, preallocated irqs: 16
[    0.022447] rcu: srcu_init: Setting srcu_struct sizes based on contention.
[    0.022467] clocksource: jiffies: mask: 0xffffffff max_cycles: 0xffffffff, max_idle_ns: 1911260446275000 ns
[    0.039036] Console: colour VGA+ 80x25
[    0.039166] printk: legacy console [ttyS0] enabled
[    0.540530] ACPI: Core revision 20240827
[    0.543636] clocksource: hpet: mask: 0xffffffff max_cycles: 0xffffffff, max_idle_ns: 19112604467 ns
[    0.549696] APIC: Switch to symmetric I/O mode setup
[    0.555993] ..TIMER: vector=0x30 apic1=0 pin1=2 apic2=-1 pin2=-1
[    0.558838] clocksource: tsc-early: mask: 0xffffffffffffffff max_cycles: 0x233fd98c0cf, max_idle_ns: 440795209930 ns
[    0.563841] Calibrating delay loop (skipped) preset value.. 4890.85 BogoMIPS (lpj=2445428)
[    0.565861] Last level iTLB entries: 4KB 512, 2MB 255, 4MB 127
[    0.566840] Last level dTLB entries: 4KB 512, 2MB 255, 4MB 127, 1GB 0
[    0.567845] Spectre V1 : Mitigation: usercopy/swapgs barriers and __user pointer sanitization
[    0.568841] Spectre V2 : Mitigation: Retpolines
[    0.569839] Spectre V2 : Spectre v2 / SpectreRSB: Filling RSB on context switch and VMEXIT
[    0.570854] x86/fpu: x87 FPU will use FXSAVE
[    0.593352] Freeing SMP alternatives memory: 48K
[    0.593846] pid_max: default: 32768 minimum: 301
[    0.594857] LSM: initializing lsm=capability,selinux
[    0.595858] SELinux:  Initializing.
[    0.597011] Mount-cache hash table entries: 4096 (order: 3, 32768 bytes, linear)
[    0.597843] Mountpoint-cache hash table entries: 4096 (order: 3, 32768 bytes, linear)
[    0.701668] smpboot: CPU0: AMD QEMU Virtual CPU version 2.5+ (family: 0xf, model: 0x6b, stepping: 0x1)
[    0.703119] Performance Events: PMU not available due to virtualization, using software events only.
[    0.705989] signal: max sigframe size: 1440
[    0.706904] rcu: Hierarchical SRCU implementation.
[    0.707839] rcu: 	Max phase no-delay instances is 400.
[    0.709874] Timer migration: 1 hierarchy levels; 8 children per group; 1 crossnode level
[    0.711084] smp: Bringing up secondary CPUs ...
[    0.712046] smpboot: x86: Booting SMP configuration:
[    0.712841] .... node  #0, CPUs:      #1 #2 #3
[    0.724061] smp: Brought up 1 node, 4 CPUs
[    0.725839] smpboot: Total of 4 processors activated (19563.42 BogoMIPS)
[    0.728919] Memory: 2013192K/2096628K available (18432K kernel code, 2863K rwdata, 7100K rodata, 2800K init, 964K bss, 78468K reserved, 0K cma-reserved)
[    0.730142] devtmpfs: initialized
[    0.731081] futex hash table entries: 1024 (order: 4, 65536 bytes, linear)
[    0.732104] PM: RTC time: 06:27:50, date: 2026-10-01
[    0.733442] NET: Registered PF_NETLINK/PF_ROUTE protocol family
[    0.733908] audit: initializing netlink subsys (disabled)
[    0.734906] audit: type=2000 audit(1790836070.398:1): state=initialized audit_enabled=0 res=1
[    0.734921] thermal_sys: Registered thermal governor 'step_wise'
[    0.735841] thermal_sys: Registered thermal governor 'user_space'
[    0.736877] cpuidle: using governor menu
[    0.740158] PCI: ECAM [mem 0xb0000000-0xbfffffff] (base 0xb0000000) for domain 0000 [bus 00-ff]
[    0.740841] PCI: ECAM [mem 0xb0000000-0xbfffffff] reserved as E820 entry
[    0.741849] PCI: Using configuration type 1 for base access
[    0.742980] kprobes: kprobe jump-optimization is enabled. All kprobes are optimized if possible.
[    0.745111] HugeTLB: registered 2.00 MiB page size, pre-allocated 0 pages
[    0.745841] HugeTLB: 28 KiB vmemmap can be freed for a 2.00 MiB page
[    0.747915] ACPI: Added _OSI(Module Device)
[    0.748840] ACPI: Added _OSI(Processor Device)
[    0.749840] ACPI: Added _OSI(Processor Aggregator Device)
[    0.752218] ACPI: 1 ACPI AML tables successfully acquired and loaded
[    0.755060] ACPI: Interpreter enabled
[    0.755852] ACPI: PM: (supports S0 S3 S4 S5)
[    0.756839] ACPI: Using IOAPIC for interrupt routing
[    0.757859] PCI: Using host bridge windows from ACPI; if necessary, use "pci=nocrs" and report a bug
[    0.758839] PCI: Using E820 reservations for host bridge windows
[    0.759962] ACPI: Enabled 2 GPEs in block 00 to 3F
[    0.762963] ACPI: PCI Root Bridge [PCI0] (domain 0000 [bus 00-ff])
[    0.763844] acpi PNP0A08:00: _OSC: OS supports [ExtendedConfig ASPM ClockPM Segments MSI HPX-Type3]
[    0.764877] acpi PNP0A08:00: _OSC: platform does not support [LTR]
[    0.765881] acpi PNP0A08:00: _OSC: OS now controls [PME PCIeCapability]
[    0.766909] PCI host bridge to bus 0000:00
[    0.767845] pci_bus 0000:00: root bus resource [io  0x0000-0x0cf7 window]
[    0.768841] pci_bus 0000:00: root bus resource [io  0x0d00-0xffff window]
[    0.769841] pci_bus 0000:00: root bus resource [mem 0x000a0000-0x000bffff window]
[    0.770840] pci_bus 0000:00: root bus resource [mem 0x80000000-0xafffffff window]
[    0.771841] pci_bus 0000:00: root bus resource [mem 0xc0000000-0xfebfffff window]
[    0.772840] pci_bus 0000:00: root bus resource [mem 0x100000000-0x8ffffffff window]
[    0.773841] pci_bus 0000:00: root bus resource [bus 00-ff]
[    0.775010] pci 0000:00:00.0: [8086:29c0] type 00 class 0x060000 conventional PCI endpoint
[    0.777251] pci 0000:00:01.0: [1234:1111] type 00 class 0x030000 conventional PCI endpoint
[    0.779851] pci 0000:00:01.0: BAR 0 [mem 0xfd000000-0xfdffffff pref]
[    0.785686] pci 0000:00:01.0: BAR 2 [mem 0xfebd4000-0xfebd4fff]
[    0.791854] pci 0000:00:01.0: ROM [mem 0xfebc0000-0xfebcffff pref]
[    0.793024] pci 0000:00:01.0: Video device with shadowed ROM at [mem 0x000c0000-0x000dffff]
[    0.794900] pci 0000:00:02.0: [8086:10d3] type 00 class 0x020000 PCIe Root Complex Integrated Endpoint
[    0.797840] pci 0000:00:02.0: BAR 0 [mem 0xfeb80000-0xfeb9ffff]
[    0.800839] pci 0000:00:02.0: BAR 1 [mem 0xfeba0000-0xfebbffff]
[    0.803840] pci 0000:00:02.0: BAR 2 [io  0xc040-0xc05f]
[    0.806507] pci 0000:00:02.0: BAR 3 [mem 0xfebd0000-0xfebd3fff]
[    0.810840] pci 0000:00:02.0: ROM [mem 0xfeb00000-0xfeb7ffff pref]
[    0.814886] pci 0000:00:1f.0: [8086:2918] type 00 class 0x060100 conventional PCI endpoint
[    0.817421] pci 0000:00:1f.0: quirk: [io  0x0600-0x067f] claimed by ICH6 ACPI/GPIO/TCO
[    0.819047] pci 0000:00:1f.2: [8086:2922] type 00 class 0x010601 conventional PCI endpoint
[    0.823839] pci 0000:00:1f.2: BAR 4 [io  0xc060-0xc07f]
[    0.825839] pci 0000:00:1f.2: BAR 5 [mem 0xfebd5000-0xfebd5fff]
[    0.828557] pci 0000:00:1f.3: [8086:2930] type 00 class 0x0c0500 conventional PCI endpoint
[    0.831161] pci 0000:00:1f.3: BAR 4 [io  0x0700-0x073f]
[    0.835727] ACPI: PCI: Interrupt link LNKA configured for IRQ 10
[    0.835945] ACPI: PCI: Interrupt link LNKB configured for IRQ 10
[    0.836969] ACPI: PCI: Interrupt link LNKC configured for IRQ 11
[    0.837944] ACPI: PCI: Interrupt link LNKD configured for IRQ 11
[    0.838939] ACPI: PCI: Interrupt link LNKE configured for IRQ 10
[    0.839940] ACPI: PCI: Interrupt link LNKF configured for IRQ 10
[    0.841936] ACPI: PCI: Interrupt link LNKG configured for IRQ 11
[    0.843016] ACPI: PCI: Interrupt link LNKH configured for IRQ 11
[    0.844849] ACPI: PCI: Interrupt link GSIA configured for IRQ 16
[    0.845851] ACPI: PCI: Interrupt link GSIB configured for IRQ 17
[    0.846852] ACPI: PCI: Interrupt link GSIC configured for IRQ 18
[    0.847852] ACPI: PCI: Interrupt link GSID configured for IRQ 19
[    0.848849] ACPI: PCI: Interrupt link GSIE configured for IRQ 20
[    0.849853] ACPI: PCI: Interrupt link GSIF configured for IRQ 21
[    0.850853] ACPI: PCI: Interrupt link GSIG configured for IRQ 22
[    0.851852] ACPI: PCI: Interrupt link GSIH configured for IRQ 23
[    0.853939] iommu: Default domain type: Translated
[    0.854839] iommu: DMA domain TLB invalidation policy: lazy mode
[    0.855917] SCSI subsystem initialized
[    0.856927] ACPI: bus type USB registered
[    0.857860] usbcore: registered new interface driver usbfs
[    0.858853] usbcore: registered new interface driver hub
[    0.859853] usbcore: registered new device driver usb
[    0.860862] pps_core: LinuxPPS API ver. 1 registered
[    0.861839] pps_core: Software ver. 5.3.6 - Copyright 2005-2007 Rodolfo Giometti <giometti@linux.it>
[    0.862844] PTP clock support registered
[    0.864878] Advanced Linux Sound Architecture Driver Initialized.
[    0.865998] NetLabel: Initializing
[    0.866839] NetLabel:  domain hash size = 128
[    0.867839] NetLabel:  protocols = UNLABELED CIPSOv4 CALIPSO
[    0.868852] NetLabel:  unlabeled traffic allowed by default
[    0.870858] PCI: Using ACPI for IRQ routing
[    1.075874] pci 0000:00:01.0: vgaarb: setting as boot VGA device
[    1.076836] pci 0000:00:01.0: vgaarb: bridge control possible
[    1.076836] pci 0000:00:01.0: vgaarb: VGA device added: decodes=io+mem,owns=io+mem,locks=none
[    1.076840] vgaarb: loaded
[    1.077882] hpet: 3 channels of 0 reserved for per-cpu timers
[    1.078859] hpet0: at MMIO 0xfed00000, IRQs 2, 8, 0
[    1.079839] hpet0: 3 comparators, 64-bit 100.000000 MHz counter
[    1.084953] clocksource: Switched to clocksource kvm-clock
[    1.090064] VFS: Disk quotas dquot_6.6.0
[    1.093404] VFS: Dquot-cache hash table entries: 512 (order 0, 4096 bytes)
[    1.098952] pnp: PnP ACPI init
[    1.101332] system 00:05: [mem 0xb0000000-0xbfffffff window] has been reserved
[    1.107155] pnp: PnP ACPI: found 6 devices
[    1.121465] clocksource: acpi_pm: mask: 0xffffff max_cycles: 0xffffff, max_idle_ns: 2085701024 ns
[    1.128014] NET: Registered PF_INET protocol family
[    1.131572] IP idents hash table entries: 32768 (order: 6, 262144 bytes, linear)
[    1.136980] tcp_listen_portaddr_hash hash table entries: 1024 (order: 2, 16384 bytes, linear)
[    1.142659] Table-perturb hash table entries: 65536 (order: 6, 262144 bytes, linear)
[    1.148026] TCP established hash table entries: 16384 (order: 5, 131072 bytes, linear)
[    1.152747] TCP bind hash table entries: 16384 (order: 7, 524288 bytes, linear)
[    1.156256] TCP: Hash tables configured (established 16384 bind 16384)
[    1.159599] UDP hash table entries: 1024 (order: 3, 32768 bytes, linear)
[    1.164776] UDP-Lite hash table entries: 1024 (order: 3, 32768 bytes, linear)
[    1.170201] NET: Registered PF_UNIX/PF_LOCAL protocol family
[    1.175366] RPC: Registered named UNIX socket transport module.
[    1.179913] RPC: Registered udp transport module.
[    1.183415] RPC: Registered tcp transport module.
[    1.187001] RPC: Registered tcp-with-tls transport module.
[    1.191157] RPC: Registered tcp NFSv4.1 backchannel transport module.
[    1.196570] pci_bus 0000:00: resource 4 [io  0x0000-0x0cf7 window]
[    1.199678] pci_bus 0000:00: resource 5 [io  0x0d00-0xffff window]
[    1.203849] pci_bus 0000:00: resource 6 [mem 0x000a0000-0x000bffff window]
[    1.208104] pci_bus 0000:00: resource 7 [mem 0x80000000-0xafffffff window]
[    1.213013] pci_bus 0000:00: resource 8 [mem 0xc0000000-0xfebfffff window]
[    1.217933] pci_bus 0000:00: resource 9 [mem 0x100000000-0x8ffffffff window]
[    1.222931] PCI: CLS 0 bytes, default 64
[    1.225715] clocksource: tsc: mask: 0xffffffffffffffff max_cycles: 0x233fd98c0cf, max_idle_ns: 440795209930 ns
[    1.226333] Unpacking initramfs...
[    1.236953] Initialise system trusted keyrings
[    1.241707] workingset: timestamp_bits=56 max_order=19 bucket_order=0
[    1.246618] NFS: Registering the id_resolver key type
[    1.253098] Key type id_resolver registered
[    1.256625] Key type id_legacy registered
[    1.261756] 9p: Installing v9fs 9p2000 file system support
[    1.278338] Key type asymmetric registered
[    1.279224] Freeing initrd memory: 2080K
[    1.281504] Asymmetric key parser 'x509' registered
[    1.281520] Block layer SCSI generic (bsg) driver version 0.4 loaded (major 251)
[    1.281557] io scheduler mq-deadline registered
[    1.298611] io scheduler kyber registered
[    1.302093] input: Power Button as /devices/LNXSYSTM:00/LNXPWRBN:00/input/input0
[    1.308570] ACPI: button: Power Button [PWRF]
[    1.312935] Serial: 8250/16550 driver, 4 ports, IRQ sharing enabled
[    1.318164] 00:03: ttyS0 at I/O 0x3f8 (irq = 4, base_baud = 115200) is a 16550A
[    1.326353] Non-volatile memory driver v1.3
[    1.329924] Linux agpgart interface v0.103
[    1.333697] ACPI: bus type drm_connector registered
[    1.338772] loop: module loaded
[    1.341385] ACPI: \_SB_.GSIA: Enabled at IRQ 16
[    1.347952] ahci 0000:00:1f.2: AHCI vers 0001.0000, 32 command slots, 1.5 Gbps, SATA mode
[    1.354107] ahci 0000:00:1f.2: 6/6 ports implemented (port mask 0x3f)
[    1.358339] ahci 0000:00:1f.2: flags: 64bit ncq only 
[    1.364905] scsi host0: ahci
[    1.368144] scsi host1: ahci
[    1.370497] scsi host2: ahci
[    1.372781] scsi host3: ahci
[    1.375261] scsi host4: ahci
[    1.377532] scsi host5: ahci
[    1.379141] ata1: SATA max UDMA/133 abar m4096@0xfebd5000 port 0xfebd5100 irq 24 lpm-pol 1
[    1.384912] ata2: SATA max UDMA/133 abar m4096@0xfebd5000 port 0xfebd5180 irq 24 lpm-pol 1
[    1.390017] ata3: SATA max UDMA/133 abar m4096@0xfebd5000 port 0xfebd5200 irq 24 lpm-pol 1
[    1.396380] ata4: SATA max UDMA/133 abar m4096@0xfebd5000 port 0xfebd5280 irq 24 lpm-pol 1
[    1.401905] ata5: SATA max UDMA/133 abar m4096@0xfebd5000 port 0xfebd5300 irq 24 lpm-pol 1
[    1.408253] ata6: SATA max UDMA/133 abar m4096@0xfebd5000 port 0xfebd5380 irq 24 lpm-pol 1
[    1.413437] e100: Intel(R) PRO/100 Network Driver
[    1.417089] e100: Copyright(c) 1999-2006 Intel Corporation
[    1.420896] e1000: Intel(R) PRO/1000 Network Driver
[    1.424808] e1000: Copyright (c) 1999-2006 Intel Corporation.
[    1.429489] e1000e: Intel(R) PRO/1000 Network Driver
[    1.432168] e1000e: Copyright(c) 1999 - 2015 Intel Corporation.
[    1.436928] ACPI: \_SB_.GSIG: Enabled at IRQ 22
[    1.441853] e1000e 0000:00:02.0: Interrupt Throttling Rate (ints/sec) set to dynamic conservative mode
[    1.489325] e1000e 0000:00:02.0 0000:00:02.0 (uninitialized): registered PHC clock
[    1.551238] e1000e 0000:00:02.0 eth0: (PCI Express:2.5GT/s:Width x1) 52:54:00:12:34:56
[    1.556262] e1000e 0000:00:02.0 eth0: Intel(R) PRO/1000 Network Connection
[    1.560707] e1000e 0000:00:02.0 eth0: MAC: 3, PHY: 8, PBA No: 000000-000
[    1.565150] sky2: driver version 1.30
[    1.567479] usbcore: registered new interface driver usblp
[    1.571634] usbcore: registered new interface driver usb-storage
[    1.576214] i8042: PNP: PS/2 Controller [PNP0303:KBD,PNP0f13:MOU] at 0x60,0x64 irq 1,12
[    1.583808] serio: i8042 KBD port at 0x60,0x64 irq 1
[    1.587715] serio: i8042 AUX port at 0x60,0x64 irq 12
[    1.591854] rtc_cmos 00:04: RTC can wake from S4
[    1.597674] rtc_cmos 00:04: registered as rtc0
[    1.597676] input: AT Translated Set 2 keyboard as /devices/platform/i8042/serio0/input/input1
[    1.601755] rtc_cmos 00:04: alarms up to one day, y3k, 242 bytes nvram, hpet irqs
[    1.613523] device-mapper: ioctl: 4.48.0-ioctl (2023-03-01) initialised: dm-devel@lists.linux.dev
[    1.614226] i801_smbus 0000:00:1f.3: SMBus using PCI interrupt
[    1.619352] amd_pstate: the _CPC object is not present in SBIOS or ACPI disabled
[    1.625352] i2c i2c-0: Memory type 0x07 not supported yet, not instantiating SPD
[    1.630890] hid: raw HID events driver (C) Jiri Kosina
[    1.631103] usbcore: registered new interface driver usbhid
[    1.649802] usbhid: USB HID core driver
[    1.653654] Initializing XFRM netlink socket
[    1.658835] NET: Registered PF_INET6 protocol family
[    1.665377] Segment Routing with IPv6
[    1.668202] In-situ OAM (IOAM) with IPv6
[    1.671216] sit: IPv6, IPv4 and MPLS over IPv4 tunneling driver
[    1.676134] NET: Registered PF_PACKET protocol family
[    1.682588] 9pnet: Installing 9P2000 support
[    1.687298] Key type dns_resolver registered
[    1.691605] IPI shorthand broadcast: enabled
[    1.699795] sched_clock: Marking stable (1161050828, 538370001)->(2154220825, -454799996)
[    1.707001] registered taskstats version 1
[    1.710140] Loading compiled-in X.509 certificates
[    1.715378] Demotion targets for Node 0: null
[    1.719177] PM:   Magic number: 14:658:467
[    1.722099] printk: legacy console [netcon0] enabled
[    1.725712] netconsole: network logging started
[    1.730510] ata1: SATA link down (SStatus 0 SControl 300)
[    1.731371] cfg80211: Loading compiled-in X.509 certificates for regulatory database
[    1.740455] kworker/u16:7 (87) used greatest stack depth: 15048 bytes left
[    1.740802] ata5: SATA link down (SStatus 0 SControl 300)
[    1.749793] kworker/u16:7 (88) used greatest stack depth: 14408 bytes left
[    1.749967] Loaded X.509 cert 'sforshee: 00b28ddf47aef9cea7'
[    1.750140] Loaded X.509 cert 'wens: 61c038651aabdcf94bd0ac7ff06c7248db18c600'
[    1.756889] ata3: SATA link up 1.5 Gbps (SStatus 113 SControl 300)
[    1.762952] platform regulatory.0: Direct firmware load for regulatory.db failed with error -2
[    1.764880] ALSA device list:
[    1.764883]   No soundcards found.
[    1.771468] ata2: SATA link down (SStatus 0 SControl 300)
[    1.779483] cfg80211: failed to load regulatory.db
[    1.785477] ata3.00: LPM support broken, forcing max_power
[    1.803791] ata3.00: ATAPI: QEMU DVD-ROM, 2.5+, max UDMA/100
[    1.803797] ata3.00: applying bridge limits
[    1.804918] ata6: SATA link down (SStatus 0 SControl 300)
[    1.815819] ata4: SATA link down (SStatus 0 SControl 300)
[    1.820338] ata3.00: LPM support broken, forcing max_power
[    1.823599] ata3.00: configured for UDMA/100
[    1.827246] scsi 2:0:0:0: CD-ROM            QEMU     QEMU DVD-ROM     2.5+ PQ: 0 ANSI: 5
[    1.847746] sr 2:0:0:0: [sr0] scsi3-mmc drive: 4x/4x cd/rw xa/form2 tray
[    1.866806] cdrom: Uniform CD-ROM driver Revision: 3.20
[    1.875243] sr 2:0:0:0: Attached scsi generic sg0 type 5
[    1.878067] Freeing unused kernel image (initmem) memory: 2800K
[    1.881804] Write protecting the kernel read-only data: 26624k
[    1.887003] Freeing unused kernel image (rodata/data gap) memory: 1092K
[    1.924107] x86/mm: Checked W+X mappings: passed, no W+X pages found.
[    1.928964] Run /init as init process
[    1.934888] mount (93) used greatest stack depth: 14112 bytes left
[    1.938485] mount (94) used greatest stack depth: 13992 bytes left
BOOTMARK userspa[    1.946156] mount (96) used greatest stack depth: 13688 bytes left
ce-up
Linux (none) 6.12.111 #1 SMP PREEMPT_DYNAMIC Thu Oct  1 01:20:33 UTC 2026 x86_64 GNU/Linux
BOOTMARK insmod-start
[    1.972026] mali mali.0: Kernel DDK version r54p0-01eac0
[    1.975302] mali mali.0: Using Dummy Model
[    1.977724] mali mali.0: GPU metrics tracepoint support enabled
[    1.981103] mali mali.0: Register LUT 000e0800 initialized for GPU arch 0x000e0805
[    1.985433] mali mali.0: GPU identified as 0x0 arch 14.8.5 r0p0 status 0
[    1.989344] mali mali.0: _find_key: OPP table not found (-19)
[    1.992712] mali mali.0: No OPPs found in device tree! Scaling timeouts using 100000 kHz
[    1.997442] mali mali.0: Large page allocation set to true after hardware feature check
[    2.003485] Dummy model register access: Reading unsupported register 0xf10. Returning 0
[    2.008532] Dummy model register access: Writing unsupported register 0xf10 value 0x0
[    2.013537] Dummy model register access: Writing unsupported register 0x88 value 0x0
[    2.018060] Dummy model register access: Writing unsupported register 0x8c value 0x0
[    2.022340] Dummy model register access: Writing unsupported register 0x88 value 0x164cff
[    2.026833] Dummy model register access: Writing unsupported register 0x8c value 0x0
[    2.030449] Dummy model register access: Writing unsupported register 0x41030 value 0x0
[    2.033670] Dummy model register access: Writing unsupported register 0x41034 value 0x0
[    2.037607] mali mali.0: Clock not available for devfreq
[    2.040183] mali mali.0: Continuing without devfreq
[    2.042779] mali mali.0: * MALI kbase_mmap_min_addr compiled to CONFIG_LSM_MMAP_MIN_ADDR, no runtime update possible! *
[    2.048885] mali mali.0: Probed as mali0
BOOTMARK insmod-rc 0
Module                  Size  Used by    Not tainted
mali_kbase           1900544  0 
BOOTMARK probe-start
PROBE build              kbase-probe, EL0 ioctl exerciser
PROBE device             /dev/mali0
[    2.071878] Dummy model register access: Writing unsupported register 0x40120 value 0x3fff
[    2.077981] Dummy model register access: Writing unsupported register 0x40124 value 0x0
PROBE open                   PASS
PROBE version_check       negotiated major=1 minor=36 (proposed 1.36)
PROBE version_check          PASS
PROBE set_flags              PASS
PROBE gpuprops_size       773 bytes
PROBE gpuprops_size          PASS
PROBE gpuprops product_id=0x0006 version_status=0xe850 major=9 minor=0
PROBE gpuprops gpu_freq_khz_max=851968 log2_pc_size=0 num_exec_engines=15 log2_l2_line_size=255
PROBE gpuprops raw gpu_id=0x0000000000000100
PROBE gpuprops_read          PASS
PROBE mem_alloc           gpu_va=0x41000 out_flags=0x200f (SAME_VA cookie)
PROBE mem_alloc              PASS
PROBE mmap                bound cookie 0x41000 -> cpu=gpu=0x7f642ff85000
PROBE mmap                   PASS
PROBE mem_query           commit_size=0 bytes
PROBE mem_query              PASS
PROBE munmap                 PASS
PROBE summary             passed=0x1ff failed=0x000
BOOTMARK probe-rc 255
BOOTMARK dmesg-start
[    1.972026] mali mali.0: Kernel DDK version r54p0-01eac0
[    1.975302] mali mali.0: Using Dummy Model
[    1.977724] mali mali.0: GPU metrics tracepoint support enabled
[    1.981103] mali mali.0: Register LUT 000e0800 initialized for GPU arch 0x000e0805
[    1.985433] mali mali.0: GPU identified as 0x0 arch 14.8.5 r0p0 status 0
[    1.989344] mali mali.0: _find_key: OPP table not found (-19)
[    1.992712] mali mali.0: No OPPs found in device tree! Scaling timeouts using 100000 kHz
[    1.997442] mali mali.0: Large page allocation set to true after hardware feature check
[    2.037607] mali mali.0: Clock not available for devfreq
[    2.040183] mali mali.0: Continuing without devfreq
[    2.042779] mali mali.0: * MALI kbase_mmap_min_addr compiled to CONFIG_LSM_MMAP_MIN_ADDR, no runtime update possible! *
[    2.048885] mali mali.0: Probed as mali0
BOOTMARK dmesg-end
BOOTMARK poweroff
[    2.194947] input: ImExPS/2 Generic Explorer Mouse as /devices/platform/i8042/serio1/input/input3
[    2.205255] e1000e: EEE TX LPI TIMER: 00000000
[    2.210950] ACPI: PM: Preparing to enter system sleep state S5
[    2.214475] reboot: Power down
