c[?7l[2J[0mSeaBIOS (version 1.16.3-debian-1.16.3-2)


iPXE (https://ipxe.org) 00:02.0 CA00 PCI2.10 PnP PMM+7EFCAB60+7EF0AB60 CA00
Press Ctrl-B to configure iPXE (PCI 00:02.0)...                                                                               


Booting from ROM...
c[?7l[2J[    0.000000] Linux version 6.12.111 (codespace@codespaces-5d341e) (gcc (Ubuntu 13.3.0-6ubuntu2~24.04.1) 13.3.0, GNU ld (GNU Binutils for Ubuntu) 2.42) #1 SMP PREEMPT_DYNAMIC Thu Oct  1 01:20:33 UTC 2026
[    0.000000] Command line: console=ttyS0 panic=-1 rdinit=/init loglevel=7
[    0.000000] BIOS-provided physical RAM map:
[    0.000000] BIOS-e820: [mem 0x0000000000000000-0x000000000009fbff] usable
[    0.000000] BIOS-e820: [mem 0x000000000009fc00-0x000000000009ffff] reserved
[    0.000000] BIOS-e820: [mem 0x00000000000f0000-0x00000000000fffff] reserved
[    0.000000] BIOS-e820: [mem 0x0000000000100000-0x000000007ffdefff] usable
[    0.000000] BIOS-e820: [mem 0x000000007ffdf000-0x000000007fffffff] reserved
[    0.000000] BIOS-e820: [mem 0x00000000b0000000-0x00000000bfffffff] reserved
[    0.000000] BIOS-e820: [mem 0x00000000fed1c000-0x00000000fed1ffff] reserved
[    0.000000] BIOS-e820: [mem 0x00000000feffc000-0x00000000feffffff] reserved
[    0.000000] BIOS-e820: [mem 0x00000000fffc0000-0x00000000ffffffff] reserved
[    0.000000] BIOS-e820: [mem 0x000000fd00000000-0x000000ffffffffff] reserved
[    0.000000] NX (Execute Disable) protection: active
[    0.000000] APIC: Static calls initialized
[    0.000000] SMBIOS 3.0.0 present.
[    0.000000] DMI: QEMU Standard PC (Q35 + ICH9, 2009), BIOS 1.16.3-debian-1.16.3-2 04/01/2014
[    0.000000] DMI: Memory slots populated: 1/1
[    0.000000] Hypervisor detected: KVM
[    0.000000] last_pfn = 0x7ffdf max_arch_pfn = 0x400000000
[    0.000000] kvm-clock: Using msrs 4b564d01 and 4b564d00
[    0.000000] kvm-clock: using sched offset of 440647982 cycles
[    0.000002] clocksource: kvm-clock: mask: 0xffffffffffffffff max_cycles: 0x1cd42e4dffb, max_idle_ns: 881590591483 ns
[    0.000005] tsc: Detected 2445.428 MHz processor
[    0.001094] last_pfn = 0x7ffdf max_arch_pfn = 0x400000000
[    0.001363] MTRR map: 4 entries (3 fixed + 1 variable; max 19), built from 8 variable MTRRs
[    0.001374] x86/PAT: Configuration [0-7]: WB  WC  UC- UC  WB  WP  UC- WT  
[    0.003763] found SMP MP-table at [mem 0x000f5480-0x000f548f]
[    0.003917] RAMDISK: [mem 0x7fdc8000-0x7ffcffff]
[    0.003945] ACPI: Early table checksum verification disabled
[    0.003975] ACPI: RSDP 0x00000000000F52C0 000014 (v00 BOCHS )
[    0.003992] ACPI: RSDT 0x000000007FFE2425 000038 (v01 BOCHS  BXPC     00000001 BXPC 00000001)
[    0.003997] ACPI: FACP 0x000000007FFE2205 0000F4 (v03 BOCHS  BXPC     00000001 BXPC 00000001)
[    0.004001] ACPI: DSDT 0x000000007FFE0040 0021C5 (v01 BOCHS  BXPC     00000001 BXPC 00000001)
[    0.004004] ACPI: FACS 0x000000007FFE0000 000040
[    0.004005] ACPI: APIC 0x000000007FFE22F9 000090 (v03 BOCHS  BXPC     00000001 BXPC 00000001)
[    0.004007] ACPI: HPET 0x000000007FFE2389 000038 (v01 BOCHS  BXPC     00000001 BXPC 00000001)
[    0.004009] ACPI: MCFG 0x000000007FFE23C1 00003C (v01 BOCHS  BXPC     00000001 BXPC 00000001)
[    0.004011] ACPI: WAET 0x000000007FFE23FD 000028 (v01 BOCHS  BXPC     00000001 BXPC 00000001)
[    0.004013] ACPI: Reserving FACP table memory at [mem 0x7ffe2205-0x7ffe22f8]
[    0.004014] ACPI: Reserving DSDT table memory at [mem 0x7ffe0040-0x7ffe2204]
[    0.004015] ACPI: Reserving FACS table memory at [mem 0x7ffe0000-0x7ffe003f]
[    0.004016] ACPI: Reserving APIC table memory at [mem 0x7ffe22f9-0x7ffe2388]
[    0.004016] ACPI: Reserving HPET table memory at [mem 0x7ffe2389-0x7ffe23c0]
[    0.004017] ACPI: Reserving MCFG table memory at [mem 0x7ffe23c1-0x7ffe23fc]
[    0.004018] ACPI: Reserving WAET table memory at [mem 0x7ffe23fd-0x7ffe2424]
[    0.004881] No NUMA configuration found
[    0.004882] Faking a node at [mem 0x0000000000000000-0x000000007ffdefff]
[    0.004888] NODE_DATA(0) allocated [mem 0x7ffdb940-0x7ffdefff]
[    0.004899] Zone ranges:
[    0.004900]   DMA      [mem 0x0000000000001000-0x0000000000ffffff]
[    0.004901]   DMA32    [mem 0x0000000001000000-0x000000007ffdefff]
[    0.004902]   Normal   empty
[    0.004903] Movable zone start for each node
[    0.004903] Early memory node ranges
[    0.004904]   node   0: [mem 0x0000000000001000-0x000000000009efff]
[    0.004905]   node   0: [mem 0x0000000000100000-0x000000007ffdefff]
[    0.004906] Initmem setup node 0 [mem 0x0000000000001000-0x000000007ffdefff]
[    0.005166] On node 0, zone DMA: 1 pages in unavailable ranges
[    0.005181] On node 0, zone DMA: 97 pages in unavailable ranges
[    0.010146] On node 0, zone DMA32: 33 pages in unavailable ranges
[    0.011226] ACPI: PM-Timer IO Port: 0x608
[    0.011244] ACPI: LAPIC_NMI (acpi_id[0xff] dfl dfl lint[0x1])
[    0.011367] IOAPIC[0]: apic_id 0, version 17, address 0xfec00000, GSI 0-23
[    0.011370] ACPI: INT_SRC_OVR (bus 0 bus_irq 0 global_irq 2 dfl dfl)
[    0.011372] ACPI: INT_SRC_OVR (bus 0 bus_irq 5 global_irq 5 high level)
[    0.011373] ACPI: INT_SRC_OVR (bus 0 bus_irq 9 global_irq 9 high level)
[    0.011374] ACPI: INT_SRC_OVR (bus 0 bus_irq 10 global_irq 10 high level)
[    0.011375] ACPI: INT_SRC_OVR (bus 0 bus_irq 11 global_irq 11 high level)
[    0.011378] ACPI: Using ACPI (MADT) for SMP configuration information
[    0.011378] ACPI: HPET id: 0x8086a201 base: 0xfed00000
[    0.011386] CPU topo: Max. logical packages:   1
[    0.011387] CPU topo: Max. logical dies:       1
[    0.011387] CPU topo: Max. dies per package:   1
[    0.011392] CPU topo: Max. threads per core:   1
[    0.011393] CPU topo: Num. cores per package:     4
[    0.011393] CPU topo: Num. threads per package:   4
[    0.011394] CPU topo: Allowing 4 present CPUs plus 0 hotplug CPUs
[    0.011432] kvm-guest: APIC: eoi() replaced with kvm_guest_apic_eoi_write()
[    0.011475] PM: hibernation: Registered nosave memory: [mem 0x00000000-0x00000fff]
[    0.011476] PM: hibernation: Registered nosave memory: [mem 0x0009f000-0x000fffff]
[    0.011478] [mem 0xc0000000-0xfed1bfff] available for PCI devices
[    0.011479] Booting paravirtualized kernel on KVM
[    0.011481] clocksource: refined-jiffies: mask: 0xffffffff max_cycles: 0xffffffff, max_idle_ns: 1910969940391419 ns
[    0.016982] setup_percpu: NR_CPUS:64 nr_cpumask_bits:4 nr_cpu_ids:4 nr_node_ids:1
[    0.017293] percpu: Embedded 56 pages/cpu s192216 r8192 d28968 u524288
[    0.017356] Kernel command line: console=ttyS0 panic=-1 rdinit=/init loglevel=7
[    0.017693] Dentry cache hash table entries: 262144 (order: 9, 2097152 bytes, linear)
[    0.017757] Inode-cache hash table entries: 131072 (order: 8, 1048576 bytes, linear)
[    0.017826] Fallback order for Node 0: 0 
[    0.017828] Built 1 zonelists, mobility grouping on.  Total pages: 524157
[    0.017829] Policy zone: DMA32
[    0.017830] mem auto-init: stack:all(zero), heap alloc:off, heap free:off
[    0.022225] SLUB: HWalign=64, Order=0-3, MinObjects=0, CPUs=4, Nodes=1
[    0.023579] Dynamic Preempt: voluntary
[    0.027867] rcu: Preemptible hierarchical RCU implementation.
[    0.027868] rcu: 	RCU event tracing is enabled.
[    0.027868] rcu: 	RCU restricting CPUs from NR_CPUS=64 to nr_cpu_ids=4.
[    0.027870] 	Trampoline variant of Tasks RCU enabled.
[    0.027871] 	Tracing variant of Tasks RCU enabled.
[    0.027871] rcu: RCU calculated value of scheduler-enlistment delay is 100 jiffies.
[    0.027872] rcu: Adjusting geometry for rcu_fanout_leaf=16, nr_cpu_ids=4
[    0.027878] RCU Tasks: Setting shift to 2 and lim to 1 rcu_task_cb_adjust=1 rcu_task_cpu_ids=4.
[    0.027881] RCU Tasks Trace: Setting shift to 2 and lim to 1 rcu_task_cb_adjust=1 rcu_task_cpu_ids=4.
[    0.031879] NR_IRQS: 4352, nr_irqs: 456, preallocated irqs: 16
[    0.032363] rcu: srcu_init: Setting srcu_struct sizes based on contention.
[    0.032383] clocksource: jiffies: mask: 0xffffffff max_cycles: 0xffffffff, max_idle_ns: 1911260446275000 ns
[    0.050622] Console: colour VGA+ 80x25
[    0.050748] printk: legacy console [ttyS0] enabled
[    0.512824] ACPI: Core revision 20240827
[    0.515066] clocksource: hpet: mask: 0xffffffff max_cycles: 0xffffffff, max_idle_ns: 19112604467 ns
[    0.519775] APIC: Switch to symmetric I/O mode setup
[    0.527146] ..TIMER: vector=0x30 apic1=0 pin1=2 apic2=-1 pin2=-1
[    0.530107] clocksource: tsc-early: mask: 0xffffffffffffffff max_cycles: 0x233fd98c0cf, max_idle_ns: 440795209930 ns
[    0.535682] Calibrating delay loop (skipped) preset value.. 4890.85 BogoMIPS (lpj=2445428)
[    0.538170] Last level iTLB entries: 4KB 512, 2MB 255, 4MB 127
[    0.538680] Last level dTLB entries: 4KB 512, 2MB 255, 4MB 127, 1GB 0
[    0.539686] Spectre V1 : Mitigation: usercopy/swapgs barriers and __user pointer sanitization
[    0.540681] Spectre V2 : Mitigation: Retpolines
[    0.541681] Spectre V2 : Spectre v2 / SpectreRSB: Filling RSB on context switch and VMEXIT
[    0.542700] x86/fpu: x87 FPU will use FXSAVE
[    0.570323] Freeing SMP alternatives memory: 48K
[    0.570691] pid_max: default: 32768 minimum: 301
[    0.571706] LSM: initializing lsm=capability,selinux
[    0.572706] SELinux:  Initializing.
[    0.573838] Mount-cache hash table entries: 4096 (order: 3, 32768 bytes, linear)
[    0.574684] Mountpoint-cache hash table entries: 4096 (order: 3, 32768 bytes, linear)
[    0.669663] smpboot: CPU0: AMD QEMU Virtual CPU version 2.5+ (family: 0xf, model: 0x6b, stepping: 0x1)
[    0.669899] Performance Events: PMU not available due to virtualization, using software events only.
[    0.672832] signal: max sigframe size: 1440
[    0.673738] rcu: Hierarchical SRCU implementation.
[    0.674680] rcu: 	Max phase no-delay instances is 400.
[    0.675737] Timer migration: 1 hierarchy levels; 8 children per group; 1 crossnode level
[    0.676886] smp: Bringing up secondary CPUs ...
[    0.677878] smpboot: x86: Booting SMP configuration:
[    0.678683] .... node  #0, CPUs:      #1 #2 #3
[    0.694038] smp: Brought up 1 node, 4 CPUs
[    0.695680] smpboot: Total of 4 processors activated (19563.42 BogoMIPS)
[    0.700704] Memory: 2013192K/2096628K available (18432K kernel code, 2863K rwdata, 7100K rodata, 2800K init, 964K bss, 78468K reserved, 0K cma-reserved)
[    0.702981] devtmpfs: initialized
[    0.704862] futex hash table entries: 1024 (order: 4, 65536 bytes, linear)
[    0.705988] PM: RTC time: 09:32:06, date: 2026-10-01
[    0.708416] NET: Registered PF_NETLINK/PF_ROUTE protocol family
[    0.708799] audit: initializing netlink subsys (disabled)
[    0.711002] thermal_sys: Registered thermal governor 'step_wise'
[    0.711005] thermal_sys: Registered thermal governor 'user_space'
[    0.710681] audit: type=2000 audit(1790847125.980:1): state=initialized audit_enabled=0 res=1
[    0.721683] cpuidle: using governor menu
[    0.724102] PCI: ECAM [mem 0xb0000000-0xbfffffff] (base 0xb0000000) for domain 0000 [bus 00-ff]
[    0.724683] PCI: ECAM [mem 0xb0000000-0xbfffffff] reserved as E820 entry
[    0.725693] PCI: Using configuration type 1 for base access
[    0.727826] kprobes: kprobe jump-optimization is enabled. All kprobes are optimized if possible.
[    0.732686] HugeTLB: registered 2.00 MiB page size, pre-allocated 0 pages
[    0.733680] HugeTLB: 28 KiB vmemmap can be freed for a 2.00 MiB page
[    0.735851] ACPI: Added _OSI(Module Device)
[    0.737681] ACPI: Added _OSI(Processor Device)
[    0.738680] ACPI: Added _OSI(Processor Aggregator Device)
[    0.741187] ACPI: 1 ACPI AML tables successfully acquired and loaded
[    0.748793] ACPI: Interpreter enabled
[    0.749694] ACPI: PM: (supports S0 S3 S4 S5)
[    0.750680] ACPI: Using IOAPIC for interrupt routing
[    0.751718] PCI: Using host bridge windows from ACPI; if necessary, use "pci=nocrs" and report a bug
[    0.752680] PCI: Using E820 reservations for host bridge windows
[    0.753809] ACPI: Enabled 2 GPEs in block 00 to 3F
[    0.758019] ACPI: PCI Root Bridge [PCI0] (domain 0000 [bus 00-ff])
[    0.758684] acpi PNP0A08:00: _OSC: OS supports [ExtendedConfig ASPM ClockPM Segments MSI HPX-Type3]
[    0.759722] acpi PNP0A08:00: _OSC: platform does not support [LTR]
[    0.760726] acpi PNP0A08:00: _OSC: OS now controls [PME PCIeCapability]
[    0.761754] PCI host bridge to bus 0000:00
[    0.762683] pci_bus 0000:00: root bus resource [io  0x0000-0x0cf7 window]
[    0.763680] pci_bus 0000:00: root bus resource [io  0x0d00-0xffff window]
[    0.764680] pci_bus 0000:00: root bus resource [mem 0x000a0000-0x000bffff window]
[    0.765680] pci_bus 0000:00: root bus resource [mem 0x80000000-0xafffffff window]
[    0.766680] pci_bus 0000:00: root bus resource [mem 0xc0000000-0xfebfffff window]
[    0.767681] pci_bus 0000:00: root bus resource [mem 0x100000000-0x8ffffffff window]
[    0.768681] pci_bus 0000:00: root bus resource [bus 00-ff]
[    0.769892] pci 0000:00:00.0: [8086:29c0] type 00 class 0x060000 conventional PCI endpoint
[    0.773070] pci 0000:00:01.0: [1234:1111] type 00 class 0x030000 conventional PCI endpoint
[    0.776700] pci 0000:00:01.0: BAR 0 [mem 0xfd000000-0xfdffffff pref]
[    0.780698] pci 0000:00:01.0: BAR 2 [mem 0xfebd4000-0xfebd4fff]
[    0.788684] pci 0000:00:01.0: ROM [mem 0xfebc0000-0xfebcffff pref]
[    0.789938] pci 0000:00:01.0: Video device with shadowed ROM at [mem 0x000c0000-0x000dffff]
[    0.792170] pci 0000:00:02.0: [8086:10d3] type 00 class 0x020000 PCIe Root Complex Integrated Endpoint
[    0.794680] pci 0000:00:02.0: BAR 0 [mem 0xfeb80000-0xfeb9ffff]
[    0.797394] pci 0000:00:02.0: BAR 1 [mem 0xfeba0000-0xfebbffff]
[    0.799680] pci 0000:00:02.0: BAR 2 [io  0xc040-0xc05f]
[    0.801680] pci 0000:00:02.0: BAR 3 [mem 0xfebd0000-0xfebd3fff]
[    0.806680] pci 0000:00:02.0: ROM [mem 0xfeb00000-0xfeb7ffff pref]
[    0.812150] pci 0000:00:1f.0: [8086:2918] type 00 class 0x060100 conventional PCI endpoint
[    0.815428] pci 0000:00:1f.0: quirk: [io  0x0600-0x067f] claimed by ICH6 ACPI/GPIO/TCO
[    0.817614] pci 0000:00:1f.2: [8086:2922] type 00 class 0x010601 conventional PCI endpoint
[    0.824681] pci 0000:00:1f.2: BAR 4 [io  0xc060-0xc07f]
[    0.827680] pci 0000:00:1f.2: BAR 5 [mem 0xfebd5000-0xfebd5fff]
[    0.831485] pci 0000:00:1f.3: [8086:2930] type 00 class 0x0c0500 conventional PCI endpoint
[    0.834680] pci 0000:00:1f.3: BAR 4 [io  0x0700-0x073f]
[    0.841409] ACPI: PCI: Interrupt link LNKA configured for IRQ 10
[    0.842780] ACPI: PCI: Interrupt link LNKB configured for IRQ 10
[    0.843807] ACPI: PCI: Interrupt link LNKC configured for IRQ 11
[    0.844784] ACPI: PCI: Interrupt link LNKD configured for IRQ 11
[    0.845788] ACPI: PCI: Interrupt link LNKE configured for IRQ 10
[    0.846787] ACPI: PCI: Interrupt link LNKF configured for IRQ 10
[    0.847786] ACPI: PCI: Interrupt link LNKG configured for IRQ 11
[    0.848784] ACPI: PCI: Interrupt link LNKH configured for IRQ 11
[    0.849732] ACPI: PCI: Interrupt link GSIA configured for IRQ 16
[    0.850690] ACPI: PCI: Interrupt link GSIB configured for IRQ 17
[    0.851692] ACPI: PCI: Interrupt link GSIC configured for IRQ 18
[    0.852689] ACPI: PCI: Interrupt link GSID configured for IRQ 19
[    0.853690] ACPI: PCI: Interrupt link GSIE configured for IRQ 20
[    0.854690] ACPI: PCI: Interrupt link GSIF configured for IRQ 21
[    0.855694] ACPI: PCI: Interrupt link GSIG configured for IRQ 22
[    0.856692] ACPI: PCI: Interrupt link GSIH configured for IRQ 23
[    0.859024] iommu: Default domain type: Translated
[    0.859680] iommu: DMA domain TLB invalidation policy: lazy mode
[    0.860742] SCSI subsystem initialized
[    0.861738] ACPI: bus type USB registered
[    0.862698] usbcore: registered new interface driver usbfs
[    0.864689] usbcore: registered new interface driver hub
[    0.865691] usbcore: registered new device driver usb
[    0.866698] pps_core: LinuxPPS API ver. 1 registered
[    0.867680] pps_core: Software ver. 5.3.6 - Copyright 2005-2007 Rodolfo Giometti <giometti@linux.it>
[    0.868691] PTP clock support registered
[    0.872234] Advanced Linux Sound Architecture Driver Initialized.
[    0.872814] NetLabel: Initializing
[    0.873680] NetLabel:  domain hash size = 128
[    0.874680] NetLabel:  protocols = UNLABELED CIPSOv4 CALIPSO
[    0.875704] NetLabel:  unlabeled traffic allowed by default
[    0.876800] PCI: Using ACPI for IRQ routing
[    1.077393] pci 0000:00:01.0: vgaarb: setting as boot VGA device
[    1.077678] pci 0000:00:01.0: vgaarb: bridge control possible
[    1.077678] pci 0000:00:01.0: vgaarb: VGA device added: decodes=io+mem,owns=io+mem,locks=none
[    1.077683] vgaarb: loaded
[    1.078767] hpet: 3 channels of 0 reserved for per-cpu timers
[    1.080678] hpet0: at MMIO 0xfed00000, IRQs 2, 8, 0
[    1.081679] hpet0: 3 comparators, 64-bit 100.000000 MHz counter
[    1.088151] clocksource: Switched to clocksource kvm-clock
[    1.091583] VFS: Disk quotas dquot_6.6.0
[    1.093888] VFS: Dquot-cache hash table entries: 512 (order 0, 4096 bytes)
[    1.098083] pnp: PnP ACPI init
[    1.099911] system 00:05: [mem 0xb0000000-0xbfffffff window] has been reserved
[    1.103847] pnp: PnP ACPI: found 6 devices
[    1.118498] clocksource: acpi_pm: mask: 0xffffff max_cycles: 0xffffff, max_idle_ns: 2085701024 ns
[    1.123025] NET: Registered PF_INET protocol family
[    1.125825] IP idents hash table entries: 32768 (order: 6, 262144 bytes, linear)
[    1.129971] tcp_listen_portaddr_hash hash table entries: 1024 (order: 2, 16384 bytes, linear)
[    1.134417] Table-perturb hash table entries: 65536 (order: 6, 262144 bytes, linear)
[    1.138583] TCP established hash table entries: 16384 (order: 5, 131072 bytes, linear)
[    1.142922] TCP bind hash table entries: 16384 (order: 7, 524288 bytes, linear)
[    1.146455] TCP: Hash tables configured (established 16384 bind 16384)
[    1.149668] UDP hash table entries: 1024 (order: 3, 32768 bytes, linear)
[    1.153540] UDP-Lite hash table entries: 1024 (order: 3, 32768 bytes, linear)
[    1.157689] NET: Registered PF_UNIX/PF_LOCAL protocol family
[    1.164740] RPC: Registered named UNIX socket transport module.
[    1.170477] RPC: Registered udp transport module.
[    1.174857] RPC: Registered tcp transport module.
[    1.179495] RPC: Registered tcp-with-tls transport module.
[    1.184583] RPC: Registered tcp NFSv4.1 backchannel transport module.
[    1.191171] pci_bus 0000:00: resource 4 [io  0x0000-0x0cf7 window]
[    1.197139] pci_bus 0000:00: resource 5 [io  0x0d00-0xffff window]
[    1.202994] pci_bus 0000:00: resource 6 [mem 0x000a0000-0x000bffff window]
[    1.208184] pci_bus 0000:00: resource 7 [mem 0x80000000-0xafffffff window]
[    1.214551] pci_bus 0000:00: resource 8 [mem 0xc0000000-0xfebfffff window]
[    1.220823] pci_bus 0000:00: resource 9 [mem 0x100000000-0x8ffffffff window]
[    1.227551] PCI: CLS 0 bytes, default 64
[    1.231476] clocksource: tsc: mask: 0xffffffffffffffff max_cycles: 0x233fd98c0cf, max_idle_ns: 440795209930 ns
[    1.231694] Unpacking initramfs...
[    1.246529] Initialise system trusted keyrings
[    1.250036] workingset: timestamp_bits=56 max_order=19 bucket_order=0
[    1.256584] NFS: Registering the id_resolver key type
[    1.261397] Key type id_resolver registered
[    1.265936] Key type id_legacy registered
[    1.269936] 9p: Installing v9fs 9p2000 file system support
[    1.274250] Freeing initrd memory: 2080K
[    1.291496] Key type asymmetric registered
[    1.294084] Asymmetric key parser 'x509' registered
[    1.297058] Block layer SCSI generic (bsg) driver version 0.4 loaded (major 251)
[    1.301623] io scheduler mq-deadline registered
[    1.304362] io scheduler kyber registered
[    1.307418] input: Power Button as /devices/LNXSYSTM:00/LNXPWRBN:00/input/input0
[    1.311979] ACPI: button: Power Button [PWRF]
[    1.324591] Serial: 8250/16550 driver, 4 ports, IRQ sharing enabled
[    1.329215] 00:03: ttyS0 at I/O 0x3f8 (irq = 4, base_baud = 115200) is a 16550A
[    1.335449] Non-volatile memory driver v1.3
[    1.338090] Linux agpgart interface v0.103
[    1.340716] ACPI: bus type drm_connector registered
[    1.346784] loop: module loaded
[    1.349007] ACPI: \_SB_.GSIA: Enabled at IRQ 16
[    1.354246] ahci 0000:00:1f.2: AHCI vers 0001.0000, 32 command slots, 1.5 Gbps, SATA mode
[    1.359145] ahci 0000:00:1f.2: 6/6 ports implemented (port mask 0x3f)
[    1.363186] ahci 0000:00:1f.2: flags: 64bit ncq only 
[    1.369612] scsi host0: ahci
[    1.372100] scsi host1: ahci
[    1.374670] scsi host2: ahci
[    1.377138] scsi host3: ahci
[    1.379583] scsi host4: ahci
[    1.382060] scsi host5: ahci
[    1.383971] ata1: SATA max UDMA/133 abar m4096@0xfebd5000 port 0xfebd5100 irq 24 lpm-pol 1
[    1.388960] ata2: SATA max UDMA/133 abar m4096@0xfebd5000 port 0xfebd5180 irq 24 lpm-pol 1
[    1.393987] ata3: SATA max UDMA/133 abar m4096@0xfebd5000 port 0xfebd5200 irq 24 lpm-pol 1
[    1.398891] ata4: SATA max UDMA/133 abar m4096@0xfebd5000 port 0xfebd5280 irq 24 lpm-pol 1
[    1.403837] ata5: SATA max UDMA/133 abar m4096@0xfebd5000 port 0xfebd5300 irq 24 lpm-pol 1
[    1.408800] ata6: SATA max UDMA/133 abar m4096@0xfebd5000 port 0xfebd5380 irq 24 lpm-pol 1
[    1.413969] e100: Intel(R) PRO/100 Network Driver
[    1.417067] e100: Copyright(c) 1999-2006 Intel Corporation
[    1.420625] e1000: Intel(R) PRO/1000 Network Driver
[    1.423850] e1000: Copyright (c) 1999-2006 Intel Corporation.
[    1.427555] e1000e: Intel(R) PRO/1000 Network Driver
[    1.430840] e1000e: Copyright(c) 1999 - 2015 Intel Corporation.
[    1.434686] ACPI: \_SB_.GSIG: Enabled at IRQ 22
[    1.439072] e1000e 0000:00:02.0: Interrupt Throttling Rate (ints/sec) set to dynamic conservative mode
[    1.487451] e1000e 0000:00:02.0 0000:00:02.0 (uninitialized): registered PHC clock
[    1.550380] e1000e 0000:00:02.0 eth0: (PCI Express:2.5GT/s:Width x1) 52:54:00:12:34:56
[    1.555036] e1000e 0000:00:02.0 eth0: Intel(R) PRO/1000 Network Connection
[    1.559116] e1000e 0000:00:02.0 eth0: MAC: 3, PHY: 8, PBA No: 000000-000
[    1.563132] sky2: driver version 1.30
[    1.565760] usbcore: registered new interface driver usblp
[    1.569070] usbcore: registered new interface driver usb-storage
[    1.572656] i8042: PNP: PS/2 Controller [PNP0303:KBD,PNP0f13:MOU] at 0x60,0x64 irq 1,12
[    1.579743] serio: i8042 KBD port at 0x60,0x64 irq 1
[    1.582744] serio: i8042 AUX port at 0x60,0x64 irq 12
[    1.586922] input: AT Translated Set 2 keyboard as /devices/platform/i8042/serio0/input/input1
[    1.592255] rtc_cmos 00:04: RTC can wake from S4
[    1.597665] rtc_cmos 00:04: registered as rtc0
[    1.604737] rtc_cmos 00:04: alarms up to one day, y3k, 242 bytes nvram, hpet irqs
[    1.615918] i801_smbus 0000:00:1f.3: SMBus using PCI interrupt
[    1.617546] device-mapper: ioctl: 4.48.0-ioctl (2023-03-01) initialised: dm-devel@lists.linux.dev
[    1.620101] i2c i2c-0: Memory type 0x07 not supported yet, not instantiating SPD
[    1.637805] amd_pstate: the _CPC object is not present in SBIOS or ACPI disabled
[    1.643603] hid: raw HID events driver (C) Jiri Kosina
[    1.647701] usbcore: registered new interface driver usbhid
[    1.651478] usbhid: USB HID core driver
[    1.655095] Initializing XFRM netlink socket
[    1.657922] NET: Registered PF_INET6 protocol family
[    1.662064] Segment Routing with IPv6
[    1.664500] In-situ OAM (IOAM) with IPv6
[    1.667163] sit: IPv6, IPv4 and MPLS over IPv4 tunneling driver
[    1.671078] NET: Registered PF_PACKET protocol family
[    1.674404] 9pnet: Installing 9P2000 support
[    1.677136] Key type dns_resolver registered
[    1.680799] IPI shorthand broadcast: enabled
[    1.685637] sched_clock: Marking stable (1185078046, 500295571)->(2090824858, -405451241)
[    1.691180] registered taskstats version 1
[    1.693796] Loading compiled-in X.509 certificates
[    1.698010] Demotion targets for Node 0: null
[    1.701169] PM:   Magic number: 14:529:524
[    1.703880] printk: legacy console [netcon0] enabled
[    1.706982] netconsole: network logging started
[    1.709903] cfg80211: Loading compiled-in X.509 certificates for regulatory database
[    1.714951] kworker/u16:9 (87) used greatest stack depth: 14408 bytes left
[    1.722836] Loaded X.509 cert 'sforshee: 00b28ddf47aef9cea7'
[    1.727120] Loaded X.509 cert 'wens: 61c038651aabdcf94bd0ac7ff06c7248db18c600'
[    1.731659] ALSA device list:
[    1.733567] platform regulatory.0: Direct firmware load for regulatory.db failed with error -2
[    1.736326] ata1: SATA link down (SStatus 0 SControl 300)
[    1.738810]   No soundcards found.
[    1.738827] cfg80211: failed to load regulatory.db
[    1.760532] ata3: SATA link up 1.5 Gbps (SStatus 113 SControl 300)
[    1.765413] ata3.00: LPM support broken, forcing max_power
[    1.769504] ata3.00: ATAPI: QEMU DVD-ROM, 2.5+, max UDMA/100
[    1.773251] ata3.00: applying bridge limits
[    1.776045] ata6: SATA link down (SStatus 0 SControl 300)
[    1.782847] ata2: SATA link down (SStatus 0 SControl 300)
[    1.786457] ata4: SATA link down (SStatus 0 SControl 300)
[    1.789716] ata5: SATA link down (SStatus 0 SControl 300)
[    1.795307] ata3.00: LPM support broken, forcing max_power
[    1.797778] ata3.00: configured for UDMA/100
[    1.800832] scsi 2:0:0:0: CD-ROM            QEMU     QEMU DVD-ROM     2.5+ PQ: 0 ANSI: 5
[    1.821949] sr 2:0:0:0: [sr0] scsi3-mmc drive: 4x/4x cd/rw xa/form2 tray
[    1.842843] cdrom: Uniform CD-ROM driver Revision: 3.20
[    1.853706] sr 2:0:0:0: Attached scsi generic sg0 type 5
[    1.859112] Freeing unused kernel image (initmem) memory: 2800K
[    1.863506] Write protecting the kernel read-only data: 26624k
[    1.869400] Freeing unused kernel image (rodata/data gap) memory: 1092K
[    1.912847] x86/mm: Checked W+X mappings: passed, no W+X pages found.
[    1.916964] Run /init as init process
[    1.920735] mount (91) used greatest stack depth: 14112 bytes left
[    1.925240] mount (92) used greatest stack depth: 13688 bytes left
BOOTMARK userspace-up
Linux (none) 6.12.111 #1 SMP PREEMPT_DYNAMIC Thu Oct  1 01:20:33 UTC 2026 x86_64 GNU/Linux
BOOTMARK insmod-start
[    1.981614] mali mali.0: Kernel DDK version r54p0-01eac0
[    1.984948] mali mali.0: Using Dummy Model
[    1.987443] mali mali.0: GPU metrics tracepoint support enabled
[    1.990937] mali mali.0: Register LUT 000e0800 initialized for GPU arch 0x000e0805
[    1.995363] mali mali.0: GPU identified as 0x0 arch 14.8.5 r0p0 status 0
[    1.998928] mali mali.0: _find_key: OPP table not found (-19)
[    2.001416] mali mali.0: No OPPs found in device tree! Scaling timeouts using 100000 kHz
[    2.004920] mali mali.0: Large page allocation set to true after hardware feature check
[    2.009463] Dummy model register access: Reading unsupported register 0xf10. Returning 0
[    2.013064] Dummy model register access: Writing unsupported register 0xf10 value 0x0
[    2.016408] Dummy model register access: Writing unsupported register 0x88 value 0x0
[    2.019667] Dummy model register access: Writing unsupported register 0x8c value 0x0
[    2.022924] Dummy model register access: Writing unsupported register 0x88 value 0x16bd46
[    2.026334] Dummy model register access: Writing unsupported register 0x8c value 0x0
[    2.029755] Dummy model register access: Writing unsupported register 0x41030 value 0x0
[    2.032816] Dummy model register access: Writing unsupported register 0x41034 value 0x0
[    2.036605] mali mali.0: Clock not available for devfreq
[    2.039002] mali mali.0: Continuing without devfreq
[    2.041446] mali mali.0: * MALI kbase_mmap_min_addr compiled to CONFIG_LSM_MMAP_MIN_ADDR, no runtime update possible! *
[    2.046067] mali mali.0: Probed as mali0
BOOTMARK insmod-rc 0
Module                  Size  Used by    Not tainted
mali_kbase           1900544  0 
BOOTMARK probe-start
PROBE build              kbase-probe, EL0 ioctl exerciser
PROBE device             /dev/mali0
[    2.067087] Dummy model register access: Writing unsupported register 0x40120 value 0x3fff
[    2.073391] Dummy model register access: Writing unsupported register 0x40124 value 0x0
PROBE open                   PASS
PROBE version_check       negotiated major=1 minor=36 (proposed 1.36)
PROBE version_check          PASS
PROBE set_flags              PASS
PROBE gpuprops_size       773 bytes
PROBE gpuprops_size          PASS
PROBE gpuprops product_id=0x0006 version_status=0xe850 major=9 minor=0
PROBE gpuprops gpu_freq_khz_max=851968 log2_pc_size=0 num_exec_engines=15 log2_l2_line_size=255
PROBE gpuprops raw gpu_id=0x0000000000000100
PROBE gpuprops_read          PASS
PROBE mem_alloc           gpu_va=0x41000 out_flags=0x200f (SAME_VA cookie)
PROBE mem_alloc              PASS
PROBE mmap                bound cookie 0x41000 -> cpu=gpu=0x7f3b362f7000
PROBE mmap                   PASS
PROBE mem_query           commit_size=0 bytes
PROBE mem_query              PASS
PROBE munmap                 PASS
PROBE summary             passed=0x1ff failed=0x000
BOOTMARK probe-rc 255
BOOTMARK dmesg-start
[    2.118293] input: ImExPS/2 Generic Explorer Mouse as /devices/platform/i8042/serio1/input/input3
[    1.981614] mali mali.0: Kernel DDK version r54p0-01eac0
[    1.984948] mali mali.0: Using Dummy Model
[    1.987443] mali mali.0: GPU metrics tracepoint support enabled
[    1.990937] mali mali.0: Register LUT 000e0800 initialized for GPU arch 0x000e0805
[    1.995363] mali mali.0: GPU identified as 0x0 arch 14.8.5 r0p0 status 0
[    1.998928] mali mali.0: _find_key: OPP table not found (-19)
[    2.001416] mali mali.0: No OPPs found in device tree! Scaling timeouts using 100000 kHz
[    2.004920] mali mali.0: Large page allocation set to true after hardware feature check
[    2.036605] mali mali.0: Clock not available for devfreq
[    2.039002] mali mali.0: Continuing without devfreq
[    2.041446] mali mali.0: * MALI kbase_mmap_min_addr compiled to CONFIG_LSM_MMAP_MIN_ADDR, no runtime update possible! *
[    2.046067] mali mali.0: Probed as mali0
BOOTMARK dmesg-end
BOOTMARK poweroff
[    2.178299] e1000e: EEE TX LPI TIMER: 00000000
[    2.183930] ACPI: PM: Preparing to enter system sleep state S5
[    2.187007] reboot: Power down
