c[?7l[2J[0mSeaBIOS (version 1.16.3-debian-1.16.3-2)


iPXE (https://ipxe.org) 00:02.0 CA00 PCI2.10 PnP PMM+7EFCAB60+7EF0AB60 CA00
Press Ctrl-B to configure iPXE (PCI 00:02.0)...                                                                               


Booting from ROM...
c[?7l[2J[    0.000000] Linux version 6.12.111 (codespace@codespaces-5d341e) (gcc (Ubuntu 13.3.0-6ubuntu2~24.04.1) 13.3.0, GNU ld (GNU Binutils for Ubuntu) 2.42) #2 SMP PREEMPT_DYNAMIC Fri Oct  2 00:15:33 UTC 2026
[    0.000000] Command line: console=ttyS0 panic=-1 rdinit=/init loglevel=7
[    0.000000] BIOS-provided physical RAM map:
[    0.000000] BIOS-e820: [mem 0x0000000000000000-0x000000000009fbff] usable
[    0.000000] BIOS-e820: [mem 0x000000000009fc00-0x000000000009ffff] reserved
[    0.000000] BIOS-e820: [mem 0x00000000000f0000-0x00000000000fffff] reserved
[    0.000000] BIOS-e820: [mem 0x0000000000100000-0x000000007ffdefff] usable
[    0.000000] BIOS-e820: [mem 0x000000007ffdf000-0x000000007fffffff] reserved
[    0.000000] BIOS-e820: [mem 0x00000000b0000000-0x00000000bfffffff] reserved
[    0.000000] BIOS-e820: [mem 0x00000000fed1c000-0x00000000fed1ffff] reserved
[    0.000000] BIOS-e820: [mem 0x00000000feffc000-0x00000000feffffff] reserved
[    0.000000] BIOS-e820: [mem 0x00000000fffc0000-0x00000000ffffffff] reserved
[    0.000000] BIOS-e820: [mem 0x000000fd00000000-0x000000ffffffffff] reserved
[    0.000000] NX (Execute Disable) protection: active
[    0.000000] APIC: Static calls initialized
[    0.000000] SMBIOS 3.0.0 present.
[    0.000000] DMI: QEMU Standard PC (Q35 + ICH9, 2009), BIOS 1.16.3-debian-1.16.3-2 04/01/2014
[    0.000000] DMI: Memory slots populated: 1/1
[    0.000000] Hypervisor detected: KVM
[    0.000000] last_pfn = 0x7ffdf max_arch_pfn = 0x400000000
[    0.000000] kvm-clock: Using msrs 4b564d01 and 4b564d00
[    0.000002] kvm-clock: using sched offset of 1100676702 cycles
[    0.000011] clocksource: kvm-clock: mask: 0xffffffffffffffff max_cycles: 0x1cd42e4dffb, max_idle_ns: 881590591483 ns
[    0.000051] tsc: Detected 2445.430 MHz processor
[    0.018289] last_pfn = 0x7ffdf max_arch_pfn = 0x400000000
[    0.018572] MTRR map: 4 entries (3 fixed + 1 variable; max 19), built from 8 variable MTRRs
[    0.018597] x86/PAT: Configuration [0-7]: WB  WC  UC- UC  WB  WP  UC- WT  
[    0.023608] found SMP MP-table at [mem 0x000f5480-0x000f548f]
[    0.025317] RAMDISK: [mem 0x7fcc1000-0x7ffcffff]
[    0.025353] ACPI: Early table checksum verification disabled
[    0.025396] ACPI: RSDP 0x00000000000F52C0 000014 (v00 BOCHS )
[    0.025434] ACPI: RSDT 0x000000007FFE2425 000038 (v01 BOCHS  BXPC     00000001 BXPC 00000001)
[    0.025466] ACPI: FACP 0x000000007FFE2205 0000F4 (v03 BOCHS  BXPC     00000001 BXPC 00000001)
[    0.025500] ACPI: DSDT 0x000000007FFE0040 0021C5 (v01 BOCHS  BXPC     00000001 BXPC 00000001)
[    0.025527] ACPI: FACS 0x000000007FFE0000 000040
[    0.025547] ACPI: APIC 0x000000007FFE22F9 000090 (v03 BOCHS  BXPC     00000001 BXPC 00000001)
[    0.025575] ACPI: HPET 0x000000007FFE2389 000038 (v01 BOCHS  BXPC     00000001 BXPC 00000001)
[    0.025603] ACPI: MCFG 0x000000007FFE23C1 00003C (v01 BOCHS  BXPC     00000001 BXPC 00000001)
[    0.025631] ACPI: WAET 0x000000007FFE23FD 000028 (v01 BOCHS  BXPC     00000001 BXPC 00000001)
[    0.025656] ACPI: Reserving FACP table memory at [mem 0x7ffe2205-0x7ffe22f8]
[    0.025667] ACPI: Reserving DSDT table memory at [mem 0x7ffe0040-0x7ffe2204]
[    0.025678] ACPI: Reserving FACS table memory at [mem 0x7ffe0000-0x7ffe003f]
[    0.025689] ACPI: Reserving APIC table memory at [mem 0x7ffe22f9-0x7ffe2388]
[    0.025699] ACPI: Reserving HPET table memory at [mem 0x7ffe2389-0x7ffe23c0]
[    0.025709] ACPI: Reserving MCFG table memory at [mem 0x7ffe23c1-0x7ffe23fc]
[    0.025720] ACPI: Reserving WAET table memory at [mem 0x7ffe23fd-0x7ffe2424]
[    0.028097] No NUMA configuration found
[    0.028105] Faking a node at [mem 0x0000000000000000-0x000000007ffdefff]
[    0.028124] NODE_DATA(0) allocated [mem 0x7ffdb940-0x7ffdefff]
[    0.028175] Zone ranges:
[    0.028179]   DMA      [mem 0x0000000000001000-0x0000000000ffffff]
[    0.028192]   DMA32    [mem 0x0000000001000000-0x000000007ffdefff]
[    0.028205]   Normal   empty
[    0.028212] Movable zone start for each node
[    0.028217] Early memory node ranges
[    0.028221]   node   0: [mem 0x0000000000001000-0x000000000009efff]
[    0.028236]   node   0: [mem 0x0000000000100000-0x000000007ffdefff]
[    0.028249] Initmem setup node 0 [mem 0x0000000000001000-0x000000007ffdefff]
[    0.028505] On node 0, zone DMA: 1 pages in unavailable ranges
[    0.028738] On node 0, zone DMA: 97 pages in unavailable ranges
[    0.071891] On node 0, zone DMA32: 33 pages in unavailable ranges
[    0.073368] ACPI: PM-Timer IO Port: 0x608
[    0.073413] ACPI: LAPIC_NMI (acpi_id[0xff] dfl dfl lint[0x1])
[    0.073547] IOAPIC[0]: apic_id 0, version 17, address 0xfec00000, GSI 0-23
[    0.073568] ACPI: INT_SRC_OVR (bus 0 bus_irq 0 global_irq 2 dfl dfl)
[    0.073583] ACPI: INT_SRC_OVR (bus 0 bus_irq 5 global_irq 5 high level)
[    0.073596] ACPI: INT_SRC_OVR (bus 0 bus_irq 9 global_irq 9 high level)
[    0.073610] ACPI: INT_SRC_OVR (bus 0 bus_irq 10 global_irq 10 high level)
[    0.073624] ACPI: INT_SRC_OVR (bus 0 bus_irq 11 global_irq 11 high level)
[    0.073652] ACPI: Using ACPI (MADT) for SMP configuration information
[    0.073658] ACPI: HPET id: 0x8086a201 base: 0xfed00000
[    0.073692] CPU topo: Max. logical packages:   1
[    0.073698] CPU topo: Max. logical dies:       1
[    0.073704] CPU topo: Max. dies per package:   1
[    0.073725] CPU topo: Max. threads per core:   1
[    0.073731] CPU topo: Num. cores per package:     4
[    0.073737] CPU topo: Num. threads per package:   4
[    0.073743] CPU topo: Allowing 4 present CPUs plus 0 hotplug CPUs
[    0.073803] kvm-guest: APIC: eoi() replaced with kvm_guest_apic_eoi_write()
[    0.073900] PM: hibernation: Registered nosave memory: [mem 0x00000000-0x00000fff]
[    0.073915] PM: hibernation: Registered nosave memory: [mem 0x0009f000-0x000fffff]
[    0.073928] [mem 0xc0000000-0xfed1bfff] available for PCI devices
[    0.073937] Booting paravirtualized kernel on KVM
[    0.073945] clocksource: refined-jiffies: mask: 0xffffffff max_cycles: 0xffffffff, max_idle_ns: 1910969940391419 ns
[    0.086220] setup_percpu: NR_CPUS:64 nr_cpumask_bits:4 nr_cpu_ids:4 nr_node_ids:1
[    0.086681] percpu: Embedded 56 pages/cpu s192216 r8192 d28968 u524288
[    0.086900] Kernel command line: console=ttyS0 panic=-1 rdinit=/init loglevel=7
[    0.087436] Dentry cache hash table entries: 262144 (order: 9, 2097152 bytes, linear)
[    0.087715] Inode-cache hash table entries: 131072 (order: 8, 1048576 bytes, linear)
[    0.087903] Fallback order for Node 0: 0 
[    0.087917] Built 1 zonelists, mobility grouping on.  Total pages: 524157
[    0.087928] Policy zone: DMA32
[    0.087934] mem auto-init: stack:all(zero), heap alloc:off, heap free:off
[    0.096488] SLUB: HWalign=64, Order=0-3, MinObjects=0, CPUs=4, Nodes=1
[    0.110156] Dynamic Preempt: voluntary
[    0.111113] rcu: Preemptible hierarchical RCU implementation.
[    0.111119] rcu: 	RCU event tracing is enabled.
[    0.111123] rcu: 	RCU restricting CPUs from NR_CPUS=64 to nr_cpu_ids=4.
[    0.111134] 	Trampoline variant of Tasks RCU enabled.
[    0.111138] 	Tracing variant of Tasks RCU enabled.
[    0.111142] rcu: RCU calculated value of scheduler-enlistment delay is 100 jiffies.
[    0.111150] rcu: Adjusting geometry for rcu_fanout_leaf=16, nr_cpu_ids=4
[    0.111171] RCU Tasks: Setting shift to 2 and lim to 1 rcu_task_cb_adjust=1 rcu_task_cpu_ids=4.
[    0.111187] RCU Tasks Trace: Setting shift to 2 and lim to 1 rcu_task_cb_adjust=1 rcu_task_cpu_ids=4.
[    0.183891] NR_IRQS: 4352, nr_irqs: 456, preallocated irqs: 16
[    0.184610] rcu: srcu_init: Setting srcu_struct sizes based on contention.
[    0.184638] clocksource: jiffies: mask: 0xffffffff max_cycles: 0xffffffff, max_idle_ns: 1911260446275000 ns
[    0.208283] Console: colour VGA+ 80x25
[    0.208442] printk: legacy console [ttyS0] enabled
[    1.245689] ACPI: Core revision 20240827
[    1.250862] clocksource: hpet: mask: 0xffffffff max_cycles: 0xffffffff, max_idle_ns: 19112604467 ns
[    1.262598] APIC: Switch to symmetric I/O mode setup
[    1.276013] ..TIMER: vector=0x30 apic1=0 pin1=2 apic2=-1 pin2=-1
[    1.284911] clocksource: tsc-early: mask: 0xffffffffffffffff max_cycles: 0x233fdbaba77, max_idle_ns: 440795254155 ns
[    1.300407] Calibrating delay loop (skipped) preset value.. 4890.86 BogoMIPS (lpj=2445430)
[    1.303162] Last level iTLB entries: 4KB 512, 2MB 255, 4MB 127
[    1.303402] Last level dTLB entries: 4KB 512, 2MB 255, 4MB 127, 1GB 0
[    1.304414] Spectre V1 : Mitigation: usercopy/swapgs barriers and __user pointer sanitization
[    1.305410] Spectre V2 : Mitigation: Retpolines
[    1.306402] Spectre V2 : Spectre v2 / SpectreRSB: Filling RSB on context switch and VMEXIT
[    1.307426] x86/fpu: x87 FPU will use FXSAVE
[    1.402441] Freeing SMP alternatives memory: 48K
[    1.404425] pid_max: default: 32768 minimum: 301
[    1.405440] LSM: initializing lsm=capability,selinux
[    1.406483] SELinux:  Initializing.
[    1.407880] Mount-cache hash table entries: 4096 (order: 3, 32768 bytes, linear)
[    1.408406] Mountpoint-cache hash table entries: 4096 (order: 3, 32768 bytes, linear)
[    1.470396] smpboot: CPU0: AMD QEMU Virtual CPU version 2.5+ (family: 0xf, model: 0x6b, stepping: 0x1)
[    1.471816] Performance Events: PMU not available due to virtualization, using software events only.
[    1.476429] signal: max sigframe size: 1440
[    1.477495] rcu: Hierarchical SRCU implementation.
[    1.478402] rcu: 	Max phase no-delay instances is 400.
[    1.480479] Timer migration: 1 hierarchy levels; 8 children per group; 1 crossnode level
[    1.482086] smp: Bringing up secondary CPUs ...
[    1.482795] smpboot: x86: Booting SMP configuration:
[    1.483403] .... node  #0, CPUs:      #1 #2 #3
[    1.518188] smp: Brought up 1 node, 4 CPUs
[    1.519403] smpboot: Total of 4 processors activated (19563.44 BogoMIPS)
[    1.532705] Memory: 1997804K/2096628K available (26624K kernel code, 2863K rwdata, 7444K rodata, 6512K init, 1848K bss, 93856K reserved, 0K cma-reserved)
[    1.540401] devtmpfs: initialized
[    1.545403] futex hash table entries: 1024 (order: 4, 65536 bytes, linear)
[    1.547399] PM: RTC time: 05:27:51, date: 2026-10-02
[    1.550940] NET: Registered PF_NETLINK/PF_ROUTE protocol family
[    1.551920] audit: initializing netlink subsys (disabled)
[    1.553736] thermal_sys: Registered thermal governor 'step_wise'
[    1.553744] thermal_sys: Registered thermal governor 'user_space'
[    1.553401] audit: type=2000 audit(1790918870.329:1): state=initialized audit_enabled=0 res=1
[    1.583408] cpuidle: using governor menu
[    1.587407] PCI: ECAM [mem 0xb0000000-0xbfffffff] (base 0xb0000000) for domain 0000 [bus 00-ff]
[    1.588409] PCI: ECAM [mem 0xb0000000-0xbfffffff] reserved as E820 entry
[    1.589461] PCI: Using configuration type 1 for base access
[    1.594698] kprobes: kprobe jump-optimization is enabled. All kprobes are optimized if possible.
[    1.603664] HugeTLB: registered 2.00 MiB page size, pre-allocated 0 pages
[    1.614403] HugeTLB: 28 KiB vmemmap can be freed for a 2.00 MiB page
[    1.629542] ACPI: Added _OSI(Module Device)
[    1.637403] ACPI: Added _OSI(Processor Device)
[    1.648402] ACPI: Added _OSI(Processor Aggregator Device)
[    1.671716] ACPI: 1 ACPI AML tables successfully acquired and loaded
[    1.696459] ACPI: Interpreter enabled
[    1.697462] ACPI: PM: (supports S0 S3 S4 S5)
[    1.698403] ACPI: Using IOAPIC for interrupt routing
[    1.700417] PCI: Using host bridge windows from ACPI; if necessary, use "pci=nocrs" and report a bug
[    1.701402] PCI: Using E820 reservations for host bridge windows
[    1.703989] ACPI: Enabled 2 GPEs in block 00 to 3F
[    1.720443] ACPI: PCI Root Bridge [PCI0] (domain 0000 [bus 00-ff])
[    1.721416] acpi PNP0A08:00: _OSC: OS supports [ExtendedConfig ASPM ClockPM Segments MSI HPX-Type3]
[    1.723522] acpi PNP0A08:00: _OSC: platform does not support [LTR]
[    1.724695] acpi PNP0A08:00: _OSC: OS now controls [PME PCIeCapability]
[    1.725620] PCI host bridge to bus 0000:00
[    1.726414] pci_bus 0000:00: root bus resource [io  0x0000-0x0cf7 window]
[    1.727405] pci_bus 0000:00: root bus resource [io  0x0d00-0xffff window]
[    1.728404] pci_bus 0000:00: root bus resource [mem 0x000a0000-0x000bffff window]
[    1.730404] pci_bus 0000:00: root bus resource [mem 0x80000000-0xafffffff window]
[    1.731426] pci_bus 0000:00: root bus resource [mem 0xc0000000-0xfebfffff window]
[    1.732405] pci_bus 0000:00: root bus resource [mem 0x100000000-0x8ffffffff window]
[    1.733407] pci_bus 0000:00: root bus resource [bus 00-ff]
[    1.734575] pci 0000:00:00.0: [8086:29c0] type 00 class 0x060000 conventional PCI endpoint
[    1.738700] pci 0000:00:01.0: [1234:1111] type 00 class 0x030000 conventional PCI endpoint
[    1.743440] pci 0000:00:01.0: BAR 0 [mem 0xfd000000-0xfdffffff pref]
[    1.748432] pci 0000:00:01.0: BAR 2 [mem 0xfebd4000-0xfebd4fff]
[    1.757482] pci 0000:00:01.0: ROM [mem 0xfebc0000-0xfebcffff pref]
[    1.758618] pci 0000:00:01.0: Video device with shadowed ROM at [mem 0x000c0000-0x000dffff]
[    1.761090] pci 0000:00:02.0: [8086:10d3] type 00 class 0x020000 PCIe Root Complex Integrated Endpoint
[    1.764403] pci 0000:00:02.0: BAR 0 [mem 0xfeb80000-0xfeb9ffff]
[    1.768402] pci 0000:00:02.0: BAR 1 [mem 0xfeba0000-0xfebbffff]
[    1.771402] pci 0000:00:02.0: BAR 2 [io  0xc040-0xc05f]
[    1.774402] pci 0000:00:02.0: BAR 3 [mem 0xfebd0000-0xfebd3fff]
[    1.781062] pci 0000:00:02.0: ROM [mem 0xfeb00000-0xfeb7ffff pref]
[    1.787084] pci 0000:00:1f.0: [8086:2918] type 00 class 0x060100 conventional PCI endpoint
[    1.789973] pci 0000:00:1f.0: quirk: [io  0x0600-0x067f] claimed by ICH6 ACPI/GPIO/TCO
[    1.792455] pci 0000:00:1f.2: [8086:2922] type 00 class 0x010601 conventional PCI endpoint
[    1.802403] pci 0000:00:1f.2: BAR 4 [io  0xc060-0xc07f]
[    1.804403] pci 0000:00:1f.2: BAR 5 [mem 0xfebd5000-0xfebd5fff]
[    1.808210] pci 0000:00:1f.3: [8086:2930] type 00 class 0x0c0500 conventional PCI endpoint
[    1.813859] pci 0000:00:1f.3: BAR 4 [io  0x0700-0x073f]
[    1.821763] ACPI: PCI: Interrupt link LNKA configured for IRQ 10
[    1.822759] ACPI: PCI: Interrupt link LNKB configured for IRQ 10
[    1.825487] ACPI: PCI: Interrupt link LNKC configured for IRQ 11
[    1.826773] ACPI: PCI: Interrupt link LNKD configured for IRQ 11
[    1.828516] ACPI: PCI: Interrupt link LNKE configured for IRQ 10
[    1.829779] ACPI: PCI: Interrupt link LNKF configured for IRQ 10
[    1.830708] ACPI: PCI: Interrupt link LNKG configured for IRQ 11
[    1.831770] ACPI: PCI: Interrupt link LNKH configured for IRQ 11
[    1.832539] ACPI: PCI: Interrupt link GSIA configured for IRQ 16
[    1.833444] ACPI: PCI: Interrupt link GSIB configured for IRQ 17
[    1.834455] ACPI: PCI: Interrupt link GSIC configured for IRQ 18
[    1.835456] ACPI: PCI: Interrupt link GSID configured for IRQ 19
[    1.836448] ACPI: PCI: Interrupt link GSIE configured for IRQ 20
[    1.837450] ACPI: PCI: Interrupt link GSIF configured for IRQ 21
[    1.838447] ACPI: PCI: Interrupt link GSIG configured for IRQ 22
[    1.839448] ACPI: PCI: Interrupt link GSIH configured for IRQ 23
[    1.842303] iommu: Default domain type: Translated
[    1.842401] iommu: DMA domain TLB invalidation policy: lazy mode
[    1.843549] SCSI subsystem initialized
[    1.845585] ACPI: bus type USB registered
[    1.846489] usbcore: registered new interface driver usbfs
[    1.847429] usbcore: registered new interface driver hub
[    1.848429] usbcore: registered new device driver usb
[    1.849452] pps_core: LinuxPPS API ver. 1 registered
[    1.850401] pps_core: Software ver. 5.3.6 - Copyright 2005-2007 Rodolfo Giometti <giometti@linux.it>
[    1.851418] PTP clock support registered
[    1.855510] Advanced Linux Sound Architecture Driver Initialized.
[    1.860782] NetLabel: Initializing
[    1.866402] NetLabel:  domain hash size = 128
[    1.872401] NetLabel:  protocols = UNLABELED CIPSOv4 CALIPSO
[    1.885457] NetLabel:  unlabeled traffic allowed by default
[    1.895465] PCI: Using ACPI for IRQ routing
[    2.287470] pci 0000:00:01.0: vgaarb: setting as boot VGA device
[    2.288396] pci 0000:00:01.0: vgaarb: bridge control possible
[    2.288396] pci 0000:00:01.0: vgaarb: VGA device added: decodes=io+mem,owns=io+mem,locks=none
[    2.322413] vgaarb: loaded
[    2.326582] hpet: 3 channels of 0 reserved for per-cpu timers
[    2.337436] hpet0: at MMIO 0xfed00000, IRQs 2, 8, 0
[    2.339401] hpet0: 3 comparators, 64-bit 100.000000 MHz counter
[    2.362449] clocksource: Switched to clocksource kvm-clock
[    5.017910] VFS: Disk quotas dquot_6.6.0
[    5.024759] VFS: Dquot-cache hash table entries: 512 (order 0, 4096 bytes)
[    5.038257] pnp: PnP ACPI init
[    5.044672] system 00:05: [mem 0xb0000000-0xbfffffff window] has been reserved
[    5.061508] pnp: PnP ACPI: found 6 devices
[    5.109976] clocksource: acpi_pm: mask: 0xffffff max_cycles: 0xffffff, max_idle_ns: 2085701024 ns
[    5.120976] NET: Registered PF_INET protocol family
[    5.126565] IP idents hash table entries: 32768 (order: 6, 262144 bytes, linear)
[    5.136596] tcp_listen_portaddr_hash hash table entries: 1024 (order: 2, 16384 bytes, linear)
[    5.150962] Table-perturb hash table entries: 65536 (order: 6, 262144 bytes, linear)
[    5.163455] TCP established hash table entries: 16384 (order: 5, 131072 bytes, linear)
[    5.174274] TCP bind hash table entries: 16384 (order: 7, 524288 bytes, linear)
[    5.184003] TCP: Hash tables configured (established 16384 bind 16384)
[    5.192529] UDP hash table entries: 1024 (order: 3, 32768 bytes, linear)
[    5.201299] UDP-Lite hash table entries: 1024 (order: 3, 32768 bytes, linear)
[    5.211869] NET: Registered PF_UNIX/PF_LOCAL protocol family
[    5.225584] RPC: Registered named UNIX socket transport module.
[    5.236777] RPC: Registered udp transport module.
[    5.246242] RPC: Registered tcp transport module.
[    5.258005] RPC: Registered tcp-with-tls transport module.
[    5.266932] RPC: Registered tcp NFSv4.1 backchannel transport module.
[    5.283615] pci_bus 0000:00: resource 4 [io  0x0000-0x0cf7 window]
[    5.295960] pci_bus 0000:00: resource 5 [io  0x0d00-0xffff window]
[    5.309809] pci_bus 0000:00: resource 6 [mem 0x000a0000-0x000bffff window]
[    5.326412] pci_bus 0000:00: resource 7 [mem 0x80000000-0xafffffff window]
[    5.343510] pci_bus 0000:00: resource 8 [mem 0xc0000000-0xfebfffff window]
[    5.357157] pci_bus 0000:00: resource 9 [mem 0x100000000-0x8ffffffff window]
[    5.370110] PCI: CLS 0 bytes, default 64
[    5.378129] clocksource: tsc: mask: 0xffffffffffffffff max_cycles: 0x233fdbaba77, max_idle_ns: 440795254155 ns
[    5.379480] Unpacking initramfs...
[    5.429532] Initialise system trusted keyrings
[    5.443534] workingset: timestamp_bits=56 max_order=19 bucket_order=0
[    5.458513] NFS: Registering the id_resolver key type
[    5.468872] Key type id_resolver registered
[    5.482177] Key type id_legacy registered
[    5.490753] 9p: Installing v9fs 9p2000 file system support
[    5.562348] Key type asymmetric registered
[    5.571954] Asymmetric key parser 'x509' registered
[    5.580845] Block layer SCSI generic (bsg) driver version 0.4 loaded (major 251)
[    5.591033] io scheduler mq-deadline registered
[    5.597422] io scheduler kyber registered
[    5.610940] input: Power Button as /devices/LNXSYSTM:00/LNXPWRBN:00/input/input0
[    5.623595] ACPI: button: Power Button [PWRF]
[    5.644076] Serial: 8250/16550 driver, 4 ports, IRQ sharing enabled
[    5.654994] 00:03: ttyS0 at I/O 0x3f8 (irq = 4, base_baud = 115200) is a 16550A
[    5.672343] Non-volatile memory driver v1.3
[    5.675243] Linux agpgart interface v0.103
[    5.684916] ACPI: bus type drm_connector registered
[    5.711698] loop: module loaded
[    5.717954] ACPI: \_SB_.GSIA: Enabled at IRQ 16
[    5.729746] ahci 0000:00:1f.2: AHCI vers 0001.0000, 32 command slots, 1.5 Gbps, SATA mode
[    5.740776] ahci 0000:00:1f.2: 6/6 ports implemented (port mask 0x3f)
[    5.753758] ahci 0000:00:1f.2: flags: 64bit ncq only 
[    5.778001] scsi host0: ahci
[    5.786509] scsi host1: ahci
[    5.794514] scsi host2: ahci
[    5.802511] scsi host3: ahci
[    5.807845] scsi host4: ahci
[    5.817414] scsi host5: ahci
[    5.831694] ata1: SATA max UDMA/133 abar m4096@0xfebd5000 port 0xfebd5100 irq 24 lpm-pol 1
[    5.844276] ata2: SATA max UDMA/133 abar m4096@0xfebd5000 port 0xfebd5180 irq 24 lpm-pol 1
[    5.852920] ata3: SATA max UDMA/133 abar m4096@0xfebd5000 port 0xfebd5200 irq 24 lpm-pol 1
[    5.866657] ata4: SATA max UDMA/133 abar m4096@0xfebd5000 port 0xfebd5280 irq 24 lpm-pol 1
[    5.878319] ata5: SATA max UDMA/133 abar m4096@0xfebd5000 port 0xfebd5300 irq 24 lpm-pol 1
[    5.893739] ata6: SATA max UDMA/133 abar m4096@0xfebd5000 port 0xfebd5380 irq 24 lpm-pol 1
[    5.913635] e100: Intel(R) PRO/100 Network Driver
[    5.929117] e100: Copyright(c) 1999-2006 Intel Corporation
[    5.944651] e1000: Intel(R) PRO/1000 Network Driver
[    5.955872] e1000: Copyright (c) 1999-2006 Intel Corporation.
[    5.972286] e1000e: Intel(R) PRO/1000 Network Driver
[    5.984036] e1000e: Copyright(c) 1999 - 2015 Intel Corporation.
[    5.995252] ACPI: \_SB_.GSIG: Enabled at IRQ 22
[    6.007701] e1000e 0000:00:02.0: Interrupt Throttling Rate (ints/sec) set to dynamic conservative mode
[    6.041972] Freeing initrd memory: 3132K
[    6.081094] e1000e 0000:00:02.0 0000:00:02.0 (uninitialized): registered PHC clock
[    6.160838] e1000e 0000:00:02.0 eth0: (PCI Express:2.5GT/s:Width x1) 52:54:00:12:34:56
[    6.176912] e1000e 0000:00:02.0 eth0: Intel(R) PRO/1000 Network Connection
[    6.193723] e1000e 0000:00:02.0 eth0: MAC: 3, PHY: 8, PBA No: 000000-000
[    6.205666] sky2: driver version 1.30
[    6.215307] usbcore: registered new interface driver usblp
[    6.229344] usbcore: registered new interface driver usb-storage
[    6.245670] i8042: PNP: PS/2 Controller [PNP0303:KBD,PNP0f13:MOU] at 0x60,0x64 irq 1,12
[    6.279446] serio: i8042 KBD port at 0x60,0x64 irq 1
[    6.289428] serio: i8042 AUX port at 0x60,0x64 irq 12
[    6.299891] rtc_cmos 00:04: RTC can wake from S4
[    6.299915] ata1: SATA link down (SStatus 0 SControl 300)
[    6.316177] ata5: SATA link down (SStatus 0 SControl 300)
[    6.319222] rtc_cmos 00:04: registered as rtc0
[    6.328980] ata4: SATA link down (SStatus 0 SControl 300)
[    6.344482] rtc_cmos 00:04: alarms up to one day, y3k, 242 bytes nvram, hpet irqs
[    6.346429] ata6: SATA link down (SStatus 0 SControl 300)
[    6.367198] i801_smbus 0000:00:1f.3: SMBus using PCI interrupt
[    6.367457] i2c i2c-0: Memory type 0x07 not supported yet, not instantiating SPD
[    6.375462] device-mapper: ioctl: 4.48.0-ioctl (2023-03-01) initialised: dm-devel@lists.linux.dev
[    6.396173] input: AT Translated Set 2 keyboard as /devices/platform/i8042/serio0/input/input1
[    6.396247] amd_pstate: the _CPC object is not present in SBIOS or ACPI disabled
[    6.399751] ata3: SATA link up 1.5 Gbps (SStatus 113 SControl 300)
[    6.400277] ata2: SATA link down (SStatus 0 SControl 300)
[    6.416884] ata3.00: LPM support broken, forcing max_power
[    6.434501] hid: raw HID events driver (C) Jiri Kosina
[    6.436476] usbcore: registered new interface driver usbhid
[    6.446769] ata3.00: ATAPI: QEMU DVD-ROM, 2.5+, max UDMA/100
[    6.446797] ata3.00: applying bridge limits
[    6.460436] ata3.00: LPM support broken, forcing max_power
[    6.470578] usbhid: USB HID core driver
[    6.472589] Initializing XFRM netlink socket
[    6.482808] ata3.00: configured for UDMA/100
[    6.501331] scsi 2:0:0:0: CD-ROM            QEMU     QEMU DVD-ROM     2.5+ PQ: 0 ANSI: 5
[    6.508901] NET: Registered PF_INET6 protocol family
[    6.578661] Segment Routing with IPv6
[    6.589675] In-situ OAM (IOAM) with IPv6
[    6.598970] sit: IPv6, IPv4 and MPLS over IPv4 tunneling driver
[    6.621448] NET: Registered PF_PACKET protocol family
[    6.637798] 9pnet: Installing 9P2000 support
[    6.649604] Key type dns_resolver registered
[    6.661460] IPI shorthand broadcast: enabled
[    6.700579] sr 2:0:0:0: [sr0] scsi3-mmc drive: 4x/4x cd/rw xa/form2 tray
[    6.713262] sched_clock: Marking stable (5600032800, 1112760114)->(8027452567, -1314659653)
[    6.735447] registered taskstats version 1
[    6.743827] Loading compiled-in X.509 certificates
[    6.771311] cdrom: Uniform CD-ROM driver Revision: 3.20
[    6.772445] Demotion targets for Node 0: null
[    6.794439] PM:   Magic number: 14:627:465
[    6.801511] printk: legacy console [netcon0] enabled
[    6.809459] netconsole: network logging started
[    6.816289] cfg80211: Loading compiled-in X.509 certificates for regulatory database
[    6.830640] kworker/u16:2 (89) used greatest stack depth: 14936 bytes left
[    6.841268] Loaded X.509 cert 'sforshee: 00b28ddf47aef9cea7'
[    6.855469] kworker/u16:2 (90) used greatest stack depth: 14344 bytes left
[    6.861197] Loaded X.509 cert 'wens: 61c038651aabdcf94bd0ac7ff06c7248db18c600'
[    6.878181] sr 2:0:0:0: Attached scsi generic sg0 type 5
[    6.887238] platform regulatory.0: Direct firmware load for regulatory.db failed with error -2
[    6.892927] ALSA device list:
[    6.892933]   No soundcards found.
[    6.930820] cfg80211: failed to load regulatory.db
[    6.947253] Freeing unused kernel image (initmem) memory: 6512K
[    6.956634] Write protecting the kernel read-only data: 34816k
[    6.971522] Freeing unused kernel image (rodata/data gap) memory: 748K
[    7.018945] input: ImExPS/2 Generic Explorer Mouse as /devices/platform/i8042/serio1/input/input3
[    7.381506] x86/mm: Checked W+X mappings: passed, no W+X pages found.
[    7.395427] Run /init as init process
[    7.409548] mount (95) used greatest stack depth: 13528 bytes left
[    7.436060] mount (96) used greatest stack depth: 13368 bytes left
BOOTMARK userspace-up
Linux (none) 6.12.111 #2 SMP PREEMPT_DYNAMIC Fri Oct  2 00:15:33 UTC 2026 x86_64 GNU/Linux
BOOTMARK insmod-start
[    7.669944] mali mali.0: Kernel DDK version r54p0-01eac0
[    7.677061] mali mali.0: Using Dummy Model
[    7.684206] mali mali.0: GPU metrics tracepoint support enabled
[    7.695453] mali mali.0: Register LUT 000e0800 initialized for GPU arch 0x000e0805
[    7.706910] mali mali.0: GPU identified as 0x0 arch 14.8.5 r0p0 status 0
[    7.716045] mali mali.0: _find_key: OPP table not found (-19)
[    7.727052] mali mali.0: No OPPs found in device tree! Scaling timeouts using 100000 kHz
[    7.745988] mali mali.0: Large page allocation set to true after hardware feature check
[    7.761484] Dummy model register access: Reading unsupported register 0xf10. Returning 0
[    7.770710] Dummy model register access: Writing unsupported register 0xf10 value 0x0
[    7.782307] Dummy model register access: Writing unsupported register 0x88 value 0x0
[    7.794029] Dummy model register access: Writing unsupported register 0x8c value 0x0
[    7.805449] Dummy model register access: Writing unsupported register 0x88 value 0x634e13
[    7.816295] Dummy model register access: Writing unsupported register 0x8c value 0x0
[    7.828072] Dummy model register access: Writing unsupported register 0x41030 value 0x0
[    7.839089] Dummy model register access: Writing unsupported register 0x41034 value 0x0
[    7.850761] mali mali.0: Clock not available for devfreq
[    7.857620] mali mali.0: Continuing without devfreq
[    7.865120] mali mali.0: * MALI kbase_mmap_min_addr compiled to CONFIG_LSM_MMAP_MIN_ADDR, no runtime update possible! *
[    7.881191] mali mali.0: Probed as mali0
BOOTMARK insmod-rc 0
Module                  Size  Used by    Not tainted
mali_kbase           2252800  0 
BOOTMARK kcov-start
KCOV node present at /sys/kernel/debug/kcov
-rw-------    1 0        0                0 Oct  2 05:27 /sys/kernel/debug/kcov
BOOTMARK kprobe-armed
BOOTMARK probe-start
KCOV init-trace ok (area=1048576 words / 8192 KiB)
KCOV enable ok (collecting)
PROBE build              kbase-probe, EL0 ioctl exerciser
PROBE device             /dev/mali0
PROBE version_check       negotiated major=1 minor=36 (proposed 1.36)
PROBE gpuprops_size       773 bytes
PROBE gpuprops product_id=0x0006 version_status=0xe850 major=9 minor=0
PROBE gpuprops gpu_freq_khz_max=851968 log2_pc_size=0 num_exec_engines=15 log2_l2_line_size=255
PROBE gpuprops raw gpu_id=0x0000000000000100
PROBE mem_alloc           gpu_va=0x41000 out_flags=0x200f (SAME_VA cookie)
PROBE mmap                bound cookie 0x41000 -> cpu=gpu=0x7fab3e10b000
PROBE mem_query           commit_size=0 bytes
PROBE summary             passed=0x1ff failed=0x000
KCOV run: inline kbase_probe_run() returned 511
KCOV disable ok (counters frozen before counting)
KCOV records=595790 distinct_pcs=5610
KCOV pc_range=0xffffffff81056eea-0xffffffff81104009
KCOV slide=0x10200000 mali_text_raw=0xffffffffc02e0000-0xffffffffc0506da8 canonical=0xffffffffb00e0000-0xffffffffb0306da8
KCOV module_pcs=0 (VMLINUX ONLY -- module not traced)
KCOV buckets vmlinux=5610 module(canonical)=0 other=0
KCOV kallsyms cov_pc=0xffffffff91441ba0
KCOV procmodules mali_kbase base=0xffffffffc02e0000 size=2252800
KCOV init-trace ok (area=1048576 words / 8192 KiB)
KCOV enable ok (collecting)
KCOV run: inline read /dev/mali0 -> -1
KCOV disable ok (counters frozen before counting)
KCOV records=2654 distinct_pcs=1056
KCOV pc_range=0xffffffff8106094b-0xffffffff816de035
KCOV slide=0x10200000 mali_text_raw=0xffffffffc02e0000-0xffffffffc0506da8 canonical=0xffffffffb00e0000-0xffffffffb0306da8
KCOV module_pcs=0 (VMLINUX ONLY -- module not traced)
KCOV buckets vmlinux=1056 module(canonical)=0 other=0
KCOV kallsyms cov_pc=0xffffffff91441ba0
KCOV procmodules mali_kbase base=0xffffffffc02e0000 size=2252800
BOOTMARK kcov-inline-read-rc 0
KCOV init-trace ok (area=1048576 words / 8192 KiB)
KCOV enable ok (collecting)
KCOV run: inline read /dev/mali0 -> -1
KCOV window records=1964 in_mali_window=22 in_vmlinux_window=1942 other=0 (mali_text=0xffffffffc02e0000-0xffffffffc0506da8 cov_pc=0xffffffff91441ba0)
KCOV disable ok (counters frozen before counting)
KCOV records=1048575 distinct_pcs=1458 TRUNCATED(area full)
KCOV pc_range=0xffffffff8106094b-0xffffffff811fcf93
KCOV slide=0x10200000 mali_text_raw=0xffffffffc02e0000-0xffffffffc0506da8 canonical=0xffffffffb00e0000-0xffffffffb0306da8
KCOV module_pcs=0 (VMLINUX ONLY -- module not traced)
KCOV buckets vmlinux=1458 module(canonical)=0 other=0
KCOV kallsyms cov_pc=0xffffffff91441ba0
KCOV procmodules mali_kbase base=0xffffffffc02e0000 size=2252800
KPROBE hits: open=3 read=2 ioctl=6
BOOTMARK kcov-ctl-rc 255
BOOTMARK probe-rc 0
BOOTMARK kcov-end
BOOTMARK negargs-start
NEGARGS context created (SET_FLAGS handshake)
NEGARGS MEM_ALLOC va_pages=2^40      rc=-12  verdict=REJECTED
NEGARGS MEM_ALLOC_EX padding!=0      rc=-22  verdict=REJECTED
NEGARGS MEM_ALLOC zero flags         rc=-12  verdict=REJECTED
NEGARGS MEM_FREE gpu_addr=0          rc=-22  verdict=REJECTED
NEGARGS MEM_FREE unaligned va        rc=-22  verdict=REJECTED
NEGARGS MEM_QUERY unmapped va        rc=-22  verdict=REJECTED
NEGARGS MEM_FLAGS_CHANGE ghost va    rc=-22  verdict=REJECTED
NEGARGS MEM_ALIAS stride=0           rc=-14  verdict=REJECTED
NEGARGS MEM_COMMIT unmapped va       rc=-22  verdict=REJECTED
NEGARGS TILER_HEAP_INIT chunk_size=0 rc=-22  verdict=REJECTED
NEGARGS TILER_HEAP_INIT initial>max  rc=-22  verdict=REJECTED
NEGARGS TILER_HEAP_INIT group_id OOB rc=-22  verdict=REJECTED
NEGARGS KCPU_ENQUEUE id=255 unborn queue rc=-22  verdict=REJECTED
NEGARGS KCPU_QUEUE_CREATE control    rc=0      verdict=ACCEPTED
NEGARGS KCPU_ENQUEUE nr_commands=2   rc=-22  verdict=REJECTED
NEGARGS KCPU_QUEUE_DELETE control    rc=0      verdict=ACCEPTED
NEGARGS CS_QUEUE_GROUP_CREATE prio=0xff rc=-22  verdict=REJECTED
NEGARGS pre-SET_FLAGS MEM_ALLOC      rc=-1   verdict=REJECTED
NEGARGS unknown nr 0x7f              rc=-25  verdict=REJECTED
NEGARGS summary ran=19 rejected=17 expected-ok=2 unexpected=0
BOOTMARK negargs-rc 0
BOOTMARK negargs-end
BOOTMARK dmesg-start
[    7.669944] mali mali.0: Kernel DDK version r54p0-01eac0
[    7.677061] mali mali.0: Using Dummy Model
[    7.684206] mali mali.0: GPU metrics tracepoint support enabled
[    7.695453] mali mali.0: Register LUT 000e0800 initialized for GPU arch 0x000e0805
[    7.706910] mali mali.0: GPU identified as 0x0 arch 14.8.5 r0p0 status 0
[    7.716045] mali mali.0: _find_key: OPP table not found (-19)
[    7.727052] mali mali.0: No OPPs found in device tree! Scaling timeouts using 100000 kHz
[    7.745988] mali mali.0: Large page allocation set to true after hardware feature check
[    7.850761] mali mali.0: Clock not available for devfreq
[    7.857620] mali mali.0: Continuing without devfreq
[    7.865120] mali mali.0: * MALI kbase_mmap_min_addr compiled to CONFIG_LSM_MMAP_MIN_ADDR, no runtime update possible! *
[    7.881191] mali mali.0: Probed as mali0
[   16.006726] mali mali.0: GPU allocation attempted with va_pages==1099511627776 larger than KBASE_MEM_ALLOC_MAX_SIZE!
[   16.021608] mali mali.0: kbase_mem_alloc called with bad flags (2000)
[   16.032128] mali mali.0: gpu_addr 0 is reserved for the ringbuffer and it's an error to try to free it using kbase_mem_free
[   16.042144] mali mali.0: kbase_mem_free: gpu_addr parameter is invalid
[   16.176422] mali mali.0: Unknown ioctl 0x4b7f nr:127
BOOTMARK dmesg-end
BOOTMARK poweroff
[   16.433305] e1000e: EEE TX LPI TIMER: 00000000
[   16.446197] ACPI: PM: Preparing to enter system sleep state S5
[   16.455596] reboot: Power down
