c[?7l[2J[0mSeaBIOS (version 1.16.3-debian-1.16.3-2)


iPXE (https://ipxe.org) 00:02.0 CA00 PCI2.10 PnP PMM+7EFCAB60+7EF0AB60 CA00
Press Ctrl-B to configure iPXE (PCI 00:02.0)...                                                                               


Booting from ROM...
c[?7l[2J[    0.000000] Linux version 6.12.111 (codespace@codespaces-5d341e) (gcc (Ubuntu 13.3.0-6ubuntu2~24.04.1) 13.3.0, GNU ld (GNU Binutils for Ubuntu) 2.42) #1 SMP PREEMPT_DYNAMIC Thu Oct  1 09:17:31 UTC 2026
[    0.000000] Command line: console=ttyS0 panic=-1 rdinit=/init loglevel=7
[    0.000000] BIOS-provided physical RAM map:
[    0.000000] BIOS-e820: [mem 0x0000000000000000-0x000000000009fbff] usable
[    0.000000] BIOS-e820: [mem 0x000000000009fc00-0x000000000009ffff] reserved
[    0.000000] BIOS-e820: [mem 0x00000000000f0000-0x00000000000fffff] reserved
[    0.000000] BIOS-e820: [mem 0x0000000000100000-0x000000007ffdefff] usable
[    0.000000] BIOS-e820: [mem 0x000000007ffdf000-0x000000007fffffff] reserved
[    0.000000] BIOS-e820: [mem 0x00000000b0000000-0x00000000bfffffff] reserved
[    0.000000] BIOS-e820: [mem 0x00000000fed1c000-0x00000000fed1ffff] reserved
[    0.000000] BIOS-e820: [mem 0x00000000feffc000-0x00000000feffffff] reserved
[    0.000000] BIOS-e820: [mem 0x00000000fffc0000-0x00000000ffffffff] reserved
[    0.000000] BIOS-e820: [mem 0x000000fd00000000-0x000000ffffffffff] reserved
[    0.000000] NX (Execute Disable) protection: active
[    0.000000] APIC: Static calls initialized
[    0.000000] SMBIOS 3.0.0 present.
[    0.000000] DMI: QEMU Standard PC (Q35 + ICH9, 2009), BIOS 1.16.3-debian-1.16.3-2 04/01/2014
[    0.000000] DMI: Memory slots populated: 1/1
[    0.000000] Hypervisor detected: KVM
[    0.000000] last_pfn = 0x7ffdf max_arch_pfn = 0x400000000
[    0.000000] kvm-clock: Using msrs 4b564d01 and 4b564d00
[    0.000001] kvm-clock: using sched offset of 385057323 cycles
[    0.000004] clocksource: kvm-clock: mask: 0xffffffffffffffff max_cycles: 0x1cd42e4dffb, max_idle_ns: 881590591483 ns
[    0.000009] tsc: Detected 2445.428 MHz processor
[    0.004398] last_pfn = 0x7ffdf max_arch_pfn = 0x400000000
[    0.004570] MTRR map: 4 entries (3 fixed + 1 variable; max 19), built from 8 variable MTRRs
[    0.004581] x86/PAT: Configuration [0-7]: WB  WC  UC- UC  WB  WP  UC- WT  
[    0.007316] found SMP MP-table at [mem 0x000f5480-0x000f548f]
[    0.008736] RAMDISK: [mem 0x7fd38000-0x7ffcffff]
[    0.008757] ACPI: Early table checksum verification disabled
[    0.008778] ACPI: RSDP 0x00000000000F52C0 000014 (v00 BOCHS )
[    0.008794] ACPI: RSDT 0x000000007FFE2425 000038 (v01 BOCHS  BXPC     00000001 BXPC 00000001)
[    0.008807] ACPI: FACP 0x000000007FFE2205 0000F4 (v03 BOCHS  BXPC     00000001 BXPC 00000001)
[    0.008844] ACPI: DSDT 0x000000007FFE0040 0021C5 (v01 BOCHS  BXPC     00000001 BXPC 00000001)
[    0.008853] ACPI: FACS 0x000000007FFE0000 000040
[    0.008860] ACPI: APIC 0x000000007FFE22F9 000090 (v03 BOCHS  BXPC     00000001 BXPC 00000001)
[    0.008868] ACPI: HPET 0x000000007FFE2389 000038 (v01 BOCHS  BXPC     00000001 BXPC 00000001)
[    0.008877] ACPI: MCFG 0x000000007FFE23C1 00003C (v01 BOCHS  BXPC     00000001 BXPC 00000001)
[    0.008885] ACPI: WAET 0x000000007FFE23FD 000028 (v01 BOCHS  BXPC     00000001 BXPC 00000001)
[    0.008893] ACPI: Reserving FACP table memory at [mem 0x7ffe2205-0x7ffe22f8]
[    0.008896] ACPI: Reserving DSDT table memory at [mem 0x7ffe0040-0x7ffe2204]
[    0.008899] ACPI: Reserving FACS table memory at [mem 0x7ffe0000-0x7ffe003f]
[    0.008902] ACPI: Reserving APIC table memory at [mem 0x7ffe22f9-0x7ffe2388]
[    0.008905] ACPI: Reserving HPET table memory at [mem 0x7ffe2389-0x7ffe23c0]
[    0.008908] ACPI: Reserving MCFG table memory at [mem 0x7ffe23c1-0x7ffe23fc]
[    0.008911] ACPI: Reserving WAET table memory at [mem 0x7ffe23fd-0x7ffe2424]
[    0.009903] No NUMA configuration found
[    0.009906] Faking a node at [mem 0x0000000000000000-0x000000007ffdefff]
[    0.009915] NODE_DATA(0) allocated [mem 0x7ffdb940-0x7ffdefff]
[    0.009938] Zone ranges:
[    0.009940]   DMA      [mem 0x0000000000001000-0x0000000000ffffff]
[    0.009944]   DMA32    [mem 0x0000000001000000-0x000000007ffdefff]
[    0.009948]   Normal   empty
[    0.009950] Movable zone start for each node
[    0.009951] Early memory node ranges
[    0.009952]   node   0: [mem 0x0000000000001000-0x000000000009efff]
[    0.009956]   node   0: [mem 0x0000000000100000-0x000000007ffdefff]
[    0.009960] Initmem setup node 0 [mem 0x0000000000001000-0x000000007ffdefff]
[    0.010152] On node 0, zone DMA: 1 pages in unavailable ranges
[    0.010227] On node 0, zone DMA: 97 pages in unavailable ranges
[    0.022275] On node 0, zone DMA32: 33 pages in unavailable ranges
[    0.023219] ACPI: PM-Timer IO Port: 0x608
[    0.023239] ACPI: LAPIC_NMI (acpi_id[0xff] dfl dfl lint[0x1])
[    0.023324] IOAPIC[0]: apic_id 0, version 17, address 0xfec00000, GSI 0-23
[    0.023330] ACPI: INT_SRC_OVR (bus 0 bus_irq 0 global_irq 2 dfl dfl)
[    0.023335] ACPI: INT_SRC_OVR (bus 0 bus_irq 5 global_irq 5 high level)
[    0.023339] ACPI: INT_SRC_OVR (bus 0 bus_irq 9 global_irq 9 high level)
[    0.023343] ACPI: INT_SRC_OVR (bus 0 bus_irq 10 global_irq 10 high level)
[    0.023347] ACPI: INT_SRC_OVR (bus 0 bus_irq 11 global_irq 11 high level)
[    0.023355] ACPI: Using ACPI (MADT) for SMP configuration information
[    0.023357] ACPI: HPET id: 0x8086a201 base: 0xfed00000
[    0.023370] CPU topo: Max. logical packages:   1
[    0.023372] CPU topo: Max. logical dies:       1
[    0.023373] CPU topo: Max. dies per package:   1
[    0.023380] CPU topo: Max. threads per core:   1
[    0.023382] CPU topo: Num. cores per package:     4
[    0.023384] CPU topo: Num. threads per package:   4
[    0.023386] CPU topo: Allowing 4 present CPUs plus 0 hotplug CPUs
[    0.023419] kvm-guest: APIC: eoi() replaced with kvm_guest_apic_eoi_write()
[    0.023466] PM: hibernation: Registered nosave memory: [mem 0x00000000-0x00000fff]
[    0.023471] PM: hibernation: Registered nosave memory: [mem 0x0009f000-0x000fffff]
[    0.023476] [mem 0xc0000000-0xfed1bfff] available for PCI devices
[    0.023479] Booting paravirtualized kernel on KVM
[    0.023482] clocksource: refined-jiffies: mask: 0xffffffff max_cycles: 0xffffffff, max_idle_ns: 1910969940391419 ns
[    0.029232] setup_percpu: NR_CPUS:64 nr_cpumask_bits:4 nr_cpu_ids:4 nr_node_ids:1
[    0.029516] percpu: Embedded 56 pages/cpu s192216 r8192 d28968 u524288
[    0.029607] Kernel command line: console=ttyS0 panic=-1 rdinit=/init loglevel=7
[    0.029929] Dentry cache hash table entries: 262144 (order: 9, 2097152 bytes, linear)
[    0.029986] Inode-cache hash table entries: 131072 (order: 8, 1048576 bytes, linear)
[    0.030081] Fallback order for Node 0: 0 
[    0.030086] Built 1 zonelists, mobility grouping on.  Total pages: 524157
[    0.030090] Policy zone: DMA32
[    0.030092] mem auto-init: stack:all(zero), heap alloc:off, heap free:off
[    0.032915] SLUB: HWalign=64, Order=0-3, MinObjects=0, CPUs=4, Nodes=1
[    0.034518] Dynamic Preempt: voluntary
[    0.034797] rcu: Preemptible hierarchical RCU implementation.
[    0.034799] rcu: 	RCU event tracing is enabled.
[    0.034800] rcu: 	RCU restricting CPUs from NR_CPUS=64 to nr_cpu_ids=4.
[    0.034804] 	Trampoline variant of Tasks RCU enabled.
[    0.034805] 	Tracing variant of Tasks RCU enabled.
[    0.034806] rcu: RCU calculated value of scheduler-enlistment delay is 100 jiffies.
[    0.034809] rcu: Adjusting geometry for rcu_fanout_leaf=16, nr_cpu_ids=4
[    0.034851] RCU Tasks: Setting shift to 2 and lim to 1 rcu_task_cb_adjust=1 rcu_task_cpu_ids=4.
[    0.034856] RCU Tasks Trace: Setting shift to 2 and lim to 1 rcu_task_cb_adjust=1 rcu_task_cpu_ids=4.
[    0.051030] NR_IRQS: 4352, nr_irqs: 456, preallocated irqs: 16
[    0.051446] rcu: srcu_init: Setting srcu_struct sizes based on contention.
[    0.051464] clocksource: jiffies: mask: 0xffffffff max_cycles: 0xffffffff, max_idle_ns: 1911260446275000 ns
[    0.065893] Console: colour VGA+ 80x25
[    0.065990] printk: legacy console [ttyS0] enabled
[    0.588785] ACPI: Core revision 20240827
[    0.592246] clocksource: hpet: mask: 0xffffffff max_cycles: 0xffffffff, max_idle_ns: 19112604467 ns
[    0.599527] APIC: Switch to symmetric I/O mode setup
[    0.607890] ..TIMER: vector=0x30 apic1=0 pin1=2 apic2=-1 pin2=-1
[    0.612278] clocksource: tsc-early: mask: 0xffffffffffffffff max_cycles: 0x233fd98c0cf, max_idle_ns: 440795209930 ns
[    0.620007] Calibrating delay loop (skipped) preset value.. 4890.85 BogoMIPS (lpj=2445428)
[    0.622564] Last level iTLB entries: 4KB 512, 2MB 255, 4MB 127
[    0.623003] Last level dTLB entries: 4KB 512, 2MB 255, 4MB 127, 1GB 0
[    0.625010] Spectre V1 : Mitigation: usercopy/swapgs barriers and __user pointer sanitization
[    0.626005] Spectre V2 : Mitigation: Retpolines
[    0.627003] Spectre V2 : Spectre v2 / SpectreRSB: Filling RSB on context switch and VMEXIT
[    0.628015] x86/fpu: x87 FPU will use FXSAVE
[    0.665093] Freeing SMP alternatives memory: 48K
[    0.666018] pid_max: default: 32768 minimum: 301
[    0.667028] LSM: initializing lsm=capability,selinux
[    0.668033] SELinux:  Initializing.
[    0.669230] Mount-cache hash table entries: 4096 (order: 3, 32768 bytes, linear)
[    0.670006] Mountpoint-cache hash table entries: 4096 (order: 3, 32768 bytes, linear)
[    0.774640] smpboot: CPU0: AMD QEMU Virtual CPU version 2.5+ (family: 0xf, model: 0x6b, stepping: 0x1)
[    0.775260] Performance Events: PMU not available due to virtualization, using software events only.
[    0.780028] signal: max sigframe size: 1440
[    0.781066] rcu: Hierarchical SRCU implementation.
[    0.782003] rcu: 	Max phase no-delay instances is 400.
[    0.783063] Timer migration: 1 hierarchy levels; 8 children per group; 1 crossnode level
[    0.784291] smp: Bringing up secondary CPUs ...
[    0.785182] smpboot: x86: Booting SMP configuration:
[    0.786005] .... node  #0, CPUs:      #1 #2 #3
[    0.796089] smp: Brought up 1 node, 4 CPUs
[    0.798002] smpboot: Total of 4 processors activated (19563.42 BogoMIPS)
[    0.801147] Memory: 2004420K/2096628K available (22528K kernel code, 2863K rwdata, 7100K rodata, 5388K init, 1244K bss, 87240K reserved, 0K cma-reserved)
[    0.802257] devtmpfs: initialized
[    0.804144] futex hash table entries: 1024 (order: 4, 65536 bytes, linear)
[    0.805305] PM: RTC time: 10:10:43, date: 2026-10-01
[    0.807349] NET: Registered PF_NETLINK/PF_ROUTE protocol family
[    0.808197] audit: initializing netlink subsys (disabled)
[    0.809094] audit: type=2000 audit(1790849442.741:1): state=initialized audit_enabled=0 res=1
[    0.810178] thermal_sys: Registered thermal governor 'step_wise'
[    0.811003] thermal_sys: Registered thermal governor 'user_space'
[    0.812045] cpuidle: using governor menu
[    0.814666] PCI: ECAM [mem 0xb0000000-0xbfffffff] (base 0xb0000000) for domain 0000 [bus 00-ff]
[    0.815010] PCI: ECAM [mem 0xb0000000-0xbfffffff] reserved as E820 entry
[    0.816029] PCI: Using configuration type 1 for base access
[    0.817140] kprobes: kprobe jump-optimization is enabled. All kprobes are optimized if possible.
[    0.819430] HugeTLB: registered 2.00 MiB page size, pre-allocated 0 pages
[    0.821000] HugeTLB: 28 KiB vmemmap can be freed for a 2.00 MiB page
[    0.823146] ACPI: Added _OSI(Module Device)
[    0.824005] ACPI: Added _OSI(Processor Device)
[    0.825006] ACPI: Added _OSI(Processor Aggregator Device)
[    0.828194] ACPI: 1 ACPI AML tables successfully acquired and loaded
[    0.832376] ACPI: Interpreter enabled
[    0.833043] ACPI: PM: (supports S0 S3 S4 S5)
[    0.834005] ACPI: Using IOAPIC for interrupt routing
[    0.835047] PCI: Using host bridge windows from ACPI; if necessary, use "pci=nocrs" and report a bug
[    0.836004] PCI: Using E820 reservations for host bridge windows
[    0.837235] ACPI: Enabled 2 GPEs in block 00 to 3F
[    0.842922] ACPI: PCI Root Bridge [PCI0] (domain 0000 [bus 00-ff])
[    0.843012] acpi PNP0A08:00: _OSC: OS supports [ExtendedConfig ASPM ClockPM Segments MSI HPX-Type3]
[    0.844162] acpi PNP0A08:00: _OSC: platform does not support [LTR]
[    0.846136] acpi PNP0A08:00: _OSC: OS now controls [PME PCIeCapability]
[    0.847215] PCI host bridge to bus 0000:00
[    0.848018] pci_bus 0000:00: root bus resource [io  0x0000-0x0cf7 window]
[    0.849005] pci_bus 0000:00: root bus resource [io  0x0d00-0xffff window]
[    0.850005] pci_bus 0000:00: root bus resource [mem 0x000a0000-0x000bffff window]
[    0.851004] pci_bus 0000:00: root bus resource [mem 0x80000000-0xafffffff window]
[    0.852005] pci_bus 0000:00: root bus resource [mem 0xc0000000-0xfebfffff window]
[    0.853005] pci_bus 0000:00: root bus resource [mem 0x100000000-0x8ffffffff window]
[    0.854006] pci_bus 0000:00: root bus resource [bus 00-ff]
[    0.855136] pci 0000:00:00.0: [8086:29c0] type 00 class 0x060000 conventional PCI endpoint
[    0.858304] pci 0000:00:01.0: [1234:1111] type 00 class 0x030000 conventional PCI endpoint
[    0.861021] pci 0000:00:01.0: BAR 0 [mem 0xfd000000-0xfdffffff pref]
[    0.865696] pci 0000:00:01.0: BAR 2 [mem 0xfebd4000-0xfebd4fff]
[    0.872573] pci 0000:00:01.0: ROM [mem 0xfebc0000-0xfebcffff pref]
[    0.873141] pci 0000:00:01.0: Video device with shadowed ROM at [mem 0x000c0000-0x000dffff]
[    0.874622] pci 0000:00:02.0: [8086:10d3] type 00 class 0x020000 PCIe Root Complex Integrated Endpoint
[    0.876821] pci 0000:00:02.0: BAR 0 [mem 0xfeb80000-0xfeb9ffff]
[    0.879002] pci 0000:00:02.0: BAR 1 [mem 0xfeba0000-0xfebbffff]
[    0.880808] pci 0000:00:02.0: BAR 2 [io  0xc040-0xc05f]
[    0.882405] pci 0000:00:02.0: BAR 3 [mem 0xfebd0000-0xfebd3fff]
[    0.886846] pci 0000:00:02.0: ROM [mem 0xfeb00000-0xfeb7ffff pref]
[    0.890452] pci 0000:00:1f.0: [8086:2918] type 00 class 0x060100 conventional PCI endpoint
[    0.893027] pci 0000:00:1f.0: quirk: [io  0x0600-0x067f] claimed by ICH6 ACPI/GPIO/TCO
[    0.894667] pci 0000:00:1f.2: [8086:2922] type 00 class 0x010601 conventional PCI endpoint
[    0.900003] pci 0000:00:1f.2: BAR 4 [io  0xc060-0xc07f]
[    0.902003] pci 0000:00:1f.2: BAR 5 [mem 0xfebd5000-0xfebd5fff]
[    0.904682] pci 0000:00:1f.3: [8086:2930] type 00 class 0x0c0500 conventional PCI endpoint
[    0.907319] pci 0000:00:1f.3: BAR 4 [io  0x0700-0x073f]
[    0.913172] ACPI: PCI: Interrupt link LNKA configured for IRQ 10
[    0.914197] ACPI: PCI: Interrupt link LNKB configured for IRQ 10
[    0.915193] ACPI: PCI: Interrupt link LNKC configured for IRQ 11
[    0.916196] ACPI: PCI: Interrupt link LNKD configured for IRQ 11
[    0.918049] ACPI: PCI: Interrupt link LNKE configured for IRQ 10
[    0.919202] ACPI: PCI: Interrupt link LNKF configured for IRQ 10
[    0.920196] ACPI: PCI: Interrupt link LNKG configured for IRQ 11
[    0.922154] ACPI: PCI: Interrupt link LNKH configured for IRQ 11
[    0.923096] ACPI: PCI: Interrupt link GSIA configured for IRQ 16
[    0.924029] ACPI: PCI: Interrupt link GSIB configured for IRQ 17
[    0.925029] ACPI: PCI: Interrupt link GSIC configured for IRQ 18
[    0.926031] ACPI: PCI: Interrupt link GSID configured for IRQ 19
[    0.927031] ACPI: PCI: Interrupt link GSIE configured for IRQ 20
[    0.928061] ACPI: PCI: Interrupt link GSIF configured for IRQ 21
[    0.929032] ACPI: PCI: Interrupt link GSIG configured for IRQ 22
[    0.930030] ACPI: PCI: Interrupt link GSIH configured for IRQ 23
[    0.932011] iommu: Default domain type: Translated
[    0.933003] iommu: DMA domain TLB invalidation policy: lazy mode
[    0.935032] SCSI subsystem initialized
[    0.936119] ACPI: bus type USB registered
[    0.937048] usbcore: registered new interface driver usbfs
[    0.938037] usbcore: registered new interface driver hub
[    0.939048] usbcore: registered new device driver usb
[    0.940054] pps_core: LinuxPPS API ver. 1 registered
[    0.941004] pps_core: Software ver. 5.3.6 - Copyright 2005-2007 Rodolfo Giometti <giometti@linux.it>
[    0.942020] PTP clock support registered
[    0.945097] Advanced Linux Sound Architecture Driver Initialized.
[    0.946572] NetLabel: Initializing
[    0.947003] NetLabel:  domain hash size = 128
[    0.948009] NetLabel:  protocols = UNLABELED CIPSOv4 CALIPSO
[    0.949048] NetLabel:  unlabeled traffic allowed by default
[    0.950118] PCI: Using ACPI for IRQ routing
[    1.133257] pci 0000:00:01.0: vgaarb: setting as boot VGA device
[    1.133999] pci 0000:00:01.0: vgaarb: bridge control possible
[    1.133999] pci 0000:00:01.0: vgaarb: VGA device added: decodes=io+mem,owns=io+mem,locks=none
[    1.134009] vgaarb: loaded
[    1.135101] hpet: 3 channels of 0 reserved for per-cpu timers
[    1.136028] hpet0: at MMIO 0xfed00000, IRQs 2, 8, 0
[    1.137004] hpet0: 3 comparators, 64-bit 100.000000 MHz counter
[    1.152288] clocksource: Switched to clocksource kvm-clock
[    1.568802] VFS: Disk quotas dquot_6.6.0
[    1.572055] VFS: Dquot-cache hash table entries: 512 (order 0, 4096 bytes)
[    1.577889] pnp: PnP ACPI init
[    1.580740] system 00:05: [mem 0xb0000000-0xbfffffff window] has been reserved
[    1.586917] pnp: PnP ACPI: found 6 devices
[    1.601670] clocksource: acpi_pm: mask: 0xffffff max_cycles: 0xffffff, max_idle_ns: 2085701024 ns
[    1.608627] NET: Registered PF_INET protocol family
[    1.612354] IP idents hash table entries: 32768 (order: 6, 262144 bytes, linear)
[    1.618862] tcp_listen_portaddr_hash hash table entries: 1024 (order: 2, 16384 bytes, linear)
[    1.625219] kwatchdog (54) used greatest stack depth: 15584 bytes left
[    1.625426] Table-perturb hash table entries: 65536 (order: 6, 262144 bytes, linear)
[    1.635227] TCP established hash table entries: 16384 (order: 5, 131072 bytes, linear)
[    1.640526] TCP bind hash table entries: 16384 (order: 7, 524288 bytes, linear)
[    1.645965] TCP: Hash tables configured (established 16384 bind 16384)
[    1.650375] UDP hash table entries: 1024 (order: 3, 32768 bytes, linear)
[    1.654853] UDP-Lite hash table entries: 1024 (order: 3, 32768 bytes, linear)
[    1.659927] NET: Registered PF_UNIX/PF_LOCAL protocol family
[    1.664623] RPC: Registered named UNIX socket transport module.
[    1.668843] RPC: Registered udp transport module.
[    1.672323] RPC: Registered tcp transport module.
[    1.675512] RPC: Registered tcp-with-tls transport module.
[    1.679052] RPC: Registered tcp NFSv4.1 backchannel transport module.
[    1.684831] pci_bus 0000:00: resource 4 [io  0x0000-0x0cf7 window]
[    1.689496] pci_bus 0000:00: resource 5 [io  0x0d00-0xffff window]
[    1.693451] pci_bus 0000:00: resource 6 [mem 0x000a0000-0x000bffff window]
[    1.698264] pci_bus 0000:00: resource 7 [mem 0x80000000-0xafffffff window]
[    1.703815] pci_bus 0000:00: resource 8 [mem 0xc0000000-0xfebfffff window]
[    1.708313] pci_bus 0000:00: resource 9 [mem 0x100000000-0x8ffffffff window]
[    1.712958] PCI: CLS 0 bytes, default 64
[    1.716137] clocksource: tsc: mask: 0xffffffffffffffff max_cycles: 0x233fd98c0cf, max_idle_ns: 440795209930 ns
[    1.716305] Unpacking initramfs...
[    1.731542] Initialise system trusted keyrings
[    1.735445] workingset: timestamp_bits=56 max_order=19 bucket_order=0
[    1.740828] NFS: Registering the id_resolver key type
[    1.744646] Key type id_resolver registered
[    1.747808] Key type id_legacy registered
[    1.751098] 9p: Installing v9fs 9p2000 file system support
[    1.775648] Key type asymmetric registered
[    1.778512] Asymmetric key parser 'x509' registered
[    1.781630] Block layer SCSI generic (bsg) driver version 0.4 loaded (major 251)
[    1.785965] io scheduler mq-deadline registered
[    1.788293] io scheduler kyber registered
[    1.792352] input: Power Button as /devices/LNXSYSTM:00/LNXPWRBN:00/input/input0
[    1.797765] ACPI: button: Power Button [PWRF]
[    1.802300] Serial: 8250/16550 driver, 4 ports, IRQ sharing enabled
[    1.807418] 00:03: ttyS0 at I/O 0x3f8 (irq = 4, base_baud = 115200) is a 16550A
[    1.815006] Non-volatile memory driver v1.3
[    1.818267] Linux agpgart interface v0.103
[    1.821611] ACPI: bus type drm_connector registered
[    1.829881] loop: module loaded
[    1.833126] ACPI: \_SB_.GSIA: Enabled at IRQ 16
[    1.838991] ahci 0000:00:1f.2: AHCI vers 0001.0000, 32 command slots, 1.5 Gbps, SATA mode
[    1.845469] ahci 0000:00:1f.2: 6/6 ports implemented (port mask 0x3f)
[    1.850749] ahci 0000:00:1f.2: flags: 64bit ncq only 
[    1.857982] scsi host0: ahci
[    1.861036] Freeing initrd memory: 2656K
[    1.861127] scsi host1: ahci
[    1.868889] scsi host2: ahci
[    1.873228] scsi host3: ahci
[    1.877245] scsi host4: ahci
[    1.882139] scsi host5: ahci
[    1.884139] ata1: SATA max UDMA/133 abar m4096@0xfebd5000 port 0xfebd5100 irq 24 lpm-pol 1
[    1.891711] ata2: SATA max UDMA/133 abar m4096@0xfebd5000 port 0xfebd5180 irq 24 lpm-pol 1
[    1.899146] ata3: SATA max UDMA/133 abar m4096@0xfebd5000 port 0xfebd5200 irq 24 lpm-pol 1
[    1.905891] ata4: SATA max UDMA/133 abar m4096@0xfebd5000 port 0xfebd5280 irq 24 lpm-pol 1
[    1.912587] ata5: SATA max UDMA/133 abar m4096@0xfebd5000 port 0xfebd5300 irq 24 lpm-pol 1
[    1.919504] ata6: SATA max UDMA/133 abar m4096@0xfebd5000 port 0xfebd5380 irq 24 lpm-pol 1
[    1.928290] e100: Intel(R) PRO/100 Network Driver
[    1.932313] e100: Copyright(c) 1999-2006 Intel Corporation
[    1.936959] e1000: Intel(R) PRO/1000 Network Driver
[    1.942568] e1000: Copyright (c) 1999-2006 Intel Corporation.
[    1.948101] e1000e: Intel(R) PRO/1000 Network Driver
[    1.952230] e1000e: Copyright(c) 1999 - 2015 Intel Corporation.
[    1.957277] ACPI: \_SB_.GSIG: Enabled at IRQ 22
[    1.961888] e1000e 0000:00:02.0: Interrupt Throttling Rate (ints/sec) set to dynamic conservative mode
[    2.010387] e1000e 0000:00:02.0 0000:00:02.0 (uninitialized): registered PHC clock
[    2.069257] e1000e 0000:00:02.0 eth0: (PCI Express:2.5GT/s:Width x1) 52:54:00:12:34:56
[    2.075889] e1000e 0000:00:02.0 eth0: Intel(R) PRO/1000 Network Connection
[    2.081688] e1000e 0000:00:02.0 eth0: MAC: 3, PHY: 8, PBA No: 000000-000
[    2.087295] sky2: driver version 1.30
[    2.090923] usbcore: registered new interface driver usblp
[    2.095404] usbcore: registered new interface driver usb-storage
[    2.100461] i8042: PNP: PS/2 Controller [PNP0303:KBD,PNP0f13:MOU] at 0x60,0x64 irq 1,12
[    2.108608] serio: i8042 KBD port at 0x60,0x64 irq 1
[    2.112827] serio: i8042 AUX port at 0x60,0x64 irq 12
[    2.118093] input: AT Translated Set 2 keyboard as /devices/platform/i8042/serio0/input/input1
[    2.123815] rtc_cmos 00:04: RTC can wake from S4
[    2.130317] rtc_cmos 00:04: registered as rtc0
[    2.135482] rtc_cmos 00:04: alarms up to one day, y3k, 242 bytes nvram, hpet irqs
[    2.141696] device-mapper: ioctl: 4.48.0-ioctl (2023-03-01) initialised: dm-devel@lists.linux.dev
[    2.144829] i801_smbus 0000:00:1f.3: SMBus using PCI interrupt
[    2.155519] amd_pstate: the _CPC object is not present in SBIOS or ACPI disabled
[    2.160608] i2c i2c-0: Memory type 0x07 not supported yet, not instantiating SPD
[    2.166347] hid: raw HID events driver (C) Jiri Kosina
[    2.166962] usbcore: registered new interface driver usbhid
[    2.181895] usbhid: USB HID core driver
[    2.186496] Initializing XFRM netlink socket
[    2.189924] NET: Registered PF_INET6 protocol family
[    2.194517] Segment Routing with IPv6
[    2.197630] In-situ OAM (IOAM) with IPv6
[    2.200573] sit: IPv6, IPv4 and MPLS over IPv4 tunneling driver
[    2.205328] NET: Registered PF_PACKET protocol family
[    2.209316] 9pnet: Installing 9P2000 support
[    2.212661] Key type dns_resolver registered
[    2.216851] IPI shorthand broadcast: enabled
[    2.225309] sched_clock: Marking stable (1659033909, 565535891)->(2696210213, -471640413)
[    2.231381] registered taskstats version 1
[    2.234370] Loading compiled-in X.509 certificates
[    2.240252] Demotion targets for Node 0: null
[    2.243520] PM:   Magic number: 14:773:172
[    2.246443] net eth0: hash matches
[    2.246466] ata1: SATA link down (SStatus 0 SControl 300)
[    2.248869] printk: legacy console [netcon0] enabled
[    2.259029] ata5: SATA link down (SStatus 0 SControl 300)
[    2.259241] netconsole: network logging started
[    2.265901] ata6: SATA link down (SStatus 0 SControl 300)
[    2.267766] cfg80211: Loading compiled-in X.509 certificates for regulatory database
[    2.273230] ata4: SATA link down (SStatus 0 SControl 300)
[    2.278535] kworker/u16:1 (89) used greatest stack depth: 14352 bytes left
[    2.282659] ata3: SATA link up 1.5 Gbps (SStatus 113 SControl 300)
[    2.289018] Loaded X.509 cert 'sforshee: 00b28ddf47aef9cea7'
[    2.292496] ata2: SATA link down (SStatus 0 SControl 300)
[    2.296664] Loaded X.509 cert 'wens: 61c038651aabdcf94bd0ac7ff06c7248db18c600'
[    2.299942] ata3.00: LPM support broken, forcing max_power
[    2.305507] ALSA device list:
[    2.308921] ata3.00: ATAPI: QEMU DVD-ROM, 2.5+, max UDMA/100
[    2.310586] platform regulatory.0: Direct firmware load for regulatory.db failed with error -2
[    2.312718]   No soundcards found.
[    2.313951] ata3.00: applying bridge limits
[    2.315212] ata3.00: LPM support broken, forcing max_power
[    2.318349] cfg80211: failed to load regulatory.db
[    2.320386] ata3.00: configured for UDMA/100
[    2.341115] scsi 2:0:0:0: CD-ROM            QEMU     QEMU DVD-ROM     2.5+ PQ: 0 ANSI: 5
[    2.361219] sr 2:0:0:0: [sr0] scsi3-mmc drive: 4x/4x cd/rw xa/form2 tray
[    2.377975] cdrom: Uniform CD-ROM driver Revision: 3.20
[    2.388738] sr 2:0:0:0: Attached scsi generic sg0 type 5
[    2.393858] Freeing unused kernel image (initmem) memory: 5388K
[    2.397511] Write protecting the kernel read-only data: 30720k
[    2.402532] Freeing unused kernel image (rodata/data gap) memory: 1092K
[    2.479498] x86/mm: Checked W+X mappings: passed, no W+X pages found.
[    2.483478] Run /init as init process
[    2.487281] mount (94) used greatest stack depth: 13952 bytes left
[    2.490592] mount (95) used greatest stack depth: 13872 bytes left
[    2.494048] mount (97) used greatest stack depth: 13424 bytes left
BOOTMARK userspace-up
Linux (none) 6.12.111 #1 SMP PREEMPT_DYNAMIC Thu Oct  1 09:17:31 UTC 2026 x86_64 GNU/Linux
BOOTMARK insmod-start
[    2.529767] mali mali.0: Kernel DDK version r54p0-01eac0
[    2.532970] mali mali.0: Using Dummy Model
[    2.535347] mali mali.0: GPU metrics tracepoint support enabled
[    2.538894] mali mali.0: Register LUT 000e0800 initialized for GPU arch 0x000e0805
[    2.543371] mali mali.0: GPU identified as 0x0 arch 14.8.5 r0p0 status 0
[    2.547299] mali mali.0: _find_key: OPP table not found (-19)
[    2.550727] mali mali.0: No OPPs found in device tree! Scaling timeouts using 100000 kHz
[    2.555695] mali mali.0: Large page allocation set to true after hardware feature check
[    2.561113] Dummy model register access: Reading unsupported register 0xf10. Returning 0
[    2.566025] Dummy model register access: Writing unsupported register 0xf10 value 0x0
[    2.571000] Dummy model register access: Writing unsupported register 0x88 value 0x0
[    2.575421] Dummy model register access: Writing unsupported register 0x8c value 0x0
[    2.579937] Dummy model register access: Writing unsupported register 0x88 value 0x1df3b9
[    2.584660] Dummy model register access: Writing unsupported register 0x8c value 0x0
[    2.589285] Dummy model register access: Writing unsupported register 0x41030 value 0x0
[    2.592913] Dummy model register access: Writing unsupported register 0x41034 value 0x0
[    2.596465] mali mali.0: Clock not available for devfreq
[    2.599339] mali mali.0: Continuing without devfreq
[    2.603002] mali mali.0: * MALI kbase_mmap_min_addr compiled to CONFIG_LSM_MMAP_MIN_ADDR, no runtime update possible! *
[    2.609657] mali mali.0: Probed as mali0
BOOTMARK insmod-rc 0
Module                  Size  Used by    Not tainted
mali_kbase           2113536  0 
BOOTMARK kcov-start
KCOV node present at /sys/kernel/debug/kcov
-rw-------    1 0        0                0 Oct  1 10:10 /sys/kernel/debug/kcov
BOOTMARK probe-start
[    2.633912] input: ImExPS/2 Generic Explorer Mouse as /devices/platform/i8042/serio1/input/input3
KCOV init-trace ok (area=32768 words / 256 KiB)
KCOV enable ok (collecting)
PROBE build              kbase-probe, EL0 ioctl exerciser
PROBE device             /dev/mali0
[    2.653040] Dummy model register access: Writing unsupported register 0x40120 value 0x3fff
[    2.657521] Dummy model register access: Writing unsupported register 0x40124 value 0x0
PROBE version_check       negotiated major=1 minor=36 (proposed 1.36)
PROBE gpuprops_size       773 bytes
PROBE gpuprops product_id=0x0006 version_status=0xe850 major=9 minor=0
PROBE gpuprops gpu_freq_khz_max=851968 log2_pc_size=0 num_exec_engines=15 log2_l2_line_size=255
PROBE gpuprops raw gpu_id=0x0000000000000100
PROBE mem_alloc           gpu_va=0x41000 out_flags=0x200f (SAME_VA cookie)
PROBE mmap                bound cookie 0x41000 -> cpu=gpu=0x7fb254c04000
PROBE mem_query           commit_size=0 bytes
PROBE summary             passed=0x1ff failed=0x000
KCOV run: /bin/kbase-probe exited 255
read /sys/kernel/debug/kcov: Invalid argument
BOOTMARK kcov-ctl-rc 1
BOOTMARK probe-rc 0
BOOTMARK kcov-end
BOOTMARK dmesg-start
[    2.529767] mali mali.0: Kernel DDK version r54p0-01eac0
[    2.532970] mali mali.0: Using Dummy Model
[    2.535347] mali mali.0: GPU metrics tracepoint support enabled
[    2.538894] mali mali.0: Register LUT 000e0800 initialized for GPU arch 0x000e0805
[    2.543371] mali mali.0: GPU identified as 0x0 arch 14.8.5 r0p0 status 0
[    2.547299] mali mali.0: _find_key: OPP table not found (-19)
[    2.550727] mali mali.0: No OPPs found in device tree! Scaling timeouts using 100000 kHz
[    2.555695] mali mali.0: Large page allocation set to true after hardware feature check
[    2.596465] mali mali.0: Clock not available for devfreq
[    2.599339] mali mali.0: Continuing without devfreq
[    2.603002] mali mali.0: * MALI kbase_mmap_min_addr compiled to CONFIG_LSM_MMAP_MIN_ADDR, no runtime update possible! *
[    2.609657] mali mali.0: Probed as mali0
BOOTMARK dmesg-end
BOOTMARK poweroff
[    2.758384] e1000e: EEE TX LPI TIMER: 00000000
[    2.762948] ACPI: PM: Preparing to enter system sleep state S5
[    2.766680] reboot: Power down
