c[?7l[2J[0mSeaBIOS (version 1.16.3-debian-1.16.3-2)


iPXE (https://ipxe.org) 00:02.0 CA00 PCI2.10 PnP PMM+7EFCAB60+7EF0AB60 CA00
Press Ctrl-B to configure iPXE (PCI 00:02.0)...                                                                               


Booting from ROM...
c[?7l[2J[    0.000000] Linux version 6.12.111 (codespace@codespaces-5d341e) (gcc (Ubuntu 13.3.0-6ubuntu2~24.04.1) 13.3.0, GNU ld (GNU Binutils for Ubuntu) 2.42) #2 SMP PREEMPT_DYNAMIC Fri Oct  2 00:15:33 UTC 2026
[    0.000000] Command line: console=ttyS0 panic=-1 rdinit=/init loglevel=7
[    0.000000] BIOS-provided physical RAM map:
[    0.000000] BIOS-e820: [mem 0x0000000000000000-0x000000000009fbff] usable
[    0.000000] BIOS-e820: [mem 0x000000000009fc00-0x000000000009ffff] reserved
[    0.000000] BIOS-e820: [mem 0x00000000000f0000-0x00000000000fffff] reserved
[    0.000000] BIOS-e820: [mem 0x0000000000100000-0x000000007ffdefff] usable
[    0.000000] BIOS-e820: [mem 0x000000007ffdf000-0x000000007fffffff] reserved
[    0.000000] BIOS-e820: [mem 0x00000000b0000000-0x00000000bfffffff] reserved
[    0.000000] BIOS-e820: [mem 0x00000000fed1c000-0x00000000fed1ffff] reserved
[    0.000000] BIOS-e820: [mem 0x00000000feffc000-0x00000000feffffff] reserved
[    0.000000] BIOS-e820: [mem 0x00000000fffc0000-0x00000000ffffffff] reserved
[    0.000000] BIOS-e820: [mem 0x000000fd00000000-0x000000ffffffffff] reserved
[    0.000000] NX (Execute Disable) protection: active
[    0.000000] APIC: Static calls initialized
[    0.000000] SMBIOS 3.0.0 present.
[    0.000000] DMI: QEMU Standard PC (Q35 + ICH9, 2009), BIOS 1.16.3-debian-1.16.3-2 04/01/2014
[    0.000000] DMI: Memory slots populated: 1/1
[    0.000000] Hypervisor detected: KVM
[    0.000000] last_pfn = 0x7ffdf max_arch_pfn = 0x400000000
[    0.000000] kvm-clock: Using msrs 4b564d01 and 4b564d00
[    0.000001] kvm-clock: using sched offset of 677979436 cycles
[    0.000005] clocksource: kvm-clock: mask: 0xffffffffffffffff max_cycles: 0x1cd42e4dffb, max_idle_ns: 881590591483 ns
[    0.000014] tsc: Detected 2445.430 MHz processor
[    0.006789] last_pfn = 0x7ffdf max_arch_pfn = 0x400000000
[    0.006992] MTRR map: 4 entries (3 fixed + 1 variable; max 19), built from 8 variable MTRRs
[    0.007017] x86/PAT: Configuration [0-7]: WB  WC  UC- UC  WB  WP  UC- WT  
[    0.011186] found SMP MP-table at [mem 0x000f5480-0x000f548f]
[    0.012220] RAMDISK: [mem 0x7fcc1000-0x7ffcffff]
[    0.012289] ACPI: Early table checksum verification disabled
[    0.012318] ACPI: RSDP 0x00000000000F52C0 000014 (v00 BOCHS )
[    0.012410] ACPI: RSDT 0x000000007FFE2425 000038 (v01 BOCHS  BXPC     00000001 BXPC 00000001)
[    0.012438] ACPI: FACP 0x000000007FFE2205 0000F4 (v03 BOCHS  BXPC     00000001 BXPC 00000001)
[    0.012467] ACPI: DSDT 0x000000007FFE0040 0021C5 (v01 BOCHS  BXPC     00000001 BXPC 00000001)
[    0.012490] ACPI: FACS 0x000000007FFE0000 000040
[    0.012507] ACPI: APIC 0x000000007FFE22F9 000090 (v03 BOCHS  BXPC     00000001 BXPC 00000001)
[    0.012528] ACPI: HPET 0x000000007FFE2389 000038 (v01 BOCHS  BXPC     00000001 BXPC 00000001)
[    0.012542] ACPI: MCFG 0x000000007FFE23C1 00003C (v01 BOCHS  BXPC     00000001 BXPC 00000001)
[    0.012556] ACPI: WAET 0x000000007FFE23FD 000028 (v01 BOCHS  BXPC     00000001 BXPC 00000001)
[    0.012568] ACPI: Reserving FACP table memory at [mem 0x7ffe2205-0x7ffe22f8]
[    0.012574] ACPI: Reserving DSDT table memory at [mem 0x7ffe0040-0x7ffe2204]
[    0.012580] ACPI: Reserving FACS table memory at [mem 0x7ffe0000-0x7ffe003f]
[    0.012585] ACPI: Reserving APIC table memory at [mem 0x7ffe22f9-0x7ffe2388]
[    0.012590] ACPI: Reserving HPET table memory at [mem 0x7ffe2389-0x7ffe23c0]
[    0.012595] ACPI: Reserving MCFG table memory at [mem 0x7ffe23c1-0x7ffe23fc]
[    0.012600] ACPI: Reserving WAET table memory at [mem 0x7ffe23fd-0x7ffe2424]
[    0.014132] No NUMA configuration found
[    0.014137] Faking a node at [mem 0x0000000000000000-0x000000007ffdefff]
[    0.014148] NODE_DATA(0) allocated [mem 0x7ffdb940-0x7ffdefff]
[    0.014175] Zone ranges:
[    0.014177]   DMA      [mem 0x0000000000001000-0x0000000000ffffff]
[    0.014184]   DMA32    [mem 0x0000000001000000-0x000000007ffdefff]
[    0.014190]   Normal   empty
[    0.014194] Movable zone start for each node
[    0.014196] Early memory node ranges
[    0.014198]   node   0: [mem 0x0000000000001000-0x000000000009efff]
[    0.014206]   node   0: [mem 0x0000000000100000-0x000000007ffdefff]
[    0.014212] Initmem setup node 0 [mem 0x0000000000001000-0x000000007ffdefff]
[    0.017908] On node 0, zone DMA: 1 pages in unavailable ranges
[    0.018672] On node 0, zone DMA: 97 pages in unavailable ranges
[    0.124723] On node 0, zone DMA32: 33 pages in unavailable ranges
[    0.125661] ACPI: PM-Timer IO Port: 0x608
[    0.125687] ACPI: LAPIC_NMI (acpi_id[0xff] dfl dfl lint[0x1])
[    0.125771] IOAPIC[0]: apic_id 0, version 17, address 0xfec00000, GSI 0-23
[    0.125783] ACPI: INT_SRC_OVR (bus 0 bus_irq 0 global_irq 2 dfl dfl)
[    0.125790] ACPI: INT_SRC_OVR (bus 0 bus_irq 5 global_irq 5 high level)
[    0.125797] ACPI: INT_SRC_OVR (bus 0 bus_irq 9 global_irq 9 high level)
[    0.125804] ACPI: INT_SRC_OVR (bus 0 bus_irq 10 global_irq 10 high level)
[    0.125811] ACPI: INT_SRC_OVR (bus 0 bus_irq 11 global_irq 11 high level)
[    0.125825] ACPI: Using ACPI (MADT) for SMP configuration information
[    0.125829] ACPI: HPET id: 0x8086a201 base: 0xfed00000
[    0.125846] CPU topo: Max. logical packages:   1
[    0.125850] CPU topo: Max. logical dies:       1
[    0.125852] CPU topo: Max. dies per package:   1
[    0.125862] CPU topo: Max. threads per core:   1
[    0.125866] CPU topo: Num. cores per package:     4
[    0.125869] CPU topo: Num. threads per package:   4
[    0.125872] CPU topo: Allowing 4 present CPUs plus 0 hotplug CPUs
[    0.125908] kvm-guest: APIC: eoi() replaced with kvm_guest_apic_eoi_write()
[    0.125966] PM: hibernation: Registered nosave memory: [mem 0x00000000-0x00000fff]
[    0.125974] PM: hibernation: Registered nosave memory: [mem 0x0009f000-0x000fffff]
[    0.125981] [mem 0xc0000000-0xfed1bfff] available for PCI devices
[    0.125986] Booting paravirtualized kernel on KVM
[    0.125990] clocksource: refined-jiffies: mask: 0xffffffff max_cycles: 0xffffffff, max_idle_ns: 1910969940391419 ns
[    0.132862] setup_percpu: NR_CPUS:64 nr_cpumask_bits:4 nr_cpu_ids:4 nr_node_ids:1
[    0.138414] percpu: Embedded 56 pages/cpu s192216 r8192 d28968 u524288
[    0.138538] Kernel command line: console=ttyS0 panic=-1 rdinit=/init loglevel=7
[    0.144547] Dentry cache hash table entries: 262144 (order: 9, 2097152 bytes, linear)
[    0.148623] Inode-cache hash table entries: 131072 (order: 8, 1048576 bytes, linear)
[    0.148878] Fallback order for Node 0: 0 
[    0.148891] Built 1 zonelists, mobility grouping on.  Total pages: 524157
[    0.148900] Policy zone: DMA32
[    0.148905] mem auto-init: stack:all(zero), heap alloc:off, heap free:off
[    0.153924] SLUB: HWalign=64, Order=0-3, MinObjects=0, CPUs=4, Nodes=1
[    0.156205] Dynamic Preempt: voluntary
[    0.156605] rcu: Preemptible hierarchical RCU implementation.
[    0.156609] rcu: 	RCU event tracing is enabled.
[    0.156613] rcu: 	RCU restricting CPUs from NR_CPUS=64 to nr_cpu_ids=4.
[    0.156621] 	Trampoline variant of Tasks RCU enabled.
[    0.156624] 	Tracing variant of Tasks RCU enabled.
[    0.156627] rcu: RCU calculated value of scheduler-enlistment delay is 100 jiffies.
[    0.156633] rcu: Adjusting geometry for rcu_fanout_leaf=16, nr_cpu_ids=4
[    0.156649] RCU Tasks: Setting shift to 2 and lim to 1 rcu_task_cb_adjust=1 rcu_task_cpu_ids=4.
[    0.156661] RCU Tasks Trace: Setting shift to 2 and lim to 1 rcu_task_cb_adjust=1 rcu_task_cpu_ids=4.
[    0.187852] NR_IRQS: 4352, nr_irqs: 456, preallocated irqs: 16
[    0.189101] rcu: srcu_init: Setting srcu_struct sizes based on contention.
[    0.189175] clocksource: jiffies: mask: 0xffffffff max_cycles: 0xffffffff, max_idle_ns: 1911260446275000 ns
[    0.203968] Console: colour VGA+ 80x25
[    0.204068] printk: legacy console [ttyS0] enabled
[    0.761725] ACPI: Core revision 20240827
[    0.764546] clocksource: hpet: mask: 0xffffffff max_cycles: 0xffffffff, max_idle_ns: 19112604467 ns
[    0.769845] APIC: Switch to symmetric I/O mode setup
[    0.778066] ..TIMER: vector=0x30 apic1=0 pin1=2 apic2=-1 pin2=-1
[    0.782979] clocksource: tsc-early: mask: 0xffffffffffffffff max_cycles: 0x233fdbaba77, max_idle_ns: 440795254155 ns
[    0.790839] Calibrating delay loop (skipped) preset value.. 4890.86 BogoMIPS (lpj=2445430)
[    0.793639] Last level iTLB entries: 4KB 512, 2MB 255, 4MB 127
[    0.793834] Last level dTLB entries: 4KB 512, 2MB 255, 4MB 127, 1GB 0
[    0.794847] Spectre V1 : Mitigation: usercopy/swapgs barriers and __user pointer sanitization
[    0.795841] Spectre V2 : Mitigation: Retpolines
[    0.796836] Spectre V2 : Spectre v2 / SpectreRSB: Filling RSB on context switch and VMEXIT
[    0.797847] x86/fpu: x87 FPU will use FXSAVE
[    0.848924] Freeing SMP alternatives memory: 48K
[    0.850850] pid_max: default: 32768 minimum: 301
[    0.851954] LSM: initializing lsm=capability,selinux
[    0.852865] SELinux:  Initializing.
[    0.854210] Mount-cache hash table entries: 4096 (order: 3, 32768 bytes, linear)
[    0.854906] Mountpoint-cache hash table entries: 4096 (order: 3, 32768 bytes, linear)
[    0.959793] smpboot: CPU0: AMD QEMU Virtual CPU version 2.5+ (family: 0xf, model: 0x6b, stepping: 0x1)
[    0.961113] Performance Events: PMU not available due to virtualization, using software events only.
[    0.964085] signal: max sigframe size: 1440
[    0.964899] rcu: Hierarchical SRCU implementation.
[    0.965834] rcu: 	Max phase no-delay instances is 400.
[    0.966969] Timer migration: 1 hierarchy levels; 8 children per group; 1 crossnode level
[    0.969019] smp: Bringing up secondary CPUs ...
[    0.970120] smpboot: x86: Booting SMP configuration:
[    0.970838] .... node  #0, CPUs:      #1 #2 #3
[    0.986115] smp: Brought up 1 node, 4 CPUs
[    0.987835] smpboot: Total of 4 processors activated (19563.44 BogoMIPS)
[    0.992206] Memory: 1997804K/2096628K available (26624K kernel code, 2863K rwdata, 7444K rodata, 6512K init, 1848K bss, 93856K reserved, 0K cma-reserved)
[    0.999919] devtmpfs: initialized
[    1.002237] futex hash table entries: 1024 (order: 4, 65536 bytes, linear)
[    1.003833] PM: RTC time: 04:35:57, date: 2026-10-02
[    1.007035] NET: Registered PF_NETLINK/PF_ROUTE protocol family
[    1.008229] audit: initializing netlink subsys (disabled)
[    1.009991] audit: type=2000 audit(1790915757.471:1): state=initialized audit_enabled=0 res=1
[    1.010258] thermal_sys: Registered thermal governor 'step_wise'
[    1.010836] thermal_sys: Registered thermal governor 'user_space'
[    1.012835] cpuidle: using governor menu
[    1.016497] PCI: ECAM [mem 0xb0000000-0xbfffffff] (base 0xb0000000) for domain 0000 [bus 00-ff]
[    1.016838] PCI: ECAM [mem 0xb0000000-0xbfffffff] reserved as E820 entry
[    1.017864] PCI: Using configuration type 1 for base access
[    1.019036] kprobes: kprobe jump-optimization is enabled. All kprobes are optimized if possible.
[    1.023060] HugeTLB: registered 2.00 MiB page size, pre-allocated 0 pages
[    1.023834] HugeTLB: 28 KiB vmemmap can be freed for a 2.00 MiB page
[    1.025975] ACPI: Added _OSI(Module Device)
[    1.026835] ACPI: Added _OSI(Processor Device)
[    1.027836] ACPI: Added _OSI(Processor Aggregator Device)
[    1.034056] ACPI: 1 ACPI AML tables successfully acquired and loaded
[    1.038252] ACPI: Interpreter enabled
[    1.039848] ACPI: PM: (supports S0 S3 S4 S5)
[    1.040834] ACPI: Using IOAPIC for interrupt routing
[    1.042897] PCI: Using host bridge windows from ACPI; if necessary, use "pci=nocrs" and report a bug
[    1.043834] PCI: Using E820 reservations for host bridge windows
[    1.046391] ACPI: Enabled 2 GPEs in block 00 to 3F
[    1.058881] ACPI: PCI Root Bridge [PCI0] (domain 0000 [bus 00-ff])
[    1.059847] acpi PNP0A08:00: _OSC: OS supports [ExtendedConfig ASPM ClockPM Segments MSI HPX-Type3]
[    1.061100] acpi PNP0A08:00: _OSC: platform does not support [LTR]
[    1.062046] acpi PNP0A08:00: _OSC: OS now controls [PME PCIeCapability]
[    1.064016] PCI host bridge to bus 0000:00
[    1.064841] pci_bus 0000:00: root bus resource [io  0x0000-0x0cf7 window]
[    1.065837] pci_bus 0000:00: root bus resource [io  0x0d00-0xffff window]
[    1.066837] pci_bus 0000:00: root bus resource [mem 0x000a0000-0x000bffff window]
[    1.067837] pci_bus 0000:00: root bus resource [mem 0x80000000-0xafffffff window]
[    1.068837] pci_bus 0000:00: root bus resource [mem 0xc0000000-0xfebfffff window]
[    1.069837] pci_bus 0000:00: root bus resource [mem 0x100000000-0x8ffffffff window]
[    1.070838] pci_bus 0000:00: root bus resource [bus 00-ff]
[    1.071966] pci 0000:00:00.0: [8086:29c0] type 00 class 0x060000 conventional PCI endpoint
[    1.074562] pci 0000:00:01.0: [1234:1111] type 00 class 0x030000 conventional PCI endpoint
[    1.077834] pci 0000:00:01.0: BAR 0 [mem 0xfd000000-0xfdffffff pref]
[    1.082875] pci 0000:00:01.0: BAR 2 [mem 0xfebd4000-0xfebd4fff]
[    1.090496] pci 0000:00:01.0: ROM [mem 0xfebc0000-0xfebcffff pref]
[    1.093235] pci 0000:00:01.0: Video device with shadowed ROM at [mem 0x000c0000-0x000dffff]
[    1.096500] pci 0000:00:02.0: [8086:10d3] type 00 class 0x020000 PCIe Root Complex Integrated Endpoint
[    1.099836] pci 0000:00:02.0: BAR 0 [mem 0xfeb80000-0xfeb9ffff]
[    1.102475] pci 0000:00:02.0: BAR 1 [mem 0xfeba0000-0xfebbffff]
[    1.105555] pci 0000:00:02.0: BAR 2 [io  0xc040-0xc05f]
[    1.106834] pci 0000:00:02.0: BAR 3 [mem 0xfebd0000-0xfebd3fff]
[    1.112570] pci 0000:00:02.0: ROM [mem 0xfeb00000-0xfeb7ffff pref]
[    1.116020] pci 0000:00:1f.0: [8086:2918] type 00 class 0x060100 conventional PCI endpoint
[    1.118479] pci 0000:00:1f.0: quirk: [io  0x0600-0x067f] claimed by ICH6 ACPI/GPIO/TCO
[    1.119976] pci 0000:00:1f.2: [8086:2922] type 00 class 0x010601 conventional PCI endpoint
[    1.125834] pci 0000:00:1f.2: BAR 4 [io  0xc060-0xc07f]
[    1.127836] pci 0000:00:1f.2: BAR 5 [mem 0xfebd5000-0xfebd5fff]
[    1.131470] pci 0000:00:1f.3: [8086:2930] type 00 class 0x0c0500 conventional PCI endpoint
[    1.134467] pci 0000:00:1f.3: BAR 4 [io  0x0700-0x073f]
[    1.140758] ACPI: PCI: Interrupt link LNKA configured for IRQ 10
[    1.141083] ACPI: PCI: Interrupt link LNKB configured for IRQ 10
[    1.142899] ACPI: PCI: Interrupt link LNKC configured for IRQ 11
[    1.144879] ACPI: PCI: Interrupt link LNKD configured for IRQ 11
[    1.146145] ACPI: PCI: Interrupt link LNKE configured for IRQ 10
[    1.147108] ACPI: PCI: Interrupt link LNKF configured for IRQ 10
[    1.149071] ACPI: PCI: Interrupt link LNKG configured for IRQ 11
[    1.151188] ACPI: PCI: Interrupt link LNKH configured for IRQ 11
[    1.151974] ACPI: PCI: Interrupt link GSIA configured for IRQ 16
[    1.152865] ACPI: PCI: Interrupt link GSIB configured for IRQ 17
[    1.153895] ACPI: PCI: Interrupt link GSIC configured for IRQ 18
[    1.154879] ACPI: PCI: Interrupt link GSID configured for IRQ 19
[    1.155896] ACPI: PCI: Interrupt link GSIE configured for IRQ 20
[    1.156878] ACPI: PCI: Interrupt link GSIF configured for IRQ 21
[    1.157969] ACPI: PCI: Interrupt link GSIG configured for IRQ 22
[    1.158873] ACPI: PCI: Interrupt link GSIH configured for IRQ 23
[    1.162881] iommu: Default domain type: Translated
[    1.163834] iommu: DMA domain TLB invalidation policy: lazy mode
[    1.166506] SCSI subsystem initialized
[    1.171971] ACPI: bus type USB registered
[    1.172914] usbcore: registered new interface driver usbfs
[    1.173875] usbcore: registered new interface driver hub
[    1.174885] usbcore: registered new device driver usb
[    1.175955] pps_core: LinuxPPS API ver. 1 registered
[    1.176835] pps_core: Software ver. 5.3.6 - Copyright 2005-2007 Rodolfo Giometti <giometti@linux.it>
[    1.177843] PTP clock support registered
[    1.180003] Advanced Linux Sound Architecture Driver Initialized.
[    1.181439] NetLabel: Initializing
[    1.181834] NetLabel:  domain hash size = 128
[    1.182834] NetLabel:  protocols = UNLABELED CIPSOv4 CALIPSO
[    1.183908] NetLabel:  unlabeled traffic allowed by default
[    1.185014] PCI: Using ACPI for IRQ routing
[    1.368909] pci 0000:00:01.0: vgaarb: setting as boot VGA device
[    1.369829] pci 0000:00:01.0: vgaarb: bridge control possible
[    1.369829] pci 0000:00:01.0: vgaarb: VGA device added: decodes=io+mem,owns=io+mem,locks=none
[    1.369837] vgaarb: loaded
[    1.371099] hpet: 3 channels of 0 reserved for per-cpu timers
[    1.371865] hpet0: at MMIO 0xfed00000, IRQs 2, 8, 0
[    1.372833] hpet0: 3 comparators, 64-bit 100.000000 MHz counter
[    1.392375] clocksource: Switched to clocksource kvm-clock
[    1.795340] kwatchdog (54) used greatest stack depth: 15488 bytes left
[    2.436012] VFS: Disk quotas dquot_6.6.0
[    2.439262] VFS: Dquot-cache hash table entries: 512 (order 0, 4096 bytes)
[    2.445436] pnp: PnP ACPI init
[    2.448582] system 00:05: [mem 0xb0000000-0xbfffffff window] has been reserved
[    2.454514] pnp: PnP ACPI: found 6 devices
[    2.474194] clocksource: acpi_pm: mask: 0xffffff max_cycles: 0xffffff, max_idle_ns: 2085701024 ns
[    2.480915] NET: Registered PF_INET protocol family
[    2.485314] IP idents hash table entries: 32768 (order: 6, 262144 bytes, linear)
[    2.492183] tcp_listen_portaddr_hash hash table entries: 1024 (order: 2, 16384 bytes, linear)
[    2.498959] Table-perturb hash table entries: 65536 (order: 6, 262144 bytes, linear)
[    2.504576] TCP established hash table entries: 16384 (order: 5, 131072 bytes, linear)
[    2.511214] TCP bind hash table entries: 16384 (order: 7, 524288 bytes, linear)
[    2.520445] TCP: Hash tables configured (established 16384 bind 16384)
[    2.525562] UDP hash table entries: 1024 (order: 3, 32768 bytes, linear)
[    2.530802] UDP-Lite hash table entries: 1024 (order: 3, 32768 bytes, linear)
[    2.536074] NET: Registered PF_UNIX/PF_LOCAL protocol family
[    2.540860] RPC: Registered named UNIX socket transport module.
[    2.545256] RPC: Registered udp transport module.
[    2.548826] RPC: Registered tcp transport module.
[    2.552429] RPC: Registered tcp-with-tls transport module.
[    2.556770] RPC: Registered tcp NFSv4.1 backchannel transport module.
[    2.563320] pci_bus 0000:00: resource 4 [io  0x0000-0x0cf7 window]
[    2.568079] pci_bus 0000:00: resource 5 [io  0x0d00-0xffff window]
[    2.572775] pci_bus 0000:00: resource 6 [mem 0x000a0000-0x000bffff window]
[    2.578205] pci_bus 0000:00: resource 7 [mem 0x80000000-0xafffffff window]
[    2.583090] pci_bus 0000:00: resource 8 [mem 0xc0000000-0xfebfffff window]
[    2.587817] pci_bus 0000:00: resource 9 [mem 0x100000000-0x8ffffffff window]
[    2.592947] PCI: CLS 0 bytes, default 64
[    2.596550] clocksource: tsc: mask: 0xffffffffffffffff max_cycles: 0x233fdbaba77, max_idle_ns: 440795254155 ns
[    2.596613] Unpacking initramfs...
[    2.620174] Initialise system trusted keyrings
[    2.623506] workingset: timestamp_bits=56 max_order=19 bucket_order=0
[    2.628548] NFS: Registering the id_resolver key type
[    2.631620] Key type id_resolver registered
[    2.634703] Key type id_legacy registered
[    2.637632] 9p: Installing v9fs 9p2000 file system support
[    2.655876] Key type asymmetric registered
[    2.658587] Asymmetric key parser 'x509' registered
[    2.661879] Block layer SCSI generic (bsg) driver version 0.4 loaded (major 251)
[    2.666763] io scheduler mq-deadline registered
[    2.669735] io scheduler kyber registered
[    2.674191] input: Power Button as /devices/LNXSYSTM:00/LNXPWRBN:00/input/input0
[    2.679225] ACPI: button: Power Button [PWRF]
[    2.685446] Serial: 8250/16550 driver, 4 ports, IRQ sharing enabled
[    2.690088] 00:03: ttyS0 at I/O 0x3f8 (irq = 4, base_baud = 115200) is a 16550A
[    2.697317] Non-volatile memory driver v1.3
[    2.700173] Linux agpgart interface v0.103
[    2.702972] ACPI: bus type drm_connector registered
[    2.720310] loop: module loaded
[    2.723888] ACPI: \_SB_.GSIA: Enabled at IRQ 16
[    2.728533] ahci 0000:00:1f.2: AHCI vers 0001.0000, 32 command slots, 1.5 Gbps, SATA mode
[    2.733018] ahci 0000:00:1f.2: 6/6 ports implemented (port mask 0x3f)
[    2.736480] ahci 0000:00:1f.2: flags: 64bit ncq only 
[    2.745098] scsi host0: ahci
[    2.747921] scsi host1: ahci
[    2.752261] scsi host2: ahci
[    2.755866] scsi host3: ahci
[    2.759526] scsi host4: ahci
[    2.762635] scsi host5: ahci
[    2.765093] ata1: SATA max UDMA/133 abar m4096@0xfebd5000 port 0xfebd5100 irq 24 lpm-pol 1
[    2.772173] ata2: SATA max UDMA/133 abar m4096@0xfebd5000 port 0xfebd5180 irq 24 lpm-pol 1
[    2.777905] ata3: SATA max UDMA/133 abar m4096@0xfebd5000 port 0xfebd5200 irq 24 lpm-pol 1
[    2.783839] ata4: SATA max UDMA/133 abar m4096@0xfebd5000 port 0xfebd5280 irq 24 lpm-pol 1
[    2.789764] ata5: SATA max UDMA/133 abar m4096@0xfebd5000 port 0xfebd5300 irq 24 lpm-pol 1
[    2.795478] ata6: SATA max UDMA/133 abar m4096@0xfebd5000 port 0xfebd5380 irq 24 lpm-pol 1
[    2.803010] e100: Intel(R) PRO/100 Network Driver
[    2.805953] e100: Copyright(c) 1999-2006 Intel Corporation
[    2.809771] e1000: Intel(R) PRO/1000 Network Driver
[    2.813452] e1000: Copyright (c) 1999-2006 Intel Corporation.
[    2.817962] e1000e: Intel(R) PRO/1000 Network Driver
[    2.821976] e1000e: Copyright(c) 1999 - 2015 Intel Corporation.
[    2.827511] ACPI: \_SB_.GSIG: Enabled at IRQ 22
[    2.831539] e1000e 0000:00:02.0: Interrupt Throttling Rate (ints/sec) set to dynamic conservative mode
[    2.851263] Freeing initrd memory: 3132K
[    2.877833] e1000e 0000:00:02.0 0000:00:02.0 (uninitialized): registered PHC clock
[    2.937510] e1000e 0000:00:02.0 eth0: (PCI Express:2.5GT/s:Width x1) 52:54:00:12:34:56
[    2.943546] e1000e 0000:00:02.0 eth0: Intel(R) PRO/1000 Network Connection
[    2.948401] e1000e 0000:00:02.0 eth0: MAC: 3, PHY: 8, PBA No: 000000-000
[    2.953524] sky2: driver version 1.30
[    2.957089] usbcore: registered new interface driver usblp
[    2.961095] usbcore: registered new interface driver usb-storage
[    2.965608] i8042: PNP: PS/2 Controller [PNP0303:KBD,PNP0f13:MOU] at 0x60,0x64 irq 1,12
[    2.973253] serio: i8042 KBD port at 0x60,0x64 irq 1
[    2.977117] serio: i8042 AUX port at 0x60,0x64 irq 12
[    2.982118] input: AT Translated Set 2 keyboard as /devices/platform/i8042/serio0/input/input1
[    2.987892] rtc_cmos 00:04: RTC can wake from S4
[    2.993867] rtc_cmos 00:04: registered as rtc0
[    2.997961] rtc_cmos 00:04: alarms up to one day, y3k, 242 bytes nvram, hpet irqs
[    3.003848] device-mapper: ioctl: 4.48.0-ioctl (2023-03-01) initialised: dm-devel@lists.linux.dev
[    3.007733] i801_smbus 0000:00:1f.3: SMBus using PCI interrupt
[    3.011210] amd_pstate: the _CPC object is not present in SBIOS or ACPI disabled
[    3.011274] hid: raw HID events driver (C) Jiri Kosina
[    3.012281] usbcore: registered new interface driver usbhid
[    3.015486] i2c i2c-0: Memory type 0x07 not supported yet, not instantiating SPD
[    3.020562] usbhid: USB HID core driver
[    3.045896] Initializing XFRM netlink socket
[    3.049177] NET: Registered PF_INET6 protocol family
[    3.054355] Segment Routing with IPv6
[    3.057159] In-situ OAM (IOAM) with IPv6
[    3.060169] sit: IPv6, IPv4 and MPLS over IPv4 tunneling driver
[    3.064233] NET: Registered PF_PACKET protocol family
[    3.067532] 9pnet: Installing 9P2000 support
[    3.070655] Key type dns_resolver registered
[    3.074073] IPI shorthand broadcast: enabled
[    3.085086] sched_clock: Marking stable (2487033641, 597655512)->(3537667478, -452978325)
[    3.091427] registered taskstats version 1
[    3.094289] Loading compiled-in X.509 certificates
[    3.101933] Demotion targets for Node 0: null
[    3.105337] PM:   Magic number: 14:624:564
[    3.108041] printk: legacy console [netcon0] enabled
[    3.110950] netconsole: network logging started
[    3.113907] cfg80211: Loading compiled-in X.509 certificates for regulatory database
[    3.119292] kworker/u16:1 (91) used greatest stack depth: 14344 bytes left
[    3.122202] Loaded X.509 cert 'sforshee: 00b28ddf47aef9cea7'
[    3.127744] ata1: SATA link down (SStatus 0 SControl 300)
[    3.130929] Loaded X.509 cert 'wens: 61c038651aabdcf94bd0ac7ff06c7248db18c600'
[    3.137615] ata5: SATA link down (SStatus 0 SControl 300)
[    3.147877] platform regulatory.0: Direct firmware load for regulatory.db failed with error -2
[    3.151028] ata4: SATA link down (SStatus 0 SControl 300)
[    3.167917] ALSA device list:
[    3.168887] ata2: SATA link down (SStatus 0 SControl 300)
[    3.171074]   No soundcards found.
[    3.177715] ata3: SATA link up 1.5 Gbps (SStatus 113 SControl 300)
[    3.179546] cfg80211: failed to load regulatory.db
[    3.189540] ata6: SATA link down (SStatus 0 SControl 300)
[    3.202361] ata3.00: LPM support broken, forcing max_power
[    3.209021] ata3.00: ATAPI: QEMU DVD-ROM, 2.5+, max UDMA/100
[    3.214171] ata3.00: applying bridge limits
[    3.217956] ata3.00: LPM support broken, forcing max_power
[    3.221398] ata3.00: configured for UDMA/100
[    3.224928] scsi 2:0:0:0: CD-ROM            QEMU     QEMU DVD-ROM     2.5+ PQ: 0 ANSI: 5
[    3.246295] sr 2:0:0:0: [sr0] scsi3-mmc drive: 4x/4x cd/rw xa/form2 tray
[    3.263084] cdrom: Uniform CD-ROM driver Revision: 3.20
[    3.275096] sr 2:0:0:0: Attached scsi generic sg0 type 5
[    3.293538] Freeing unused kernel image (initmem) memory: 6512K
[    3.297716] Write protecting the kernel read-only data: 34816k
[    3.305890] Freeing unused kernel image (rodata/data gap) memory: 748K
[    3.410167] x86/mm: Checked W+X mappings: passed, no W+X pages found.
[    3.414450] Run /init as init process
[    3.419524] mount (95) used greatest stack depth: 13976 bytes left
[    3.422662] mount (96) used greatest stack depth: 13848 bytes left
[    3.427157] mount (98) used greatest stack depth: 13368 bytes left
BOOTMARK userspace-up
Linux (none) 6.12.111 #2 SMP PREEMPT_DYNAMIC Fri Oct  2 00:15:33 UTC 2026 x86_64 GNU/Linux
BOOTMARK insmod-start
[    3.468604] input: ImExPS/2 Generic Explorer Mouse as /devices/platform/i8042/serio1/input/input3
[    3.499887] mali mali.0: Kernel DDK version r54p0-01eac0
[    3.503193] mali mali.0: Using Dummy Model
[    3.505734] mali mali.0: GPU metrics tracepoint support enabled
[    3.509241] mali mali.0: Register LUT 000e0800 initialized for GPU arch 0x000e0805
[    3.513910] mali mali.0: GPU identified as 0x0 arch 14.8.5 r0p0 status 0
[    3.517899] mali mali.0: _find_key: OPP table not found (-19)
[    3.521455] mali mali.0: No OPPs found in device tree! Scaling timeouts using 100000 kHz
[    3.526518] mali mali.0: Large page allocation set to true after hardware feature check
[    3.533565] Dummy model register access: Reading unsupported register 0xf10. Returning 0
[    3.538202] Dummy model register access: Writing unsupported register 0xf10 value 0x0
[    3.542520] Dummy model register access: Writing unsupported register 0x88 value 0x0
[    3.547014] Dummy model register access: Writing unsupported register 0x8c value 0x0
[    3.551400] Dummy model register access: Writing unsupported register 0x88 value 0x2a2f18
[    3.556336] Dummy model register access: Writing unsupported register 0x8c value 0x0
[    3.560752] Dummy model register access: Writing unsupported register 0x41030 value 0x0
[    3.564226] Dummy model register access: Writing unsupported register 0x41034 value 0x0
[    3.567627] mali mali.0: Clock not available for devfreq
[    3.569644] mali mali.0: Continuing without devfreq
[    3.572766] mali mali.0: * MALI kbase_mmap_min_addr compiled to CONFIG_LSM_MMAP_MIN_ADDR, no runtime update possible! *
[    3.578564] mali mali.0: Probed as mali0
BOOTMARK insmod-rc 0
Module                  Size  Used by    Not tainted
mali_kbase           2252800  0 
BOOTMARK kcov-start
KCOV node present at /sys/kernel/debug/kcov
-rw-------    1 0        0                0 Oct  2 04:35 /sys/kernel/debug/kcov
BOOTMARK kprobe-armed
BOOTMARK probe-start
KCOV init-trace ok (area=1048576 words / 8192 KiB)
KCOV enable ok (collecting)
PROBE build              kbase-probe, EL0 ioctl exerciser
PROBE device             /dev/mali0
[    3.684948] Dummy model register access: Writing unsupported register 0x40120 value 0x3fff
[    3.689572] Dummy model register access: Writing unsupported register 0x40124 value 0x0
PROBE version_check       negotiated major=1 minor=36 (proposed 1.36)
PROBE gpuprops_size       773 bytes
PROBE gpuprops product_id=0x0006 version_status=0xe850 major=9 minor=0
PROBE gpuprops gpu_freq_khz_max=851968 log2_pc_size=0 num_exec_engines=15 log2_l2_line_size=255
PROBE gpuprops raw gpu_id=0x0000000000000100
PROBE mem_alloc           gpu_va=0x41000 out_flags=0x200f (SAME_VA cookie)
PROBE mmap                bound cookie 0x41000 -> cpu=gpu=0x7f94a7d99000
PROBE mem_query           commit_size=0 bytes
PROBE summary             passed=0x1ff failed=0x000
KCOV run: inline kbase_probe_run() returned 511
KCOV disable ok (counters frozen before counting)
KCOV records=596407 distinct_pcs=5625
KCOV pc_range=0xffffffff81056eea-0xffffffff81104078
KCOV module_pcs=0 (VMLINUX ONLY -- module not traced)
KCOV buckets vmlinux=5625 below_vmlinux=0 module_region=0 other=0
KCOV kallsyms cov_pc=0xffffffff82a41ba0 mali_text=0xffffffffc0110000-0xffffffffc0336da8
KCOV mali_text_pcs=0
KCOV procmodules mali_kbase base=0xffffffffc0110000 size=2252800[    4.324892] kcov-ctl (109) used greatest stack depth: 13112 bytes left

KCOV init-trace ok (area=1048576 words / 8192 KiB)
KCOV enable ok (collecting)
KCOV run: inline read /dev/mali0 -> -1
KCOV disable ok (counters frozen before counting)
KCOV records=2510 distinct_pcs=1020
KCOV pc_range=0xffffffff8106094b-0xffffffff816ddfef
KCOV module_pcs=0 (VMLINUX ONLY -- module not traced)
KCOV buckets vmlinux=1020 below_vmlinux=0 module_region=0 other=0
KCOV kallsyms cov_pc=0xffffffff82a41ba0 mali_text=0xffffffffc0110000-0xffffffffc0336da8
KCOV mali_text_pcs=0
KCOV procmodules mali_kbase base=0xffffffffc0110000 size=2252800
BOOTMARK kcov-inline-read-rc 0
KCOV init-trace ok (area=1048576 words / 8192 KiB)
KCOV enable ok (collecting)
KCOV run: inline read /dev/mali0 -> -1
KCOV window records=1776 in_mali_window=0 in_vmlinux_window=1776 other=0 (mali_text=0xffffffffc0110000-0xffffffffc0336da8 cov_pc=0xffffffff82a41ba0)
KCOV disable ok (counters frozen before counting)
KCOV records=3925 distinct_pcs=1020
KCOV pc_range=0xffffffff8106094b-0xffffffff816d4e3f
KCOV module_pcs=0 (VMLINUX ONLY -- module not traced)
KCOV buckets vmlinux=1020 below_vmlinux=0 module_region=0 other=0
KCOV kallsyms cov_pc=0xffffffff82a41ba0 mali_text=0xffffffffc0110000-0xffffffffc0336da8
KCOV mali_text_pcs=0
KCOV procmodules mali_kbase base=0xffffffffc0110000 size=2252800
KPROBE hits: open=3 read=2 ioctl=6
BOOTMARK kcov-ctl-rc 255
BOOTMARK probe-rc 0
BOOTMARK kcov-end
BOOTMARK negargs-start
NE[    6.054454] mali mali.0: GPU allocation attempted with va_pages==1099511627776 larger than KBASE_MEM_ALLOC_MAX_SIZE!
GARGS context created (SET_FLAGS handshake)
NEGARGS MEM_ALLOC va_pages=2^40      rc=-12  verdic[    6.065453] mali mali.0: kbase_mem_alloc called with bad flags (2000)
t=REJECTED
NEGARGS MEM_ALLOC_EX padding!=0     [    6.070453] mali mali.0: gpu_addr 0 is reserved for the ringbuffer and it's an error to try to free it using kbase_mem_free
 rc=-22  verdict=REJECTED
NEGAR[    6.076300] mali mali.0: kbase_mem_free: gpu_addr parameter is invalid
GS MEM_ALLOC zero flags         rc=-12  verdict=REJECTED
NEGARGS MEM_FREE gpu_addr=0          rc=-22  verdict=REJECTED
NEGARGS MEM_FREE unaligned va        rc=-22  verdict=REJECTED
NEGARGS MEM_QUERY unmapped va        rc=-22  verdict=REJECTED
NEGARGS MEM_FLAGS_CHANGE ghost va    rc=-22  verdict=REJECTED
NEGARGS MEM_ALIAS stride=0           rc=-14  verdict=REJECTED
NEGARGS MEM_COMMIT unmapped va       rc=-22  verdict=REJECTED
NEGARGS TILER_HEAP_INIT chunk_size=0 rc=-22  verdict=REJECTED
NEGARGS TILER_HEAP_INIT initial>max  rc=-22  verdict=REJECTED
NEGARGS TILER_HEAP_INIT group_id OOB rc=-22  verdict=REJECTED
NEGARGS KCPU_ENQUEUE id=255 unborn queue rc=-22  verdict=REJECTED
NEGARGS KCPU_QUEUE_CREATE control    rc=0      verdict=ACCEPTED
NEGARGS KCP[    6.119105] mali mali.0: Unknown ioctl 0x4b7f nr:127
U_ENQUEUE nr_commands=2   rc=-22  verdict=REJECTED
NEGARGS KCPU_QUEUE_DELETE control    rc=0      verdict=ACCEPTED
NEGARGS CS_QUEUE_GROUP_CREATE prio=0xff rc=-22  verdict=REJECTED
NEGARGS pre-SET_FLAGS MEM_ALLOC      rc=-1   verdict=REJECTED
NEGARGS unknown nr 0x7f              rc=-25  verdict=REJECTED
NEGARGS summary ran=19 rejected=17 expected-ok=2 unexpected=0
BOOTMARK negargs-rc 0
BOOTMARK negargs-end
BOOTMARK dmesg-start
[    3.499887] mali mali.0: Kernel DDK version r54p0-01eac0
[    3.503193] mali mali.0: Using Dummy Model
[    3.505734] mali mali.0: GPU metrics tracepoint support enabled
[    3.509241] mali mali.0: Register LUT 000e0800 initialized for GPU arch 0x000e0805
[    3.513910] mali mali.0: GPU identified as 0x0 arch 14.8.5 r0p0 status 0
[    3.517899] mali mali.0: _find_key: OPP table not found (-19)
[    3.521455] mali mali.0: No OPPs found in device tree! Scaling timeouts using 100000 kHz
[    3.526518] mali mali.0: Large page allocation set to true after hardware feature check
[    3.567627] mali mali.0: Clock not available for devfreq
[    3.569644] mali mali.0: Continuing without devfreq
[    3.572766] mali mali.0: * MALI kbase_mmap_min_addr compiled to CONFIG_LSM_MMAP_MIN_ADDR, no runtime update possible! *
[    3.578564] mali mali.0: Probed as mali0
[    6.054454] mali mali.0: GPU allocation attempted with va_pages==1099511627776 larger than KBASE_MEM_ALLOC_MAX_SIZE!
[    6.065453] mali mali.0: kbase_mem_alloc called with bad flags (2000)
[    6.070453] mali mali.0: gpu_addr 0 is reserved for the ringbuffer and it's an error to try to free it using kbase_mem_free
[    6.076300] mali mali.0: kbase_mem_free: gpu_addr parameter is invalid
[    6.119105] mali mali.0: Unknown ioctl 0x4b7f nr:127
BOOTMARK dmesg-end
BOOTMARK poweroff
[    6.214973] e1000e: EEE TX LPI TIMER: 00000000
[    6.220053] ACPI: PM: Preparing to enter system sleep state S5
[    6.223009] reboot: Power down

CLEAN-LOCATION: kcov
  bundle:    artifacts/kcov  (sha256sum -c clean before and after the boot)
  booted from: /tmp/portable-test-kcov  with the repo's build/ tree renamed away
  strict-artifact: yes (no build/ fallback permitted)
  at:          2026-10-02T04:35:55Z
