c[?7l[2J[0mSeaBIOS (version 1.16.3-debian-1.16.3-2)


iPXE (https://ipxe.org) 00:02.0 CA00 PCI2.10 PnP PMM+7EFCAB60+7EF0AB60 CA00
Press Ctrl-B to configure iPXE (PCI 00:02.0)...                                                                               


Booting from ROM...
c[?7l[2J[    0.000000] Linux version 6.12.111 (codespace@codespaces-5d341e) (gcc (Ubuntu 13.3.0-6ubuntu2~24.04.1) 13.3.0, GNU ld (GNU Binutils for Ubuntu) 2.42) #1 SMP PREEMPT_DYNAMIC Thu Oct  1 11:09:58 UTC 2026
[    0.000000] Command line: console=ttyS0 panic=-1 rdinit=/init loglevel=7
[    0.000000] BIOS-provided physical RAM map:
[    0.000000] BIOS-e820: [mem 0x0000000000000000-0x000000000009fbff] usable
[    0.000000] BIOS-e820: [mem 0x000000000009fc00-0x000000000009ffff] reserved
[    0.000000] BIOS-e820: [mem 0x00000000000f0000-0x00000000000fffff] reserved
[    0.000000] BIOS-e820: [mem 0x0000000000100000-0x000000007ffdefff] usable
[    0.000000] BIOS-e820: [mem 0x000000007ffdf000-0x000000007fffffff] reserved
[    0.000000] BIOS-e820: [mem 0x00000000b0000000-0x00000000bfffffff] reserved
[    0.000000] BIOS-e820: [mem 0x00000000fed1c000-0x00000000fed1ffff] reserved
[    0.000000] BIOS-e820: [mem 0x00000000feffc000-0x00000000feffffff] reserved
[    0.000000] BIOS-e820: [mem 0x00000000fffc0000-0x00000000ffffffff] reserved
[    0.000000] BIOS-e820: [mem 0x000000fd00000000-0x000000ffffffffff] reserved
[    0.000000] NX (Execute Disable) protection: active
[    0.000000] APIC: Static calls initialized
[    0.000000] SMBIOS 3.0.0 present.
[    0.000000] DMI: QEMU Standard PC (Q35 + ICH9, 2009), BIOS 1.16.3-debian-1.16.3-2 04/01/2014
[    0.000000] DMI: Memory slots populated: 1/1
[    0.000000] Hypervisor detected: KVM
[    0.000000] last_pfn = 0x7ffdf max_arch_pfn = 0x400000000
[    0.000000] kvm-clock: Using msrs 4b564d01 and 4b564d00
[    0.000000] kvm-clock: using sched offset of 330260864 cycles
[    0.000001] clocksource: kvm-clock: mask: 0xffffffffffffffff max_cycles: 0x1cd42e4dffb, max_idle_ns: 881590591483 ns
[    0.000003] tsc: Detected 2445.428 MHz processor
[    0.000716] last_pfn = 0x7ffdf max_arch_pfn = 0x400000000
[    0.000911] MTRR map: 4 entries (3 fixed + 1 variable; max 19), built from 8 variable MTRRs
[    0.000918] x86/PAT: Configuration [0-7]: WB  WC  UC- UC  WB  WP  UC- WT  
[    0.002887] found SMP MP-table at [mem 0x000f5480-0x000f548f]
[    0.003052] RAMDISK: [mem 0x7ed5e000-0x7ffcffff]
[    0.003070] ACPI: Early table checksum verification disabled
[    0.003089] ACPI: RSDP 0x00000000000F52C0 000014 (v00 BOCHS )
[    0.003100] ACPI: RSDT 0x000000007FFE2425 000038 (v01 BOCHS  BXPC     00000001 BXPC 00000001)
[    0.003104] ACPI: FACP 0x000000007FFE2205 0000F4 (v03 BOCHS  BXPC     00000001 BXPC 00000001)
[    0.003107] ACPI: DSDT 0x000000007FFE0040 0021C5 (v01 BOCHS  BXPC     00000001 BXPC 00000001)
[    0.003109] ACPI: FACS 0x000000007FFE0000 000040
[    0.003110] ACPI: APIC 0x000000007FFE22F9 000090 (v03 BOCHS  BXPC     00000001 BXPC 00000001)
[    0.003112] ACPI: HPET 0x000000007FFE2389 000038 (v01 BOCHS  BXPC     00000001 BXPC 00000001)
[    0.003113] ACPI: MCFG 0x000000007FFE23C1 00003C (v01 BOCHS  BXPC     00000001 BXPC 00000001)
[    0.003115] ACPI: WAET 0x000000007FFE23FD 000028 (v01 BOCHS  BXPC     00000001 BXPC 00000001)
[    0.003116] ACPI: Reserving FACP table memory at [mem 0x7ffe2205-0x7ffe22f8]
[    0.003117] ACPI: Reserving DSDT table memory at [mem 0x7ffe0040-0x7ffe2204]
[    0.003117] ACPI: Reserving FACS table memory at [mem 0x7ffe0000-0x7ffe003f]
[    0.003118] ACPI: Reserving APIC table memory at [mem 0x7ffe22f9-0x7ffe2388]
[    0.003118] ACPI: Reserving HPET table memory at [mem 0x7ffe2389-0x7ffe23c0]
[    0.003119] ACPI: Reserving MCFG table memory at [mem 0x7ffe23c1-0x7ffe23fc]
[    0.003119] ACPI: Reserving WAET table memory at [mem 0x7ffe23fd-0x7ffe2424]
[    0.003828] No NUMA configuration found
[    0.003829] Faking a node at [mem 0x0000000000000000-0x000000007ffdefff]
[    0.003833] NODE_DATA(0) allocated [mem 0x7ffdb940-0x7ffdefff]
[    0.003841] Zone ranges:
[    0.003841]   DMA      [mem 0x0000000000001000-0x0000000000ffffff]
[    0.003842]   DMA32    [mem 0x0000000001000000-0x000000007ffdefff]
[    0.003843]   Normal   empty
[    0.003844] Movable zone start for each node
[    0.003844] Early memory node ranges
[    0.003845]   node   0: [mem 0x0000000000001000-0x000000000009efff]
[    0.003846]   node   0: [mem 0x0000000000100000-0x000000007ffdefff]
[    0.003846] Initmem setup node 0 [mem 0x0000000000001000-0x000000007ffdefff]
[    0.004049] On node 0, zone DMA: 1 pages in unavailable ranges
[    0.004059] On node 0, zone DMA: 97 pages in unavailable ranges
[    0.008768] On node 0, zone DMA32: 33 pages in unavailable ranges
[    0.009711] ACPI: PM-Timer IO Port: 0x608
[    0.009724] ACPI: LAPIC_NMI (acpi_id[0xff] dfl dfl lint[0x1])
[    0.009806] IOAPIC[0]: apic_id 0, version 17, address 0xfec00000, GSI 0-23
[    0.009808] ACPI: INT_SRC_OVR (bus 0 bus_irq 0 global_irq 2 dfl dfl)
[    0.009809] ACPI: INT_SRC_OVR (bus 0 bus_irq 5 global_irq 5 high level)
[    0.009810] ACPI: INT_SRC_OVR (bus 0 bus_irq 9 global_irq 9 high level)
[    0.009811] ACPI: INT_SRC_OVR (bus 0 bus_irq 10 global_irq 10 high level)
[    0.009812] ACPI: INT_SRC_OVR (bus 0 bus_irq 11 global_irq 11 high level)
[    0.009814] ACPI: Using ACPI (MADT) for SMP configuration information
[    0.009815] ACPI: HPET id: 0x8086a201 base: 0xfed00000
[    0.009821] CPU topo: Max. logical packages:   1
[    0.009821] CPU topo: Max. logical dies:       1
[    0.009822] CPU topo: Max. dies per package:   1
[    0.009825] CPU topo: Max. threads per core:   1
[    0.009825] CPU topo: Num. cores per package:     4
[    0.009826] CPU topo: Num. threads per package:   4
[    0.009826] CPU topo: Allowing 4 present CPUs plus 0 hotplug CPUs
[    0.009854] kvm-guest: APIC: eoi() replaced with kvm_guest_apic_eoi_write()
[    0.009902] PM: hibernation: Registered nosave memory: [mem 0x00000000-0x00000fff]
[    0.009903] PM: hibernation: Registered nosave memory: [mem 0x0009f000-0x000fffff]
[    0.009904] [mem 0xc0000000-0xfed1bfff] available for PCI devices
[    0.009905] Booting paravirtualized kernel on KVM
[    0.009907] clocksource: refined-jiffies: mask: 0xffffffff max_cycles: 0xffffffff, max_idle_ns: 1910969940391419 ns
[    0.014558] setup_percpu: NR_CPUS:64 nr_cpumask_bits:4 nr_cpu_ids:4 nr_node_ids:1
[    0.015531] percpu: Embedded 56 pages/cpu s192216 r8192 d28968 u524288
[    0.015575] Kernel command line: console=ttyS0 panic=-1 rdinit=/init loglevel=7
[    0.016532] Dentry cache hash table entries: 262144 (order: 9, 2097152 bytes, linear)
[    0.016581] Inode-cache hash table entries: 131072 (order: 8, 1048576 bytes, linear)
[    0.016630] Fallback order for Node 0: 0 
[    0.016632] Built 1 zonelists, mobility grouping on.  Total pages: 524157
[    0.016633] Policy zone: DMA32
[    0.016634] mem auto-init: stack:all(zero), heap alloc:off, heap free:off
[    0.019774] SLUB: HWalign=64, Order=0-3, MinObjects=0, CPUs=4, Nodes=1
[    0.020985] Dynamic Preempt: voluntary
[    0.022115] rcu: Preemptible hierarchical RCU implementation.
[    0.022117] rcu: 	RCU event tracing is enabled.
[    0.022117] rcu: 	RCU restricting CPUs from NR_CPUS=64 to nr_cpu_ids=4.
[    0.022120] 	Trampoline variant of Tasks RCU enabled.
[    0.022120] 	Tracing variant of Tasks RCU enabled.
[    0.022121] rcu: RCU calculated value of scheduler-enlistment delay is 100 jiffies.
[    0.022122] rcu: Adjusting geometry for rcu_fanout_leaf=16, nr_cpu_ids=4
[    0.022128] RCU Tasks: Setting shift to 2 and lim to 1 rcu_task_cb_adjust=1 rcu_task_cpu_ids=4.
[    0.022130] RCU Tasks Trace: Setting shift to 2 and lim to 1 rcu_task_cb_adjust=1 rcu_task_cpu_ids=4.
[    0.025326] NR_IRQS: 4352, nr_irqs: 456, preallocated irqs: 16
[    0.025688] rcu: srcu_init: Setting srcu_struct sizes based on contention.
[    0.025704] clocksource: jiffies: mask: 0xffffffff max_cycles: 0xffffffff, max_idle_ns: 1911260446275000 ns
[    0.040089] Console: colour VGA+ 80x25
[    0.040179] printk: legacy console [ttyS0] enabled
[    0.496679] ACPI: Core revision 20240827
[    0.499491] clocksource: hpet: mask: 0xffffffff max_cycles: 0xffffffff, max_idle_ns: 19112604467 ns
[    0.505583] APIC: Switch to symmetric I/O mode setup
[    0.512617] ..TIMER: vector=0x30 apic1=0 pin1=2 apic2=-1 pin2=-1
[    0.517128] clocksource: tsc-early: mask: 0xffffffffffffffff max_cycles: 0x233fd98c0cf, max_idle_ns: 440795209930 ns
[    0.524276] Calibrating delay loop (skipped) preset value.. 4890.85 BogoMIPS (lpj=2445428)
[    0.526555] Last level iTLB entries: 4KB 512, 2MB 255, 4MB 127
[    0.527275] Last level dTLB entries: 4KB 512, 2MB 255, 4MB 127, 1GB 0
[    0.528281] Spectre V1 : Mitigation: usercopy/swapgs barriers and __user pointer sanitization
[    0.529275] Spectre V2 : Mitigation: Retpolines
[    0.530275] Spectre V2 : Spectre v2 / SpectreRSB: Filling RSB on context switch and VMEXIT
[    0.531285] x86/fpu: x87 FPU will use FXSAVE
[    0.554397] Freeing SMP alternatives memory: 48K
[    0.555280] pid_max: default: 32768 minimum: 301
[    0.556292] LSM: initializing lsm=capability,selinux
[    0.557292] SELinux:  Initializing.
[    0.558410] Mount-cache hash table entries: 4096 (order: 3, 32768 bytes, linear)
[    0.559277] Mountpoint-cache hash table entries: 4096 (order: 3, 32768 bytes, linear)
[    0.664101] smpboot: CPU0: AMD QEMU Virtual CPU version 2.5+ (family: 0xf, model: 0x6b, stepping: 0x1)
[    0.664489] Performance Events: PMU not available due to virtualization, using software events only.
[    0.667380] signal: max sigframe size: 1440
[    0.668313] rcu: Hierarchical SRCU implementation.
[    0.669275] rcu: 	Max phase no-delay instances is 400.
[    0.670317] Timer migration: 1 hierarchy levels; 8 children per group; 1 crossnode level
[    0.671489] smp: Bringing up secondary CPUs ...
[    0.672448] smpboot: x86: Booting SMP configuration:
[    0.673289] .... node  #0, CPUs:      #1 #2 #3
[    0.682399] smp: Brought up 1 node, 4 CPUs
[    0.684279] smpboot: Total of 4 processors activated (19563.42 BogoMIPS)
[    0.686519] Memory: 1996384K/2096628K available (18432K kernel code, 2863K rwdata, 7100K rodata, 2800K init, 964K bss, 95276K reserved, 0K cma-reserved)
[    0.689297] devtmpfs: initialized
[    0.691354] futex hash table entries: 1024 (order: 4, 65536 bytes, linear)
[    0.692722] PM: RTC time: 18:47:08, date: 2026-10-01
[    0.694629] NET: Registered PF_NETLINK/PF_ROUTE protocol family
[    0.695333] audit: initializing netlink subsys (disabled)
[    0.696356] audit: type=2000 audit(1790880428.097:1): state=initialized audit_enabled=0 res=1
[    0.696391] thermal_sys: Registered thermal governor 'step_wise'
[    0.697274] thermal_sys: Registered thermal governor 'user_space'
[    0.698317] cpuidle: using governor menu
[    0.700773] PCI: ECAM [mem 0xb0000000-0xbfffffff] (base 0xb0000000) for domain 0000 [bus 00-ff]
[    0.701276] PCI: ECAM [mem 0xb0000000-0xbfffffff] reserved as E820 entry
[    0.702282] PCI: Using configuration type 1 for base access
[    0.703342] kprobes: kprobe jump-optimization is enabled. All kprobes are optimized if possible.
[    0.706373] HugeTLB: registered 2.00 MiB page size, pre-allocated 0 pages
[    0.707275] HugeTLB: 28 KiB vmemmap can be freed for a 2.00 MiB page
[    0.709373] ACPI: Added _OSI(Module Device)
[    0.710275] ACPI: Added _OSI(Processor Device)
[    0.711275] ACPI: Added _OSI(Processor Aggregator Device)
[    0.712764] ACPI: 1 ACPI AML tables successfully acquired and loaded
[    0.718315] ACPI: Interpreter enabled
[    0.719287] ACPI: PM: (supports S0 S3 S4 S5)
[    0.720275] ACPI: Using IOAPIC for interrupt routing
[    0.721293] PCI: Using host bridge windows from ACPI; if necessary, use "pci=nocrs" and report a bug
[    0.722275] PCI: Using E820 reservations for host bridge windows
[    0.723360] ACPI: Enabled 2 GPEs in block 00 to 3F
[    0.727025] ACPI: PCI Root Bridge [PCI0] (domain 0000 [bus 00-ff])
[    0.727278] acpi PNP0A08:00: _OSC: OS supports [ExtendedConfig ASPM ClockPM Segments MSI HPX-Type3]
[    0.728308] acpi PNP0A08:00: _OSC: platform does not support [LTR]
[    0.729316] acpi PNP0A08:00: _OSC: OS now controls [PME PCIeCapability]
[    0.730321] PCI host bridge to bus 0000:00
[    0.731278] pci_bus 0000:00: root bus resource [io  0x0000-0x0cf7 window]
[    0.732275] pci_bus 0000:00: root bus resource [io  0x0d00-0xffff window]
[    0.733275] pci_bus 0000:00: root bus resource [mem 0x000a0000-0x000bffff window]
[    0.734275] pci_bus 0000:00: root bus resource [mem 0x80000000-0xafffffff window]
[    0.735275] pci_bus 0000:00: root bus resource [mem 0xc0000000-0xfebfffff window]
[    0.736275] pci_bus 0000:00: root bus resource [mem 0x100000000-0x8ffffffff window]
[    0.737276] pci_bus 0000:00: root bus resource [bus 00-ff]
[    0.738416] pci 0000:00:00.0: [8086:29c0] type 00 class 0x060000 conventional PCI endpoint
[    0.740529] pci 0000:00:01.0: [1234:1111] type 00 class 0x030000 conventional PCI endpoint
[    0.743288] pci 0000:00:01.0: BAR 0 [mem 0xfd000000-0xfdffffff pref]
[    0.747287] pci 0000:00:01.0: BAR 2 [mem 0xfebd4000-0xfebd4fff]
[    0.752760] pci 0000:00:01.0: ROM [mem 0xfebc0000-0xfebcffff pref]
[    0.753422] pci 0000:00:01.0: Video device with shadowed ROM at [mem 0x000c0000-0x000dffff]
[    0.755450] pci 0000:00:02.0: [8086:10d3] type 00 class 0x020000 PCIe Root Complex Integrated Endpoint
[    0.758274] pci 0000:00:02.0: BAR 0 [mem 0xfeb80000-0xfeb9ffff]
[    0.761274] pci 0000:00:02.0: BAR 1 [mem 0xfeba0000-0xfebbffff]
[    0.763274] pci 0000:00:02.0: BAR 2 [io  0xc040-0xc05f]
[    0.765693] pci 0000:00:02.0: BAR 3 [mem 0xfebd0000-0xfebd3fff]
[    0.770274] pci 0000:00:02.0: ROM [mem 0xfeb00000-0xfeb7ffff pref]
[    0.774476] pci 0000:00:1f.0: [8086:2918] type 00 class 0x060100 conventional PCI endpoint
[    0.777475] pci 0000:00:1f.0: quirk: [io  0x0600-0x067f] claimed by ICH6 ACPI/GPIO/TCO
[    0.779321] pci 0000:00:1f.2: [8086:2922] type 00 class 0x010601 conventional PCI endpoint
[    0.785642] pci 0000:00:1f.2: BAR 4 [io  0xc060-0xc07f]
[    0.787804] pci 0000:00:1f.2: BAR 5 [mem 0xfebd5000-0xfebd5fff]
[    0.790031] pci 0000:00:1f.3: [8086:2930] type 00 class 0x0c0500 conventional PCI endpoint
[    0.792766] pci 0000:00:1f.3: BAR 4 [io  0x0700-0x073f]
[    0.797316] ACPI: PCI: Interrupt link LNKA configured for IRQ 10
[    0.798396] ACPI: PCI: Interrupt link LNKB configured for IRQ 10
[    0.799392] ACPI: PCI: Interrupt link LNKC configured for IRQ 11
[    0.800407] ACPI: PCI: Interrupt link LNKD configured for IRQ 11
[    0.801392] ACPI: PCI: Interrupt link LNKE configured for IRQ 10
[    0.802393] ACPI: PCI: Interrupt link LNKF configured for IRQ 10
[    0.803436] ACPI: PCI: Interrupt link LNKG configured for IRQ 11
[    0.804391] ACPI: PCI: Interrupt link LNKH configured for IRQ 11
[    0.805350] ACPI: PCI: Interrupt link GSIA configured for IRQ 16
[    0.806284] ACPI: PCI: Interrupt link GSIB configured for IRQ 17
[    0.807283] ACPI: PCI: Interrupt link GSIC configured for IRQ 18
[    0.808283] ACPI: PCI: Interrupt link GSID configured for IRQ 19
[    0.809283] ACPI: PCI: Interrupt link GSIE configured for IRQ 20
[    0.810285] ACPI: PCI: Interrupt link GSIF configured for IRQ 21
[    0.811283] ACPI: PCI: Interrupt link GSIG configured for IRQ 22
[    0.812283] ACPI: PCI: Interrupt link GSIH configured for IRQ 23
[    0.813614] iommu: Default domain type: Translated
[    0.814275] iommu: DMA domain TLB invalidation policy: lazy mode
[    0.815325] SCSI subsystem initialized
[    0.817518] ACPI: bus type USB registered
[    0.818293] usbcore: registered new interface driver usbfs
[    0.819282] usbcore: registered new interface driver hub
[    0.820287] usbcore: registered new device driver usb
[    0.821288] pps_core: LinuxPPS API ver. 1 registered
[    0.822274] pps_core: Software ver. 5.3.6 - Copyright 2005-2007 Rodolfo Giometti <giometti@linux.it>
[    0.823283] PTP clock support registered
[    0.825320] Advanced Linux Sound Architecture Driver Initialized.
[    0.826392] NetLabel: Initializing
[    0.827274] NetLabel:  domain hash size = 128
[    0.828274] NetLabel:  protocols = UNLABELED CIPSOv4 CALIPSO
[    0.829289] NetLabel:  unlabeled traffic allowed by default
[    0.830422] PCI: Using ACPI for IRQ routing
[    1.019378] pci 0000:00:01.0: vgaarb: setting as boot VGA device
[    1.020272] pci 0000:00:01.0: vgaarb: bridge control possible
[    1.020272] pci 0000:00:01.0: vgaarb: VGA device added: decodes=io+mem,owns=io+mem,locks=none
[    1.020278] vgaarb: loaded
[    1.021335] hpet: 3 channels of 0 reserved for per-cpu timers
[    1.022303] hpet0: at MMIO 0xfed00000, IRQs 2, 8, 0
[    1.023274] hpet0: 3 comparators, 64-bit 100.000000 MHz counter
[    1.029453] clocksource: Switched to clocksource kvm-clock
[    1.034021] VFS: Disk quotas dquot_6.6.0
[    1.036900] VFS: Dquot-cache hash table entries: 512 (order 0, 4096 bytes)
[    1.042306] pnp: PnP ACPI init
[    1.044734] system 00:05: [mem 0xb0000000-0xbfffffff window] has been reserved
[    1.049578] pnp: PnP ACPI: found 6 devices
[    1.062416] clocksource: acpi_pm: mask: 0xffffff max_cycles: 0xffffff, max_idle_ns: 2085701024 ns
[    1.068115] NET: Registered PF_INET protocol family
[    1.072758] IP idents hash table entries: 32768 (order: 6, 262144 bytes, linear)
[    1.078190] tcp_listen_portaddr_hash hash table entries: 1024 (order: 2, 16384 bytes, linear)
[    1.084475] Table-perturb hash table entries: 65536 (order: 6, 262144 bytes, linear)
[    1.089713] TCP established hash table entries: 16384 (order: 5, 131072 bytes, linear)
[    1.095557] TCP bind hash table entries: 16384 (order: 7, 524288 bytes, linear)
[    1.102011] TCP: Hash tables configured (established 16384 bind 16384)
[    1.106775] UDP hash table entries: 1024 (order: 3, 32768 bytes, linear)
[    1.111339] UDP-Lite hash table entries: 1024 (order: 3, 32768 bytes, linear)
[    1.115863] NET: Registered PF_UNIX/PF_LOCAL protocol family
[    1.120043] RPC: Registered named UNIX socket transport module.
[    1.124034] RPC: Registered udp transport module.
[    1.127145] RPC: Registered tcp transport module.
[    1.130225] RPC: Registered tcp-with-tls transport module.
[    1.134240] RPC: Registered tcp NFSv4.1 backchannel transport module.
[    1.139387] pci_bus 0000:00: resource 4 [io  0x0000-0x0cf7 window]
[    1.143843] pci_bus 0000:00: resource 5 [io  0x0d00-0xffff window]
[    1.148270] pci_bus 0000:00: resource 6 [mem 0x000a0000-0x000bffff window]
[    1.152947] pci_bus 0000:00: resource 7 [mem 0x80000000-0xafffffff window]
[    1.157537] pci_bus 0000:00: resource 8 [mem 0xc0000000-0xfebfffff window]
[    1.162036] pci_bus 0000:00: resource 9 [mem 0x100000000-0x8ffffffff window]
[    1.166882] PCI: CLS 0 bytes, default 64
[    1.169677] clocksource: tsc: mask: 0xffffffffffffffff max_cycles: 0x233fd98c0cf, max_idle_ns: 440795209930 ns
[    1.169805] Unpacking initramfs...
[    1.184019] Initialise system trusted keyrings
[    1.187031] workingset: timestamp_bits=56 max_order=19 bucket_order=0
[    1.191097] NFS: Registering the id_resolver key type
[    1.194125] Key type id_resolver registered
[    1.196583] Key type id_legacy registered
[    1.199169] 9p: Installing v9fs 9p2000 file system support
[    1.213713] Key type asymmetric registered
[    1.216566] Asymmetric key parser 'x509' registered
[    1.220238] Block layer SCSI generic (bsg) driver version 0.4 loaded (major 251)
[    1.225568] io scheduler mq-deadline registered
[    1.228856] io scheduler kyber registered
[    1.232305] input: Power Button as /devices/LNXSYSTM:00/LNXPWRBN:00/input/input0
[    1.237797] ACPI: button: Power Button [PWRF]
[    1.241905] Serial: 8250/16550 driver, 4 ports, IRQ sharing enabled
[    1.246936] 00:03: ttyS0 at I/O 0x3f8 (irq = 4, base_baud = 115200) is a 16550A
[    1.253542] Non-volatile memory driver v1.3
[    1.256729] Linux agpgart interface v0.103
[    1.259893] ACPI: bus type drm_connector registered
[    1.267709] loop: module loaded
[    1.270357] ACPI: \_SB_.GSIA: Enabled at IRQ 16
[    1.275797] ahci 0000:00:1f.2: AHCI vers 0001.0000, 32 command slots, 1.5 Gbps, SATA mode
[    1.282038] ahci 0000:00:1f.2: 6/6 ports implemented (port mask 0x3f)
[    1.287100] ahci 0000:00:1f.2: flags: 64bit ncq only 
[    1.294270] scsi host0: ahci
[    1.296914] scsi host1: ahci
[    1.299642] scsi host2: ahci
[    1.302314] scsi host3: ahci
[    1.305202] scsi host4: ahci
[    1.308132] scsi host5: ahci
[    1.310450] ata1: SATA max UDMA/133 abar m4096@0xfebd5000 port 0xfebd5100 irq 24 lpm-pol 1
[    1.316623] ata2: SATA max UDMA/133 abar m4096@0xfebd5000 port 0xfebd5180 irq 24 lpm-pol 1
[    1.322813] ata3: SATA max UDMA/133 abar m4096@0xfebd5000 port 0xfebd5200 irq 24 lpm-pol 1
[    1.328886] ata4: SATA max UDMA/133 abar m4096@0xfebd5000 port 0xfebd5280 irq 24 lpm-pol 1
[    1.334648] ata5: SATA max UDMA/133 abar m4096@0xfebd5000 port 0xfebd5300 irq 24 lpm-pol 1
[    1.340343] ata6: SATA max UDMA/133 abar m4096@0xfebd5000 port 0xfebd5380 irq 24 lpm-pol 1
[    1.346026] e100: Intel(R) PRO/100 Network Driver
[    1.349467] e100: Copyright(c) 1999-2006 Intel Corporation
[    1.353522] e1000: Intel(R) PRO/1000 Network Driver
[    1.356961] e1000: Copyright (c) 1999-2006 Intel Corporation.
[    1.361296] e1000e: Intel(R) PRO/1000 Network Driver
[    1.364677] e1000e: Copyright(c) 1999 - 2015 Intel Corporation.
[    1.369501] ACPI: \_SB_.GSIG: Enabled at IRQ 22
[    1.374138] e1000e 0000:00:02.0: Interrupt Throttling Rate (ints/sec) set to dynamic conservative mode
[    1.422347] e1000e 0000:00:02.0 0000:00:02.0 (uninitialized): registered PHC clock
[    1.482317] e1000e 0000:00:02.0 eth0: (PCI Express:2.5GT/s:Width x1) 52:54:00:12:34:56
[    1.488369] e1000e 0000:00:02.0 eth0: Intel(R) PRO/1000 Network Connection
[    1.493663] e1000e 0000:00:02.0 eth0: MAC: 3, PHY: 8, PBA No: 000000-000
[    1.498764] sky2: driver version 1.30
[    1.501848] usbcore: registered new interface driver usblp
[    1.506140] usbcore: registered new interface driver usb-storage
[    1.510257] i8042: PNP: PS/2 Controller [PNP0303:KBD,PNP0f13:MOU] at 0x60,0x64 irq 1,12
[    1.511565] Freeing initrd memory: 18888K
[    1.519627] serio: i8042 KBD port at 0x60,0x64 irq 1
[    1.523092] serio: i8042 AUX port at 0x60,0x64 irq 12
[    1.526831] rtc_cmos 00:04: RTC can wake from S4
[    1.530920] input: AT Translated Set 2 keyboard as /devices/platform/i8042/serio0/input/input1
[    1.533851] rtc_cmos 00:04: registered as rtc0
[    1.540782] rtc_cmos 00:04: alarms up to one day, y3k, 242 bytes nvram, hpet irqs
[    1.546240] device-mapper: ioctl: 4.48.0-ioctl (2023-03-01) initialised: dm-devel@lists.linux.dev
[    1.547734] i801_smbus 0000:00:1f.3: SMBus using PCI interrupt
[    1.552712] amd_pstate: the _CPC object is not present in SBIOS or ACPI disabled
[    1.555545] i2c i2c-0: Memory type 0x07 not supported yet, not instantiating SPD
[    1.561017] hid: raw HID events driver (C) Jiri Kosina
[    1.569995] usbcore: registered new interface driver usbhid
[    1.574187] usbhid: USB HID core driver
[    1.580349] Initializing XFRM netlink socket
[    1.583652] NET: Registered PF_INET6 protocol family
[    1.588824] Segment Routing with IPv6
[    1.591524] In-situ OAM (IOAM) with IPv6
[    1.594520] sit: IPv6, IPv4 and MPLS over IPv4 tunneling driver
[    1.599080] NET: Registered PF_PACKET protocol family
[    1.602639] 9pnet: Installing 9P2000 support
[    1.605637] Key type dns_resolver registered
[    1.609960] IPI shorthand broadcast: enabled
[    1.615476] sched_clock: Marking stable (1119024364, 495568873)->(2026399760, -411806523)
[    1.621518] registered taskstats version 1
[    1.624359] Loading compiled-in X.509 certificates
[    1.628919] Demotion targets for Node 0: null
[    1.632145] PM:   Magic number: 14:245:796
[    1.635089] printk: legacy console [netcon0] enabled
[    1.638521] netconsole: network logging started
[    1.641805] cfg80211: Loading compiled-in X.509 certificates for regulatory database
[    1.647768] kworker/u16:0 (89) used greatest stack depth: 15048 bytes left
[    1.654452] Loaded X.509 cert 'sforshee: 00b28ddf47aef9cea7'
[    1.655737] kworker/u16:0 (90) used greatest stack depth: 14056 bytes left
[    1.660967] Loaded X.509 cert 'wens: 61c038651aabdcf94bd0ac7ff06c7248db18c600'
[    1.667267] ata1: SATA link down (SStatus 0 SControl 300)
[    1.670485] platform regulatory.0: Direct firmware load for regulatory.db failed with error -2
[    1.670489] cfg80211: failed to load regulatory.db
[    1.670505] ALSA device list:
[    1.670511]   No soundcards found.
[    1.692859] ata3: SATA link up 1.5 Gbps (SStatus 113 SControl 300)
[    1.697955] ata5: SATA link down (SStatus 0 SControl 300)
[    1.700961] ata3.00: LPM support broken, forcing max_power
[    1.704276] ata3.00: ATAPI: QEMU DVD-ROM, 2.5+, max UDMA/100
[    1.707642] ata3.00: applying bridge limits
[    1.710078] ata4: SATA link down (SStatus 0 SControl 300)
[    1.713181] ata6: SATA link down (SStatus 0 SControl 300)
[    1.715176] ata3.00: LPM support broken, forcing max_power
[    1.717697] ata3.00: configured for UDMA/100
[    1.719951] ata2: SATA link down (SStatus 0 SControl 300)
[    1.723203] scsi 2:0:0:0: CD-ROM            QEMU     QEMU DVD-ROM     2.5+ PQ: 0 ANSI: 5
[    1.741208] sr 2:0:0:0: [sr0] scsi3-mmc drive: 4x/4x cd/rw xa/form2 tray
[    1.757000] cdrom: Uniform CD-ROM driver Revision: 3.20
[    1.766395] sr 2:0:0:0: Attached scsi generic sg0 type 5
[    1.770394] Freeing unused kernel image (initmem) memory: 2800K
[    1.773630] Write protecting the kernel read-only data: 26624k
[    1.777542] Freeing unused kernel image (rodata/data gap) memory: 1092K
[    1.811474] x86/mm: Checked W+X mappings: passed, no W+X pages found.
[    1.815125] Run /init as init process
[    1.820735] mount (94) used greatest stack depth: 13992 bytes left
[    1.823137] mount (95) used greatest stack depth: 13688 bytes left
[    1.826626] mount (96) used greatest stack depth: 13672 bytes left
BOOTMARK userspace-up
Linux (none) 6.12.111 #1 SMP PREEMPT_DYNAMIC Thu Oct  1 11:09:58 UTC 2026 x86_64 GNU/Linux
BOOTMARK insmod-start
[    2.039115] input: ImExPS/2 Generic Explorer Mouse as /devices/platform/i8042/serio1/input/input3
[    2.053810] mali mali.0: Kernel DDK version r54p0-01eac0
[    2.056883] mali mali.0: Using Dummy Model
[    2.059266] mali mali.0: GPU metrics tracepoint support enabled
[    2.062499] mali mali.0: Register LUT 000e0800 initialized for GPU arch 0x000e0805
[    2.066846] mali mali.0: GPU identified as 0x0 arch 14.8.5 r0p0 status 0
[    2.070734] mali mali.0: _find_key: OPP table not found (-19)
[    2.074100] mali mali.0: No OPPs found in device tree! Scaling timeouts using 100000 kHz
[    2.078927] mali mali.0: Large page allocation set to true after hardware feature check
[    2.085843] Dummy model register access: Reading unsupported register 0xf10. Returning 0
[    2.090157] Dummy model register access: Writing unsupported register 0xf10 value 0x0
[    2.094139] Dummy model register access: Writing unsupported register 0x88 value 0x0
[    2.097959] Dummy model register access: Writing unsupported register 0x8c value 0x0
[    2.101887] Dummy model register access: Writing unsupported register 0x88 value 0x181e46
[    2.106097] Dummy model register access: Writing unsupported register 0x8c value 0x0
[    2.110028] Dummy model register access: Writing unsupported register 0x41030 value 0x0
[    2.113304] Dummy model register access: Writing unsupported register 0x41034 value 0x0
[    2.116577] mali mali.0: Clock not available for devfreq
[    2.119670] mali mali.0: Continuing without devfreq
[    2.122783] mali mali.0: * MALI kbase_mmap_min_addr compiled to CONFIG_LSM_MMAP_MIN_ADDR, no runtime update possible! *
[    2.128955] mali mali.0: Probed as mali0
BOOTMARK insmod-rc 0
Module                  Size  Used by    Not tainted
mali_kbase           2351104  0 
BOOTMARK kcov-start
no /sys/kernel/debug/kcov - kernel built without KCOV (expected [    2.142160] Dummy model register access: Writing unsupported register 0x40120 value 0x3fff
on non-kcov prof[    2.146926] Dummy model register access: Writing unsupported register 0x40124 value 0x0
iles)
BOOTMARK probe-start
PROBE build              kbase-probe, EL0 ioctl exerciser
PROBE device             /dev/mali0
PROBE version_check       negotiated major=1 minor=36 (proposed 1.36)
PROBE gpuprops_size       773 bytes
PROBE gpuprops product_id=0x0006 version_status=0xe850 major=9 minor=0
PROBE gpuprops gpu_freq_khz_max=851968 log2_pc_size=0 num_exec_engines=15 log2_l2_line_size=255
PROBE gpuprops raw gpu_id=0x0000000000000100
PROBE mem_alloc           gpu_va=0x41000 out_flags=0x200f (SAME_VA cookie)
PROBE mmap                bound cookie 0x41000 -> cpu=gpu=0x7f7895ee7000
PROBE mem_query           commit_size=0 bytes
PROBE summary             passed=0x1ff failed=0x000
BOOTMARK probe-rc 255
BOOTMARK kcov-end
BOOTMARK dmesg-start
[    2.053810] mali mali.0: Kernel DDK version r54p0-01eac0
[    2.056883] mali mali.0: Using Dummy Model
[    2.059266] mali mali.0: GPU metrics tracepoint support enabled
[    2.062499] mali mali.0: Register LUT 000e0800 initialized for GPU arch 0x000e0805
[    2.066846] mali mali.0: GPU identified as 0x0 arch 14.8.5 r0p0 status 0
[    2.070734] mali mali.0: _find_key: OPP table not found (-19)
[    2.074100] mali mali.0: No OPPs found in device tree! Scaling timeouts using 100000 kHz
[    2.078927] mali mali.0: Large page allocation set to true after hardware feature check
[    2.116577] mali mali.0: Clock not available for devfreq
[    2.119670] mali mali.0: Continuing without devfreq
[    2.122783] mali mali.0: * MALI kbase_mmap_min_addr compiled to CONFIG_LSM_MMAP_MIN_ADDR, no runtime update possible! *
[    2.128955] mali mali.0: Probed as mali0
BOOTMARK dmesg-end
BOOTMARK poweroff
[    2.229932] e1000e: EEE TX LPI TIMER: 00000000
[    2.234001] ACPI: PM: Preparing to enter system sleep state S5
[    2.236143] reboot: Power down

CLEAN-LOCATION: debug
  bundle:    artifacts/debug  (sha256sum -c clean before and after the boot)
  booted from: /tmp/portable-test-debug  with the repo's build/ tree renamed away
  strict-artifact: yes (no build/ fallback permitted)
  at:          2026-10-01T18:47:06Z
