c[?7l[2J[0mSeaBIOS (version 1.16.3-debian-1.16.3-2)


iPXE (https://ipxe.org) 00:02.0 CA00 PCI2.10 PnP PMM+7EFCAB60+7EF0AB60 CA00
Press Ctrl-B to configure iPXE (PCI 00:02.0)...                                                                               


Booting from ROM..c[?7l[2J[0m.[    0.000000] Linux version 6.12.111 (codespace@codespaces-5d341e) (gcc (Ubuntu 13.3.0-6ubuntu2~24.04.1) 13.3.0, GNU ld (GNU Binutils for Ubuntu) 2.42) #1 SMP PREEMPT_DYNAMIC Thu Oct  1 09:17:31 UTC 2026
[    0.000000] Command line: console=ttyS0 panic=-1 rdinit=/init loglevel=7
[    0.000000] BIOS-provided physical RAM map:
[    0.000000] BIOS-e820: [mem 0x0000000000000000-0x000000000009fbff] usable
[    0.000000] BIOS-e820: [mem 0x000000000009fc00-0x000000000009ffff] reserved
[    0.000000] BIOS-e820: [mem 0x00000000000f0000-0x00000000000fffff] reserved
[    0.000000] BIOS-e820: [mem 0x0000000000100000-0x000000007ffdefff] usable
[    0.000000] BIOS-e820: [mem 0x000000007ffdf000-0x000000007fffffff] reserved
[    0.000000] BIOS-e820: [mem 0x00000000b0000000-0x00000000bfffffff] reserved
[    0.000000] BIOS-e820: [mem 0x00000000fed1c000-0x00000000fed1ffff] reserved
[    0.000000] BIOS-e820: [mem 0x00000000feffc000-0x00000000feffffff] reserved
[    0.000000] BIOS-e820: [mem 0x00000000fffc0000-0x00000000ffffffff] reserved
[    0.000000] BIOS-e820: [mem 0x000000fd00000000-0x000000ffffffffff] reserved
[    0.000000] NX (Execute Disable) protection: active
[    0.000000] APIC: Static calls initialized
[    0.000000] SMBIOS 3.0.0 present.
[    0.000000] DMI: QEMU Standard PC (Q35 + ICH9, 2009), BIOS 1.16.3-debian-1.16.3-2 04/01/2014
[    0.000000] DMI: Memory slots populated: 1/1
[    0.000000] Hypervisor detected: KVM
[    0.000000] last_pfn = 0x7ffdf max_arch_pfn = 0x400000000
[    0.000000] kvm-clock: Using msrs 4b564d01 and 4b564d00
[    0.000001] kvm-clock: using sched offset of 621932652 cycles
[    0.000004] clocksource: kvm-clock: mask: 0xffffffffffffffff max_cycles: 0x1cd42e4dffb, max_idle_ns: 881590591483 ns
[    0.000010] tsc: Detected 2445.428 MHz processor
[    0.004412] last_pfn = 0x7ffdf max_arch_pfn = 0x400000000
[    0.004584] MTRR map: 4 entries (3 fixed + 1 variable; max 19), built from 8 variable MTRRs
[    0.004595] x86/PAT: Configuration [0-7]: WB  WC  UC- UC  WB  WP  UC- WT  
[    0.007971] found SMP MP-table at [mem 0x000f5480-0x000f548f]
[    0.010083] RAMDISK: [mem 0x7fda2000-0x7ffcffff]
[    0.010177] ACPI: Early table checksum verification disabled
[    0.010218] ACPI: RSDP 0x00000000000F52C0 000014 (v00 BOCHS )
[    0.010235] ACPI: RSDT 0x000000007FFE2425 000038 (v01 BOCHS  BXPC     00000001 BXPC 00000001)
[    0.010247] ACPI: FACP 0x000000007FFE2205 0000F4 (v03 BOCHS  BXPC     00000001 BXPC 00000001)
[    0.010259] ACPI: DSDT 0x000000007FFE0040 0021C5 (v01 BOCHS  BXPC     00000001 BXPC 00000001)
[    0.010268] ACPI: FACS 0x000000007FFE0000 000040
[    0.010274] ACPI: APIC 0x000000007FFE22F9 000090 (v03 BOCHS  BXPC     00000001 BXPC 00000001)
[    0.010283] ACPI: HPET 0x000000007FFE2389 000038 (v01 BOCHS  BXPC     00000001 BXPC 00000001)
[    0.010291] ACPI: MCFG 0x000000007FFE23C1 00003C (v01 BOCHS  BXPC     00000001 BXPC 00000001)
[    0.010300] ACPI: WAET 0x000000007FFE23FD 000028 (v01 BOCHS  BXPC     00000001 BXPC 00000001)
[    0.010307] ACPI: Reserving FACP table memory at [mem 0x7ffe2205-0x7ffe22f8]
[    0.010311] ACPI: Reserving DSDT table memory at [mem 0x7ffe0040-0x7ffe2204]
[    0.010314] ACPI: Reserving FACS table memory at [mem 0x7ffe0000-0x7ffe003f]
[    0.010317] ACPI: Reserving APIC table memory at [mem 0x7ffe22f9-0x7ffe2388]
[    0.010320] ACPI: Reserving HPET table memory at [mem 0x7ffe2389-0x7ffe23c0]
[    0.010323] ACPI: Reserving MCFG table memory at [mem 0x7ffe23c1-0x7ffe23fc]
[    0.010326] ACPI: Reserving WAET table memory at [mem 0x7ffe23fd-0x7ffe2424]
[    0.011410] No NUMA configuration found
[    0.011413] Faking a node at [mem 0x0000000000000000-0x000000007ffdefff]
[    0.011446] NODE_DATA(0) allocated [mem 0x7ffdb940-0x7ffdefff]
[    0.011469] Zone ranges:
[    0.011470]   DMA      [mem 0x0000000000001000-0x0000000000ffffff]
[    0.011475]   DMA32    [mem 0x0000000001000000-0x000000007ffdefff]
[    0.011479]   Normal   empty
[    0.011481] Movable zone start for each node
[    0.011483] Early memory node ranges
[    0.011484]   node   0: [mem 0x0000000000001000-0x000000000009efff]
[    0.011488]   node   0: [mem 0x0000000000100000-0x000000007ffdefff]
[    0.011492] Initmem setup node 0 [mem 0x0000000000001000-0x000000007ffdefff]
[    0.013029] On node 0, zone DMA: 1 pages in unavailable ranges
[    0.013176] On node 0, zone DMA: 97 pages in unavailable ranges
[    0.039793] On node 0, zone DMA32: 33 pages in unavailable ranges
[    0.040937] ACPI: PM-Timer IO Port: 0x608
[    0.040959] ACPI: LAPIC_NMI (acpi_id[0xff] dfl dfl lint[0x1])
[    0.041045] IOAPIC[0]: apic_id 0, version 17, address 0xfec00000, GSI 0-23
[    0.041052] ACPI: INT_SRC_OVR (bus 0 bus_irq 0 global_irq 2 dfl dfl)
[    0.041056] ACPI: INT_SRC_OVR (bus 0 bus_irq 5 global_irq 5 high level)
[    0.041060] ACPI: INT_SRC_OVR (bus 0 bus_irq 9 global_irq 9 high level)
[    0.041064] ACPI: INT_SRC_OVR (bus 0 bus_irq 10 global_irq 10 high level)
[    0.041068] ACPI: INT_SRC_OVR (bus 0 bus_irq 11 global_irq 11 high level)
[    0.041076] ACPI: Using ACPI (MADT) for SMP configuration information
[    0.041079] ACPI: HPET id: 0x8086a201 base: 0xfed00000
[    0.041092] CPU topo: Max. logical packages:   1
[    0.041094] CPU topo: Max. logical dies:       1
[    0.041095] CPU topo: Max. dies per package:   1
[    0.041102] CPU topo: Max. threads per core:   1
[    0.041104] CPU topo: Num. cores per package:     4
[    0.041106] CPU topo: Num. threads per package:   4
[    0.041108] CPU topo: Allowing 4 present CPUs plus 0 hotplug CPUs
[    0.041153] kvm-guest: APIC: eoi() replaced with kvm_guest_apic_eoi_write()
[    0.041311] PM: hibernation: Registered nosave memory: [mem 0x00000000-0x00000fff]
[    0.041317] PM: hibernation: Registered nosave memory: [mem 0x0009f000-0x000fffff]
[    0.041321] [mem 0xc0000000-0xfed1bfff] available for PCI devices
[    0.041324] Booting paravirtualized kernel on KVM
[    0.041328] clocksource: refined-jiffies: mask: 0xffffffff max_cycles: 0xffffffff, max_idle_ns: 1910969940391419 ns
[    0.047448] setup_percpu: NR_CPUS:64 nr_cpumask_bits:4 nr_cpu_ids:4 nr_node_ids:1
[    0.048864] percpu: Embedded 56 pages/cpu s192216 r8192 d28968 u524288
[    0.049165] Kernel command line: console=ttyS0 panic=-1 rdinit=/init loglevel=7
[    0.050400] Dentry cache hash table entries: 262144 (order: 9, 2097152 bytes, linear)
[    0.050466] Inode-cache hash table entries: 131072 (order: 8, 1048576 bytes, linear)
[    0.050688] Fallback order for Node 0: 0 
[    0.050694] Built 1 zonelists, mobility grouping on.  Total pages: 524157
[    0.050698] Policy zone: DMA32
[    0.050700] mem auto-init: stack:all(zero), heap alloc:off, heap free:off
[    0.053692] SLUB: HWalign=64, Order=0-3, MinObjects=0, CPUs=4, Nodes=1
[    0.056008] Dynamic Preempt: voluntary
[    0.057882] rcu: Preemptible hierarchical RCU implementation.
[    0.057885] rcu: 	RCU event tracing is enabled.
[    0.057887] rcu: 	RCU restricting CPUs from NR_CPUS=64 to nr_cpu_ids=4.
[    0.057890] 	Trampoline variant of Tasks RCU enabled.
[    0.057892] 	Tracing variant of Tasks RCU enabled.
[    0.057893] rcu: RCU calculated value of scheduler-enlistment delay is 100 jiffies.
[    0.057896] rcu: Adjusting geometry for rcu_fanout_leaf=16, nr_cpu_ids=4
[    0.057904] RCU Tasks: Setting shift to 2 and lim to 1 rcu_task_cb_adjust=1 rcu_task_cpu_ids=4.
[    0.057909] RCU Tasks Trace: Setting shift to 2 and lim to 1 rcu_task_cb_adjust=1 rcu_task_cpu_ids=4.
[    0.071246] NR_IRQS: 4352, nr_irqs: 456, preallocated irqs: 16
[    0.073091] rcu: srcu_init: Setting srcu_struct sizes based on contention.
[    0.073231] clocksource: jiffies: mask: 0xffffffff max_cycles: 0xffffffff, max_idle_ns: 1911260446275000 ns
[    0.088089] Console: colour VGA+ 80x25
[    0.088193] printk: legacy console [ttyS0] enabled
[    0.648188] ACPI: Core revision 20240827
[    0.663340] clocksource: hpet: mask: 0xffffffff max_cycles: 0xffffffff, max_idle_ns: 19112604467 ns
[    0.685726] APIC: Switch to symmetric I/O mode setup
[    0.703162] ..TIMER: vector=0x30 apic1=0 pin1=2 apic2=-1 pin2=-1
[    0.710832] clocksource: tsc-early: mask: 0xffffffffffffffff max_cycles: 0x233fd98c0cf, max_idle_ns: 440795209930 ns
[    0.721794] Calibrating delay loop (skipped) preset value.. 4890.85 BogoMIPS (lpj=2445428)
[    0.724885] Last level iTLB entries: 4KB 512, 2MB 255, 4MB 127
[    0.725627] Last level dTLB entries: 4KB 512, 2MB 255, 4MB 127, 1GB 0
[    0.726678] Spectre V1 : Mitigation: usercopy/swapgs barriers and __user pointer sanitization
[    0.727632] Spectre V2 : Mitigation: Retpolines
[    0.728627] Spectre V2 : Spectre v2 / SpectreRSB: Filling RSB on context switch and VMEXIT
[    0.730668] x86/fpu: x87 FPU will use FXSAVE
[    0.781833] Freeing SMP alternatives memory: 48K
[    0.783910] pid_max: default: 32768 minimum: 301
[    0.784805] LSM: initializing lsm=capability,selinux
[    0.785673] SELinux:  Initializing.
[    0.787092] Mount-cache hash table entries: 4096 (order: 3, 32768 bytes, linear)
[    0.787632] Mountpoint-cache hash table entries: 4096 (order: 3, 32768 bytes, linear)
[    0.891343] smpboot: CPU0: AMD QEMU Virtual CPU version 2.5+ (family: 0xf, model: 0x6b, stepping: 0x1)
[    0.891967] Performance Events: PMU not available due to virtualization, using software events only.
[    0.895635] signal: max sigframe size: 1440
[    0.896702] rcu: Hierarchical SRCU implementation.
[    0.897628] rcu: 	Max phase no-delay instances is 400.
[    0.898730] Timer migration: 1 hierarchy levels; 8 children per group; 1 crossnode level
[    0.900802] smp: Bringing up secondary CPUs ...
[    0.902628] smpboot: x86: Booting SMP configuration:
[    0.904625] .... node  #0, CPUs:      #1 #2 #3
[    0.915793] smp: Brought up 1 node, 4 CPUs
[    0.917630] smpboot: Total of 4 processors activated (19563.42 BogoMIPS)
[    0.921959] Memory: 2004848K/2096628K available (22528K kernel code, 2863K rwdata, 7100K rodata, 5388K init, 1244K bss, 86812K reserved, 0K cma-reserved)
[    0.923930] devtmpfs: initialized
[    0.925779] futex hash table entries: 1024 (order: 4, 65536 bytes, linear)
[    0.927627] PM: RTC time: 09:39:41, date: 2026-10-01
[    0.930002] NET: Registered PF_NETLINK/PF_ROUTE protocol family
[    0.930942] audit: initializing netlink subsys (disabled)
[    0.932662] audit: type=2000 audit(1790847581.542:1): state=initialized audit_enabled=0 res=1
[    0.933053] thermal_sys: Registered thermal governor 'step_wise'
[    0.933627] thermal_sys: Registered thermal governor 'user_space'
[    0.934686] cpuidle: using governor menu
[    0.938329] PCI: ECAM [mem 0xb0000000-0xbfffffff] (base 0xb0000000) for domain 0000 [bus 00-ff]
[    0.938634] PCI: ECAM [mem 0xb0000000-0xbfffffff] reserved as E820 entry
[    0.939699] PCI: Using configuration type 1 for base access
[    0.941722] kprobes: kprobe jump-optimization is enabled. All kprobes are optimized if possible.
[    0.943854] HugeTLB: registered 2.00 MiB page size, pre-allocated 0 pages
[    0.949628] HugeTLB: 28 KiB vmemmap can be freed for a 2.00 MiB page
[    0.957658] ACPI: Added _OSI(Module Device)
[    0.961629] ACPI: Added _OSI(Processor Device)
[    0.968631] ACPI: Added _OSI(Processor Aggregator Device)
[    0.975835] ACPI: 1 ACPI AML tables successfully acquired and loaded
[    0.986214] ACPI: Interpreter enabled
[    0.986683] ACPI: PM: (supports S0 S3 S4 S5)
[    0.987627] ACPI: Using IOAPIC for interrupt routing
[    0.988712] PCI: Using host bridge windows from ACPI; if necessary, use "pci=nocrs" and report a bug
[    0.989627] PCI: Using E820 reservations for host bridge windows
[    0.990999] ACPI: Enabled 2 GPEs in block 00 to 3F
[    1.000114] ACPI: PCI Root Bridge [PCI0] (domain 0000 [bus 00-ff])
[    1.000642] acpi PNP0A08:00: _OSC: OS supports [ExtendedConfig ASPM ClockPM Segments MSI HPX-Type3]
[    1.002741] acpi PNP0A08:00: _OSC: platform does not support [LTR]
[    1.004791] acpi PNP0A08:00: _OSC: OS now controls [PME PCIeCapability]
[    1.005789] PCI host bridge to bus 0000:00
[    1.006636] pci_bus 0000:00: root bus resource [io  0x0000-0x0cf7 window]
[    1.007629] pci_bus 0000:00: root bus resource [io  0x0d00-0xffff window]
[    1.008628] pci_bus 0000:00: root bus resource [mem 0x000a0000-0x000bffff window]
[    1.009628] pci_bus 0000:00: root bus resource [mem 0x80000000-0xafffffff window]
[    1.010628] pci_bus 0000:00: root bus resource [mem 0xc0000000-0xfebfffff window]
[    1.011628] pci_bus 0000:00: root bus resource [mem 0x100000000-0x8ffffffff window]
[    1.012794] pci_bus 0000:00: root bus resource [bus 00-ff]
[    1.014700] pci 0000:00:00.0: [8086:29c0] type 00 class 0x060000 conventional PCI endpoint
[    1.017922] pci 0000:00:01.0: [1234:1111] type 00 class 0x030000 conventional PCI endpoint
[    1.020996] pci 0000:00:01.0: BAR 0 [mem 0xfd000000-0xfdffffff pref]
[    1.025847] pci 0000:00:01.0: BAR 2 [mem 0xfebd4000-0xfebd4fff]
[    1.035926] pci 0000:00:01.0: ROM [mem 0xfebc0000-0xfebcffff pref]
[    1.038228] pci 0000:00:01.0: Video device with shadowed ROM at [mem 0x000c0000-0x000dffff]
[    1.040866] pci 0000:00:02.0: [8086:10d3] type 00 class 0x020000 PCIe Root Complex Integrated Endpoint
[    1.043090] pci 0000:00:02.0: BAR 0 [mem 0xfeb80000-0xfeb9ffff]
[    1.045628] pci 0000:00:02.0: BAR 1 [mem 0xfeba0000-0xfebbffff]
[    1.047628] pci 0000:00:02.0: BAR 2 [io  0xc040-0xc05f]
[    1.050297] pci 0000:00:02.0: BAR 3 [mem 0xfebd0000-0xfebd3fff]
[    1.054628] pci 0000:00:02.0: ROM [mem 0xfeb00000-0xfeb7ffff pref]
[    1.058760] pci 0000:00:1f.0: [8086:2918] type 00 class 0x060100 conventional PCI endpoint
[    1.062123] pci 0000:00:1f.0: quirk: [io  0x0600-0x067f] claimed by ICH6 ACPI/GPIO/TCO
[    1.064166] pci 0000:00:1f.2: [8086:2922] type 00 class 0x010601 conventional PCI endpoint
[    1.071627] pci 0000:00:1f.2: BAR 4 [io  0xc060-0xc07f]
[    1.073976] pci 0000:00:1f.2: BAR 5 [mem 0xfebd5000-0xfebd5fff]
[    1.077359] pci 0000:00:1f.3: [8086:2930] type 00 class 0x0c0500 conventional PCI endpoint
[    1.080298] pci 0000:00:1f.3: BAR 4 [io  0x0700-0x073f]
[    1.086988] ACPI: PCI: Interrupt link LNKA configured for IRQ 10
[    1.087842] ACPI: PCI: Interrupt link LNKB configured for IRQ 10
[    1.088815] ACPI: PCI: Interrupt link LNKC configured for IRQ 11
[    1.089939] ACPI: PCI: Interrupt link LNKD configured for IRQ 11
[    1.090870] ACPI: PCI: Interrupt link LNKE configured for IRQ 10
[    1.091873] ACPI: PCI: Interrupt link LNKF configured for IRQ 10
[    1.092950] ACPI: PCI: Interrupt link LNKG configured for IRQ 11
[    1.093913] ACPI: PCI: Interrupt link LNKH configured for IRQ 11
[    1.094742] ACPI: PCI: Interrupt link GSIA configured for IRQ 16
[    1.095667] ACPI: PCI: Interrupt link GSIB configured for IRQ 17
[    1.096663] ACPI: PCI: Interrupt link GSIC configured for IRQ 18
[    1.097651] ACPI: PCI: Interrupt link GSID configured for IRQ 19
[    1.099635] ACPI: PCI: Interrupt link GSIE configured for IRQ 20
[    1.100663] ACPI: PCI: Interrupt link GSIF configured for IRQ 21
[    1.102663] ACPI: PCI: Interrupt link GSIG configured for IRQ 22
[    1.103662] ACPI: PCI: Interrupt link GSIH configured for IRQ 23
[    1.106933] iommu: Default domain type: Translated
[    1.107628] iommu: DMA domain TLB invalidation policy: lazy mode
[    1.109388] SCSI subsystem initialized
[    1.112101] ACPI: bus type USB registered
[    1.112745] usbcore: registered new interface driver usbfs
[    1.113665] usbcore: registered new interface driver hub
[    1.114646] usbcore: registered new device driver usb
[    1.115745] pps_core: LinuxPPS API ver. 1 registered
[    1.116627] pps_core: Software ver. 5.3.6 - Copyright 2005-2007 Rodolfo Giometti <giometti@linux.it>
[    1.117645] PTP clock support registered
[    1.119951] Advanced Linux Sound Architecture Driver Initialized.
[    1.123984] NetLabel: Initializing
[    1.124626] NetLabel:  domain hash size = 128
[    1.125627] NetLabel:  protocols = UNLABELED CIPSOv4 CALIPSO
[    1.126751] NetLabel:  unlabeled traffic allowed by default
[    1.128688] PCI: Using ACPI for IRQ routing
[    1.334842] pci 0000:00:01.0: vgaarb: setting as boot VGA device
[    1.335622] pci 0000:00:01.0: vgaarb: bridge control possible
[    1.335622] pci 0000:00:01.0: vgaarb: VGA device added: decodes=io+mem,owns=io+mem,locks=none
[    1.335632] vgaarb: loaded
[    1.337710] hpet: 3 channels of 0 reserved for per-cpu timers
[    1.338693] hpet0: at MMIO 0xfed00000, IRQs 2, 8, 0
[    1.339626] hpet0: 3 comparators, 64-bit 100.000000 MHz counter
[    1.356939] clocksource: Switched to clocksource kvm-clock
[    1.724198] kwatchdog (54) used greatest stack depth: 15488 bytes left
[    1.759127] VFS: Disk quotas dquot_6.6.0
[    1.762540] VFS: Dquot-cache hash table entries: 512 (order 0, 4096 bytes)
[    1.769267] pnp: PnP ACPI init
[    1.772665] system 00:05: [mem 0xb0000000-0xbfffffff window] has been reserved
[    1.778940] pnp: PnP ACPI: found 6 devices
[    1.798853] clocksource: acpi_pm: mask: 0xffffff max_cycles: 0xffffff, max_idle_ns: 2085701024 ns
[    1.805339] NET: Registered PF_INET protocol family
[    1.809312] IP idents hash table entries: 32768 (order: 6, 262144 bytes, linear)
[    1.815929] tcp_listen_portaddr_hash hash table entries: 1024 (order: 2, 16384 bytes, linear)
[    1.822617] Table-perturb hash table entries: 65536 (order: 6, 262144 bytes, linear)
[    1.828534] TCP established hash table entries: 16384 (order: 5, 131072 bytes, linear)
[    1.834642] TCP bind hash table entries: 16384 (order: 7, 524288 bytes, linear)
[    1.840386] TCP: Hash tables configured (established 16384 bind 16384)
[    1.845547] UDP hash table entries: 1024 (order: 3, 32768 bytes, linear)
[    1.850567] UDP-Lite hash table entries: 1024 (order: 3, 32768 bytes, linear)
[    1.856531] NET: Registered PF_UNIX/PF_LOCAL protocol family
[    1.862043] RPC: Registered named UNIX socket transport module.
[    1.866645] RPC: Registered udp transport module.
[    1.870367] RPC: Registered tcp transport module.
[    1.874012] RPC: Registered tcp-with-tls transport module.
[    1.878206] RPC: Registered tcp NFSv4.1 backchannel transport module.
[    1.884210] pci_bus 0000:00: resource 4 [io  0x0000-0x0cf7 window]
[    1.888819] pci_bus 0000:00: resource 5 [io  0x0d00-0xffff window]
[    1.893518] pci_bus 0000:00: resource 6 [mem 0x000a0000-0x000bffff window]
[    1.898990] pci_bus 0000:00: resource 7 [mem 0x80000000-0xafffffff window]
[    1.904048] pci_bus 0000:00: resource 8 [mem 0xc0000000-0xfebfffff window]
[    1.907777] pci_bus 0000:00: resource 9 [mem 0x100000000-0x8ffffffff window]
[    1.911399] PCI: CLS 0 bytes, default 64
[    1.913898] clocksource: tsc: mask: 0xffffffffffffffff max_cycles: 0x233fd98c0cf, max_idle_ns: 440795209930 ns
[    1.913967] Unpacking initramfs...
[    1.929841] Initialise system trusted keyrings
[    1.934191] workingset: timestamp_bits=56 max_order=19 bucket_order=0
[    1.938197] NFS: Registering the id_resolver key type
[    1.942247] Key type id_resolver registered
[    1.944981] Key type id_legacy registered
[    1.948862] 9p: Installing v9fs 9p2000 file system support
[    1.974040] Key type asymmetric registered
[    1.977107] Asymmetric key parser 'x509' registered
[    1.981024] Block layer SCSI generic (bsg) driver version 0.4 loaded (major 251)
[    1.985565] io scheduler mq-deadline registered
[    1.989473] io scheduler kyber registered
[    1.994910] input: Power Button as /devices/LNXSYSTM:00/LNXPWRBN:00/input/input0
[    2.002893] ACPI: button: Power Button [PWRF]
[    2.008557] Serial: 8250/16550 driver, 4 ports, IRQ sharing enabled
[    2.014114] 00:03: ttyS0 at I/O 0x3f8 (irq = 4, base_baud = 115200) is a 16550A
[    2.022772] Non-volatile memory driver v1.3
[    2.025713] Linux agpgart interface v0.103
[    2.029007] ACPI: bus type drm_connector registered
[    2.039966] loop: module loaded
[    2.043040] ACPI: \_SB_.GSIA: Enabled at IRQ 16
[    2.048492] ahci 0000:00:1f.2: AHCI vers 0001.0000, 32 command slots, 1.5 Gbps, SATA mode
[    2.055493] ahci 0000:00:1f.2: 6/6 ports implemented (port mask 0x3f)
[    2.060027] ahci 0000:00:1f.2: flags: 64bit ncq only 
[    2.060596] Freeing initrd memory: 2232K
[    2.069028] scsi host0: ahci
[    2.072076] scsi host1: ahci
[    2.076387] scsi host2: ahci
[    2.079530] scsi host3: ahci
[    2.083179] scsi host4: ahci
[    2.086286] scsi host5: ahci
[    2.088717] ata1: SATA max UDMA/133 abar m4096@0xfebd5000 port 0xfebd5100 irq 24 lpm-pol 1
[    2.095688] ata2: SATA max UDMA/133 abar m4096@0xfebd5000 port 0xfebd5180 irq 24 lpm-pol 1
[    2.103209] ata3: SATA max UDMA/133 abar m4096@0xfebd5000 port 0xfebd5200 irq 24 lpm-pol 1
[    2.109390] ata4: SATA max UDMA/133 abar m4096@0xfebd5000 port 0xfebd5280 irq 24 lpm-pol 1
[    2.115947] ata5: SATA max UDMA/133 abar m4096@0xfebd5000 port 0xfebd5300 irq 24 lpm-pol 1
[    2.122286] ata6: SATA max UDMA/133 abar m4096@0xfebd5000 port 0xfebd5380 irq 24 lpm-pol 1
[    2.128907] e100: Intel(R) PRO/100 Network Driver
[    2.132734] e100: Copyright(c) 1999-2006 Intel Corporation
[    2.136536] e1000: Intel(R) PRO/1000 Network Driver
[    2.139218] e1000: Copyright (c) 1999-2006 Intel Corporation.
[    2.144199] e1000e: Intel(R) PRO/1000 Network Driver
[    2.147444] e1000e: Copyright(c) 1999 - 2015 Intel Corporation.
[    2.153293] ACPI: \_SB_.GSIG: Enabled at IRQ 22
[    2.158285] e1000e 0000:00:02.0: Interrupt Throttling Rate (ints/sec) set to dynamic conservative mode
[    2.208507] e1000e 0000:00:02.0 0000:00:02.0 (uninitialized): registered PHC clock
[    2.266291] e1000e 0000:00:02.0 eth0: (PCI Express:2.5GT/s:Width x1) 52:54:00:12:34:56
[    2.272542] e1000e 0000:00:02.0 eth0: Intel(R) PRO/1000 Network Connection
[    2.277505] e1000e 0000:00:02.0 eth0: MAC: 3, PHY: 8, PBA No: 000000-000
[    2.282410] sky2: driver version 1.30
[    2.285827] usbcore: registered new interface driver usblp
[    2.290224] usbcore: registered new interface driver usb-storage
[    2.294923] i8042: PNP: PS/2 Controller [PNP0303:KBD,PNP0f13:MOU] at 0x60,0x64 irq 1,12
[    2.301974] serio: i8042 KBD port at 0x60,0x64 irq 1
[    2.305597] serio: i8042 AUX port at 0x60,0x64 irq 12
[    2.310273] input: AT Translated Set 2 keyboard as /devices/platform/i8042/serio0/input/input1
[    2.315683] rtc_cmos 00:04: RTC can wake from S4
[    2.322167] rtc_cmos 00:04: registered as rtc0
[    2.326075] rtc_cmos 00:04: alarms up to one day, y3k, 242 bytes nvram, hpet irqs
[    2.333532] device-mapper: ioctl: 4.48.0-ioctl (2023-03-01) initialised: dm-devel@lists.linux.dev
[    2.336493] i801_smbus 0000:00:1f.3: SMBus using PCI interrupt
[    2.341595] amd_pstate: the _CPC object is not present in SBIOS or ACPI disabled
[    2.341689] hid: raw HID events driver (C) Jiri Kosina
[    2.346365] i2c i2c-0: Memory type 0x07 not supported yet, not instantiating SPD
[    2.352314] usbcore: registered new interface driver usbhid
[    2.368243] usbhid: USB HID core driver
[    2.378539] Initializing XFRM netlink socket
[    2.383558] NET: Registered PF_INET6 protocol family
[    2.396229] Segment Routing with IPv6
[    2.400261] In-situ OAM (IOAM) with IPv6
[    2.403317] sit: IPv6, IPv4 and MPLS over IPv4 tunneling driver
[    2.407933] NET: Registered PF_PACKET protocol family
[    2.412193] 9pnet: Installing 9P2000 support
[    2.415478] Key type dns_resolver registered
[    2.420298] IPI shorthand broadcast: enabled
[    2.429091] sched_clock: Marking stable (1786039619, 642392523)->(2906988584, -478556442)
[    2.436035] registered taskstats version 1
[    2.439287] Loading compiled-in X.509 certificates
[    2.445925] Demotion targets for Node 0: null
[    2.449187] PM:   Magic number: 14:185:676
[    2.452520] printk: legacy console [netcon0] enabled
[    2.456088] netconsole: network logging started
[    2.459118] cfg80211: Loading compiled-in X.509 certificates for regulatory database
[    2.459159] ata1: SATA link down (SStatus 0 SControl 300)
[    2.471561] ata5: SATA link down (SStatus 0 SControl 300)
[    2.473572] kworker/u16:5 (88) used greatest stack depth: 14352 bytes left
[    2.479645] ata6: SATA link down (SStatus 0 SControl 300)
[    2.484842] Loaded X.509 cert 'sforshee: 00b28ddf47aef9cea7'
[    2.495873] ata4: SATA link down (SStatus 0 SControl 300)
[    2.497038] Loaded X.509 cert 'wens: 61c038651aabdcf94bd0ac7ff06c7248db18c600'
[    2.504508] ata2: SATA link down (SStatus 0 SControl 300)
[    2.507618] platform regulatory.0: Direct firmware load for regulatory.db failed with error -2
[    2.512295] ALSA device list:
[    2.513360] ata3: SATA link up 1.5 Gbps (SStatus 113 SControl 300)
[    2.517412] cfg80211: failed to load regulatory.db
[    2.517587] ata3.00: LPM support broken, forcing max_power
[    2.519604]   No soundcards found.
[    2.536865] ata3.00: ATAPI: QEMU DVD-ROM, 2.5+, max UDMA/100
[    2.540277] ata3.00: applying bridge limits
[    2.544265] ata3.00: LPM support broken, forcing max_power
[    2.547018] ata3.00: configured for UDMA/100
[    2.550277] scsi 2:0:0:0: CD-ROM            QEMU     QEMU DVD-ROM     2.5+ PQ: 0 ANSI: 5
[    2.571135] sr 2:0:0:0: [sr0] scsi3-mmc drive: 4x/4x cd/rw xa/form2 tray
[    2.598184] cdrom: Uniform CD-ROM driver Revision: 3.20
[    2.608964] sr 2:0:0:0: Attached scsi generic sg0 type 5
[    2.621555] Freeing unused kernel image (initmem) memory: 5388K
[    2.625245] Write protecting the kernel read-only data: 30720k
[    2.633571] Freeing unused kernel image (rodata/data gap) memory: 1092K
[    2.717028] x86/mm: Checked W+X mappings: passed, no W+X pages found.
[    2.720610] Run /init as init process
[    2.725583] mount (92) used greatest stack depth: 13424 bytes left
BOOTMARK userspace-up
Linux (none) 6.12.111 #1 SMP PREEMPT_DYNAMIC Thu Oct  1 09:17:31 UTC 2026 x86_64 GNU/Linux
BOOTMARK insmod-start
[    2.775426] mali mali.0: Kernel DDK version r54p0-01eac0
[    2.778507] mali mali.0: Using Dummy Model
[    2.781128] mali mali.0: GPU metrics tracepoint support enabled
[    2.784971] mali mali.0: Register LUT 000e0800 initialized for GPU arch 0x000e0805
[    2.789065] mali mali.0: GPU identified as 0x0 arch 14.8.5 r0p0 status 0
[    2.793531] mali mali.0: _find_key: OPP table not found (-19)
[    2.796782] mali mali.0: No OPPs found in device tree! Scaling timeouts using 100000 kHz
[    2.805024] mali mali.0: Large page allocation set to true after hardware feature check
[    2.810898] input: ImExPS/2 Generic Explorer Mouse as /devices/platform/i8042/serio1/input/input3
[    2.816821] Dummy model register access: Reading unsupported register 0xf10. Returning 0
[    2.821601] Dummy model register access: Writing unsupported register 0xf10 value 0x0
[    2.826117] Dummy model register access: Writing unsupported register 0x88 value 0x0
[    2.830383] Dummy model register access: Writing unsupported register 0x8c value 0x0
[    2.834661] Dummy model register access: Writing unsupported register 0x88 value 0x20557e
[    2.839122] Dummy model register access: Writing unsupported register 0x8c value 0x0
[    2.843437] Dummy model register access: Writing unsupported register 0x41030 value 0x0
[    2.846937] Dummy model register access: Writing unsupported register 0x41034 value 0x0
[    2.851261] mali mali.0: Clock not available for devfreq
[    2.854316] mali mali.0: Continuing without devfreq
[    2.857510] mali mali.0: * MALI kbase_mmap_min_addr compiled to CONFIG_LSM_MMAP_MIN_ADDR, no runtime update possible! *
[    2.863312] mali mali.0: Probed as mali0
BOOTMARK insmod-rc 0
Module                  Size  Used by    Not tainted
mali_kbase           2113536  0 
BOOTMARK probe-start
PROBE build              kbase-probe, EL0 ioctl exerciser
PROBE device     [    2.877584] Dummy model register access: Writing unsupported register 0x40120 value 0x3fff
        /dev/mal[    2.883737] Dummy model register access: Writing unsupported register 0x40124 value 0x0
i0
PROBE version_check       negotiated major=1 minor=36 (proposed 1.36)
PROBE gpuprops_size       773 bytes
PROBE gpuprops product_id=0x0006 version_status=0xe850 major=9 minor=0
PROBE gpuprops gpu_freq_khz_max=851968 log2_pc_size=0 num_exec_engines=15 log2_l2_line_size=255
PROBE gpuprops raw gpu_id=0x0000000000000100
PROBE mem_alloc           gpu_va=0x41000 out_flags=0x200f (SAME_VA cookie)
PROBE mmap                bound cookie 0x41000 -> cpu=gpu=0x7f3d34265000
PROBE mem_query           commit_size=0 bytes
PROBE summary             passed=0x1ff failed=0x000
BOOTMARK probe-rc 255
BOOTMARK dmesg-start
[    2.775426] mali mali.0: Kernel DDK version r54p0-01eac0
[    2.778507] mali mali.0: Using Dummy Model
[    2.781128] mali mali.0: GPU metrics tracepoint support enabled
[    2.784971] mali mali.0: Register LUT 000e0800 initialized for GPU arch 0x000e0805
[    2.789065] mali mali.0: GPU identified as 0x0 arch 14.8.5 r0p0 status 0
[    2.793531] mali mali.0: _find_key: OPP table not found (-19)
[    2.796782] mali mali.0: No OPPs found in device tree! Scaling timeouts using 100000 kHz
[    2.805024] mali mali.0: Large page allocation set to true after hardware feature check
[    2.851261] mali mali.0: Clock not available for devfreq
[    2.854316] mali mali.0: Continuing without devfreq
[    2.857510] mali mali.0: * MALI kbase_mmap_min_addr compiled to CONFIG_LSM_MMAP_MIN_ADDR, no runtime update possible! *
[    2.863312] mali mali.0: Probed as mali0
BOOTMARK dmesg-end
BOOTMARK poweroff
[    2.991570] e1000e: EEE TX LPI TIMER: 00000000
[    2.997937] ACPI: PM: Preparing to enter system sleep state S5
[    3.001703] reboot: Power down
