c[?7l[2J[0mSeaBIOS (version 1.16.3-debian-1.16.3-2)


iPXE (https://ipxe.org) 00:02.0 CA00 PCI2.10 PnP PMM+7EFCAB60+7EF0AB60 CA00
Press Ctrl-B to configure iPXE (PCI 00:02.0)...                                                                               


Booting from ROM...
c[?7l[2J[    0.000000] Linux version 6.12.111 (codespace@codespaces-5d341e) (gcc (Ubuntu 13.3.0-6ubuntu2~24.04.1) 13.3.0, GNU ld (GNU Binutils for Ubuntu) 2.42) #2 SMP PREEMPT_DYNAMIC Fri Oct  2 00:15:33 UTC 2026
[    0.000000] Command line: console=ttyS0 panic=-1 rdinit=/init loglevel=7
[    0.000000] BIOS-provided physical RAM map:
[    0.000000] BIOS-e820: [mem 0x0000000000000000-0x000000000009fbff] usable
[    0.000000] BIOS-e820: [mem 0x000000000009fc00-0x000000000009ffff] reserved
[    0.000000] BIOS-e820: [mem 0x00000000000f0000-0x00000000000fffff] reserved
[    0.000000] BIOS-e820: [mem 0x0000000000100000-0x000000007ffdefff] usable
[    0.000000] BIOS-e820: [mem 0x000000007ffdf000-0x000000007fffffff] reserved
[    0.000000] BIOS-e820: [mem 0x00000000b0000000-0x00000000bfffffff] reserved
[    0.000000] BIOS-e820: [mem 0x00000000fed1c000-0x00000000fed1ffff] reserved
[    0.000000] BIOS-e820: [mem 0x00000000feffc000-0x00000000feffffff] reserved
[    0.000000] BIOS-e820: [mem 0x00000000fffc0000-0x00000000ffffffff] reserved
[    0.000000] BIOS-e820: [mem 0x000000fd00000000-0x000000ffffffffff] reserved
[    0.000000] NX (Execute Disable) protection: active
[    0.000000] APIC: Static calls initialized
[    0.000000] SMBIOS 3.0.0 present.
[    0.000000] DMI: QEMU Standard PC (Q35 + ICH9, 2009), BIOS 1.16.3-debian-1.16.3-2 04/01/2014
[    0.000000] DMI: Memory slots populated: 1/1
[    0.000000] Hypervisor detected: KVM
[    0.000000] last_pfn = 0x7ffdf max_arch_pfn = 0x400000000
[    0.000000] kvm-clock: Using msrs 4b564d01 and 4b564d00
[    0.000002] kvm-clock: using sched offset of 1048251344 cycles
[    0.000011] clocksource: kvm-clock: mask: 0xffffffffffffffff max_cycles: 0x1cd42e4dffb, max_idle_ns: 881590591483 ns
[    0.000028] tsc: Detected 2445.430 MHz processor
[    0.028082] last_pfn = 0x7ffdf max_arch_pfn = 0x400000000
[    0.028366] MTRR map: 4 entries (3 fixed + 1 variable; max 19), built from 8 variable MTRRs
[    0.028391] x86/PAT: Configuration [0-7]: WB  WC  UC- UC  WB  WP  UC- WT  
[    0.039418] found SMP MP-table at [mem 0x000f5480-0x000f548f]
[    0.040525] RAMDISK: [mem 0x7fcc1000-0x7ffcffff]
[    0.040562] ACPI: Early table checksum verification disabled
[    0.040606] ACPI: RSDP 0x00000000000F52C0 000014 (v00 BOCHS )
[    0.040643] ACPI: RSDT 0x000000007FFE2425 000038 (v01 BOCHS  BXPC     00000001 BXPC 00000001)
[    0.040676] ACPI: FACP 0x000000007FFE2205 0000F4 (v03 BOCHS  BXPC     00000001 BXPC 00000001)
[    0.040710] ACPI: DSDT 0x000000007FFE0040 0021C5 (v01 BOCHS  BXPC     00000001 BXPC 00000001)
[    0.040738] ACPI: FACS 0x000000007FFE0000 000040
[    0.040758] ACPI: APIC 0x000000007FFE22F9 000090 (v03 BOCHS  BXPC     00000001 BXPC 00000001)
[    0.040786] ACPI: HPET 0x000000007FFE2389 000038 (v01 BOCHS  BXPC     00000001 BXPC 00000001)
[    0.040814] ACPI: MCFG 0x000000007FFE23C1 00003C (v01 BOCHS  BXPC     00000001 BXPC 00000001)
[    0.040842] ACPI: WAET 0x000000007FFE23FD 000028 (v01 BOCHS  BXPC     00000001 BXPC 00000001)
[    0.040868] ACPI: Reserving FACP table memory at [mem 0x7ffe2205-0x7ffe22f8]
[    0.040879] ACPI: Reserving DSDT table memory at [mem 0x7ffe0040-0x7ffe2204]
[    0.040890] ACPI: Reserving FACS table memory at [mem 0x7ffe0000-0x7ffe003f]
[    0.040901] ACPI: Reserving APIC table memory at [mem 0x7ffe22f9-0x7ffe2388]
[    0.040912] ACPI: Reserving HPET table memory at [mem 0x7ffe2389-0x7ffe23c0]
[    0.040922] ACPI: Reserving MCFG table memory at [mem 0x7ffe23c1-0x7ffe23fc]
[    0.040933] ACPI: Reserving WAET table memory at [mem 0x7ffe23fd-0x7ffe2424]
[    0.044412] No NUMA configuration found
[    0.044419] Faking a node at [mem 0x0000000000000000-0x000000007ffdefff]
[    0.044466] NODE_DATA(0) allocated [mem 0x7ffdb940-0x7ffdefff]
[    0.044518] Zone ranges:
[    0.044521]   DMA      [mem 0x0000000000001000-0x0000000000ffffff]
[    0.044535]   DMA32    [mem 0x0000000001000000-0x000000007ffdefff]
[    0.044548]   Normal   empty
[    0.044555] Movable zone start for each node
[    0.044561] Early memory node ranges
[    0.044564]   node   0: [mem 0x0000000000001000-0x000000000009efff]
[    0.044579]   node   0: [mem 0x0000000000100000-0x000000007ffdefff]
[    0.044592] Initmem setup node 0 [mem 0x0000000000001000-0x000000007ffdefff]
[    0.044848] On node 0, zone DMA: 1 pages in unavailable ranges
[    0.045082] On node 0, zone DMA: 97 pages in unavailable ranges
[    0.110641] On node 0, zone DMA32: 33 pages in unavailable ranges
[    0.114845] ACPI: PM-Timer IO Port: 0x608
[    0.114891] ACPI: LAPIC_NMI (acpi_id[0xff] dfl dfl lint[0x1])
[    0.115027] IOAPIC[0]: apic_id 0, version 17, address 0xfec00000, GSI 0-23
[    0.115049] ACPI: INT_SRC_OVR (bus 0 bus_irq 0 global_irq 2 dfl dfl)
[    0.115064] ACPI: INT_SRC_OVR (bus 0 bus_irq 5 global_irq 5 high level)
[    0.115078] ACPI: INT_SRC_OVR (bus 0 bus_irq 9 global_irq 9 high level)
[    0.115092] ACPI: INT_SRC_OVR (bus 0 bus_irq 10 global_irq 10 high level)
[    0.115106] ACPI: INT_SRC_OVR (bus 0 bus_irq 11 global_irq 11 high level)
[    0.115134] ACPI: Using ACPI (MADT) for SMP configuration information
[    0.115140] ACPI: HPET id: 0x8086a201 base: 0xfed00000
[    0.115175] CPU topo: Max. logical packages:   1
[    0.115181] CPU topo: Max. logical dies:       1
[    0.115187] CPU topo: Max. dies per package:   1
[    0.115208] CPU topo: Max. threads per core:   1
[    0.115215] CPU topo: Num. cores per package:     4
[    0.115221] CPU topo: Num. threads per package:   4
[    0.115227] CPU topo: Allowing 4 present CPUs plus 0 hotplug CPUs
[    0.115287] kvm-guest: APIC: eoi() replaced with kvm_guest_apic_eoi_write()
[    0.115385] PM: hibernation: Registered nosave memory: [mem 0x00000000-0x00000fff]
[    0.115400] PM: hibernation: Registered nosave memory: [mem 0x0009f000-0x000fffff]
[    0.115413] [mem 0xc0000000-0xfed1bfff] available for PCI devices
[    0.115422] Booting paravirtualized kernel on KVM
[    0.115430] clocksource: refined-jiffies: mask: 0xffffffff max_cycles: 0xffffffff, max_idle_ns: 1910969940391419 ns
[    0.132384] setup_percpu: NR_CPUS:64 nr_cpumask_bits:4 nr_cpu_ids:4 nr_node_ids:1
[    0.132805] percpu: Embedded 56 pages/cpu s192216 r8192 d28968 u524288
[    0.133024] Kernel command line: console=ttyS0 panic=-1 rdinit=/init loglevel=7
[    0.136546] Dentry cache hash table entries: 262144 (order: 9, 2097152 bytes, linear)
[    0.136819] Inode-cache hash table entries: 131072 (order: 8, 1048576 bytes, linear)
[    0.136985] Fallback order for Node 0: 0 
[    0.136997] Built 1 zonelists, mobility grouping on.  Total pages: 524157
[    0.137005] Policy zone: DMA32
[    0.137010] mem auto-init: stack:all(zero), heap alloc:off, heap free:off
[    0.147527] SLUB: HWalign=64, Order=0-3, MinObjects=0, CPUs=4, Nodes=1
[    0.152879] Dynamic Preempt: voluntary
[    0.153232] rcu: Preemptible hierarchical RCU implementation.
[    0.153238] rcu: 	RCU event tracing is enabled.
[    0.153242] rcu: 	RCU restricting CPUs from NR_CPUS=64 to nr_cpu_ids=4.
[    0.153253] 	Trampoline variant of Tasks RCU enabled.
[    0.153257] 	Tracing variant of Tasks RCU enabled.
[    0.153261] rcu: RCU calculated value of scheduler-enlistment delay is 100 jiffies.
[    0.153269] rcu: Adjusting geometry for rcu_fanout_leaf=16, nr_cpu_ids=4
[    0.153291] RCU Tasks: Setting shift to 2 and lim to 1 rcu_task_cb_adjust=1 rcu_task_cpu_ids=4.
[    0.153307] RCU Tasks Trace: Setting shift to 2 and lim to 1 rcu_task_cb_adjust=1 rcu_task_cpu_ids=4.
[    0.265618] NR_IRQS: 4352, nr_irqs: 456, preallocated irqs: 16
[    0.266309] rcu: srcu_init: Setting srcu_struct sizes based on contention.
[    0.266337] clocksource: jiffies: mask: 0xffffffff max_cycles: 0xffffffff, max_idle_ns: 1911260446275000 ns
[    0.306678] Console: colour VGA+ 80x25
[    0.306873] printk: legacy console [ttyS0] enabled
[    1.358242] ACPI: Core revision 20240827
[    1.361914] clocksource: hpet: mask: 0xffffffff max_cycles: 0xffffffff, max_idle_ns: 19112604467 ns
[    1.371204] APIC: Switch to symmetric I/O mode setup
[    1.390197] ..TIMER: vector=0x30 apic1=0 pin1=2 apic2=-1 pin2=-1
[    1.399196] clocksource: tsc-early: mask: 0xffffffffffffffff max_cycles: 0x233fdbaba77, max_idle_ns: 440795254155 ns
[    1.418959] Calibrating delay loop (skipped) preset value.. 4890.86 BogoMIPS (lpj=2445430)
[    1.420948] Last level iTLB entries: 4KB 512, 2MB 255, 4MB 127
[    1.420953] Last level dTLB entries: 4KB 512, 2MB 255, 4MB 127, 1GB 0
[    1.421967] Spectre V1 : Mitigation: usercopy/swapgs barriers and __user pointer sanitization
[    1.422960] Spectre V2 : Mitigation: Retpolines
[    1.423954] Spectre V2 : Spectre v2 / SpectreRSB: Filling RSB on context switch and VMEXIT
[    1.425964] x86/fpu: x87 FPU will use FXSAVE
[    1.529911] Freeing SMP alternatives memory: 48K
[    1.531011] pid_max: default: 32768 minimum: 301
[    1.531993] LSM: initializing lsm=capability,selinux
[    1.532997] SELinux:  Initializing.
[    1.534467] Mount-cache hash table entries: 4096 (order: 3, 32768 bytes, linear)
[    1.534957] Mountpoint-cache hash table entries: 4096 (order: 3, 32768 bytes, linear)
[    1.594714] APIC calibration not consistent with PM-Timer: 98ms instead of 100ms
[    1.594948] APIC delta adjusted to PM-Timer: 6249423 (6136204)
[    1.595116] smpboot: CPU0: AMD QEMU Virtual CPU version 2.5+ (family: 0xf, model: 0x6b, stepping: 0x1)
[    1.597028] Performance Events: PMU not available due to virtualization, using software events only.
[    1.601009] signal: max sigframe size: 1440
[    1.602055] rcu: Hierarchical SRCU implementation.
[    1.602954] rcu: 	Max phase no-delay instances is 400.
[    1.604054] Timer migration: 1 hierarchy levels; 8 children per group; 1 crossnode level
[    1.606397] smp: Bringing up secondary CPUs ...
[    1.607964] smpboot: x86: Booting SMP configuration:
[    1.608955] .... node  #0, CPUs:      #1 #2 #3
[    1.639155] smp: Brought up 1 node, 4 CPUs
[    1.640954] smpboot: Total of 4 processors activated (19563.44 BogoMIPS)
[    1.646822] Memory: 1997804K/2096628K available (26624K kernel code, 2863K rwdata, 7444K rodata, 6512K init, 1848K bss, 93856K reserved, 0K cma-reserved)
[    1.649138] devtmpfs: initialized
[    1.653255] futex hash table entries: 1024 (order: 4, 65536 bytes, linear)
[    1.654950] PM: RTC time: 06:13:46, date: 2026-10-02
[    1.657709] NET: Registered PF_NETLINK/PF_ROUTE protocol family
[    1.659202] audit: initializing netlink subsys (disabled)
[    1.661998] audit: type=2000 audit(1790921624.946:1): state=initialized audit_enabled=0 res=1
[    1.662249] thermal_sys: Registered thermal governor 'step_wise'
[    1.662954] thermal_sys: Registered thermal governor 'user_space'
[    1.664952] cpuidle: using governor menu
[    1.669453] PCI: ECAM [mem 0xb0000000-0xbfffffff] (base 0xb0000000) for domain 0000 [bus 00-ff]
[    1.669957] PCI: ECAM [mem 0xb0000000-0xbfffffff] reserved as E820 entry
[    1.671034] PCI: Using configuration type 1 for base access
[    1.673302] kprobes: kprobe jump-optimization is enabled. All kprobes are optimized if possible.
[    1.688951] HugeTLB: registered 2.00 MiB page size, pre-allocated 0 pages
[    1.706954] HugeTLB: 28 KiB vmemmap can be freed for a 2.00 MiB page
[    1.722092] ACPI: Added _OSI(Module Device)
[    1.726957] ACPI: Added _OSI(Processor Device)
[    1.739955] ACPI: Added _OSI(Processor Aggregator Device)
[    1.767014] ACPI: 1 ACPI AML tables successfully acquired and loaded
[    1.803440] ACPI: Interpreter enabled
[    1.804995] ACPI: PM: (supports S0 S3 S4 S5)
[    1.805954] ACPI: Using IOAPIC for interrupt routing
[    1.807075] PCI: Using host bridge windows from ACPI; if necessary, use "pci=nocrs" and report a bug
[    1.807953] PCI: Using E820 reservations for host bridge windows
[    1.810008] ACPI: Enabled 2 GPEs in block 00 to 3F
[    1.825343] ACPI: PCI Root Bridge [PCI0] (domain 0000 [bus 00-ff])
[    1.825969] acpi PNP0A08:00: _OSC: OS supports [ExtendedConfig ASPM ClockPM Segments MSI HPX-Type3]
[    1.827159] acpi PNP0A08:00: _OSC: platform does not support [LTR]
[    1.828319] acpi PNP0A08:00: _OSC: OS now controls [PME PCIeCapability]
[    1.829197] PCI host bridge to bus 0000:00
[    1.829966] pci_bus 0000:00: root bus resource [io  0x0000-0x0cf7 window]
[    1.830957] pci_bus 0000:00: root bus resource [io  0x0d00-0xffff window]
[    1.831955] pci_bus 0000:00: root bus resource [mem 0x000a0000-0x000bffff window]
[    1.832955] pci_bus 0000:00: root bus resource [mem 0x80000000-0xafffffff window]
[    1.833955] pci_bus 0000:00: root bus resource [mem 0xc0000000-0xfebfffff window]
[    1.834957] pci_bus 0000:00: root bus resource [mem 0x100000000-0x8ffffffff window]
[    1.835961] pci_bus 0000:00: root bus resource [bus 00-ff]
[    1.837130] pci 0000:00:00.0: [8086:29c0] type 00 class 0x060000 conventional PCI endpoint
[    1.839960] pci 0000:00:01.0: [1234:1111] type 00 class 0x030000 conventional PCI endpoint
[    1.842974] pci 0000:00:01.0: BAR 0 [mem 0xfd000000-0xfdffffff pref]
[    1.847973] pci 0000:00:01.0: BAR 2 [mem 0xfebd4000-0xfebd4fff]
[    1.856972] pci 0000:00:01.0: ROM [mem 0xfebc0000-0xfebcffff pref]
[    1.858156] pci 0000:00:01.0: Video device with shadowed ROM at [mem 0x000c0000-0x000dffff]
[    1.860604] pci 0000:00:02.0: [8086:10d3] type 00 class 0x020000 PCIe Root Complex Integrated Endpoint
[    1.863957] pci 0000:00:02.0: BAR 0 [mem 0xfeb80000-0xfeb9ffff]
[    1.866954] pci 0000:00:02.0: BAR 1 [mem 0xfeba0000-0xfebbffff]
[    1.869954] pci 0000:00:02.0: BAR 2 [io  0xc040-0xc05f]
[    1.873955] pci 0000:00:02.0: BAR 3 [mem 0xfebd0000-0xfebd3fff]
[    1.879955] pci 0000:00:02.0: ROM [mem 0xfeb00000-0xfeb7ffff pref]
[    1.885771] pci 0000:00:1f.0: [8086:2918] type 00 class 0x060100 conventional PCI endpoint
[    1.889491] pci 0000:00:1f.0: quirk: [io  0x0600-0x067f] claimed by ICH6 ACPI/GPIO/TCO
[    1.891225] pci 0000:00:1f.2: [8086:2922] type 00 class 0x010601 conventional PCI endpoint
[    1.902955] pci 0000:00:1f.2: BAR 4 [io  0xc060-0xc07f]
[    1.905461] pci 0000:00:1f.2: BAR 5 [mem 0xfebd5000-0xfebd5fff]
[    1.909984] pci 0000:00:1f.3: [8086:2930] type 00 class 0x0c0500 conventional PCI endpoint
[    1.915306] pci 0000:00:1f.3: BAR 4 [io  0x0700-0x073f]
[    1.925269] ACPI: PCI: Interrupt link LNKA configured for IRQ 10
[    1.926296] ACPI: PCI: Interrupt link LNKB configured for IRQ 10
[    1.928370] ACPI: PCI: Interrupt link LNKC configured for IRQ 11
[    1.929296] ACPI: PCI: Interrupt link LNKD configured for IRQ 11
[    1.931015] ACPI: PCI: Interrupt link LNKE configured for IRQ 10
[    1.933037] ACPI: PCI: Interrupt link LNKF configured for IRQ 10
[    1.934372] ACPI: PCI: Interrupt link LNKG configured for IRQ 11
[    1.935301] ACPI: PCI: Interrupt link LNKH configured for IRQ 11
[    1.936999] ACPI: PCI: Interrupt link GSIA configured for IRQ 16
[    1.938008] ACPI: PCI: Interrupt link GSIB configured for IRQ 17
[    1.939007] ACPI: PCI: Interrupt link GSIC configured for IRQ 18
[    1.940039] ACPI: PCI: Interrupt link GSID configured for IRQ 19
[    1.941007] ACPI: PCI: Interrupt link GSIE configured for IRQ 20
[    1.942008] ACPI: PCI: Interrupt link GSIF configured for IRQ 21
[    1.943006] ACPI: PCI: Interrupt link GSIG configured for IRQ 22
[    1.944033] ACPI: PCI: Interrupt link GSIH configured for IRQ 23
[    1.946518] iommu: Default domain type: Translated
[    1.946953] iommu: DMA domain TLB invalidation policy: lazy mode
[    1.948135] SCSI subsystem initialized
[    1.950115] ACPI: bus type USB registered
[    1.951009] usbcore: registered new interface driver usbfs
[    1.951983] usbcore: registered new interface driver hub
[    1.952982] usbcore: registered new device driver usb
[    1.954005] pps_core: LinuxPPS API ver. 1 registered
[    1.954953] pps_core: Software ver. 5.3.6 - Copyright 2005-2007 Rodolfo Giometti <giometti@linux.it>
[    1.955971] PTP clock support registered
[    1.960102] Advanced Linux Sound Architecture Driver Initialized.
[    1.963146] NetLabel: Initializing
[    1.963953] NetLabel:  domain hash size = 128
[    1.964953] NetLabel:  protocols = UNLABELED CIPSOv4 CALIPSO
[    1.966006] NetLabel:  unlabeled traffic allowed by default
[    1.967982] PCI: Using ACPI for IRQ routing
[    2.278010] pci 0000:00:01.0: vgaarb: setting as boot VGA device
[    2.278948] pci 0000:00:01.0: vgaarb: bridge control possible
[    2.278948] pci 0000:00:01.0: vgaarb: VGA device added: decodes=io+mem,owns=io+mem,locks=none
[    2.278957] vgaarb: loaded
[    2.281059] hpet: 3 channels of 0 reserved for per-cpu timers
[    2.281982] hpet0: at MMIO 0xfed00000, IRQs 2, 8, 0
[    2.282952] hpet0: 3 comparators, 64-bit 100.000000 MHz counter
[    2.315495] clocksource: Switched to clocksource kvm-clock
[    2.423812] kwatchdog (53) used greatest stack depth: 15568 bytes left
[    4.302350] VFS: Disk quotas dquot_6.6.0
[    4.308260] VFS: Dquot-cache hash table entries: 512 (order 0, 4096 bytes)
[    4.322245] pnp: PnP ACPI init
[    4.327833] system 00:05: [mem 0xb0000000-0xbfffffff window] has been reserved
[    4.347382] pnp: PnP ACPI: found 6 devices
[    4.394739] clocksource: acpi_pm: mask: 0xffffff max_cycles: 0xffffff, max_idle_ns: 2085701024 ns
[    4.413331] NET: Registered PF_INET protocol family
[    4.421934] IP idents hash table entries: 32768 (order: 6, 262144 bytes, linear)
[    4.443468] tcp_listen_portaddr_hash hash table entries: 1024 (order: 2, 16384 bytes, linear)
[    4.459513] Table-perturb hash table entries: 65536 (order: 6, 262144 bytes, linear)
[    4.475861] TCP established hash table entries: 16384 (order: 5, 131072 bytes, linear)
[    4.490878] TCP bind hash table entries: 16384 (order: 7, 524288 bytes, linear)
[    4.502814] TCP: Hash tables configured (established 16384 bind 16384)
[    4.512837] UDP hash table entries: 1024 (order: 3, 32768 bytes, linear)
[    4.524584] UDP-Lite hash table entries: 1024 (order: 3, 32768 bytes, linear)
[    4.535518] NET: Registered PF_UNIX/PF_LOCAL protocol family
[    4.551721] RPC: Registered named UNIX socket transport module.
[    4.561487] RPC: Registered udp transport module.
[    4.570438] RPC: Registered tcp transport module.
[    4.576643] RPC: Registered tcp-with-tls transport module.
[    4.583678] RPC: Registered tcp NFSv4.1 backchannel transport module.
[    4.597326] pci_bus 0000:00: resource 4 [io  0x0000-0x0cf7 window]
[    4.603706] pci_bus 0000:00: resource 5 [io  0x0d00-0xffff window]
[    4.608646] pci_bus 0000:00: resource 6 [mem 0x000a0000-0x000bffff window]
[    4.615514] pci_bus 0000:00: resource 7 [mem 0x80000000-0xafffffff window]
[    4.621899] pci_bus 0000:00: resource 8 [mem 0xc0000000-0xfebfffff window]
[    4.627479] pci_bus 0000:00: resource 9 [mem 0x100000000-0x8ffffffff window]
[    4.634940] PCI: CLS 0 bytes, default 64
[    4.638833] clocksource: tsc: mask: 0xffffffffffffffff max_cycles: 0x233fdbaba77, max_idle_ns: 440795254155 ns
[    4.638883] Unpacking initramfs...
[    4.675500] Initialise system trusted keyrings
[    4.686481] workingset: timestamp_bits=56 max_order=19 bucket_order=0
[    4.697784] NFS: Registering the id_resolver key type
[    4.704337] Key type id_resolver registered
[    4.709927] Key type id_legacy registered
[    4.716123] 9p: Installing v9fs 9p2000 file system support
[    4.818869] Key type asymmetric registered
[    4.824667] Asymmetric key parser 'x509' registered
[    4.831403] Block layer SCSI generic (bsg) driver version 0.4 loaded (major 251)
[    4.842055] io scheduler mq-deadline registered
[    4.850391] io scheduler kyber registered
[    4.861618] input: Power Button as /devices/LNXSYSTM:00/LNXPWRBN:00/input/input0
[    4.866800] ACPI: button: Power Button [PWRF]
[    4.886463] Serial: 8250/16550 driver, 4 ports, IRQ sharing enabled
[    4.897121] 00:03: ttyS0 at I/O 0x3f8 (irq = 4, base_baud = 115200) is a 16550A
[    4.926790] Non-volatile memory driver v1.3
[    4.930839] Linux agpgart interface v0.103
[    4.936787] ACPI: bus type drm_connector registered
[    4.969357] loop: module loaded
[    4.975316] ACPI: \_SB_.GSIA: Enabled at IRQ 16
[    4.988461] ahci 0000:00:1f.2: AHCI vers 0001.0000, 32 command slots, 1.5 Gbps, SATA mode
[    4.998379] ahci 0000:00:1f.2: 6/6 ports implemented (port mask 0x3f)
[    5.005018] ahci 0000:00:1f.2: flags: 64bit ncq only 
[    5.025375] scsi host0: ahci
[    5.030874] scsi host1: ahci
[    5.039568] scsi host2: ahci
[    5.044909] scsi host3: ahci
[    5.052178] scsi host4: ahci
[    5.056106] scsi host5: ahci
[    5.063407] ata1: SATA max UDMA/133 abar m4096@0xfebd5000 port 0xfebd5100 irq 24 lpm-pol 1
[    5.075328] ata2: SATA max UDMA/133 abar m4096@0xfebd5000 port 0xfebd5180 irq 24 lpm-pol 1
[    5.087006] ata3: SATA max UDMA/133 abar m4096@0xfebd5000 port 0xfebd5200 irq 24 lpm-pol 1
[    5.095252] ata4: SATA max UDMA/133 abar m4096@0xfebd5000 port 0xfebd5280 irq 24 lpm-pol 1
[    5.104551] ata5: SATA max UDMA/133 abar m4096@0xfebd5000 port 0xfebd5300 irq 24 lpm-pol 1
[    5.112115] ata6: SATA max UDMA/133 abar m4096@0xfebd5000 port 0xfebd5380 irq 24 lpm-pol 1
[    5.121345] e100: Intel(R) PRO/100 Network Driver
[    5.124954] e100: Copyright(c) 1999-2006 Intel Corporation
[    5.129968] e1000: Intel(R) PRO/1000 Network Driver
[    5.135775] e1000: Copyright (c) 1999-2006 Intel Corporation.
[    5.140875] e1000e: Intel(R) PRO/1000 Network Driver
[    5.149021] e1000e: Copyright(c) 1999 - 2015 Intel Corporation.
[    5.158339] ACPI: \_SB_.GSIG: Enabled at IRQ 22
[    5.171999] e1000e 0000:00:02.0: Interrupt Throttling Rate (ints/sec) set to dynamic conservative mode
[    5.233339] e1000e 0000:00:02.0 0000:00:02.0 (uninitialized): registered PHC clock
[    5.296005] Freeing initrd memory: 3132K
[    5.326564] e1000e 0000:00:02.0 eth0: (PCI Express:2.5GT/s:Width x1) 52:54:00:12:34:56
[    5.340226] e1000e 0000:00:02.0 eth0: Intel(R) PRO/1000 Network Connection
[    5.356322] e1000e 0000:00:02.0 eth0: MAC: 3, PHY: 8, PBA No: 000000-000
[    5.367061] sky2: driver version 1.30
[    5.377473] usbcore: registered new interface driver usblp
[    5.383813] usbcore: registered new interface driver usb-storage
[    5.389799] i8042: PNP: PS/2 Controller [PNP0303:KBD,PNP0f13:MOU] at 0x60,0x64 irq 1,12
[    5.406154] serio: i8042 KBD port at 0x60,0x64 irq 1
[    5.416633] serio: i8042 AUX port at 0x60,0x64 irq 12
[    5.430358] rtc_cmos 00:04: RTC can wake from S4
[    5.449947] rtc_cmos 00:04: registered as rtc0
[    5.450323] input: AT Translated Set 2 keyboard as /devices/platform/i8042/serio0/input/input1
[    5.454774] rtc_cmos 00:04: alarms up to one day, y3k, 242 bytes nvram, hpet irqs
[    5.471169] ata2: SATA link down (SStatus 0 SControl 300)
[    5.477758] ata6: SATA link down (SStatus 0 SControl 300)
[    5.499800] i801_smbus 0000:00:1f.3: SMBus using PCI interrupt
[    5.499803] device-mapper: ioctl: 4.48.0-ioctl (2023-03-01) initialised: dm-devel@lists.linux.dev
[    5.499822] amd_pstate: the _CPC object is not present in SBIOS or ACPI disabled
[    5.499865] hid: raw HID events driver (C) Jiri Kosina
[    5.500691] usbcore: registered new interface driver usbhid
[    5.500699] usbhid: USB HID core driver
[    5.501906] Initializing XFRM netlink socket
[    5.501932] NET: Registered PF_INET6 protocol family
[    5.508032] ata5: SATA link down (SStatus 0 SControl 300)
[    5.516599] Segment Routing with IPv6
[    5.526006] i2c i2c-0: Memory type 0x07 not supported yet, not instantiating SPD
[    5.528110] ata4: SATA link down (SStatus 0 SControl 300)
[    5.544358] In-situ OAM (IOAM) with IPv6
[    5.544444] sit: IPv6, IPv4 and MPLS over IPv4 tunneling driver
[    5.545062] NET: Registered PF_PACKET protocol family
[    5.545131] 9pnet: Installing 9P2000 support
[    5.545170] Key type dns_resolver registered
[    5.729156] ata3: SATA link up 1.5 Gbps (SStatus 113 SControl 300)
[    5.741825] ata1: SATA link down (SStatus 0 SControl 300)
[    5.744676] IPI shorthand broadcast: enabled
[    5.752488] ata3.00: LPM support broken, forcing max_power
[    5.784316] ata3.00: ATAPI: QEMU DVD-ROM, 2.5+, max UDMA/100
[    5.799241] ata3.00: applying bridge limits
[    5.800387] sched_clock: Marking stable (4650038225, 1149613465)->(7253899490, -1454247800)
[    5.814394] ata3.00: LPM support broken, forcing max_power
[    5.814421] ata3.00: configured for UDMA/100
[    5.815688] scsi 2:0:0:0: CD-ROM            QEMU     QEMU DVD-ROM     2.5+ PQ: 0 ANSI: 5
[    5.883187] registered taskstats version 1
[    5.893279] Loading compiled-in X.509 certificates
[    5.933386] Demotion targets for Node 0: null
[    5.944453] PM:   Magic number: 14:974:214
[    5.953531] printk: legacy console [netcon0] enabled
[    5.965247] netconsole: network logging started
[    5.966770] sr 2:0:0:0: [sr0] scsi3-mmc drive: 4x/4x cd/rw xa/form2 tray
[    5.981561] cfg80211: Loading compiled-in X.509 certificates for regulatory database
[    6.011374] kworker/u16:1 (91) used greatest stack depth: 14344 bytes left
[    6.029791] Loaded X.509 cert 'sforshee: 00b28ddf47aef9cea7'
[    6.053034] Loaded X.509 cert 'wens: 61c038651aabdcf94bd0ac7ff06c7248db18c600'
[    6.067839] platform regulatory.0: Direct firmware load for regulatory.db failed with error -2
[    6.069855] ALSA device list:
[    6.095725] cfg80211: failed to load regulatory.db
[    6.100305]   No soundcards found.
[    6.125346] cdrom: Uniform CD-ROM driver Revision: 3.20
[    6.159402] sr 2:0:0:0: Attached scsi generic sg0 type 5
[    6.199260] Freeing unused kernel image (initmem) memory: 6512K
[    6.214408] Write protecting the kernel read-only data: 34816k
[    6.231406] Freeing unused kernel image (rodata/data gap) memory: 748K
[    6.240099] input: ImExPS/2 Generic Explorer Mouse as /devices/platform/i8042/serio1/input/input3
[    6.645031] x86/mm: Checked W+X mappings: passed, no W+X pages found.
[    6.656828] Run /init as init process
[    6.666454] mount (96) used greatest stack depth: 13368 bytes left
BOOTMARK userspace-up
Linux (none) 6.12.111 #2 SMP PREEMPT_DYNAMIC Fri Oct  2 00:15:33 UTC 2026 x86_64 GNU/Linux
BOOTMARK insmod-start
[    6.840516] mali mali.0: Kernel DDK version r54p0-01eac0
[    6.843856] mali mali.0: Using Dummy Model
[    6.846240] mali mali.0: GPU metrics tracepoint support enabled
[    6.849691] mali mali.0: Register LUT 000e0800 initialized for GPU arch 0x000e0805
[    6.854633] mali mali.0: GPU identified as 0x0 arch 14.8.5 r0p0 status 0
[    6.858583] mali mali.0: _find_key: OPP table not found (-19)
[    6.867491] mali mali.0: No OPPs found in device tree! Scaling timeouts using 100000 kHz
[    6.889256] mali mali.0: Large page allocation set to true after hardware feature check
[    6.898499] Dummy model register access: Reading unsupported register 0xf10. Returning 0
[    6.908596] Dummy model register access: Writing unsupported register 0xf10 value 0x0
[    6.916861] Dummy model register access: Writing unsupported register 0x88 value 0x0
[    6.924097] Dummy model register access: Writing unsupported register 0x8c value 0x0
[    6.937255] Dummy model register access: Writing unsupported register 0x88 value 0x543f99
[    6.945651] Dummy model register access: Writing unsupported register 0x8c value 0x0
[    6.958292] Dummy model register access: Writing unsupported register 0x41030 value 0x0
[    6.971657] Dummy model register access: Writing unsupported register 0x41034 value 0x0
[    6.988635] mali mali.0: Clock not available for devfreq
[    6.994795] mali mali.0: Continuing without devfreq
[    7.001150] mali mali.0: * MALI kbase_mmap_min_addr compiled to CONFIG_LSM_MMAP_MIN_ADDR, no runtime update possible! *
[    7.013888] mali mali.0: Probed as mali0
BOOTMARK insmod-rc 0
Module                  Size  Used by    Not tainted
mali_kbase           2252800  0 
BOOTMARK kcov-start
KCOV node present at /sys/kernel/debug/kcov
-rw-------    1 0        0                0 Oct  2 06:13 /sys/kernel/debug/kcov
BOOTMARK kprobe-armed
BOOTMARK probe-start
KCOV init-trace ok (area=1048576 words / 8192 KiB)
KCOV enable ok (collecting)
PROBE build              kbase-probe, EL0 ioctl exerciser
PROBE device             /dev/mali0
PROBE version_check       negotiated major=1 minor=36 (proposed 1.36)
PROBE gpuprops_size       773 bytes
PROBE gpuprops product_id=0x0006 version_status=0xe850 major=9 minor=0
PROBE gpuprops gpu_freq_khz_max=851968 log2_pc_size=0 num_exec_engines=15 log2_l2_line_size=255
PROBE gpuprops raw gpu_id=0x0000000000000100
PROBE mem_alloc           gpu_va=0x41000 out_flags=0x200f (SAME_VA cookie)
PROBE mmap                bound cookie 0x41000 -> cpu=gpu=0x7f477f083000
PROBE mem_query           commit_size=0 bytes
PROBE summary             passed=0x1ff failed=0x000
KCOV disable ok (counters frozen before counting)
KCOV run: inline kbase_probe_run() returned 511
KCOV window records=595177 in_mali_window=540920 in_vmlinux_window=54257 other=0 (mali_text_canonical=0xffffffffb44f9000-0xffffffffb471fda8)
KCOV records=596005 distinct_pcs=5878
KCOV pc_range=0xffffffff81056eea-0xffffffffb472512c
KCOV slide=0xbe00000 mali_text_raw=0xffffffffc02f9000-0xffffffffc051fda8 canonical=0xffffffffb44f9000-0xffffffffb471fda8
KCOV module_pcs=1678 (module text covered)
KCOV buckets vmlinux=4198 module(canonical)=1678 other=2
KCOV kallsyms cov_pc=0xffffffff8d041ba0
KCOV procmodules mali_kbase base=0xffffffffc02f9000 size=2252800
KCOV init-trace ok (area=1048576 words / 8192 KiB)
KCOV enable ok (collecting)
KCOV disable ok (counters frozen before counting)
KCOV run: inline read /dev/mali0 -> -1
KCOV window records=1024 in_mali_window=22 in_vmlinux_window=1002 other=0 (mali_text_canonical=0xffffffffb44f9000-0xffffffffb471fda8)
KCOV records=1859 distinct_pcs=1135
KCOV pc_range=0xffffffff8106094b-0xffffffffb47250b0
KCOV slide=0xbe00000 mali_text_raw=0xffffffffc02f9000-0xffffffffc051fda8 canonical=0xffffffffb44f9000-0xffffffffb471fda8
KCOV module_pcs=22 (module text covered)
KCOV buckets vmlinux=1111 module(canonical)=22 other=2
KCOV kallsyms cov_pc=0xffffffff8d041ba0
KCOV procmodules mali_kbase base=0xffffffffc02f9000 size=2252800
BOOTMARK kcov-inline-read-rc 0
KCOV init-trace ok (area=1048576 words / 8192 KiB)
KCOV enable ok (collecting)
KCOV disable ok (counters frozen before counting)
KCOV run: inline read /dev/mali0 -> -1
KCOV window records=1030 in_mali_window=22 in_vmlinux_window=1008 other=0 (mali_text_canonical=0xffffffffb44f9000-0xffffffffb471fda8)
KCOV records=1857 distinct_pcs=1130
KCOV pc_range=0xffffffff8106094b-0xffffffffb47250b0
KCOV slide=0xbe00000 mali_text_raw=0xffffffffc02f9000-0xffffffffc051fda8 canonical=0xffffffffb44f9000-0xffffffffb471fda8
KCOV module_pcs=22 (module text covered)
KCOV buckets vmlinux=1106 module(canonical)=22 other=2
KCOV kallsyms cov_pc=0xffffffff8d041ba0
KCOV procmodules mali_kbase base=0xffffffffc02f9000 size=2252800
KPROBE hits: open=3 read=2 ioctl=6
BOOTMARK kcov-ctl-rc 255
BOOTMARK probe-rc 0
BOOTMARK kcov-end
BOOTMARK negargs-start
NEGARGS context created (SET_FLAGS handshake)
NEGARGS MEM_ALLOC va_pages=2^40      rc=-12  verdict=REJECTED
NEGARGS MEM_ALLOC_EX padding!=0      rc=-22  verdict=REJECTED
NEGARGS MEM_ALLOC zero flags         rc=-12  verdict=REJECTED
NEGARGS MEM_FREE gpu_addr=0          rc=-22  verdict=REJECTED
NEGARGS MEM_FREE unaligned va        rc=-22  verdict=REJECTED
NEGARGS MEM_QUERY unmapped va        rc=-22  verdict=REJECTED
NEGARGS MEM_FLAGS_CHANGE ghost va    rc=-22  verdict=REJECTED
NEGARGS MEM_ALIAS stride=0           rc=-14  verdict=REJECTED
NEGARGS MEM_COMMIT unmapped va       rc=-22  verdict=REJECTED
NEGARGS TILER_HEAP_INIT chunk_size=0 rc=-22  verdict=REJECTED
NEGARGS TILER_HEAP_INIT initial>max  rc=-22  verdict=REJECTED
NEGARGS TILER_HEAP_INIT group_id OOB rc=-22  verdict=REJECTED
NEGARGS KCPU_ENQUEUE id=255 unborn queue rc=-22  verdict=REJECTED
NEGARGS KCPU_QUEUE_CREATE control    rc=0      verdict=ACCEPTED
NEGARGS KCPU_ENQUEUE nr_commands=2   rc=-22  verdict=REJECTED
NEGARGS KCPU_QUEUE_DELETE control    rc=0      verdict=ACCEPTED
NEGARGS CS_QUEUE_GROUP_CREATE prio=0xff rc=-22  verdict=REJECTED
NEGARGS pre-SET_FLAGS MEM_ALLOC      rc=-1   verdict=REJECTED
NEGARGS unknown nr 0x7f              rc=-25  verdict=REJECTED
NEGARGS summary ran=19 rejected=17 expected-ok=2 unexpected=0
BOOTMARK negargs-rc 0
BOOTMARK negargs-end
BOOTMARK dmesg-start
[    6.840516] mali mali.0: Kernel DDK version r54p0-01eac0
[    6.843856] mali mali.0: Using Dummy Model
[    6.846240] mali mali.0: GPU metrics tracepoint support enabled
[    6.849691] mali mali.0: Register LUT 000e0800 initialized for GPU arch 0x000e0805
[    6.854633] mali mali.0: GPU identified as 0x0 arch 14.8.5 r0p0 status 0
[    6.858583] mali mali.0: _find_key: OPP table not found (-19)
[    6.867491] mali mali.0: No OPPs found in device tree! Scaling timeouts using 100000 kHz
[    6.889256] mali mali.0: Large page allocation set to true after hardware feature check
[    6.988635] mali mali.0: Clock not available for devfreq
[    6.994795] mali mali.0: Continuing without devfreq
[    7.001150] mali mali.0: * MALI kbase_mmap_min_addr compiled to CONFIG_LSM_MMAP_MIN_ADDR, no runtime update possible! *
[    7.013888] mali mali.0: Probed as mali0
[   17.498221] mali mali.0: GPU allocation attempted with va_pages==1099511627776 larger than KBASE_MEM_ALLOC_MAX_SIZE!
[   17.512904] mali mali.0: kbase_mem_alloc called with bad flags (2000)
[   17.512939] mali mali.0: gpu_addr 0 is reserved for the ringbuffer and it's an error to try to free it using kbase_mem_free
[   17.541505] mali mali.0: kbase_mem_free: gpu_addr parameter is invalid
[   17.626254] mali mali.0: Unknown ioctl 0x4b7f nr:127
BOOTMARK dmesg-end
BOOTMARK poweroff
[   17.918984] e1000e: EEE TX LPI TIMER: 00000000
[   17.934163] ACPI: PM: Preparing to enter system sleep state S5
[   17.941727] reboot: Power down
