c[?7l[2J[0mSeaBIOS (version 1.16.3-debian-1.16.3-2)


iPXE (https://ipxe.org) 00:02.0 CA00 PCI2.10 PnP PMM+7EFCAB60+7EF0AB60 CA00
Press Ctrl-B to configure iPXE (PCI 00:02.0)...                                                                               


Booting from ROM...
c[?7l[2J[    0.000000] Linux version 6.12.111 (codespace@codespaces-5d341e) (gcc (Ubuntu 13.3.0-6ubuntu2~24.04.1) 13.3.0, GNU ld (GNU Binutils for Ubuntu) 2.42) #1 SMP PREEMPT_DYNAMIC Thu Oct  1 17:02:26 UTC 2026
[    0.000000] Command line: console=ttyS0 panic=-1 rdinit=/init loglevel=7
[    0.000000] BIOS-provided physical RAM map:
[    0.000000] BIOS-e820: [mem 0x0000000000000000-0x000000000009fbff] usable
[    0.000000] BIOS-e820: [mem 0x000000000009fc00-0x000000000009ffff] reserved
[    0.000000] BIOS-e820: [mem 0x00000000000f0000-0x00000000000fffff] reserved
[    0.000000] BIOS-e820: [mem 0x0000000000100000-0x000000007ffdefff] usable
[    0.000000] BIOS-e820: [mem 0x000000007ffdf000-0x000000007fffffff] reserved
[    0.000000] BIOS-e820: [mem 0x00000000b0000000-0x00000000bfffffff] reserved
[    0.000000] BIOS-e820: [mem 0x00000000fed1c000-0x00000000fed1ffff] reserved
[    0.000000] BIOS-e820: [mem 0x00000000feffc000-0x00000000feffffff] reserved
[    0.000000] BIOS-e820: [mem 0x00000000fffc0000-0x00000000ffffffff] reserved
[    0.000000] BIOS-e820: [mem 0x000000fd00000000-0x000000ffffffffff] reserved
[    0.000000] NX (Execute Disable) protection: active
[    0.000000] APIC: Static calls initialized
[    0.000000] SMBIOS 3.0.0 present.
[    0.000000] DMI: QEMU Standard PC (Q35 + ICH9, 2009), BIOS 1.16.3-debian-1.16.3-2 04/01/2014
[    0.000000] DMI: Memory slots populated: 1/1
[    0.000000] Hypervisor detected: KVM
[    0.000000] last_pfn = 0x7ffdf max_arch_pfn = 0x400000000
[    0.000000] kvm-clock: Using msrs 4b564d01 and 4b564d00
[    0.000001] kvm-clock: using sched offset of 493896370 cycles
[    0.000007] clocksource: kvm-clock: mask: 0xffffffffffffffff max_cycles: 0x1cd42e4dffb, max_idle_ns: 881590591483 ns
[    0.000013] tsc: Detected 2445.428 MHz processor
[    0.001948] last_pfn = 0x7ffdf max_arch_pfn = 0x400000000
[    0.002185] MTRR map: 4 entries (3 fixed + 1 variable; max 19), built from 8 variable MTRRs
[    0.002197] x86/PAT: Configuration [0-7]: WB  WC  UC- UC  WB  WP  UC- WT  
[    0.005020] found SMP MP-table at [mem 0x000f5480-0x000f548f]
[    0.006412] RAMDISK: [mem 0x7fcde000-0x7ffcffff]
[    0.006438] ACPI: Early table checksum verification disabled
[    0.006478] ACPI: RSDP 0x00000000000F52C0 000014 (v00 BOCHS )
[    0.006497] ACPI: RSDT 0x000000007FFE2425 000038 (v01 BOCHS  BXPC     00000001 BXPC 00000001)
[    0.006507] ACPI: FACP 0x000000007FFE2205 0000F4 (v03 BOCHS  BXPC     00000001 BXPC 00000001)
[    0.006517] ACPI: DSDT 0x000000007FFE0040 0021C5 (v01 BOCHS  BXPC     00000001 BXPC 00000001)
[    0.006524] ACPI: FACS 0x000000007FFE0000 000040
[    0.006530] ACPI: APIC 0x000000007FFE22F9 000090 (v03 BOCHS  BXPC     00000001 BXPC 00000001)
[    0.006536] ACPI: HPET 0x000000007FFE2389 000038 (v01 BOCHS  BXPC     00000001 BXPC 00000001)
[    0.006541] ACPI: MCFG 0x000000007FFE23C1 00003C (v01 BOCHS  BXPC     00000001 BXPC 00000001)
[    0.006547] ACPI: WAET 0x000000007FFE23FD 000028 (v01 BOCHS  BXPC     00000001 BXPC 00000001)
[    0.006552] ACPI: Reserving FACP table memory at [mem 0x7ffe2205-0x7ffe22f8]
[    0.006555] ACPI: Reserving DSDT table memory at [mem 0x7ffe0040-0x7ffe2204]
[    0.006558] ACPI: Reserving FACS table memory at [mem 0x7ffe0000-0x7ffe003f]
[    0.006560] ACPI: Reserving APIC table memory at [mem 0x7ffe22f9-0x7ffe2388]
[    0.006562] ACPI: Reserving HPET table memory at [mem 0x7ffe2389-0x7ffe23c0]
[    0.006564] ACPI: Reserving MCFG table memory at [mem 0x7ffe23c1-0x7ffe23fc]
[    0.006566] ACPI: Reserving WAET table memory at [mem 0x7ffe23fd-0x7ffe2424]
[    0.007486] No NUMA configuration found
[    0.007488] Faking a node at [mem 0x0000000000000000-0x000000007ffdefff]
[    0.007494] NODE_DATA(0) allocated [mem 0x7ffdb940-0x7ffdefff]
[    0.007512] Zone ranges:
[    0.007513]   DMA      [mem 0x0000000000001000-0x0000000000ffffff]
[    0.007517]   DMA32    [mem 0x0000000001000000-0x000000007ffdefff]
[    0.007520]   Normal   empty
[    0.007522] Movable zone start for each node
[    0.007523] Early memory node ranges
[    0.007524]   node   0: [mem 0x0000000000001000-0x000000000009efff]
[    0.007530]   node   0: [mem 0x0000000000100000-0x000000007ffdefff]
[    0.007532] Initmem setup node 0 [mem 0x0000000000001000-0x000000007ffdefff]
[    0.007767] On node 0, zone DMA: 1 pages in unavailable ranges
[    0.007906] On node 0, zone DMA: 97 pages in unavailable ranges
[    0.020667] On node 0, zone DMA32: 33 pages in unavailable ranges
[    0.341192] kasan: KernelAddressSanitizer initialized
[    0.341959] ACPI: PM-Timer IO Port: 0x608
[    0.341978] ACPI: LAPIC_NMI (acpi_id[0xff] dfl dfl lint[0x1])
[    0.342132] IOAPIC[0]: apic_id 0, version 17, address 0xfec00000, GSI 0-23
[    0.342137] ACPI: INT_SRC_OVR (bus 0 bus_irq 0 global_irq 2 dfl dfl)
[    0.342140] ACPI: INT_SRC_OVR (bus 0 bus_irq 5 global_irq 5 high level)
[    0.342142] ACPI: INT_SRC_OVR (bus 0 bus_irq 9 global_irq 9 high level)
[    0.342145] ACPI: INT_SRC_OVR (bus 0 bus_irq 10 global_irq 10 high level)
[    0.342146] ACPI: INT_SRC_OVR (bus 0 bus_irq 11 global_irq 11 high level)
[    0.342150] ACPI: Using ACPI (MADT) for SMP configuration information
[    0.342151] ACPI: HPET id: 0x8086a201 base: 0xfed00000
[    0.342162] CPU topo: Max. logical packages:   1
[    0.342163] CPU topo: Max. logical dies:       1
[    0.342164] CPU topo: Max. dies per package:   1
[    0.342168] CPU topo: Max. threads per core:   1
[    0.342169] CPU topo: Num. cores per package:     4
[    0.342170] CPU topo: Num. threads per package:   4
[    0.342171] CPU topo: Allowing 4 present CPUs plus 0 hotplug CPUs
[    0.342301] kvm-guest: APIC: eoi() replaced with kvm_guest_apic_eoi_write()
[    0.342393] PM: hibernation: Registered nosave memory: [mem 0x00000000-0x00000fff]
[    0.342395] PM: hibernation: Registered nosave memory: [mem 0x0009f000-0x000fffff]
[    0.342398] [mem 0xc0000000-0xfed1bfff] available for PCI devices
[    0.342399] Booting paravirtualized kernel on KVM
[    0.342402] clocksource: refined-jiffies: mask: 0xffffffff max_cycles: 0xffffffff, max_idle_ns: 1910969940391419 ns
[    0.356339] setup_percpu: NR_CPUS:64 nr_cpumask_bits:4 nr_cpu_ids:4 nr_node_ids:1
[    0.363121] percpu: Embedded 69 pages/cpu s241816 r8192 d32616 u524288
[    0.363194] Kernel command line: console=ttyS0 panic=-1 rdinit=/init loglevel=7
[    0.368464] Dentry cache hash table entries: 262144 (order: 9, 2097152 bytes, linear)
[    0.371744] Inode-cache hash table entries: 131072 (order: 8, 1048576 bytes, linear)
[    0.371875] Fallback order for Node 0: 0 
[    0.371879] Built 1 zonelists, mobility grouping on.  Total pages: 524157
[    0.371881] Policy zone: DMA32
[    0.371883] mem auto-init: stack:all(zero), heap alloc:off, heap free:off
[    0.371884] stackdepot: allocating hash table via alloc_large_system_hash
[    0.371887] stackdepot hash table entries: 1048576 (order: 12, 16777216 bytes, linear)
[    0.428174] SLUB: HWalign=64, Order=0-3, MinObjects=0, CPUs=4, Nodes=1
[    0.430012] Dynamic Preempt: voluntary
[    0.430200] rcu: Preemptible hierarchical RCU implementation.
[    0.430201] rcu: 	RCU event tracing is enabled.
[    0.430202] rcu: 	RCU restricting CPUs from NR_CPUS=64 to nr_cpu_ids=4.
[    0.430204] 	Trampoline variant of Tasks RCU enabled.
[    0.430205] 	Tracing variant of Tasks RCU enabled.
[    0.430206] rcu: RCU calculated value of scheduler-enlistment delay is 100 jiffies.
[    0.430208] rcu: Adjusting geometry for rcu_fanout_leaf=16, nr_cpu_ids=4
[    0.430230] RCU Tasks: Setting shift to 2 and lim to 1 rcu_task_cb_adjust=1 rcu_task_cpu_ids=4.
[    0.430234] RCU Tasks Trace: Setting shift to 2 and lim to 1 rcu_task_cb_adjust=1 rcu_task_cpu_ids=4.
[    0.442374] NR_IRQS: 4352, nr_irqs: 456, preallocated irqs: 16
[    0.443292] rcu: srcu_init: Setting srcu_struct sizes based on contention.
[    0.443329] clocksource: jiffies: mask: 0xffffffff max_cycles: 0xffffffff, max_idle_ns: 1911260446275000 ns
[    0.456121] Console: colour VGA+ 80x25
[    0.456212] printk: legacy console [ttyS0] enabled
[    0.887285] ACPI: Core revision 20240827
[    0.890406] clocksource: hpet: mask: 0xffffffff max_cycles: 0xffffffff, max_idle_ns: 19112604467 ns
[    0.896550] APIC: Switch to symmetric I/O mode setup
[    0.903295] ..TIMER: vector=0x30 apic1=0 pin1=2 apic2=-1 pin2=-1
[    0.907492] clocksource: tsc-early: mask: 0xffffffffffffffff max_cycles: 0x233fd98c0cf, max_idle_ns: 440795209930 ns
[    0.915195] Calibrating delay loop (skipped) preset value.. 4890.85 BogoMIPS (lpj=2445428)
[    0.917238] Last level iTLB entries: 4KB 512, 2MB 255, 4MB 127
[    0.918086] Last level dTLB entries: 4KB 512, 2MB 255, 4MB 127, 1GB 0
[    0.919093] Spectre V1 : Mitigation: usercopy/swapgs barriers and __user pointer sanitization
[    0.920088] Spectre V2 : Mitigation: Retpolines
[    0.921086] Spectre V2 : Spectre v2 / SpectreRSB: Filling RSB on context switch and VMEXIT
[    0.922098] x86/fpu: x87 FPU will use FXSAVE
[    0.954627] Freeing SMP alternatives memory: 48K
[    0.956148] pid_max: default: 32768 minimum: 301
[    0.957457] LSM: initializing lsm=capability,selinux
[    0.958138] SELinux:  Initializing.
[    0.959383] Mount-cache hash table entries: 4096 (order: 3, 32768 bytes, linear)
[    0.961091] Mountpoint-cache hash table entries: 4096 (order: 3, 32768 bytes, linear)
[    1.065503] smpboot: CPU0: AMD QEMU Virtual CPU version 2.5+ (family: 0xf, model: 0x6b, stepping: 0x1)
[    1.067288] Performance Events: PMU not available due to virtualization, using software events only.
[    1.069216] signal: max sigframe size: 1440
[    1.071156] rcu: Hierarchical SRCU implementation.
[    1.072086] rcu: 	Max phase no-delay instances is 400.
[    1.073218] Timer migration: 1 hierarchy levels; 8 children per group; 1 crossnode level
[    1.075400] smp: Bringing up secondary CPUs ...
[    1.076418] smpboot: x86: Booting SMP configuration:
[    1.077089] .... node  #0, CPUs:      #1 #2 #3
[    1.089212] smp: Brought up 1 node, 4 CPUs
[    1.091091] smpboot: Total of 4 processors activated (19563.42 BogoMIPS)
[    1.094472] Memory: 1673156K/2096628K available (51200K kernel code, 8687K rwdata, 11408K rodata, 6012K init, 1384K bss, 418560K reserved, 0K cma-reserved)
[    1.095420] devtmpfs: initialized
[    1.099421] futex hash table entries: 1024 (order: 4, 65536 bytes, linear)
[    1.101521] PM: RTC time: 18:50:01, date: 2026-10-01
[    1.103492] NET: Registered PF_NETLINK/PF_ROUTE protocol family
[    1.105638] audit: initializing netlink subsys (disabled)
[    1.106165] audit: type=2000 audit(1790880601.925:1): state=initialized audit_enabled=0 res=1
[    1.107406] thermal_sys: Registered thermal governor 'step_wise'
[    1.108088] thermal_sys: Registered thermal governor 'user_space'
[    1.109179] cpuidle: using governor menu
[    1.112133] PCI: ECAM [mem 0xb0000000-0xbfffffff] (base 0xb0000000) for domain 0000 [bus 00-ff]
[    1.113093] PCI: ECAM [mem 0xb0000000-0xbfffffff] reserved as E820 entry
[    1.114117] PCI: Using configuration type 1 for base access
[    1.116143] kprobes: kprobe jump-optimization is enabled. All kprobes are optimized if possible.
[    1.119483] HugeTLB: registered 2.00 MiB page size, pre-allocated 0 pages
[    1.120088] HugeTLB: 28 KiB vmemmap can be freed for a 2.00 MiB page
[    1.123210] ACPI: Added _OSI(Module Device)
[    1.124087] ACPI: Added _OSI(Processor Device)
[    1.125088] ACPI: Added _OSI(Processor Aggregator Device)
[    1.146990] ACPI: 1 ACPI AML tables successfully acquired and loaded
[    1.153138] ACPI: Interpreter enabled
[    1.154150] ACPI: PM: (supports S0 S3 S4 S5)
[    1.155088] ACPI: Using IOAPIC for interrupt routing
[    1.157188] PCI: Using host bridge windows from ACPI; if necessary, use "pci=nocrs" and report a bug
[    1.158088] PCI: Using E820 reservations for host bridge windows
[    1.161519] ACPI: Enabled 2 GPEs in block 00 to 3F
[    1.185618] ACPI: PCI Root Bridge [PCI0] (domain 0000 [bus 00-ff])
[    1.186105] acpi PNP0A08:00: _OSC: OS supports [ExtendedConfig ASPM ClockPM Segments MSI HPX-Type3]
[    1.188829] acpi PNP0A08:00: _OSC: platform does not support [LTR]
[    1.190950] acpi PNP0A08:00: _OSC: OS now controls [PME PCIeCapability]
[    1.192268] PCI host bridge to bus 0000:00
[    1.193138] pci_bus 0000:00: root bus resource [io  0x0000-0x0cf7 window]
[    1.194091] pci_bus 0000:00: root bus resource [io  0x0d00-0xffff window]
[    1.195094] pci_bus 0000:00: root bus resource [mem 0x000a0000-0x000bffff window]
[    1.196093] pci_bus 0000:00: root bus resource [mem 0x80000000-0xafffffff window]
[    1.197096] pci_bus 0000:00: root bus resource [mem 0xc0000000-0xfebfffff window]
[    1.198094] pci_bus 0000:00: root bus resource [mem 0x100000000-0x8ffffffff window]
[    1.199095] pci_bus 0000:00: root bus resource [bus 00-ff]
[    1.201243] pci 0000:00:00.0: [8086:29c0] type 00 class 0x060000 conventional PCI endpoint
[    1.203874] pci 0000:00:01.0: [1234:1111] type 00 class 0x030000 conventional PCI endpoint
[    1.206142] pci 0000:00:01.0: BAR 0 [mem 0xfd000000-0xfdffffff pref]
[    1.210619] pci 0000:00:01.0: BAR 2 [mem 0xfebd4000-0xfebd4fff]
[    1.217629] pci 0000:00:01.0: ROM [mem 0xfebc0000-0xfebcffff pref]
[    1.219498] pci 0000:00:01.0: Video device with shadowed ROM at [mem 0x000c0000-0x000dffff]
[    1.222949] pci 0000:00:02.0: [8086:10d3] type 00 class 0x020000 PCIe Root Complex Integrated Endpoint
[    1.225087] pci 0000:00:02.0: BAR 0 [mem 0xfeb80000-0xfeb9ffff]
[    1.227088] pci 0000:00:02.0: BAR 1 [mem 0xfeba0000-0xfebbffff]
[    1.229086] pci 0000:00:02.0: BAR 2 [io  0xc040-0xc05f]
[    1.231086] pci 0000:00:02.0: BAR 3 [mem 0xfebd0000-0xfebd3fff]
[    1.236086] pci 0000:00:02.0: ROM [mem 0xfeb00000-0xfeb7ffff pref]
[    1.241191] pci 0000:00:1f.0: [8086:2918] type 00 class 0x060100 conventional PCI endpoint
[    1.244445] pci 0000:00:1f.0: quirk: [io  0x0600-0x067f] claimed by ICH6 ACPI/GPIO/TCO
[    1.246409] pci 0000:00:1f.2: [8086:2922] type 00 class 0x010601 conventional PCI endpoint
[    1.251900] pci 0000:00:1f.2: BAR 4 [io  0xc060-0xc07f]
[    1.254647] pci 0000:00:1f.2: BAR 5 [mem 0xfebd5000-0xfebd5fff]
[    1.258041] pci 0000:00:1f.3: [8086:2930] type 00 class 0x0c0500 conventional PCI endpoint
[    1.260087] pci 0000:00:1f.3: BAR 4 [io  0x0700-0x073f]
[    1.269734] ACPI: PCI: Interrupt link LNKA configured for IRQ 10
[    1.272163] ACPI: PCI: Interrupt link LNKB configured for IRQ 10
[    1.274411] ACPI: PCI: Interrupt link LNKC configured for IRQ 11
[    1.276602] ACPI: PCI: Interrupt link LNKD configured for IRQ 11
[    1.278822] ACPI: PCI: Interrupt link LNKE configured for IRQ 10
[    1.280136] ACPI: PCI: Interrupt link LNKF configured for IRQ 10
[    1.282205] ACPI: PCI: Interrupt link LNKG configured for IRQ 11
[    1.284550] ACPI: PCI: Interrupt link LNKH configured for IRQ 11
[    1.286104] ACPI: PCI: Interrupt link GSIA configured for IRQ 16
[    1.287204] ACPI: PCI: Interrupt link GSIB configured for IRQ 17
[    1.289110] ACPI: PCI: Interrupt link GSIC configured for IRQ 18
[    1.290319] ACPI: PCI: Interrupt link GSID configured for IRQ 19
[    1.292091] ACPI: PCI: Interrupt link GSIE configured for IRQ 20
[    1.293196] ACPI: PCI: Interrupt link GSIF configured for IRQ 21
[    1.294196] ACPI: PCI: Interrupt link GSIG configured for IRQ 22
[    1.295196] ACPI: PCI: Interrupt link GSIH configured for IRQ 23
[    1.301290] iommu: Default domain type: Translated
[    1.302086] iommu: DMA domain TLB invalidation policy: lazy mode
[    1.304196] SCSI subsystem initialized
[    1.306737] ACPI: bus type USB registered
[    1.309535] usbcore: registered new interface driver usbfs
[    1.310190] usbcore: registered new interface driver hub
[    1.311231] usbcore: registered new device driver usb
[    1.312407] pps_core: LinuxPPS API ver. 1 registered
[    1.313087] pps_core: Software ver. 5.3.6 - Copyright 2005-2007 Rodolfo Giometti <giometti@linux.it>
[    1.314168] PTP clock support registered
[    1.316538] Advanced Linux Sound Architecture Driver Initialized.
[    1.318940] NetLabel: Initializing
[    1.319087] NetLabel:  domain hash size = 128
[    1.320085] NetLabel:  protocols = UNLABELED CIPSOv4 CALIPSO
[    1.321294] NetLabel:  unlabeled traffic allowed by default
[    1.323162] PCI: Using ACPI for IRQ routing
[    1.498175] pci 0000:00:01.0: vgaarb: setting as boot VGA device
[    1.499082] pci 0000:00:01.0: vgaarb: bridge control possible
[    1.499082] pci 0000:00:01.0: vgaarb: VGA device added: decodes=io+mem,owns=io+mem,locks=none
[    1.499092] vgaarb: loaded
[    1.501085] hpet: 3 channels of 0 reserved for per-cpu timers
[    1.502131] hpet0: at MMIO 0xfed00000, IRQs 2, 8, 0
[    1.503086] hpet0: 3 comparators, 64-bit 100.000000 MHz counter
[    1.508403] clocksource: Switched to clocksource kvm-clock
[    1.513979] VFS: Disk quotas dquot_6.6.0
[    1.516988] VFS: Dquot-cache hash table entries: 512 (order 0, 4096 bytes)
[    1.524872] pnp: PnP ACPI init
[    1.528229] system 00:05: [mem 0xb0000000-0xbfffffff window] has been reserved
[    1.535757] pnp: PnP ACPI: found 6 devices
[    1.563700] clocksource: acpi_pm: mask: 0xffffff max_cycles: 0xffffff, max_idle_ns: 2085701024 ns
[    1.570218] NET: Registered PF_INET protocol family
[    1.573629] IP idents hash table entries: 32768 (order: 6, 262144 bytes, linear)
[    1.579937] tcp_listen_portaddr_hash hash table entries: 1024 (order: 2, 16384 bytes, linear)
[    1.585672] Table-perturb hash table entries: 65536 (order: 6, 262144 bytes, linear)
[    1.591029] TCP established hash table entries: 16384 (order: 5, 131072 bytes, linear)
[    1.597624] TCP bind hash table entries: 16384 (order: 7, 524288 bytes, linear)
[    1.602417] TCP: Hash tables configured (established 16384 bind 16384)
[    1.606327] UDP hash table entries: 1024 (order: 3, 32768 bytes, linear)
[    1.610804] UDP-Lite hash table entries: 1024 (order: 3, 32768 bytes, linear)
[    1.615881] NET: Registered PF_UNIX/PF_LOCAL protocol family
[    1.621167] RPC: Registered named UNIX socket transport module.
[    1.625861] RPC: Registered udp transport module.
[    1.629355] RPC: Registered tcp transport module.
[    1.632875] RPC: Registered tcp-with-tls transport module.
[    1.637125] RPC: Registered tcp NFSv4.1 backchannel transport module.
[    1.643258] pci_bus 0000:00: resource 4 [io  0x0000-0x0cf7 window]
[    1.647035] pci_bus 0000:00: resource 5 [io  0x0d00-0xffff window]
[    1.651105] pci_bus 0000:00: resource 6 [mem 0x000a0000-0x000bffff window]
[    1.655159] pci_bus 0000:00: resource 7 [mem 0x80000000-0xafffffff window]
[    1.658945] pci_bus 0000:00: resource 8 [mem 0xc0000000-0xfebfffff window]
[    1.663037] pci_bus 0000:00: resource 9 [mem 0x100000000-0x8ffffffff window]
[    1.667863] PCI: CLS 0 bytes, default 64
[    1.670578] clocksource: tsc: mask: 0xffffffffffffffff max_cycles: 0x233fd98c0cf, max_idle_ns: 440795209930 ns
[    1.671126] Unpacking initramfs...
[    1.686128] Initialise system trusted keyrings
[    1.689918] workingset: timestamp_bits=56 max_order=19 bucket_order=0
[    1.696454] NFS: Registering the id_resolver key type
[    1.700457] Key type id_resolver registered
[    1.703716] Key type id_legacy registered
[    1.707252] 9p: Installing v9fs 9p2000 file system support
[    1.726060] Key type asymmetric registered
[    1.729315] Asymmetric key parser 'x509' registered
[    1.733165] Block layer SCSI generic (bsg) driver version 0.4 loaded (major 251)
[    1.738806] io scheduler mq-deadline registered
[    1.742300] io scheduler kyber registered
[    1.746360] input: Power Button as /devices/LNXSYSTM:00/LNXPWRBN:00/input/input0
[    1.754068] ACPI: button: Power Button [PWRF]
[    1.759765] Serial: 8250/16550 driver, 4 ports, IRQ sharing enabled
[    1.761040] Freeing initrd memory: 3016K
[    1.767947] 00:03: ttyS0 at I/O 0x3f8 (irq = 4, base_baud = 115200) is a 16550A
[    1.776587] Non-volatile memory driver v1.3
[    1.779477] Linux agpgart interface v0.103
[    1.782731] ACPI: bus type drm_connector registered
[    1.800119] loop: module loaded
[    1.809256] ACPI: \_SB_.GSIA: Enabled at IRQ 16
[    1.814914] ahci 0000:00:1f.2: AHCI vers 0001.0000, 32 command slots, 1.5 Gbps, SATA mode
[    1.820937] ahci 0000:00:1f.2: 6/6 ports implemented (port mask 0x3f)
[    1.825668] ahci 0000:00:1f.2: flags: 64bit ncq only 
[    1.837204] scsi host0: ahci
[    1.840564] scsi host1: ahci
[    1.843944] scsi host2: ahci
[    1.847331] scsi host3: ahci
[    1.851033] scsi host4: ahci
[    1.854463] scsi host5: ahci
[    1.857012] ata1: SATA max UDMA/133 abar m4096@0xfebd5000 port 0xfebd5100 irq 24 lpm-pol 1
[    1.862902] ata2: SATA max UDMA/133 abar m4096@0xfebd5000 port 0xfebd5180 irq 24 lpm-pol 1
[    1.868804] ata3: SATA max UDMA/133 abar m4096@0xfebd5000 port 0xfebd5200 irq 24 lpm-pol 1
[    1.874408] ata4: SATA max UDMA/133 abar m4096@0xfebd5000 port 0xfebd5280 irq 24 lpm-pol 1
[    1.879817] ata5: SATA max UDMA/133 abar m4096@0xfebd5000 port 0xfebd5300 irq 24 lpm-pol 1
[    1.885235] ata6: SATA max UDMA/133 abar m4096@0xfebd5000 port 0xfebd5380 irq 24 lpm-pol 1
[    1.898525] e100: Intel(R) PRO/100 Network Driver
[    1.902134] e100: Copyright(c) 1999-2006 Intel Corporation
[    1.906170] e1000: Intel(R) PRO/1000 Network Driver
[    1.909801] e1000: Copyright (c) 1999-2006 Intel Corporation.
[    1.914213] e1000e: Intel(R) PRO/1000 Network Driver
[    1.917362] e1000e: Copyright(c) 1999 - 2015 Intel Corporation.
[    1.928389] ACPI: \_SB_.GSIG: Enabled at IRQ 22
[    1.933193] e1000e 0000:00:02.0: Interrupt Throttling Rate (ints/sec) set to dynamic conservative mode
[    1.982075] e1000e 0000:00:02.0 0000:00:02.0 (uninitialized): registered PHC clock
[    2.039968] e1000e 0000:00:02.0 eth0: (PCI Express:2.5GT/s:Width x1) 52:54:00:12:34:56
[    2.045349] e1000e 0000:00:02.0 eth0: Intel(R) PRO/1000 Network Connection
[    2.050204] e1000e 0000:00:02.0 eth0: MAC: 3, PHY: 8, PBA No: 000000-000
[    2.054901] sky2: driver version 1.30
[    2.058988] usbcore: registered new interface driver usblp
[    2.062885] usbcore: registered new interface driver usb-storage
[    2.067617] i8042: PNP: PS/2 Controller [PNP0303:KBD,PNP0f13:MOU] at 0x60,0x64 irq 1,12
[    2.075284] serio: i8042 KBD port at 0x60,0x64 irq 1
[    2.078981] serio: i8042 AUX port at 0x60,0x64 irq 12
[    2.084449] rtc_cmos 00:04: RTC can wake from S4
[    2.088402] input: AT Translated Set 2 keyboard as /devices/platform/i8042/serio0/input/input1
[    2.094351] rtc_cmos 00:04: registered as rtc0
[    2.098567] rtc_cmos 00:04: alarms up to one day, y3k, 242 bytes nvram, hpet irqs
[    2.106751] device-mapper: ioctl: 4.48.0-ioctl (2023-03-01) initialised: dm-devel@lists.linux.dev
[    2.112280] amd_pstate: the _CPC object is not present in SBIOS or ACPI disabled
[    2.116283] i801_smbus 0000:00:1f.3: SMBus using PCI interrupt
[    2.117760] hid: raw HID events driver (C) Jiri Kosina
[    2.121360] i2c i2c-0: Memory type 0x07 not supported yet, not instantiating SPD
[    2.128505] usbcore: registered new interface driver usbhid
[    2.134097] usbhid: USB HID core driver
[    2.146205] Initializing XFRM netlink socket
[    2.149763] NET: Registered PF_INET6 protocol family
[    2.155934] Segment Routing with IPv6
[    2.158656] In-situ OAM (IOAM) with IPv6
[    2.161656] sit: IPv6, IPv4 and MPLS over IPv4 tunneling driver
[    2.166662] NET: Registered PF_PACKET protocol family
[    2.170537] 9pnet: Installing 9P2000 support
[    2.173923] Key type dns_resolver registered
[    2.178930] IPI shorthand broadcast: enabled
[    2.206089] ata3: SATA link up 1.5 Gbps (SStatus 113 SControl 300)
[    2.211211] ata6: SATA link down (SStatus 0 SControl 300)
[    2.218296] ata5: SATA link down (SStatus 0 SControl 300)
[    2.221461] sched_clock: Marking stable (1752061231, 468753496)->(2644750462, -423935735)
[    2.224769] ata4: SATA link down (SStatus 0 SControl 300)
[    2.231409] ata3.00: LPM support broken, forcing max_power
[    2.232113] registered taskstats version 1
[    2.235279] ata3.00: ATAPI: QEMU DVD-ROM, 2.5+, max UDMA/100
[    2.235290] ata3.00: applying bridge limits
[    2.238008] ata2: SATA link down (SStatus 0 SControl 300)
[    2.238855] Loading compiled-in X.509 certificates
[    2.242627] ata3.00: LPM support broken, forcing max_power
[    2.254294] ata3.00: configured for UDMA/100
[    2.257504] ata1: SATA link down (SStatus 0 SControl 300)
[    2.262463] scsi 2:0:0:0: CD-ROM            QEMU     QEMU DVD-ROM     2.5+ PQ: 0 ANSI: 5
[    2.275600] Demotion targets for Node 0: null
[    2.279376] PM:   Magic number: 14:795:846
[    2.282457] printk: legacy console [netcon0] enabled
[    2.286073] netconsole: network logging started
[    2.289543] cfg80211: Loading compiled-in X.509 certificates for regulatory database
[    2.295649] kworker/u16:1 (89) used greatest stack depth: 29312 bytes left
[    2.297991] Loaded X.509 cert 'sforshee: 00b28ddf47aef9cea7'
[    2.306244] Loaded X.509 cert 'wens: 61c038651aabdcf94bd0ac7ff06c7248db18c600'
[    2.311185] platform regulatory.0: Direct firmware load for regulatory.db failed with error -2
[    2.312932] ALSA device list:
[    2.316281] sr 2:0:0:0: [sr0] scsi3-mmc drive: 4x/4x cd/rw xa/form2 tray
[    2.317443] cfg80211: failed to load regulatory.db
[    2.319631]   No soundcards found.
[    2.340101] cdrom: Uniform CD-ROM driver Revision: 3.20
[    2.351757] sr 2:0:0:0: Attached scsi generic sg0 type 5
[    2.358201] Freeing unused kernel image (initmem) memory: 6012K
[    2.361806] Write protecting the kernel read-only data: 63488k
[    2.367395] Freeing unused kernel image (rodata/data gap) memory: 880K
[    2.410619] x86/mm: Checked W+X mappings: passed, no W+X pages found.
[    2.414608] Run /init as init process
[    2.421556] mount (93) used greatest stack depth: 28208 bytes left
[    2.429758] mount (98) used greatest stack depth: 28064 bytes left
BOOTMARK userspace-up
Linux (none) 6.12.111 #1 SMP PREEMPT_DYNAMIC Thu Oct  1 17:02:26 UTC 2026 x86_64 GNU/Linux
BOOTMARK insmod-start
[    2.484629] mali mali.0: Kernel DDK version r54p0-01eac0
[    2.487567] mali mali.0: Using Dummy Model
[    2.489784] mali mali.0: GPU metrics tracepoint support enabled
[    2.492967] mali mali.0: Register LUT 000e0800 initialized for GPU arch 0x000e0805
[    2.497115] mali mali.0: GPU identified as 0x0 arch 14.8.5 r0p0 status 0
[    2.501316] mali mali.0: _find_key: OPP table not found (-19)
[    2.504670] mali mali.0: No OPPs found in device tree! Scaling timeouts using 100000 kHz
[    2.509893] mali mali.0: Large page allocation set to true after hardware feature check
[    2.516131] Dummy model register access: Reading unsupported register 0xf10. Returning 0
[    2.519928] Dummy model register access: Writing unsupported register 0xf10 value 0x0
[    2.524005] Dummy model register access: Writing unsupported register 0x88 value 0x0
[    2.528064] Dummy model register access: Writing unsupported register 0x8c value 0x0
[    2.532217] Dummy model register access: Writing unsupported register 0x88 value 0x18b8a6
[    2.536522] Dummy model register access: Writing unsupported register 0x8c value 0x0
[    2.540763] Dummy model register access: Writing unsupported register 0x41030 value 0x0
[    2.544998] Dummy model register access: Writing unsupported register 0x41034 value 0x0
[    2.549262] mali mali.0: Clock not available for devfreq
[    2.551997] mali mali.0: Continuing without devfreq
[    2.555817] mali mali.0: * MALI kbase_mmap_min_addr compiled to CONFIG_LSM_MMAP_MIN_ADDR, no runtime update possible! *
[    2.562879] mali mali.0: Probed as mali0
[    2.567519] insmod (100) used greatest stack depth: 27632 bytes left
[    2.567550] input: ImExPS/2 Generic Explorer Mouse as /devices/platform/i8042/serio1/input/input3
BOOTMARK insmod-rc 0
Module                  Size  Used by    Not tainted
mali_kbase           3354624  0 
BOOTMARK kcov-start
no /sys/kernel/debug/kcov - kernel built without KCOV (expected on non-kcov profiles)
BOOTMARK probe-start
PROBE build              kbase-probe, EL0 ioctl exerciser
PROBE device             /dev/mali0
[    2.604003] Dummy model register access: Writing unsupported register 0x40120 value 0x3fff
[    2.608355] Dummy model register access: Writing unsupported register 0x40124 value 0x0
PROBE version_check       negotiated major=1 minor=36 (proposed 1.36)
PROBE gpuprops_size       773 bytes
PROBE gpuprops product_id=0x0006 version_status=0xe850 major=9 minor[    2.620864] kbase-probe (104) used greatest stack depth: 27264 bytes left
=0
PROBE gpuprops gpu_freq_khz_max=851968 log2_pc_size=0 num_exec_engines=15 log2_l2_line_size=255
PROBE gpuprops raw gpu_id=0x0000000000000100
PROBE mem_alloc           gpu_va=0x41000 out_flags=0x200f (SAME_VA cookie)
PROBE mmap                bound cookie 0x41000 -> cpu=gpu=0x7f28ba438000
PROBE mem_query           commit_size=0 bytes
PROBE summary             passed=0x1ff failed=0x000
BOOTMARK probe-rc 255
BOOTMARK kcov-end
BOOTMARK dmesg-start
[    2.484629] mali mali.0: Kernel DDK version r54p0-01eac0
[    2.487567] mali mali.0: Using Dummy Model
[    2.489784] mali mali.0: GPU metrics tracepoint support enabled
[    2.492967] mali mali.0: Register LUT 000e0800 initialized for GPU arch 0x000e0805
[    2.497115] mali mali.0: GPU identified as 0x0 arch 14.8.5 r0p0 status 0
[    2.501316] mali mali.0: _find_key: OPP table not found (-19)
[    2.504670] mali mali.0: No OPPs found in device tree! Scaling timeouts using 100000 kHz
[    2.509893] mali mali.0: Large page allocation set to true after hardware feature check
[    2.549262] mali mali.0: Clock not available for devfreq
[    2.551997] mali mali.0: Continuing without devfreq
[    2.555817] mali mali.0: * MALI kbase_mmap_min_addr compiled to CONFIG_LSM_MMAP_MIN_ADDR, no runtime update possible! *
[    2.562879] mali mali.0: Probed as mali0
[    2.620864] kbase-probe (104) used greatest stack depth: 27264 bytes left
BOOTMARK dmesg-end
BOOTMARK poweroff
[    2.705504] e1000e: EEE TX LPI TIMER: 00000000
[    2.711181] ACPI: PM: Preparing to enter system sleep state S5
[    2.715024] reboot: Power down

CLEAN-LOCATION: kasan
  bundle:    artifacts/kasan  (sha256sum -c clean before and after the boot)
  booted from: /tmp/portable-test-kasan  with the repo's build/ tree renamed away
  strict-artifact: yes (no build/ fallback permitted)
  at:          2026-10-01T18:50:00Z
