c[?7l[2J[0mSeaBIOS (version 1.16.3-debian-1.16.3-2)


iPXE (https://ipxe.org) 00:02.0 CA00 PCI2.10 PnP PMM+7EFCAB60+7EF0AB60 CA00
Press Ctrl-B to configure iPXE (PCI 00:02.0)...                                                                               


Booting from ROM...
c[?7l[2J[    0.000000] Linux version 6.12.111 (codespace@codespaces-5d341e) (gcc (Ubuntu 13.3.0-6ubuntu2~24.04.1) 13.3.0, GNU ld (GNU Binutils for Ubuntu) 2.42) #1 SMP PREEMPT_DYNAMIC Thu Oct  1 09:17:31 UTC 2026
[    0.000000] Command line: console=ttyS0 panic=-1 rdinit=/init loglevel=7
[    0.000000] BIOS-provided physical RAM map:
[    0.000000] BIOS-e820: [mem 0x0000000000000000-0x000000000009fbff] usable
[    0.000000] BIOS-e820: [mem 0x000000000009fc00-0x000000000009ffff] reserved
[    0.000000] BIOS-e820: [mem 0x00000000000f0000-0x00000000000fffff] reserved
[    0.000000] BIOS-e820: [mem 0x0000000000100000-0x000000007ffdefff] usable
[    0.000000] BIOS-e820: [mem 0x000000007ffdf000-0x000000007fffffff] reserved
[    0.000000] BIOS-e820: [mem 0x00000000b0000000-0x00000000bfffffff] reserved
[    0.000000] BIOS-e820: [mem 0x00000000fed1c000-0x00000000fed1ffff] reserved
[    0.000000] BIOS-e820: [mem 0x00000000feffc000-0x00000000feffffff] reserved
[    0.000000] BIOS-e820: [mem 0x00000000fffc0000-0x00000000ffffffff] reserved
[    0.000000] BIOS-e820: [mem 0x000000fd00000000-0x000000ffffffffff] reserved
[    0.000000] NX (Execute Disable) protection: active
[    0.000000] APIC: Static calls initialized
[    0.000000] SMBIOS 3.0.0 present.
[    0.000000] DMI: QEMU Standard PC (Q35 + ICH9, 2009), BIOS 1.16.3-debian-1.16.3-2 04/01/2014
[    0.000000] DMI: Memory slots populated: 1/1
[    0.000000] Hypervisor detected: KVM
[    0.000000] last_pfn = 0x7ffdf max_arch_pfn = 0x400000000
[    0.000000] kvm-clock: Using msrs 4b564d01 and 4b564d00
[    0.000002] kvm-clock: using sched offset of 386850744 cycles
[    0.000007] clocksource: kvm-clock: mask: 0xffffffffffffffff max_cycles: 0x1cd42e4dffb, max_idle_ns: 881590591483 ns
[    0.000017] tsc: Detected 2445.428 MHz processor
[    0.007727] last_pfn = 0x7ffdf max_arch_pfn = 0x400000000
[    0.007996] MTRR map: 4 entries (3 fixed + 1 variable; max 19), built from 8 variable MTRRs
[    0.008014] x86/PAT: Configuration [0-7]: WB  WC  UC- UC  WB  WP  UC- WT  
[    0.011555] found SMP MP-table at [mem 0x000f5480-0x000f548f]
[    0.011990] RAMDISK: [mem 0x7fd38000-0x7ffcffff]
[    0.012024] ACPI: Early table checksum verification disabled
[    0.012059] ACPI: RSDP 0x00000000000F52C0 000014 (v00 BOCHS )
[    0.012092] ACPI: RSDT 0x000000007FFE2425 000038 (v01 BOCHS  BXPC     00000001 BXPC 00000001)
[    0.012105] ACPI: FACP 0x000000007FFE2205 0000F4 (v03 BOCHS  BXPC     00000001 BXPC 00000001)
[    0.012118] ACPI: DSDT 0x000000007FFE0040 0021C5 (v01 BOCHS  BXPC     00000001 BXPC 00000001)
[    0.012126] ACPI: FACS 0x000000007FFE0000 000040
[    0.012133] ACPI: APIC 0x000000007FFE22F9 000090 (v03 BOCHS  BXPC     00000001 BXPC 00000001)
[    0.012141] ACPI: HPET 0x000000007FFE2389 000038 (v01 BOCHS  BXPC     00000001 BXPC 00000001)
[    0.012150] ACPI: MCFG 0x000000007FFE23C1 00003C (v01 BOCHS  BXPC     00000001 BXPC 00000001)
[    0.012159] ACPI: WAET 0x000000007FFE23FD 000028 (v01 BOCHS  BXPC     00000001 BXPC 00000001)
[    0.012166] ACPI: Reserving FACP table memory at [mem 0x7ffe2205-0x7ffe22f8]
[    0.012170] ACPI: Reserving DSDT table memory at [mem 0x7ffe0040-0x7ffe2204]
[    0.012173] ACPI: Reserving FACS table memory at [mem 0x7ffe0000-0x7ffe003f]
[    0.012176] ACPI: Reserving APIC table memory at [mem 0x7ffe22f9-0x7ffe2388]
[    0.012179] ACPI: Reserving HPET table memory at [mem 0x7ffe2389-0x7ffe23c0]
[    0.012183] ACPI: Reserving MCFG table memory at [mem 0x7ffe23c1-0x7ffe23fc]
[    0.012191] ACPI: Reserving WAET table memory at [mem 0x7ffe23fd-0x7ffe2424]
[    0.013615] No NUMA configuration found
[    0.013619] Faking a node at [mem 0x0000000000000000-0x000000007ffdefff]
[    0.013634] NODE_DATA(0) allocated [mem 0x7ffdb940-0x7ffdefff]
[    0.013667] Zone ranges:
[    0.013668]   DMA      [mem 0x0000000000001000-0x0000000000ffffff]
[    0.013675]   DMA32    [mem 0x0000000001000000-0x000000007ffdefff]
[    0.013681]   Normal   empty
[    0.013684] Movable zone start for each node
[    0.013687] Early memory node ranges
[    0.013688]   node   0: [mem 0x0000000000001000-0x000000000009efff]
[    0.013694]   node   0: [mem 0x0000000000100000-0x000000007ffdefff]
[    0.013700] Initmem setup node 0 [mem 0x0000000000001000-0x000000007ffdefff]
[    0.013958] On node 0, zone DMA: 1 pages in unavailable ranges
[    0.014056] On node 0, zone DMA: 97 pages in unavailable ranges
[    0.028828] On node 0, zone DMA32: 33 pages in unavailable ranges
[    0.030122] ACPI: PM-Timer IO Port: 0x608
[    0.030152] ACPI: LAPIC_NMI (acpi_id[0xff] dfl dfl lint[0x1])
[    0.030273] IOAPIC[0]: apic_id 0, version 17, address 0xfec00000, GSI 0-23
[    0.030283] ACPI: INT_SRC_OVR (bus 0 bus_irq 0 global_irq 2 dfl dfl)
[    0.030290] ACPI: INT_SRC_OVR (bus 0 bus_irq 5 global_irq 5 high level)
[    0.030296] ACPI: INT_SRC_OVR (bus 0 bus_irq 9 global_irq 9 high level)
[    0.030303] ACPI: INT_SRC_OVR (bus 0 bus_irq 10 global_irq 10 high level)
[    0.030309] ACPI: INT_SRC_OVR (bus 0 bus_irq 11 global_irq 11 high level)
[    0.030322] ACPI: Using ACPI (MADT) for SMP configuration information
[    0.030325] ACPI: HPET id: 0x8086a201 base: 0xfed00000
[    0.030347] CPU topo: Max. logical packages:   1
[    0.030350] CPU topo: Max. logical dies:       1
[    0.030353] CPU topo: Max. dies per package:   1
[    0.030365] CPU topo: Max. threads per core:   1
[    0.030368] CPU topo: Num. cores per package:     4
[    0.030372] CPU topo: Num. threads per package:   4
[    0.030375] CPU topo: Allowing 4 present CPUs plus 0 hotplug CPUs
[    0.030428] kvm-guest: APIC: eoi() replaced with kvm_guest_apic_eoi_write()
[    0.030533] PM: hibernation: Registered nosave memory: [mem 0x00000000-0x00000fff]
[    0.030544] PM: hibernation: Registered nosave memory: [mem 0x0009f000-0x000fffff]
[    0.030550] [mem 0xc0000000-0xfed1bfff] available for PCI devices
[    0.030553] Booting paravirtualized kernel on KVM
[    0.030557] clocksource: refined-jiffies: mask: 0xffffffff max_cycles: 0xffffffff, max_idle_ns: 1910969940391419 ns
[    0.036875] setup_percpu: NR_CPUS:64 nr_cpumask_bits:4 nr_cpu_ids:4 nr_node_ids:1
[    0.037263] percpu: Embedded 56 pages/cpu s192216 r8192 d28968 u524288
[    0.037415] Kernel command line: console=ttyS0 panic=-1 rdinit=/init loglevel=7
[    0.037818] Dentry cache hash table entries: 262144 (order: 9, 2097152 bytes, linear)
[    0.037882] Inode-cache hash table entries: 131072 (order: 8, 1048576 bytes, linear)
[    0.038011] Fallback order for Node 0: 0 
[    0.038017] Built 1 zonelists, mobility grouping on.  Total pages: 524157
[    0.038020] Policy zone: DMA32
[    0.038023] mem auto-init: stack:all(zero), heap alloc:off, heap free:off
[    0.041549] SLUB: HWalign=64, Order=0-3, MinObjects=0, CPUs=4, Nodes=1
[    0.043285] Dynamic Preempt: voluntary
[    0.043550] rcu: Preemptible hierarchical RCU implementation.
[    0.043552] rcu: 	RCU event tracing is enabled.
[    0.043554] rcu: 	RCU restricting CPUs from NR_CPUS=64 to nr_cpu_ids=4.
[    0.043557] 	Trampoline variant of Tasks RCU enabled.
[    0.043559] 	Tracing variant of Tasks RCU enabled.
[    0.043560] rcu: RCU calculated value of scheduler-enlistment delay is 100 jiffies.
[    0.043563] rcu: Adjusting geometry for rcu_fanout_leaf=16, nr_cpu_ids=4
[    0.043572] RCU Tasks: Setting shift to 2 and lim to 1 rcu_task_cb_adjust=1 rcu_task_cpu_ids=4.
[    0.043577] RCU Tasks Trace: Setting shift to 2 and lim to 1 rcu_task_cb_adjust=1 rcu_task_cpu_ids=4.
[    0.054337] NR_IRQS: 4352, nr_irqs: 456, preallocated irqs: 16
[    0.054833] rcu: srcu_init: Setting srcu_struct sizes based on contention.
[    0.054852] clocksource: jiffies: mask: 0xffffffff max_cycles: 0xffffffff, max_idle_ns: 1911260446275000 ns
[    0.069731] Console: colour VGA+ 80x25
[    0.069834] printk: legacy console [ttyS0] enabled
[    0.559310] ACPI: Core revision 20240827
[    0.562777] clocksource: hpet: mask: 0xffffffff max_cycles: 0xffffffff, max_idle_ns: 19112604467 ns
[    0.569778] APIC: Switch to symmetric I/O mode setup
[    0.577025] ..TIMER: vector=0x30 apic1=0 pin1=2 apic2=-1 pin2=-1
[    0.581803] clocksource: tsc-early: mask: 0xffffffffffffffff max_cycles: 0x233fd98c0cf, max_idle_ns: 440795209930 ns
[    0.590239] Calibrating delay loop (skipped) preset value.. 4890.85 BogoMIPS (lpj=2445428)
[    0.592315] Last level iTLB entries: 4KB 512, 2MB 255, 4MB 127
[    0.593237] Last level dTLB entries: 4KB 512, 2MB 255, 4MB 127, 1GB 0
[    0.594246] Spectre V1 : Mitigation: usercopy/swapgs barriers and __user pointer sanitization
[    0.595240] Spectre V2 : Mitigation: Retpolines
[    0.596236] Spectre V2 : Spectre v2 / SpectreRSB: Filling RSB on context switch and VMEXIT
[    0.597251] x86/fpu: x87 FPU will use FXSAVE
[    0.637314] Freeing SMP alternatives memory: 48K
[    0.638251] pid_max: default: 32768 minimum: 301
[    0.639263] LSM: initializing lsm=capability,selinux
[    0.640268] SELinux:  Initializing.
[    0.641478] Mount-cache hash table entries: 4096 (order: 3, 32768 bytes, linear)
[    0.642239] Mountpoint-cache hash table entries: 4096 (order: 3, 32768 bytes, linear)
[    0.746385] smpboot: CPU0: AMD QEMU Virtual CPU version 2.5+ (family: 0xf, model: 0x6b, stepping: 0x1)
[    0.748325] Performance Events: PMU not available due to virtualization, using software events only.
[    0.751373] signal: max sigframe size: 1440
[    0.752300] rcu: Hierarchical SRCU implementation.
[    0.753236] rcu: 	Max phase no-delay instances is 400.
[    0.755311] Timer migration: 1 hierarchy levels; 8 children per group; 1 crossnode level
[    0.756536] smp: Bringing up secondary CPUs ...
[    0.757419] smpboot: x86: Booting SMP configuration:
[    0.759235] .... node  #0, CPUs:      #1 #2 #3
[    0.768376] smp: Brought up 1 node, 4 CPUs
[    0.770238] smpboot: Total of 4 processors activated (19563.42 BogoMIPS)
[    0.773675] Memory: 2004424K/2096628K available (22528K kernel code, 2863K rwdata, 7100K rodata, 5388K init, 1244K bss, 87236K reserved, 0K cma-reserved)
[    0.775266] devtmpfs: initialized
[    0.777394] futex hash table entries: 1024 (order: 4, 65536 bytes, linear)
[    0.778496] PM: RTC time: 10:09:02, date: 2026-10-01
[    0.781294] NET: Registered PF_NETLINK/PF_ROUTE protocol family
[    0.783398] audit: initializing netlink subsys (disabled)
[    0.785238] audit: type=2000 audit(1790849342.271:1): state=initialized audit_enabled=0 res=1
[    0.785432] thermal_sys: Registered thermal governor 'step_wise'
[    0.786236] thermal_sys: Registered thermal governor 'user_space'
[    0.787283] cpuidle: using governor menu
[    0.790476] PCI: ECAM [mem 0xb0000000-0xbfffffff] (base 0xb0000000) for domain 0000 [bus 00-ff]
[    0.791240] PCI: ECAM [mem 0xb0000000-0xbfffffff] reserved as E820 entry
[    0.792262] PCI: Using configuration type 1 for base access
[    0.793417] kprobes: kprobe jump-optimization is enabled. All kprobes are optimized if possible.
[    0.796760] HugeTLB: registered 2.00 MiB page size, pre-allocated 0 pages
[    0.797236] HugeTLB: 28 KiB vmemmap can be freed for a 2.00 MiB page
[    0.798404] ACPI: Added _OSI(Module Device)
[    0.799236] ACPI: Added _OSI(Processor Device)
[    0.800237] ACPI: Added _OSI(Processor Aggregator Device)
[    0.803538] ACPI: 1 ACPI AML tables successfully acquired and loaded
[    0.808635] ACPI: Interpreter enabled
[    0.809261] ACPI: PM: (supports S0 S3 S4 S5)
[    0.810235] ACPI: Using IOAPIC for interrupt routing
[    0.811293] PCI: Using host bridge windows from ACPI; if necessary, use "pci=nocrs" and report a bug
[    0.812237] PCI: Using E820 reservations for host bridge windows
[    0.814460] ACPI: Enabled 2 GPEs in block 00 to 3F
[    0.822307] ACPI: PCI Root Bridge [PCI0] (domain 0000 [bus 00-ff])
[    0.823243] acpi PNP0A08:00: _OSC: OS supports [ExtendedConfig ASPM ClockPM Segments MSI HPX-Type3]
[    0.824344] acpi PNP0A08:00: _OSC: platform does not support [LTR]
[    0.825374] acpi PNP0A08:00: _OSC: OS now controls [PME PCIeCapability]
[    0.827371] PCI host bridge to bus 0000:00
[    0.828244] pci_bus 0000:00: root bus resource [io  0x0000-0x0cf7 window]
[    0.829237] pci_bus 0000:00: root bus resource [io  0x0d00-0xffff window]
[    0.830238] pci_bus 0000:00: root bus resource [mem 0x000a0000-0x000bffff window]
[    0.831238] pci_bus 0000:00: root bus resource [mem 0x80000000-0xafffffff window]
[    0.832238] pci_bus 0000:00: root bus resource [mem 0xc0000000-0xfebfffff window]
[    0.833238] pci_bus 0000:00: root bus resource [mem 0x100000000-0x8ffffffff window]
[    0.834239] pci_bus 0000:00: root bus resource [bus 00-ff]
[    0.835394] pci 0000:00:00.0: [8086:29c0] type 00 class 0x060000 conventional PCI endpoint
[    0.837694] pci 0000:00:01.0: [1234:1111] type 00 class 0x030000 conventional PCI endpoint
[    0.839946] pci 0000:00:01.0: BAR 0 [mem 0xfd000000-0xfdffffff pref]
[    0.843262] pci 0000:00:01.0: BAR 2 [mem 0xfebd4000-0xfebd4fff]
[    0.849251] pci 0000:00:01.0: ROM [mem 0xfebc0000-0xfebcffff pref]
[    0.851235] pci 0000:00:01.0: Video device with shadowed ROM at [mem 0x000c0000-0x000dffff]
[    0.853604] pci 0000:00:02.0: [8086:10d3] type 00 class 0x020000 PCIe Root Complex Integrated Endpoint
[    0.856237] pci 0000:00:02.0: BAR 0 [mem 0xfeb80000-0xfeb9ffff]
[    0.859236] pci 0000:00:02.0: BAR 1 [mem 0xfeba0000-0xfebbffff]
[    0.861236] pci 0000:00:02.0: BAR 2 [io  0xc040-0xc05f]
[    0.863237] pci 0000:00:02.0: BAR 3 [mem 0xfebd0000-0xfebd3fff]
[    0.868237] pci 0000:00:02.0: ROM [mem 0xfeb00000-0xfeb7ffff pref]
[    0.872135] pci 0000:00:1f.0: [8086:2918] type 00 class 0x060100 conventional PCI endpoint
[    0.874474] pci 0000:00:1f.0: quirk: [io  0x0600-0x067f] claimed by ICH6 ACPI/GPIO/TCO
[    0.875871] pci 0000:00:1f.2: [8086:2922] type 00 class 0x010601 conventional PCI endpoint
[    0.881704] pci 0000:00:1f.2: BAR 4 [io  0xc060-0xc07f]
[    0.883237] pci 0000:00:1f.2: BAR 5 [mem 0xfebd5000-0xfebd5fff]
[    0.886881] pci 0000:00:1f.3: [8086:2930] type 00 class 0x0c0500 conventional PCI endpoint
[    0.889985] pci 0000:00:1f.3: BAR 4 [io  0x0700-0x073f]
[    0.895988] ACPI: PCI: Interrupt link LNKA configured for IRQ 10
[    0.897345] ACPI: PCI: Interrupt link LNKB configured for IRQ 10
[    0.898431] ACPI: PCI: Interrupt link LNKC configured for IRQ 11
[    0.900278] ACPI: PCI: Interrupt link LNKD configured for IRQ 11
[    0.901512] ACPI: PCI: Interrupt link LNKE configured for IRQ 10
[    0.902515] ACPI: PCI: Interrupt link LNKF configured for IRQ 10
[    0.903457] ACPI: PCI: Interrupt link LNKG configured for IRQ 11
[    0.904427] ACPI: PCI: Interrupt link LNKH configured for IRQ 11
[    0.905322] ACPI: PCI: Interrupt link GSIA configured for IRQ 16
[    0.906269] ACPI: PCI: Interrupt link GSIB configured for IRQ 17
[    0.907273] ACPI: PCI: Interrupt link GSIC configured for IRQ 18
[    0.908276] ACPI: PCI: Interrupt link GSID configured for IRQ 19
[    0.911299] ACPI: PCI: Interrupt link GSIE configured for IRQ 20
[    0.912269] ACPI: PCI: Interrupt link GSIF configured for IRQ 21
[    0.913282] ACPI: PCI: Interrupt link GSIG configured for IRQ 22
[    0.914281] ACPI: PCI: Interrupt link GSIH configured for IRQ 23
[    0.916427] iommu: Default domain type: Translated
[    0.917238] iommu: DMA domain TLB invalidation policy: lazy mode
[    0.918387] SCSI subsystem initialized
[    0.920350] ACPI: bus type USB registered
[    0.921286] usbcore: registered new interface driver usbfs
[    0.922261] usbcore: registered new interface driver hub
[    0.923263] usbcore: registered new device driver usb
[    0.924284] pps_core: LinuxPPS API ver. 1 registered
[    0.925235] pps_core: Software ver. 5.3.6 - Copyright 2005-2007 Rodolfo Giometti <giometti@linux.it>
[    0.926259] PTP clock support registered
[    0.929341] Advanced Linux Sound Architecture Driver Initialized.
[    0.930656] NetLabel: Initializing
[    0.931235] NetLabel:  domain hash size = 128
[    0.932235] NetLabel:  protocols = UNLABELED CIPSOv4 CALIPSO
[    0.933280] NetLabel:  unlabeled traffic allowed by default
[    0.934333] PCI: Using ACPI for IRQ routing
[    1.142607] pci 0000:00:01.0: vgaarb: setting as boot VGA device
[    1.143232] pci 0000:00:01.0: vgaarb: bridge control possible
[    1.143232] pci 0000:00:01.0: vgaarb: VGA device added: decodes=io+mem,owns=io+mem,locks=none
[    1.143247] vgaarb: loaded
[    1.144383] hpet: 3 channels of 0 reserved for per-cpu timers
[    1.145265] hpet0: at MMIO 0xfed00000, IRQs 2, 8, 0
[    1.146236] hpet0: 3 comparators, 64-bit 100.000000 MHz counter
[    1.155362] clocksource: Switched to clocksource kvm-clock
[    1.594828] kwatchdog (54) used greatest stack depth: 15584 bytes left
[    1.613278] VFS: Disk quotas dquot_6.6.0
[    1.616041] VFS: Dquot-cache hash table entries: 512 (order 0, 4096 bytes)
[    1.621022] pnp: PnP ACPI init
[    1.623833] system 00:05: [mem 0xb0000000-0xbfffffff window] has been reserved
[    1.629739] pnp: PnP ACPI: found 6 devices
[    1.645529] clocksource: acpi_pm: mask: 0xffffff max_cycles: 0xffffff, max_idle_ns: 2085701024 ns
[    1.652420] NET: Registered PF_INET protocol family
[    1.656332] IP idents hash table entries: 32768 (order: 6, 262144 bytes, linear)
[    1.662926] tcp_listen_portaddr_hash hash table entries: 1024 (order: 2, 16384 bytes, linear)
[    1.669533] Table-perturb hash table entries: 65536 (order: 6, 262144 bytes, linear)
[    1.675595] TCP established hash table entries: 16384 (order: 5, 131072 bytes, linear)
[    1.682184] TCP bind hash table entries: 16384 (order: 7, 524288 bytes, linear)
[    1.687785] TCP: Hash tables configured (established 16384 bind 16384)
[    1.692409] UDP hash table entries: 1024 (order: 3, 32768 bytes, linear)
[    1.697367] UDP-Lite hash table entries: 1024 (order: 3, 32768 bytes, linear)
[    1.702801] NET: Registered PF_UNIX/PF_LOCAL protocol family
[    1.707738] RPC: Registered named UNIX socket transport module.
[    1.711006] RPC: Registered udp transport module.
[    1.713693] RPC: Registered tcp transport module.
[    1.715893] RPC: Registered tcp-with-tls transport module.
[    1.718015] RPC: Registered tcp NFSv4.1 backchannel transport module.
[    1.721544] pci_bus 0000:00: resource 4 [io  0x0000-0x0cf7 window]
[    1.724401] pci_bus 0000:00: resource 5 [io  0x0d00-0xffff window]
[    1.727896] pci_bus 0000:00: resource 6 [mem 0x000a0000-0x000bffff window]
[    1.730695] pci_bus 0000:00: resource 7 [mem 0x80000000-0xafffffff window]
[    1.733414] pci_bus 0000:00: resource 8 [mem 0xc0000000-0xfebfffff window]
[    1.736785] pci_bus 0000:00: resource 9 [mem 0x100000000-0x8ffffffff window]
[    1.742103] PCI: CLS 0 bytes, default 64
[    1.745016] clocksource: tsc: mask: 0xffffffffffffffff max_cycles: 0x233fd98c0cf, max_idle_ns: 440795209930 ns
[    1.745123] Unpacking initramfs...
[    1.761748] Initialise system trusted keyrings
[    1.765215] workingset: timestamp_bits=56 max_order=19 bucket_order=0
[    1.770173] NFS: Registering the id_resolver key type
[    1.773595] Key type id_resolver registered
[    1.776425] Key type id_legacy registered
[    1.779489] 9p: Installing v9fs 9p2000 file system support
[    1.798641] Key type asymmetric registered
[    1.801373] Asymmetric key parser 'x509' registered
[    1.804783] Block layer SCSI generic (bsg) driver version 0.4 loaded (major 251)
[    1.809714] io scheduler mq-deadline registered
[    1.812721] io scheduler kyber registered
[    1.816989] input: Power Button as /devices/LNXSYSTM:00/LNXPWRBN:00/input/input0
[    1.822321] ACPI: button: Power Button [PWRF]
[    1.827445] Serial: 8250/16550 driver, 4 ports, IRQ sharing enabled
[    1.832357] 00:03: ttyS0 at I/O 0x3f8 (irq = 4, base_baud = 115200) is a 16550A
[    1.839542] Non-volatile memory driver v1.3
[    1.841944] Linux agpgart interface v0.103
[    1.845202] ACPI: bus type drm_connector registered
[    1.867975] loop: module loaded
[    1.871128] ACPI: \_SB_.GSIA: Enabled at IRQ 16
[    1.876222] ahci 0000:00:1f.2: AHCI vers 0001.0000, 32 command slots, 1.5 Gbps, SATA mode
[    1.882650] ahci 0000:00:1f.2: 6/6 ports implemented (port mask 0x3f)
[    1.887380] ahci 0000:00:1f.2: flags: 64bit ncq only 
[    1.893830] scsi host0: ahci
[    1.899665] scsi host1: ahci
[    1.902857] scsi host2: ahci
[    1.906245] scsi host3: ahci
[    1.909740] scsi host4: ahci
[    1.910042] Freeing initrd memory: 2656K
[    1.913081] scsi host5: ahci
[    1.917336] ata1: SATA max UDMA/133 abar m4096@0xfebd5000 port 0xfebd5100 irq 24 lpm-pol 1
[    1.923206] ata2: SATA max UDMA/133 abar m4096@0xfebd5000 port 0xfebd5180 irq 24 lpm-pol 1
[    1.929389] ata3: SATA max UDMA/133 abar m4096@0xfebd5000 port 0xfebd5200 irq 24 lpm-pol 1
[    1.935085] ata4: SATA max UDMA/133 abar m4096@0xfebd5000 port 0xfebd5280 irq 24 lpm-pol 1
[    1.940491] ata5: SATA max UDMA/133 abar m4096@0xfebd5000 port 0xfebd5300 irq 24 lpm-pol 1
[    1.946248] ata6: SATA max UDMA/133 abar m4096@0xfebd5000 port 0xfebd5380 irq 24 lpm-pol 1
[    1.952537] e100: Intel(R) PRO/100 Network Driver
[    1.955848] e100: Copyright(c) 1999-2006 Intel Corporation
[    1.959766] e1000: Intel(R) PRO/1000 Network Driver
[    1.963429] e1000: Copyright (c) 1999-2006 Intel Corporation.
[    1.967680] e1000e: Intel(R) PRO/1000 Network Driver
[    1.970849] e1000e: Copyright(c) 1999 - 2015 Intel Corporation.
[    1.975674] ACPI: \_SB_.GSIG: Enabled at IRQ 22
[    1.979773] e1000e 0000:00:02.0: Interrupt Throttling Rate (ints/sec) set to dynamic conservative mode
[    2.025729] e1000e 0000:00:02.0 0000:00:02.0 (uninitialized): registered PHC clock
[    2.081952] e1000e 0000:00:02.0 eth0: (PCI Express:2.5GT/s:Width x1) 52:54:00:12:34:56
[    2.087649] e1000e 0000:00:02.0 eth0: Intel(R) PRO/1000 Network Connection
[    2.092545] e1000e 0000:00:02.0 eth0: MAC: 3, PHY: 8, PBA No: 000000-000
[    2.097166] sky2: driver version 1.30
[    2.100116] usbcore: registered new interface driver usblp
[    2.104168] usbcore: registered new interface driver usb-storage
[    2.108377] i8042: PNP: PS/2 Controller [PNP0303:KBD,PNP0f13:MOU] at 0x60,0x64 irq 1,12
[    2.115993] serio: i8042 KBD port at 0x60,0x64 irq 1
[    2.119427] serio: i8042 AUX port at 0x60,0x64 irq 12
[    2.123660] rtc_cmos 00:04: RTC can wake from S4
[    2.123833] input: AT Translated Set 2 keyboard as /devices/platform/i8042/serio0/input/input1
[    2.131057] rtc_cmos 00:04: registered as rtc0
[    2.139578] rtc_cmos 00:04: alarms up to one day, y3k, 242 bytes nvram, hpet irqs
[    2.144308] device-mapper: ioctl: 4.48.0-ioctl (2023-03-01) initialised: dm-devel@lists.linux.dev
[    2.145044] i801_smbus 0000:00:1f.3: SMBus using PCI interrupt
[    2.154762] amd_pstate: the _CPC object is not present in SBIOS or ACPI disabled
[    2.154818] hid: raw HID events driver (C) Jiri Kosina
[    2.156978] usbcore: registered new interface driver usbhid
[    2.160813] i2c i2c-0: Memory type 0x07 not supported yet, not instantiating SPD
[    2.167651] usbhid: USB HID core driver
[    2.186653] Initializing XFRM netlink socket
[    2.190075] NET: Registered PF_INET6 protocol family
[    2.195495] Segment Routing with IPv6
[    2.200771] In-situ OAM (IOAM) with IPv6
[    2.204166] sit: IPv6, IPv4 and MPLS over IPv4 tunneling driver
[    2.210709] NET: Registered PF_PACKET protocol family
[    2.219356] 9pnet: Installing 9P2000 support
[    2.224101] Key type dns_resolver registered
[    2.232192] IPI shorthand broadcast: enabled
[    2.241019] sched_clock: Marking stable (1708022457, 532381567)->(2730444673, -490040649)
[    2.247829] registered taskstats version 1
[    2.251083] Loading compiled-in X.509 certificates
[    2.257793] Demotion targets for Node 0: null
[    2.260790] PM:   Magic number: 14:773:172
[    2.263605] net eth0: hash matches
[    2.266321] printk: legacy console [netcon0] enabled
[    2.270345] netconsole: network logging started
[    2.273055] cfg80211: Loading compiled-in X.509 certificates for regulatory database
[    2.275996] ata2: SATA link down (SStatus 0 SControl 300)
[    2.278831] kworker/u16:6 (89) used greatest stack depth: 14952 bytes left
[    2.288911] ata3: SATA link up 1.5 Gbps (SStatus 113 SControl 300)
[    2.293641] kworker/u16:6 (90) used greatest stack depth: 14352 bytes left
[    2.294235] Loaded X.509 cert 'sforshee: 00b28ddf47aef9cea7'
[    2.294762] Loaded X.509 cert 'wens: 61c038651aabdcf94bd0ac7ff06c7248db18c600'
[    2.294824] ALSA device list:
[    2.294827]   No soundcards found.
[    2.294907] platform regulatory.0: Direct firmware load for regulatory.db failed with error -2
[    2.294916] cfg80211: failed to load regulatory.db
[    2.299021] ata4: SATA link down (SStatus 0 SControl 300)
[    2.300586] ata3.00: LPM support broken, forcing max_power
[    2.338099] ata3.00: ATAPI: QEMU DVD-ROM, 2.5+, max UDMA/100
[    2.338119] ata3.00: applying bridge limits
[    2.348344] ata6: SATA link down (SStatus 0 SControl 300)
[    2.353803] ata5: SATA link down (SStatus 0 SControl 300)
[    2.357680] ata1: SATA link down (SStatus 0 SControl 300)
[    2.361127] ata3.00: LPM support broken, forcing max_power
[    2.364393] ata3.00: configured for UDMA/100
[    2.368724] scsi 2:0:0:0: CD-ROM            QEMU     QEMU DVD-ROM     2.5+ PQ: 0 ANSI: 5
[    2.390013] sr 2:0:0:0: [sr0] scsi3-mmc drive: 4x/4x cd/rw xa/form2 tray
[    2.406929] cdrom: Uniform CD-ROM driver Revision: 3.20
[    2.417922] sr 2:0:0:0: Attached scsi generic sg0 type 5
[    2.422289] Freeing unused kernel image (initmem) memory: 5388K
[    2.425034] Write protecting the kernel read-only data: 30720k
[    2.429930] Freeing unused kernel image (rodata/data gap) memory: 1092K
[    2.513654] x86/mm: Checked W+X mappings: passed, no W+X pages found.
[    2.517541] Run /init as init process
[    2.521241] mount (93) used greatest stack depth: 14016 bytes left
[    2.524245] mount (95) used greatest stack depth: 13872 bytes left
[    2.528645] mount (94) used greatest stack depth: 13424 bytes left
BOOTMARK userspace-up
Linux (none) 6.12.111 #1 SMP PREEMPT_DYNAMIC Thu Oct  1 09:17:31 UTC 2026 x86_64 GNU/Linux
BOOTMARK insmod-start
[    2.578098] mali mali.0: Kernel DDK version r54p0-01eac0
[    2.580954] mali mali.0: Using Dummy Model
[    2.582840] mali mali.0: GPU metrics tracepoint support enabled
[    2.586570] mali mali.0: Register LUT 000e0800 initialized for GPU arch 0x000e0805
[    2.592113] mali mali.0: GPU identified as 0x0 arch 14.8.5 r0p0 status 0
[    2.595997] mali mali.0: _find_key: OPP table not found (-19)
[    2.600103] mali mali.0: No OPPs found in device tree! Scaling timeouts using 100000 kHz
[    2.605019] mali mali.0: Large page allocation set to true after hardware feature check
[    2.610255] Dummy model register access: Reading unsupported register 0xf10. Returning 0
[    2.615726] Dummy model register access: Writing unsupported register 0xf10 value 0x0
[    2.622195] Dummy model register access: Writing unsupported register 0x88 value 0x0
[    2.626882] Dummy model register access: Writing unsupported register 0x8c value 0x0
[    2.634147] Dummy model register access: Writing unsupported register 0x88 value 0x1f3bc2
[    2.641130] Dummy model register access: Writing unsupported register 0x8c value 0x0
[    2.648853] Dummy model register access: Writing unsupported register 0x41030 value 0x0
[    2.654518] Dummy model register access: Writing unsupported register 0x41034 value 0x0
[    2.665914] mali mali.0: Clock not available for devfreq
[    2.669401] mali mali.0: Continuing without devfreq
[    2.672856] mali mali.0: * MALI kbase_mmap_min_addr compiled to CONFIG_LSM_MMAP_MIN_ADDR, no runtime update possible! *
[    2.682041] mali mali.0: Probed as mali0
BOOTMARK insmod-rc 0
Module                  Size  Used by    Not tainted
mali_kbase           2113536  0 
BOOTMARK kcov-start
KCOV node present at /sys/kernel/debug/kcov
-rw-------    1 0        0                0 Oct  1 10:09 /sys/kernel/debug/kcov
BOOTMARK probe-start
KCOV_INIT_TRACE: Invalid argument
[    2.722773] input: ImExPS/2 Generic Explorer Mouse as /devices/platform/i8042/serio1/input/input3
BOOTMARK probe-rc 1
BOOTMARK kcov-end
BOOTMARK dmesg-start
[    2.578098] mali mali.0: Kernel DDK version r54p0-01eac0
[    2.580954] mali mali.0: Using Dummy Model
[    2.582840] mali mali.0: GPU metrics tracepoint support enabled
[    2.586570] mali mali.0: Register LUT 000e0800 initialized for GPU arch 0x000e0805
[    2.592113] mali mali.0: GPU identified as 0x0 arch 14.8.5 r0p0 status 0
[    2.595997] mali mali.0: _find_key: OPP table not found (-19)
[    2.600103] mali mali.0: No OPPs found in device tree! Scaling timeouts using 100000 kHz
[    2.605019] mali mali.0: Large page allocation set to true after hardware feature check
[    2.665914] mali mali.0: Clock not available for devfreq
[    2.669401] mali mali.0: Continuing without devfreq
[    2.672856] mali mali.0: * MALI kbase_mmap_min_addr compiled to CONFIG_LSM_MMAP_MIN_ADDR, no runtime update possible! *
[    2.682041] mali mali.0: Probed as mali0
BOOTMARK dmesg-end
BOOTMARK poweroff
[    2.796761] e1000e: EEE TX LPI TIMER: 00000000
[    2.802975] ACPI: PM: Preparing to enter system sleep state S5
[    2.806853] reboot: Power down
