c[?7l[2J[0mSeaBIOS (version 1.16.3-debian-1.16.3-2)


iPXE (https://ipxe.org) 00:02.0 CA00 PCI2.10 PnP PMM+7EFCAB60+7EF0AB60 CA00
Press Ctrl-B to configure iPXE (PCI 00:02.0)...                                                                               


Booting from ROM...
c[?7l[2J[    0.000000] Linux version 6.12.111 (codespace@codespaces-5d341e) (gcc (Ubuntu 13.3.0-6ubuntu2~24.04.1) 13.3.0, GNU ld (GNU Binutils for Ubuntu) 2.42) #2 SMP PREEMPT_DYNAMIC Fri Oct  2 00:15:33 UTC 2026
[    0.000000] Command line: console=ttyS0 panic=-1 rdinit=/init loglevel=7
[    0.000000] BIOS-provided physical RAM map:
[    0.000000] BIOS-e820: [mem 0x0000000000000000-0x000000000009fbff] usable
[    0.000000] BIOS-e820: [mem 0x000000000009fc00-0x000000000009ffff] reserved
[    0.000000] BIOS-e820: [mem 0x00000000000f0000-0x00000000000fffff] reserved
[    0.000000] BIOS-e820: [mem 0x0000000000100000-0x000000007ffdefff] usable
[    0.000000] BIOS-e820: [mem 0x000000007ffdf000-0x000000007fffffff] reserved
[    0.000000] BIOS-e820: [mem 0x00000000b0000000-0x00000000bfffffff] reserved
[    0.000000] BIOS-e820: [mem 0x00000000fed1c000-0x00000000fed1ffff] reserved
[    0.000000] BIOS-e820: [mem 0x00000000feffc000-0x00000000feffffff] reserved
[    0.000000] BIOS-e820: [mem 0x00000000fffc0000-0x00000000ffffffff] reserved
[    0.000000] BIOS-e820: [mem 0x000000fd00000000-0x000000ffffffffff] reserved
[    0.000000] NX (Execute Disable) protection: active
[    0.000000] APIC: Static calls initialized
[    0.000000] SMBIOS 3.0.0 present.
[    0.000000] DMI: QEMU Standard PC (Q35 + ICH9, 2009), BIOS 1.16.3-debian-1.16.3-2 04/01/2014
[    0.000000] DMI: Memory slots populated: 1/1
[    0.000000] Hypervisor detected: KVM
[    0.000000] last_pfn = 0x7ffdf max_arch_pfn = 0x400000000
[    0.000000] kvm-clock: Using msrs 4b564d01 and 4b564d00
[    0.000002] kvm-clock: using sched offset of 1250161266 cycles
[    0.000009] clocksource: kvm-clock: mask: 0xffffffffffffffff max_cycles: 0x1cd42e4dffb, max_idle_ns: 881590591483 ns
[    0.000024] tsc: Detected 2445.430 MHz processor
[    0.022658] last_pfn = 0x7ffdf max_arch_pfn = 0x400000000
[    0.022891] MTRR map: 4 entries (3 fixed + 1 variable; max 19), built from 8 variable MTRRs
[    0.022911] x86/PAT: Configuration [0-7]: WB  WC  UC- UC  WB  WP  UC- WT  
[    0.034916] found SMP MP-table at [mem 0x000f5480-0x000f548f]
[    0.047012] RAMDISK: [mem 0x7fcc1000-0x7ffcffff]
[    0.047292] ACPI: Early table checksum verification disabled
[    0.047433] ACPI: RSDP 0x00000000000F52C0 000014 (v00 BOCHS )
[    0.047472] ACPI: RSDT 0x000000007FFE2425 000038 (v01 BOCHS  BXPC     00000001 BXPC 00000001)
[    0.047505] ACPI: FACP 0x000000007FFE2205 0000F4 (v03 BOCHS  BXPC     00000001 BXPC 00000001)
[    0.047540] ACPI: DSDT 0x000000007FFE0040 0021C5 (v01 BOCHS  BXPC     00000001 BXPC 00000001)
[    0.047568] ACPI: FACS 0x000000007FFE0000 000040
[    0.047589] ACPI: APIC 0x000000007FFE22F9 000090 (v03 BOCHS  BXPC     00000001 BXPC 00000001)
[    0.047617] ACPI: HPET 0x000000007FFE2389 000038 (v01 BOCHS  BXPC     00000001 BXPC 00000001)
[    0.047645] ACPI: MCFG 0x000000007FFE23C1 00003C (v01 BOCHS  BXPC     00000001 BXPC 00000001)
[    0.047674] ACPI: WAET 0x000000007FFE23FD 000028 (v01 BOCHS  BXPC     00000001 BXPC 00000001)
[    0.047699] ACPI: Reserving FACP table memory at [mem 0x7ffe2205-0x7ffe22f8]
[    0.047711] ACPI: Reserving DSDT table memory at [mem 0x7ffe0040-0x7ffe2204]
[    0.047722] ACPI: Reserving FACS table memory at [mem 0x7ffe0000-0x7ffe003f]
[    0.047733] ACPI: Reserving APIC table memory at [mem 0x7ffe22f9-0x7ffe2388]
[    0.047743] ACPI: Reserving HPET table memory at [mem 0x7ffe2389-0x7ffe23c0]
[    0.047754] ACPI: Reserving MCFG table memory at [mem 0x7ffe23c1-0x7ffe23fc]
[    0.047764] ACPI: Reserving WAET table memory at [mem 0x7ffe23fd-0x7ffe2424]
[    0.052479] No NUMA configuration found
[    0.052486] Faking a node at [mem 0x0000000000000000-0x000000007ffdefff]
[    0.052505] NODE_DATA(0) allocated [mem 0x7ffdb940-0x7ffdefff]
[    0.052552] Zone ranges:
[    0.052555]   DMA      [mem 0x0000000000001000-0x0000000000ffffff]
[    0.052567]   DMA32    [mem 0x0000000001000000-0x000000007ffdefff]
[    0.052578]   Normal   empty
[    0.052584] Movable zone start for each node
[    0.052589] Early memory node ranges
[    0.052592]   node   0: [mem 0x0000000000001000-0x000000000009efff]
[    0.052688]   node   0: [mem 0x0000000000100000-0x000000007ffdefff]
[    0.052701] Initmem setup node 0 [mem 0x0000000000001000-0x000000007ffdefff]
[    0.056795] On node 0, zone DMA: 1 pages in unavailable ranges
[    0.061044] On node 0, zone DMA: 97 pages in unavailable ranges
[    0.412520] On node 0, zone DMA32: 33 pages in unavailable ranges
[    0.416971] ACPI: PM-Timer IO Port: 0x608
[    0.417020] ACPI: LAPIC_NMI (acpi_id[0xff] dfl dfl lint[0x1])
[    0.417176] IOAPIC[0]: apic_id 0, version 17, address 0xfec00000, GSI 0-23
[    0.417200] ACPI: INT_SRC_OVR (bus 0 bus_irq 0 global_irq 2 dfl dfl)
[    0.417216] ACPI: INT_SRC_OVR (bus 0 bus_irq 5 global_irq 5 high level)
[    0.417230] ACPI: INT_SRC_OVR (bus 0 bus_irq 9 global_irq 9 high level)
[    0.417245] ACPI: INT_SRC_OVR (bus 0 bus_irq 10 global_irq 10 high level)
[    0.417258] ACPI: INT_SRC_OVR (bus 0 bus_irq 11 global_irq 11 high level)
[    0.417287] ACPI: Using ACPI (MADT) for SMP configuration information
[    0.417293] ACPI: HPET id: 0x8086a201 base: 0xfed00000
[    0.417328] CPU topo: Max. logical packages:   1
[    0.417334] CPU topo: Max. logical dies:       1
[    0.417340] CPU topo: Max. dies per package:   1
[    0.417362] CPU topo: Max. threads per core:   1
[    0.417368] CPU topo: Num. cores per package:     4
[    0.417375] CPU topo: Num. threads per package:   4
[    0.417381] CPU topo: Allowing 4 present CPUs plus 0 hotplug CPUs
[    0.417444] kvm-guest: APIC: eoi() replaced with kvm_guest_apic_eoi_write()
[    0.417645] PM: hibernation: Registered nosave memory: [mem 0x00000000-0x00000fff]
[    0.417661] PM: hibernation: Registered nosave memory: [mem 0x0009f000-0x000fffff]
[    0.417674] [mem 0xc0000000-0xfed1bfff] available for PCI devices
[    0.417683] Booting paravirtualized kernel on KVM
[    0.417691] clocksource: refined-jiffies: mask: 0xffffffff max_cycles: 0xffffffff, max_idle_ns: 1910969940391419 ns
[    0.435117] setup_percpu: NR_CPUS:64 nr_cpumask_bits:4 nr_cpu_ids:4 nr_node_ids:1
[    0.457373] percpu: Embedded 56 pages/cpu s192216 r8192 d28968 u524288
[    0.457603] Kernel command line: console=ttyS0 panic=-1 rdinit=/init loglevel=7
[    0.479172] Dentry cache hash table entries: 262144 (order: 9, 2097152 bytes, linear)
[    0.488484] Inode-cache hash table entries: 131072 (order: 8, 1048576 bytes, linear)
[    0.488778] Fallback order for Node 0: 0 
[    0.488793] Built 1 zonelists, mobility grouping on.  Total pages: 524157
[    0.488804] Policy zone: DMA32
[    0.488811] mem auto-init: stack:all(zero), heap alloc:off, heap free:off
[    0.501902] SLUB: HWalign=64, Order=0-3, MinObjects=0, CPUs=4, Nodes=1
[    0.508192] Dynamic Preempt: voluntary
[    0.509253] rcu: Preemptible hierarchical RCU implementation.
[    0.509259] rcu: 	RCU event tracing is enabled.
[    0.509263] rcu: 	RCU restricting CPUs from NR_CPUS=64 to nr_cpu_ids=4.
[    0.509273] 	Trampoline variant of Tasks RCU enabled.
[    0.509277] 	Tracing variant of Tasks RCU enabled.
[    0.509282] rcu: RCU calculated value of scheduler-enlistment delay is 100 jiffies.
[    0.509290] rcu: Adjusting geometry for rcu_fanout_leaf=16, nr_cpu_ids=4
[    0.509313] RCU Tasks: Setting shift to 2 and lim to 1 rcu_task_cb_adjust=1 rcu_task_cpu_ids=4.
[    0.509329] RCU Tasks Trace: Setting shift to 2 and lim to 1 rcu_task_cb_adjust=1 rcu_task_cpu_ids=4.
[    0.620005] NR_IRQS: 4352, nr_irqs: 456, preallocated irqs: 16
[    0.624972] rcu: srcu_init: Setting srcu_struct sizes based on contention.
[    0.625072] clocksource: jiffies: mask: 0xffffffff max_cycles: 0xffffffff, max_idle_ns: 1911260446275000 ns
[    0.675643] Console: colour VGA+ 80x25
[    0.675811] printk: legacy console [ttyS0] enabled
[    1.379546] ACPI: Core revision 20240827
[    1.383278] clocksource: hpet: mask: 0xffffffff max_cycles: 0xffffffff, max_idle_ns: 19112604467 ns
[    1.397541] APIC: Switch to symmetric I/O mode setup
[    1.413564] ..TIMER: vector=0x30 apic1=0 pin1=2 apic2=-1 pin2=-1
[    1.422401] clocksource: tsc-early: mask: 0xffffffffffffffff max_cycles: 0x233fdbaba77, max_idle_ns: 440795254155 ns
[    1.438736] Calibrating delay loop (skipped) preset value.. 4890.86 BogoMIPS (lpj=2445430)
[    1.441766] Last level iTLB entries: 4KB 512, 2MB 255, 4MB 127
[    1.442732] Last level dTLB entries: 4KB 512, 2MB 255, 4MB 127, 1GB 0
[    1.443751] Spectre V1 : Mitigation: usercopy/swapgs barriers and __user pointer sanitization
[    1.444742] Spectre V2 : Mitigation: Retpolines
[    1.445732] Spectre V2 : Spectre v2 / SpectreRSB: Filling RSB on context switch and VMEXIT
[    1.446753] x86/fpu: x87 FPU will use FXSAVE
[    1.555937] Freeing SMP alternatives memory: 48K
[    1.558027] pid_max: default: 32768 minimum: 301
[    1.558883] LSM: initializing lsm=capability,selinux
[    1.559794] SELinux:  Initializing.
[    1.561239] Mount-cache hash table entries: 4096 (order: 3, 32768 bytes, linear)
[    1.561738] Mountpoint-cache hash table entries: 4096 (order: 3, 32768 bytes, linear)
[    1.620324] APIC calibration not consistent with PM-Timer: 97ms instead of 100ms
[    1.620726] APIC delta adjusted to PM-Timer: 6249874 (6085489)
[    1.620898] smpboot: CPU0: AMD QEMU Virtual CPU version 2.5+ (family: 0xf, model: 0x6b, stepping: 0x1)
[    1.623067] Performance Events: PMU not available due to virtualization, using software events only.
[    1.625949] signal: max sigframe size: 1440
[    1.626803] rcu: Hierarchical SRCU implementation.
[    1.627731] rcu: 	Max phase no-delay instances is 400.
[    1.628875] Timer migration: 1 hierarchy levels; 8 children per group; 1 crossnode level
[    1.630558] smp: Bringing up secondary CPUs ...
[    1.631053] smpboot: x86: Booting SMP configuration:
[    1.631734] .... node  #0, CPUs:      #1 #2 #3
[    1.660774] smp: Brought up 1 node, 4 CPUs
[    1.662734] smpboot: Total of 4 processors activated (19563.44 BogoMIPS)
[    1.672106] Memory: 1997804K/2096628K available (26624K kernel code, 2863K rwdata, 7444K rodata, 6512K init, 1848K bss, 93856K reserved, 0K cma-reserved)
[    1.678249] devtmpfs: initialized
[    1.680976] futex hash table entries: 1024 (order: 4, 65536 bytes, linear)
[    1.683730] PM: RTC time: 05:12:00, date: 2026-10-02
[    1.688943] NET: Registered PF_NETLINK/PF_ROUTE protocol family
[    1.690784] audit: initializing netlink subsys (disabled)
[    1.696785] audit: type=2000 audit(1790917919.516:1): state=initialized audit_enabled=0 res=1
[    1.697115] thermal_sys: Registered thermal governor 'step_wise'
[    1.697733] thermal_sys: Registered thermal governor 'user_space'
[    1.699742] cpuidle: using governor menu
[    1.704986] PCI: ECAM [mem 0xb0000000-0xbfffffff] (base 0xb0000000) for domain 0000 [bus 00-ff]
[    1.705739] PCI: ECAM [mem 0xb0000000-0xbfffffff] reserved as E820 entry
[    1.707739] PCI: Using configuration type 1 for base access
[    1.709969] kprobes: kprobe jump-optimization is enabled. All kprobes are optimized if possible.
[    1.720779] HugeTLB: registered 2.00 MiB page size, pre-allocated 0 pages
[    1.721731] HugeTLB: 28 KiB vmemmap can be freed for a 2.00 MiB page
[    1.724985] ACPI: Added _OSI(Module Device)
[    1.725734] ACPI: Added _OSI(Processor Device)
[    1.726732] ACPI: Added _OSI(Processor Aggregator Device)
[    1.737041] ACPI: 1 ACPI AML tables successfully acquired and loaded
[    1.745854] ACPI: Interpreter enabled
[    1.746794] ACPI: PM: (supports S0 S3 S4 S5)
[    1.747732] ACPI: Using IOAPIC for interrupt routing
[    1.748802] PCI: Using host bridge windows from ACPI; if necessary, use "pci=nocrs" and report a bug
[    1.749731] PCI: Using E820 reservations for host bridge windows
[    1.752253] ACPI: Enabled 2 GPEs in block 00 to 3F
[    1.767911] ACPI: PCI Root Bridge [PCI0] (domain 0000 [bus 00-ff])
[    1.768758] acpi PNP0A08:00: _OSC: OS supports [ExtendedConfig ASPM ClockPM Segments MSI HPX-Type3]
[    1.769963] acpi PNP0A08:00: _OSC: platform does not support [LTR]
[    1.772016] acpi PNP0A08:00: _OSC: OS now controls [PME PCIeCapability]
[    1.773835] PCI host bridge to bus 0000:00
[    1.774747] pci_bus 0000:00: root bus resource [io  0x0000-0x0cf7 window]
[    1.775737] pci_bus 0000:00: root bus resource [io  0x0d00-0xffff window]
[    1.776737] pci_bus 0000:00: root bus resource [mem 0x000a0000-0x000bffff window]
[    1.777737] pci_bus 0000:00: root bus resource [mem 0x80000000-0xafffffff window]
[    1.778738] pci_bus 0000:00: root bus resource [mem 0xc0000000-0xfebfffff window]
[    1.779737] pci_bus 0000:00: root bus resource [mem 0x100000000-0x8ffffffff window]
[    1.780736] pci_bus 0000:00: root bus resource [bus 00-ff]
[    1.781947] pci 0000:00:00.0: [8086:29c0] type 00 class 0x060000 conventional PCI endpoint
[    1.785568] pci 0000:00:01.0: [1234:1111] type 00 class 0x030000 conventional PCI endpoint
[    1.787975] pci 0000:00:01.0: BAR 0 [mem 0xfd000000-0xfdffffff pref]
[    1.794961] pci 0000:00:01.0: BAR 2 [mem 0xfebd4000-0xfebd4fff]
[    1.804990] pci 0000:00:01.0: ROM [mem 0xfebc0000-0xfebcffff pref]
[    1.806926] pci 0000:00:01.0: Video device with shadowed ROM at [mem 0x000c0000-0x000dffff]
[    1.810754] pci 0000:00:02.0: [8086:10d3] type 00 class 0x020000 PCIe Root Complex Integrated Endpoint
[    1.813735] pci 0000:00:02.0: BAR 0 [mem 0xfeb80000-0xfeb9ffff]
[    1.816733] pci 0000:00:02.0: BAR 1 [mem 0xfeba0000-0xfebbffff]
[    1.819733] pci 0000:00:02.0: BAR 2 [io  0xc040-0xc05f]
[    1.822733] pci 0000:00:02.0: BAR 3 [mem 0xfebd0000-0xfebd3fff]
[    1.828734] pci 0000:00:02.0: ROM [mem 0xfeb00000-0xfeb7ffff pref]
[    1.835640] pci 0000:00:1f.0: [8086:2918] type 00 class 0x060100 conventional PCI endpoint
[    1.837753] pci 0000:00:1f.0: quirk: [io  0x0600-0x067f] claimed by ICH6 ACPI/GPIO/TCO
[    1.840318] pci 0000:00:1f.2: [8086:2922] type 00 class 0x010601 conventional PCI endpoint
[    1.850734] pci 0000:00:1f.2: BAR 4 [io  0xc060-0xc07f]
[    1.853734] pci 0000:00:1f.2: BAR 5 [mem 0xfebd5000-0xfebd5fff]
[    1.857608] pci 0000:00:1f.3: [8086:2930] type 00 class 0x0c0500 conventional PCI endpoint
[    1.863733] pci 0000:00:1f.3: BAR 4 [io  0x0700-0x073f]
[    1.876554] ACPI: PCI: Interrupt link LNKA configured for IRQ 10
[    1.877896] ACPI: PCI: Interrupt link LNKB configured for IRQ 10
[    1.879187] ACPI: PCI: Interrupt link LNKC configured for IRQ 11
[    1.880773] ACPI: PCI: Interrupt link LNKD configured for IRQ 11
[    1.882188] ACPI: PCI: Interrupt link LNKE configured for IRQ 10
[    1.883176] ACPI: PCI: Interrupt link LNKF configured for IRQ 10
[    1.884806] ACPI: PCI: Interrupt link LNKG configured for IRQ 11
[    1.887001] ACPI: PCI: Interrupt link LNKH configured for IRQ 11
[    1.887888] ACPI: PCI: Interrupt link GSIA configured for IRQ 16
[    1.888787] ACPI: PCI: Interrupt link GSIB configured for IRQ 17
[    1.889781] ACPI: PCI: Interrupt link GSIC configured for IRQ 18
[    1.890787] ACPI: PCI: Interrupt link GSID configured for IRQ 19
[    1.892778] ACPI: PCI: Interrupt link GSIE configured for IRQ 20
[    1.893788] ACPI: PCI: Interrupt link GSIF configured for IRQ 21
[    1.894777] ACPI: PCI: Interrupt link GSIG configured for IRQ 22
[    1.896754] ACPI: PCI: Interrupt link GSIH configured for IRQ 23
[    1.901405] iommu: Default domain type: Translated
[    1.901731] iommu: DMA domain TLB invalidation policy: lazy mode
[    1.904027] SCSI subsystem initialized
[    1.906818] ACPI: bus type USB registered
[    1.907896] usbcore: registered new interface driver usbfs
[    1.908793] usbcore: registered new interface driver hub
[    1.910758] usbcore: registered new device driver usb
[    1.911912] pps_core: LinuxPPS API ver. 1 registered
[    1.912730] pps_core: Software ver. 5.3.6 - Copyright 2005-2007 Rodolfo Giometti <giometti@linux.it>
[    1.913748] PTP clock support registered
[    1.916933] Advanced Linux Sound Architecture Driver Initialized.
[    1.920950] NetLabel: Initializing
[    1.921731] NetLabel:  domain hash size = 128
[    1.922732] NetLabel:  protocols = UNLABELED CIPSOv4 CALIPSO
[    1.924847] NetLabel:  unlabeled traffic allowed by default
[    1.926834] PCI: Using ACPI for IRQ routing
[    2.262835] pci 0000:00:01.0: vgaarb: setting as boot VGA device
[    2.263726] pci 0000:00:01.0: vgaarb: bridge control possible
[    2.263726] pci 0000:00:01.0: vgaarb: VGA device added: decodes=io+mem,owns=io+mem,locks=none
[    2.263735] vgaarb: loaded
[    2.266517] hpet: 3 channels of 0 reserved for per-cpu timers
[    2.266790] hpet0: at MMIO 0xfed00000, IRQs 2, 8, 0
[    2.267731] hpet0: 3 comparators, 64-bit 100.000000 MHz counter
[    2.291278] clocksource: Switched to clocksource kvm-clock
[    2.447073] kwatchdog (53) used greatest stack depth: 15072 bytes left
[    4.906398] VFS: Disk quotas dquot_6.6.0
[    4.917853] VFS: Dquot-cache hash table entries: 512 (order 0, 4096 bytes)
[    4.933698] pnp: PnP ACPI init
[    4.938180] system 00:05: [mem 0xb0000000-0xbfffffff window] has been reserved
[    4.948216] pnp: PnP ACPI: found 6 devices
[    4.989282] clocksource: acpi_pm: mask: 0xffffff max_cycles: 0xffffff, max_idle_ns: 2085701024 ns
[    5.005079] NET: Registered PF_INET protocol family
[    5.016008] IP idents hash table entries: 32768 (order: 6, 262144 bytes, linear)
[    5.029533] tcp_listen_portaddr_hash hash table entries: 1024 (order: 2, 16384 bytes, linear)
[    5.044402] Table-perturb hash table entries: 65536 (order: 6, 262144 bytes, linear)
[    5.059379] TCP established hash table entries: 16384 (order: 5, 131072 bytes, linear)
[    5.074453] TCP bind hash table entries: 16384 (order: 7, 524288 bytes, linear)
[    5.095747] TCP: Hash tables configured (established 16384 bind 16384)
[    5.107197] UDP hash table entries: 1024 (order: 3, 32768 bytes, linear)
[    5.116851] UDP-Lite hash table entries: 1024 (order: 3, 32768 bytes, linear)
[    5.128348] NET: Registered PF_UNIX/PF_LOCAL protocol family
[    5.143167] RPC: Registered named UNIX socket transport module.
[    5.159043] RPC: Registered udp transport module.
[    5.166045] RPC: Registered tcp transport module.
[    5.172430] RPC: Registered tcp-with-tls transport module.
[    5.181040] RPC: Registered tcp NFSv4.1 backchannel transport module.
[    5.195577] pci_bus 0000:00: resource 4 [io  0x0000-0x0cf7 window]
[    5.202902] pci_bus 0000:00: resource 5 [io  0x0d00-0xffff window]
[    5.210307] pci_bus 0000:00: resource 6 [mem 0x000a0000-0x000bffff window]
[    5.224544] pci_bus 0000:00: resource 7 [mem 0x80000000-0xafffffff window]
[    5.234274] pci_bus 0000:00: resource 8 [mem 0xc0000000-0xfebfffff window]
[    5.243570] pci_bus 0000:00: resource 9 [mem 0x100000000-0x8ffffffff window]
[    5.252235] PCI: CLS 0 bytes, default 64
[    5.260433] clocksource: tsc: mask: 0xffffffffffffffff max_cycles: 0x233fdbaba77, max_idle_ns: 440795254155 ns
[    5.266792] Unpacking initramfs...
[    5.344903] Initialise system trusted keyrings
[    5.355057] workingset: timestamp_bits=56 max_order=19 bucket_order=0
[    5.370662] NFS: Registering the id_resolver key type
[    5.380201] Key type id_resolver registered
[    5.389584] Key type id_legacy registered
[    5.397276] 9p: Installing v9fs 9p2000 file system support
[    5.551731] Key type asymmetric registered
[    5.561351] Asymmetric key parser 'x509' registered
[    5.572230] Block layer SCSI generic (bsg) driver version 0.4 loaded (major 251)
[    5.588409] io scheduler mq-deadline registered
[    5.602466] io scheduler kyber registered
[    5.620502] input: Power Button as /devices/LNXSYSTM:00/LNXPWRBN:00/input/input0
[    5.639583] ACPI: button: Power Button [PWRF]
[    5.663866] Serial: 8250/16550 driver, 4 ports, IRQ sharing enabled
[    5.686878] 00:03: ttyS0 at I/O 0x3f8 (irq = 4, base_baud = 115200) is a 16550A
[    5.711351] Non-volatile memory driver v1.3
[    5.724411] Linux agpgart interface v0.103
[    5.749516] ACPI: bus type drm_connector registered
[    5.799622] loop: module loaded
[    5.810953] ACPI: \_SB_.GSIA: Enabled at IRQ 16
[    5.828619] ahci 0000:00:1f.2: AHCI vers 0001.0000, 32 command slots, 1.5 Gbps, SATA mode
[    5.847920] ahci 0000:00:1f.2: 6/6 ports implemented (port mask 0x3f)
[    5.860634] ahci 0000:00:1f.2: flags: 64bit ncq only 
[    5.893245] scsi host0: ahci
[    5.902633] scsi host1: ahci
[    5.913255] scsi host2: ahci
[    5.927757] scsi host3: ahci
[    5.936232] scsi host4: ahci
[    5.951348] scsi host5: ahci
[    5.957065] ata1: SATA max UDMA/133 abar m4096@0xfebd5000 port 0xfebd5100 irq 24 lpm-pol 1
[    5.975509] ata2: SATA max UDMA/133 abar m4096@0xfebd5000 port 0xfebd5180 irq 24 lpm-pol 1
[    5.993186] ata3: SATA max UDMA/133 abar m4096@0xfebd5000 port 0xfebd5200 irq 24 lpm-pol 1
[    6.010782] ata4: SATA max UDMA/133 abar m4096@0xfebd5000 port 0xfebd5280 irq 24 lpm-pol 1
[    6.025799] ata5: SATA max UDMA/133 abar m4096@0xfebd5000 port 0xfebd5300 irq 24 lpm-pol 1
[    6.044153] ata6: SATA max UDMA/133 abar m4096@0xfebd5000 port 0xfebd5380 irq 24 lpm-pol 1
[    6.069633] Freeing initrd memory: 3132K
[    6.071094] e100: Intel(R) PRO/100 Network Driver
[    6.092264] e100: Copyright(c) 1999-2006 Intel Corporation
[    6.099573] e1000: Intel(R) PRO/1000 Network Driver
[    6.110206] e1000: Copyright (c) 1999-2006 Intel Corporation.
[    6.120243] e1000e: Intel(R) PRO/1000 Network Driver
[    6.137238] e1000e: Copyright(c) 1999 - 2015 Intel Corporation.
[    6.160601] ACPI: \_SB_.GSIG: Enabled at IRQ 22
[    6.175168] e1000e 0000:00:02.0: Interrupt Throttling Rate (ints/sec) set to dynamic conservative mode
[    6.239973] e1000e 0000:00:02.0 0000:00:02.0 (uninitialized): registered PHC clock
[    6.341833] e1000e 0000:00:02.0 eth0: (PCI Express:2.5GT/s:Width x1) 52:54:00:12:34:56
[    6.365645] e1000e 0000:00:02.0 eth0: Intel(R) PRO/1000 Network Connection
[    6.380442] e1000e 0000:00:02.0 eth0: MAC: 3, PHY: 8, PBA No: 000000-000
[    6.394466] sky2: driver version 1.30
[    6.404512] usbcore: registered new interface driver usblp
[    6.415620] usbcore: registered new interface driver usb-storage
[    6.424225] i8042: PNP: PS/2 Controller [PNP0303:KBD,PNP0f13:MOU] at 0x60,0x64 irq 1,12
[    6.430791] ata1: SATA link down (SStatus 0 SControl 300)
[    6.443871] serio: i8042 KBD port at 0x60,0x64 irq 1
[    6.452224] ata5: SATA link down (SStatus 0 SControl 300)
[    6.461965] serio: i8042 AUX port at 0x60,0x64 irq 12
[    6.467573] rtc_cmos 00:04: RTC can wake from S4
[    6.480882] ata2: SATA link down (SStatus 0 SControl 300)
[    6.481493] ata6: SATA link down (SStatus 0 SControl 300)
[    6.482079] ata4: SATA link down (SStatus 0 SControl 300)
[    6.503185] rtc_cmos 00:04: registered as rtc0
[    6.503504] rtc_cmos 00:04: alarms up to one day, y3k, 242 bytes nvram, hpet irqs
[    6.505180] i801_smbus 0000:00:1f.3: SMBus using PCI interrupt
[    6.505633] i2c i2c-0: Memory type 0x07 not supported yet, not instantiating SPD
[    6.508041] device-mapper: ioctl: 4.48.0-ioctl (2023-03-01) initialised: dm-devel@lists.linux.dev
[    6.527201] ata3: SATA link up 1.5 Gbps (SStatus 113 SControl 300)
[    6.530603] amd_pstate: the _CPC object is not present in SBIOS or ACPI disabled
[    6.542324] ata3.00: LPM support broken, forcing max_power
[    6.553979] hid: raw HID events driver (C) Jiri Kosina
[    6.564786] ata3.00: ATAPI: QEMU DVD-ROM, 2.5+, max UDMA/100
[    6.564831] ata3.00: applying bridge limits
[    6.571338] ata3.00: LPM support broken, forcing max_power
[    6.578960] usbcore: registered new interface driver usbhid
[    6.581409] input: AT Translated Set 2 keyboard as /devices/platform/i8042/serio0/input/input1
[    6.597074] ata3.00: configured for UDMA/100
[    6.606241] scsi 2:0:0:0: CD-ROM            QEMU     QEMU DVD-ROM     2.5+ PQ: 0 ANSI: 5
[    6.618781] usbhid: USB HID core driver
[    6.661814] Initializing XFRM netlink socket
[    6.765970] NET: Registered PF_INET6 protocol family
[    6.781664] Segment Routing with IPv6
[    6.791688] In-situ OAM (IOAM) with IPv6
[    6.798031] sit: IPv6, IPv4 and MPLS over IPv4 tunneling driver
[    6.807947] NET: Registered PF_PACKET protocol family
[    6.820438] 9pnet: Installing 9P2000 support
[    6.831982] Key type dns_resolver registered
[    6.847369] IPI shorthand broadcast: enabled
[    6.857874] sr 2:0:0:0: [sr0] scsi3-mmc drive: 4x/4x cd/rw xa/form2 tray
[    6.890871] sched_clock: Marking stable (6080033918, 810655266)->(8479721809, -1589032625)
[    6.913652] registered taskstats version 1
[    6.916693] cdrom: Uniform CD-ROM driver Revision: 3.20
[    6.924429] Loading compiled-in X.509 certificates
[    6.948177] Demotion targets for Node 0: null
[    6.962283] PM:   Magic number: 14:868:212
[    6.972191] printk: legacy console [netcon0] enabled
[    6.980170] netconsole: network logging started
[    6.990515] cfg80211: Loading compiled-in X.509 certificates for regulatory database
[    7.014179] kworker/u16:2 (87) used greatest stack depth: 14344 bytes left
[    7.031343] Loaded X.509 cert 'sforshee: 00b28ddf47aef9cea7'
[    7.033848] Loaded X.509 cert 'wens: 61c038651aabdcf94bd0ac7ff06c7248db18c600'
[    7.034047] platform regulatory.0: Direct firmware load for regulatory.db failed with error -2
[    7.034069] cfg80211: failed to load regulatory.db
[    7.038192] ALSA device list:
[    7.038351]   No soundcards found.
[    7.114562] sr 2:0:0:0: Attached scsi generic sg0 type 5
[    7.190258] Freeing unused kernel image (initmem) memory: 6512K
[    7.198410] Write protecting the kernel read-only data: 34816k
[    7.228625] Freeing unused kernel image (rodata/data gap) memory: 748K
[    7.383406] input: ImExPS/2 Generic Explorer Mouse as /devices/platform/i8042/serio1/input/input3
[    7.517086] x86/mm: Checked W+X mappings: passed, no W+X pages found.
[    7.524799] Run /init as init process
[    7.545253] mount (91) used greatest stack depth: 13880 bytes left
[    7.569344] mount (92) used greatest stack depth: 13848 bytes left
BOOTMARK userspace-up
Linux (none) 6.12.111 #2 SMP PREEMPT_DYNAMIC Fri Oct  2 00:15:33 UTC 2026 x86_64 GNU/Linux
BOOTMARK insmod-start
[    7.724484] mali mali.0: Kernel DDK version r54p0-01eac0
[    7.729295] mali mali.0: Using Dummy Model
[    7.733136] mali mali.0: GPU metrics tracepoint support enabled
[    7.738499] mali mali.0: Register LUT 000e0800 initialized for GPU arch 0x000e0805
[    7.746008] mali mali.0: GPU identified as 0x0 arch 14.8.5 r0p0 status 0
[    7.752438] mali mali.0: _find_key: OPP table not found (-19)
[    7.757688] mali mali.0: No OPPs found in device tree! Scaling timeouts using 100000 kHz
[    7.766345] mali mali.0: Large page allocation set to true after hardware feature check
[    7.782404] Dummy model register access: Reading unsupported register 0xf10. Returning 0
[    7.790173] Dummy model register access: Writing unsupported register 0xf10 value 0x0
[    7.796883] Dummy model register access: Writing unsupported register 0x88 value 0x0
[    7.803220] Dummy model register access: Writing unsupported register 0x8c value 0x0
[    7.813159] Dummy model register access: Writing unsupported register 0x88 value 0x614fd7
[    7.823838] Dummy model register access: Writing unsupported register 0x8c value 0x0
[    7.838199] Dummy model register access: Writing unsupported register 0x41030 value 0x0
[    7.856741] Dummy model register access: Writing unsupported register 0x41034 value 0x0
[    7.876157] mali mali.0: Clock not available for devfreq
[    7.883465] mali mali.0: Continuing without devfreq
[    7.891252] mali mali.0: * MALI kbase_mmap_min_addr compiled to CONFIG_LSM_MMAP_MIN_ADDR, no runtime update possible! *
[    7.903904] mali mali.0: Probed as mali0
[    7.923625] insmod (98) used greatest stack depth: 13592 bytes left
BOOTMARK insmod-rc 0
Module                  Size  Used by    Not tainted
mali_kbase           2252800  0 
BOOTMARK kcov-start
KCOV node present at /sys/kernel/debug/kcov
-rw-------    1 0        0                0 Oct  2 05:12 /sys/kernel/debug/kcov
BOOTMARK kprobe-armed
BOOTMARK probe-start
KCOV init-trace ok (area=1048576 words / 8192 KiB)
KCOV enable ok (collecting)
PROBE build              kbase-probe, EL0 ioctl exerciser
PROBE device             /dev/mali0
PROBE version_check       negotiated major=1 minor=36 (proposed 1.36)
PROBE gpuprops_size       773 bytes
PROBE gpuprops product_id=0x0006 version_status=0xe850 major=9 minor=0
PROBE gpuprops gpu_freq_khz_max=851968 log2_pc_size=0 num_exec_engines=15 log2_l2_line_size=255
PROBE gpuprops raw gpu_id=0x0000000000000100
PROBE mem_alloc           gpu_va=0x41000 out_flags=0x200f (SAME_VA cookie)
PROBE mmap                bound cookie 0x41000 -> cpu=gpu=0x7f64a6483000
PROBE mem_query           commit_size=0 bytes
PROBE summary             passed=0x1ff failed=0x000
KCOV run: inline kbase_probe_run() returned 511
KCOV disable ok (counters frozen before counting)
KCOV records=593203 distinct_pcs=5484
KCOV pc_range=0xffffffff81056eea-0xffffffff81103279
KCOV module_pcs=0 (VMLINUX ONLY -- module not traced)
KCOV buckets vmlinux=5484 below_vmlinux=0 module_region=0 other=0
KCOV kallsyms cov_pc=0xffffffffb2c41ba0 mali_text=0xffffffffc032c000-0xffffffffc0552da8
KCOV mali_text_pcs=0
KCOV procmodules mali_kbase base=0xffffffffc032c000 size=2252800
KCOV init-trace ok (area=1048576 words / 8192 KiB)
KCOV enable ok (collecting)
KCOV run: inline read /dev/mali0 -> -1
KCOV disable ok (counters frozen before counting)
KCOV records=2511 distinct_pcs=1018
KCOV pc_range=0xffffffff8106094b-0xffffffff816ddfe5
KCOV module_pcs=0 (VMLINUX ONLY -- module not traced)
KCOV buckets vmlinux=1018 below_vmlinux=0 module_region=0 other=0
KCOV kallsyms cov_pc=0xffffffffb2c41ba0 mali_text=0xffffffffc032c000-0xffffffffc0552da8
KCOV mali_text_pcs=0
KCOV procmodules mali_kbase base=0xffffffffc032c000 size=2252800
BOOTMARK kcov-inline-read-rc 0
KCOV init-trace ok (area=1048576 words / 8192 KiB)
KCOV enable ok (collecting)
KCOV run: inline read /dev/mali0 -> -1
KCOV window records=1782 in_mali_window=0 in_vmlinux_window=1782 other=0 (mali_text=0xffffffffc032c000-0xffffffffc0552da8 cov_pc=0xffffffffb2c41ba0)
KCOV disable ok (counters frozen before counting)
KCOV records=4019 distinct_pcs=1130
KCOV pc_range=0xffffffff8106094b-0xffffffff816d9ba3
KCOV module_pcs=0 (VMLINUX ONLY -- module not traced)
KCOV buckets vmlinux=1130 below_vmlinux=0 module_region=0 other=0
KCOV kallsyms cov_pc=0xffffffffb2c41ba0 mali_text=0xffffffffc032c000-0xffffffffc0552da8
KCOV mali_text_pcs=0
KCOV procmodules mali_kbase base=0xffffffffc032c000 size=2252800
KPROBE hits: open=3 read=2 ioctl=6
BOOTMARK kcov-ctl-rc 255
BOOTMARK probe-rc 0
BOOTMARK kcov-end
BOOTMARK negargs-start
NEGARGS context created (SET_FLAGS handshake)
NEGARGS MEM_ALLOC va_pages=2^40      rc=-12  verdict=REJECTED
NEGARGS MEM_ALLOC_EX padding!=0      rc=-22  verdict=REJECTED
NEGARGS MEM_ALLOC zero flags         rc=-12  verdict=REJECTED
NEGARGS MEM_FREE gpu_addr=0          rc=-22  verdict=REJECTED
NEGARGS MEM_FREE unaligned va        rc=-22  verdict=REJECTED
NEGARGS MEM_QUERY unmapped va        rc=-22  verdict=REJECTED
NEGARGS MEM_FLAGS_CHANGE ghost va    rc=-22  verdict=REJECTED
NEGARGS MEM_ALIAS stride=0           rc=-14  verdict=REJECTED
NEGARGS MEM_COMMIT unmapped va       rc=-22  verdict=REJECTED
NEGARGS TILER_HEAP_INIT chunk_size=0 rc=-22  verdict=REJECTED
NEGARGS TILER_HEAP_INIT initial>max  rc=-22  verdict=REJECTED
NEGARGS TILER_HEAP_INIT group_id OOB rc=-22  verdict=REJECTED
NEGARGS KCPU_ENQUEUE id=255 unborn queue rc=-22  verdict=REJECTED
NEGARGS KCPU_QUEUE_CREATE control    rc=0      verdict=ACCEPTED
NEGARGS KCPU_ENQUEUE nr_commands=2   rc=-22  verdict=REJECTED
NEGARGS KCPU_QUEUE_DELETE control    rc=0      verdict=ACCEPTED
NEGARGS CS_QUEUE_GROUP_CREATE prio=0xff rc=-22  verdict=REJECTED
NEGARGS pre-SET_FLAGS MEM_ALLOC      rc=-1   verdict=REJECTED
NEGARGS unknown nr 0x7f              rc=-25  verdict=REJECTED
NEGARGS summary ran=19 rejected=17 expected-ok=2 unexpected=0
BOOTMARK negargs-rc 0
BOOTMARK negargs-end
BOOTMARK dmesg-start
[    7.724484] mali mali.0: Kernel DDK version r54p0-01eac0
[    7.729295] mali mali.0: Using Dummy Model
[    7.733136] mali mali.0: GPU metrics tracepoint support enabled
[    7.738499] mali mali.0: Register LUT 000e0800 initialized for GPU arch 0x000e0805
[    7.746008] mali mali.0: GPU identified as 0x0 arch 14.8.5 r0p0 status 0
[    7.752438] mali mali.0: _find_key: OPP table not found (-19)
[    7.757688] mali mali.0: No OPPs found in device tree! Scaling timeouts using 100000 kHz
[    7.766345] mali mali.0: Large page allocation set to true after hardware feature check
[    7.876157] mali mali.0: Clock not available for devfreq
[    7.883465] mali mali.0: Continuing without devfreq
[    7.891252] mali mali.0: * MALI kbase_mmap_min_addr compiled to CONFIG_LSM_MMAP_MIN_ADDR, no runtime update possible! *
[    7.903904] mali mali.0: Probed as mali0
[   14.642399] mali mali.0: GPU allocation attempted with va_pages==1099511627776 larger than KBASE_MEM_ALLOC_MAX_SIZE!
[   14.642457] mali mali.0: kbase_mem_alloc called with bad flags (2000)
[   14.642520] mali mali.0: gpu_addr 0 is reserved for the ringbuffer and it's an error to try to free it using kbase_mem_free
[   14.642554] mali mali.0: kbase_mem_free: gpu_addr parameter is invalid
[   14.642940] mali mali.0: Unknown ioctl 0x4b7f nr:127
BOOTMARK dmesg-end
BOOTMARK poweroff
[   15.001486] e1000e: EEE TX LPI TIMER: 00000000
[   15.014262] ACPI: PM: Preparing to enter system sleep state S5
[   15.029192] reboot: Power down

CLEAN-LOCATION: kcov
  bundle:    artifacts/kcov  (sha256sum -c clean before and after the boot)
  booted from: /tmp/portable-test-kcov  with the repo's build/ tree renamed away
  strict-artifact: yes (no build/ fallback permitted)
  at:          2026-10-02T05:11:56Z
