c[?7l[2J[0mSeaBIOS (version 1.16.3-debian-1.16.3-2)


iPXE (https://ipxe.org) 00:02.0 CA00 PCI2.10 PnP PMM+7EFCAB60+7EF0AB60 CA00
Press Ctrl-B to configure iPXE (PCI 00:02.0)...                                                                               


Booting from ROM...
c[?7l[2J[    0.000000] Linux version 6.12.111 (codespace@codespaces-5d341e) (gcc (Ubuntu 13.3.0-6ubuntu2~24.04.1) 13.3.0, GNU ld (GNU Binutils for Ubuntu) 2.42) #1 SMP PREEMPT_DYNAMIC Thu Oct  1 17:02:26 UTC 2026
[    0.000000] Command line: console=ttyS0 panic=-1 rdinit=/init loglevel=7
[    0.000000] BIOS-provided physical RAM map:
[    0.000000] BIOS-e820: [mem 0x0000000000000000-0x000000000009fbff] usable
[    0.000000] BIOS-e820: [mem 0x000000000009fc00-0x000000000009ffff] reserved
[    0.000000] BIOS-e820: [mem 0x00000000000f0000-0x00000000000fffff] reserved
[    0.000000] BIOS-e820: [mem 0x0000000000100000-0x000000007ffdefff] usable
[    0.000000] BIOS-e820: [mem 0x000000007ffdf000-0x000000007fffffff] reserved
[    0.000000] BIOS-e820: [mem 0x00000000b0000000-0x00000000bfffffff] reserved
[    0.000000] BIOS-e820: [mem 0x00000000fed1c000-0x00000000fed1ffff] reserved
[    0.000000] BIOS-e820: [mem 0x00000000feffc000-0x00000000feffffff] reserved
[    0.000000] BIOS-e820: [mem 0x00000000fffc0000-0x00000000ffffffff] reserved
[    0.000000] BIOS-e820: [mem 0x000000fd00000000-0x000000ffffffffff] reserved
[    0.000000] NX (Execute Disable) protection: active
[    0.000000] APIC: Static calls initialized
[    0.000000] SMBIOS 3.0.0 present.
[    0.000000] DMI: QEMU Standard PC (Q35 + ICH9, 2009), BIOS 1.16.3-debian-1.16.3-2 04/01/2014
[    0.000000] DMI: Memory slots populated: 1/1
[    0.000000] Hypervisor detected: KVM
[    0.000000] last_pfn = 0x7ffdf max_arch_pfn = 0x400000000
[    0.000000] kvm-clock: Using msrs 4b564d01 and 4b564d00
[    0.000001] kvm-clock: using sched offset of 1257163245 cycles
[    0.000004] clocksource: kvm-clock: mask: 0xffffffffffffffff max_cycles: 0x1cd42e4dffb, max_idle_ns: 881590591483 ns
[    0.000007] tsc: Detected 2445.428 MHz processor
[    0.001006] last_pfn = 0x7ffdf max_arch_pfn = 0x400000000
[    0.001180] MTRR map: 4 entries (3 fixed + 1 variable; max 19), built from 8 variable MTRRs
[    0.001189] x86/PAT: Configuration [0-7]: WB  WC  UC- UC  WB  WP  UC- WT  
[    0.004625] found SMP MP-table at [mem 0x000f5480-0x000f548f]
[    0.006319] RAMDISK: [mem 0x7fcde000-0x7ffcffff]
[    0.006488] ACPI: Early table checksum verification disabled
[    0.006882] ACPI: RSDP 0x00000000000F52C0 000014 (v00 BOCHS )
[    0.006905] ACPI: RSDT 0x000000007FFE2425 000038 (v01 BOCHS  BXPC     00000001 BXPC 00000001)
[    0.006912] ACPI: FACP 0x000000007FFE2205 0000F4 (v03 BOCHS  BXPC     00000001 BXPC 00000001)
[    0.006930] ACPI: DSDT 0x000000007FFE0040 0021C5 (v01 BOCHS  BXPC     00000001 BXPC 00000001)
[    0.006935] ACPI: FACS 0x000000007FFE0000 000040
[    0.006939] ACPI: APIC 0x000000007FFE22F9 000090 (v03 BOCHS  BXPC     00000001 BXPC 00000001)
[    0.006942] ACPI: HPET 0x000000007FFE2389 000038 (v01 BOCHS  BXPC     00000001 BXPC 00000001)
[    0.006946] ACPI: MCFG 0x000000007FFE23C1 00003C (v01 BOCHS  BXPC     00000001 BXPC 00000001)
[    0.006949] ACPI: WAET 0x000000007FFE23FD 000028 (v01 BOCHS  BXPC     00000001 BXPC 00000001)
[    0.006952] ACPI: Reserving FACP table memory at [mem 0x7ffe2205-0x7ffe22f8]
[    0.006954] ACPI: Reserving DSDT table memory at [mem 0x7ffe0040-0x7ffe2204]
[    0.006955] ACPI: Reserving FACS table memory at [mem 0x7ffe0000-0x7ffe003f]
[    0.006956] ACPI: Reserving APIC table memory at [mem 0x7ffe22f9-0x7ffe2388]
[    0.006957] ACPI: Reserving HPET table memory at [mem 0x7ffe2389-0x7ffe23c0]
[    0.006958] ACPI: Reserving MCFG table memory at [mem 0x7ffe23c1-0x7ffe23fc]
[    0.006959] ACPI: Reserving WAET table memory at [mem 0x7ffe23fd-0x7ffe2424]
[    0.007941] No NUMA configuration found
[    0.007943] Faking a node at [mem 0x0000000000000000-0x000000007ffdefff]
[    0.007948] NODE_DATA(0) allocated [mem 0x7ffdb940-0x7ffdefff]
[    0.008089] Zone ranges:
[    0.008090]   DMA      [mem 0x0000000000001000-0x0000000000ffffff]
[    0.008093]   DMA32    [mem 0x0000000001000000-0x000000007ffdefff]
[    0.008094]   Normal   empty
[    0.008096] Movable zone start for each node
[    0.008097] Early memory node ranges
[    0.008098]   node   0: [mem 0x0000000000001000-0x000000000009efff]
[    0.008154]   node   0: [mem 0x0000000000100000-0x000000007ffdefff]
[    0.008156] Initmem setup node 0 [mem 0x0000000000001000-0x000000007ffdefff]
[    0.009504] On node 0, zone DMA: 1 pages in unavailable ranges
[    0.010206] On node 0, zone DMA: 97 pages in unavailable ranges
[    0.082541] On node 0, zone DMA32: 33 pages in unavailable ranges
[    0.829174] kasan: KernelAddressSanitizer initialized
[    0.830287] ACPI: PM-Timer IO Port: 0x608
[    0.830311] ACPI: LAPIC_NMI (acpi_id[0xff] dfl dfl lint[0x1])
[    0.830453] IOAPIC[0]: apic_id 0, version 17, address 0xfec00000, GSI 0-23
[    0.830529] ACPI: INT_SRC_OVR (bus 0 bus_irq 0 global_irq 2 dfl dfl)
[    0.830532] ACPI: INT_SRC_OVR (bus 0 bus_irq 5 global_irq 5 high level)
[    0.830533] ACPI: INT_SRC_OVR (bus 0 bus_irq 9 global_irq 9 high level)
[    0.830607] ACPI: INT_SRC_OVR (bus 0 bus_irq 10 global_irq 10 high level)
[    0.830609] ACPI: INT_SRC_OVR (bus 0 bus_irq 11 global_irq 11 high level)
[    0.830612] ACPI: Using ACPI (MADT) for SMP configuration information
[    0.830614] ACPI: HPET id: 0x8086a201 base: 0xfed00000
[    0.830784] CPU topo: Max. logical packages:   1
[    0.830785] CPU topo: Max. logical dies:       1
[    0.830786] CPU topo: Max. dies per package:   1
[    0.830790] CPU topo: Max. threads per core:   1
[    0.830792] CPU topo: Num. cores per package:     4
[    0.830792] CPU topo: Num. threads per package:   4
[    0.830793] CPU topo: Allowing 4 present CPUs plus 0 hotplug CPUs
[    0.830903] kvm-guest: APIC: eoi() replaced with kvm_guest_apic_eoi_write()
[    0.831124] PM: hibernation: Registered nosave memory: [mem 0x00000000-0x00000fff]
[    0.831127] PM: hibernation: Registered nosave memory: [mem 0x0009f000-0x000fffff]
[    0.831129] [mem 0xc0000000-0xfed1bfff] available for PCI devices
[    0.831131] Booting paravirtualized kernel on KVM
[    0.831134] clocksource: refined-jiffies: mask: 0xffffffff max_cycles: 0xffffffff, max_idle_ns: 1910969940391419 ns
[    0.845857] setup_percpu: NR_CPUS:64 nr_cpumask_bits:4 nr_cpu_ids:4 nr_node_ids:1
[    0.853187] percpu: Embedded 69 pages/cpu s241816 r8192 d32616 u524288
[    0.853364] Kernel command line: console=ttyS0 panic=-1 rdinit=/init loglevel=7
[    0.860750] Dentry cache hash table entries: 262144 (order: 9, 2097152 bytes, linear)
[    0.864479] Inode-cache hash table entries: 131072 (order: 8, 1048576 bytes, linear)
[    0.864798] Fallback order for Node 0: 0 
[    0.864803] Built 1 zonelists, mobility grouping on.  Total pages: 524157
[    0.864805] Policy zone: DMA32
[    0.864808] mem auto-init: stack:all(zero), heap alloc:off, heap free:off
[    0.864810] stackdepot: allocating hash table via alloc_large_system_hash
[    0.864812] stackdepot hash table entries: 1048576 (order: 12, 16777216 bytes, linear)
[    0.947027] SLUB: HWalign=64, Order=0-3, MinObjects=0, CPUs=4, Nodes=1
[    0.949781] Dynamic Preempt: voluntary
[    0.950069] rcu: Preemptible hierarchical RCU implementation.
[    0.950071] rcu: 	RCU event tracing is enabled.
[    0.950073] rcu: 	RCU restricting CPUs from NR_CPUS=64 to nr_cpu_ids=4.
[    0.950077] 	Trampoline variant of Tasks RCU enabled.
[    0.950078] 	Tracing variant of Tasks RCU enabled.
[    0.950080] rcu: RCU calculated value of scheduler-enlistment delay is 100 jiffies.
[    0.950082] rcu: Adjusting geometry for rcu_fanout_leaf=16, nr_cpu_ids=4
[    0.950116] RCU Tasks: Setting shift to 2 and lim to 1 rcu_task_cb_adjust=1 rcu_task_cpu_ids=4.
[    0.950122] RCU Tasks Trace: Setting shift to 2 and lim to 1 rcu_task_cb_adjust=1 rcu_task_cpu_ids=4.
[    0.964319] NR_IRQS: 4352, nr_irqs: 456, preallocated irqs: 16
[    0.967647] rcu: srcu_init: Setting srcu_struct sizes based on contention.
[    0.967868] clocksource: jiffies: mask: 0xffffffff max_cycles: 0xffffffff, max_idle_ns: 1911260446275000 ns
[    0.981988] Console: colour VGA+ 80x25
[    0.982146] printk: legacy console [ttyS0] enabled
[    1.379614] ACPI: Core revision 20240827
[    1.382861] clocksource: hpet: mask: 0xffffffff max_cycles: 0xffffffff, max_idle_ns: 19112604467 ns
[    1.388244] APIC: Switch to symmetric I/O mode setup
[    1.395256] ..TIMER: vector=0x30 apic1=0 pin1=2 apic2=-1 pin2=-1
[    1.398930] clocksource: tsc-early: mask: 0xffffffffffffffff max_cycles: 0x233fd98c0cf, max_idle_ns: 440795209930 ns
[    1.406003] Calibrating delay loop (skipped) preset value.. 4890.85 BogoMIPS (lpj=2445428)
[    1.407786] Last level iTLB entries: 4KB 512, 2MB 255, 4MB 127
[    1.407994] Last level dTLB entries: 4KB 512, 2MB 255, 4MB 127, 1GB 0
[    1.409003] Spectre V1 : Mitigation: usercopy/swapgs barriers and __user pointer sanitization
[    1.409996] Spectre V2 : Mitigation: Retpolines
[    1.410994] Spectre V2 : Spectre v2 / SpectreRSB: Filling RSB on context switch and VMEXIT
[    1.412014] x86/fpu: x87 FPU will use FXSAVE
[    1.450071] Freeing SMP alternatives memory: 48K
[    1.452206] pid_max: default: 32768 minimum: 301
[    1.454117] LSM: initializing lsm=capability,selinux
[    1.455049] SELinux:  Initializing.
[    1.457112] Mount-cache hash table entries: 4096 (order: 3, 32768 bytes, linear)
[    1.458002] Mountpoint-cache hash table entries: 4096 (order: 3, 32768 bytes, linear)
[    1.561864] smpboot: CPU0: AMD QEMU Virtual CPU version 2.5+ (family: 0xf, model: 0x6b, stepping: 0x1)
[    1.563227] Performance Events: PMU not available due to virtualization, using software events only.
[    1.565126] signal: max sigframe size: 1440
[    1.567025] rcu: Hierarchical SRCU implementation.
[    1.567996] rcu: 	Max phase no-delay instances is 400.
[    1.569130] Timer migration: 1 hierarchy levels; 8 children per group; 1 crossnode level
[    1.571492] smp: Bringing up secondary CPUs ...
[    1.572508] smpboot: x86: Booting SMP configuration:
[    1.573000] .... node  #0, CPUs:      #1 #2 #3
[    1.588140] smp: Brought up 1 node, 4 CPUs
[    1.589995] smpboot: Total of 4 processors activated (19563.42 BogoMIPS)
[    1.594869] Memory: 1673172K/2096628K available (51200K kernel code, 8687K rwdata, 11408K rodata, 6012K init, 1384K bss, 418544K reserved, 0K cma-reserved)
[    1.597120] devtmpfs: initialized
[    1.602322] futex hash table entries: 1024 (order: 4, 65536 bytes, linear)
[    1.603993] PM: RTC time: 17:30:51, date: 2026-10-01
[    1.610824] NET: Registered PF_NETLINK/PF_ROUTE protocol family
[    1.612828] audit: initializing netlink subsys (disabled)
[    1.613115] audit: type=2000 audit(1790875851.976:1): state=initialized audit_enabled=0 res=1
[    1.614664] thermal_sys: Registered thermal governor 'step_wise'
[    1.614997] thermal_sys: Registered thermal governor 'user_space'
[    1.616122] cpuidle: using governor menu
[    1.620895] PCI: ECAM [mem 0xb0000000-0xbfffffff] (base 0xb0000000) for domain 0000 [bus 00-ff]
[    1.620999] PCI: ECAM [mem 0xb0000000-0xbfffffff] reserved as E820 entry
[    1.622023] PCI: Using configuration type 1 for base access
[    1.624072] kprobes: kprobe jump-optimization is enabled. All kprobes are optimized if possible.
[    1.630452] HugeTLB: registered 2.00 MiB page size, pre-allocated 0 pages
[    1.630995] HugeTLB: 28 KiB vmemmap can be freed for a 2.00 MiB page
[    1.634298] ACPI: Added _OSI(Module Device)
[    1.634995] ACPI: Added _OSI(Processor Device)
[    1.635993] ACPI: Added _OSI(Processor Aggregator Device)
[    1.661543] ACPI: 1 ACPI AML tables successfully acquired and loaded
[    1.667878] ACPI: Interpreter enabled
[    1.668078] ACPI: PM: (supports S0 S3 S4 S5)
[    1.668995] ACPI: Using IOAPIC for interrupt routing
[    1.670128] PCI: Using host bridge windows from ACPI; if necessary, use "pci=nocrs" and report a bug
[    1.670994] PCI: Using E820 reservations for host bridge windows
[    1.673666] ACPI: Enabled 2 GPEs in block 00 to 3F
[    1.705402] ACPI: PCI Root Bridge [PCI0] (domain 0000 [bus 00-ff])
[    1.706026] acpi PNP0A08:00: _OSC: OS supports [ExtendedConfig ASPM ClockPM Segments MSI HPX-Type3]
[    1.708678] acpi PNP0A08:00: _OSC: platform does not support [LTR]
[    1.711380] acpi PNP0A08:00: _OSC: OS now controls [PME PCIeCapability]
[    1.712420] PCI host bridge to bus 0000:00
[    1.713049] pci_bus 0000:00: root bus resource [io  0x0000-0x0cf7 window]
[    1.714003] pci_bus 0000:00: root bus resource [io  0x0d00-0xffff window]
[    1.715004] pci_bus 0000:00: root bus resource [mem 0x000a0000-0x000bffff window]
[    1.716002] pci_bus 0000:00: root bus resource [mem 0x80000000-0xafffffff window]
[    1.716999] pci_bus 0000:00: root bus resource [mem 0xc0000000-0xfebfffff window]
[    1.718000] pci_bus 0000:00: root bus resource [mem 0x100000000-0x8ffffffff window]
[    1.720006] pci_bus 0000:00: root bus resource [bus 00-ff]
[    1.721262] pci 0000:00:00.0: [8086:29c0] type 00 class 0x060000 conventional PCI endpoint
[    1.725027] pci 0000:00:01.0: [1234:1111] type 00 class 0x030000 conventional PCI endpoint
[    1.729814] pci 0000:00:01.0: BAR 0 [mem 0xfd000000-0xfdffffff pref]
[    1.736904] pci 0000:00:01.0: BAR 2 [mem 0xfebd4000-0xfebd4fff]
[    1.749937] pci 0000:00:01.0: ROM [mem 0xfebc0000-0xfebcffff pref]
[    1.753688] pci 0000:00:01.0: Video device with shadowed ROM at [mem 0x000c0000-0x000dffff]
[    1.760832] pci 0000:00:02.0: [8086:10d3] type 00 class 0x020000 PCIe Root Complex Integrated Endpoint
[    1.762994] pci 0000:00:02.0: BAR 0 [mem 0xfeb80000-0xfeb9ffff]
[    1.765698] pci 0000:00:02.0: BAR 1 [mem 0xfeba0000-0xfebbffff]
[    1.767558] pci 0000:00:02.0: BAR 2 [io  0xc040-0xc05f]
[    1.768994] pci 0000:00:02.0: BAR 3 [mem 0xfebd0000-0xfebd3fff]
[    1.774772] pci 0000:00:02.0: ROM [mem 0xfeb00000-0xfeb7ffff pref]
[    1.778427] pci 0000:00:1f.0: [8086:2918] type 00 class 0x060100 conventional PCI endpoint
[    1.780729] pci 0000:00:1f.0: quirk: [io  0x0600-0x067f] claimed by ICH6 ACPI/GPIO/TCO
[    1.783571] pci 0000:00:1f.2: [8086:2922] type 00 class 0x010601 conventional PCI endpoint
[    1.789810] pci 0000:00:1f.2: BAR 4 [io  0xc060-0xc07f]
[    1.790994] pci 0000:00:1f.2: BAR 5 [mem 0xfebd5000-0xfebd5fff]
[    1.795013] pci 0000:00:1f.3: [8086:2930] type 00 class 0x0c0500 conventional PCI endpoint
[    1.798412] pci 0000:00:1f.3: BAR 4 [io  0x0700-0x073f]
[    1.810835] ACPI: PCI: Interrupt link LNKA configured for IRQ 10
[    1.812996] ACPI: PCI: Interrupt link LNKB configured for IRQ 10
[    1.815042] ACPI: PCI: Interrupt link LNKC configured for IRQ 11
[    1.818203] ACPI: PCI: Interrupt link LNKD configured for IRQ 11
[    1.820858] ACPI: PCI: Interrupt link LNKE configured for IRQ 10
[    1.822566] ACPI: PCI: Interrupt link LNKF configured for IRQ 10
[    1.824314] ACPI: PCI: Interrupt link LNKG configured for IRQ 11
[    1.826529] ACPI: PCI: Interrupt link LNKH configured for IRQ 11
[    1.827322] ACPI: PCI: Interrupt link GSIA configured for IRQ 16
[    1.828139] ACPI: PCI: Interrupt link GSIB configured for IRQ 17
[    1.830099] ACPI: PCI: Interrupt link GSIC configured for IRQ 18
[    1.831139] ACPI: PCI: Interrupt link GSID configured for IRQ 19
[    1.832154] ACPI: PCI: Interrupt link GSIE configured for IRQ 20
[    1.833170] ACPI: PCI: Interrupt link GSIF configured for IRQ 21
[    1.834234] ACPI: PCI: Interrupt link GSIG configured for IRQ 22
[    1.835217] ACPI: PCI: Interrupt link GSIH configured for IRQ 23
[    1.845972] iommu: Default domain type: Translated
[    1.846995] iommu: DMA domain TLB invalidation policy: lazy mode
[    1.851120] SCSI subsystem initialized
[    1.856214] ACPI: bus type USB registered
[    1.860110] usbcore: registered new interface driver usbfs
[    1.862117] usbcore: registered new interface driver hub
[    1.864105] usbcore: registered new device driver usb
[    1.866159] pps_core: LinuxPPS API ver. 1 registered
[    1.866995] pps_core: Software ver. 5.3.6 - Copyright 2005-2007 Rodolfo Giometti <giometti@linux.it>
[    1.868075] PTP clock support registered
[    1.873019] Advanced Linux Sound Architecture Driver Initialized.
[    1.880201] NetLabel: Initializing
[    1.880995] NetLabel:  domain hash size = 128
[    1.881993] NetLabel:  protocols = UNLABELED CIPSOv4 CALIPSO
[    1.884335] NetLabel:  unlabeled traffic allowed by default
[    1.888229] PCI: Using ACPI for IRQ routing
[    2.039624] pci 0000:00:01.0: vgaarb: setting as boot VGA device
[    2.039990] pci 0000:00:01.0: vgaarb: bridge control possible
[    2.039990] pci 0000:00:01.0: vgaarb: VGA device added: decodes=io+mem,owns=io+mem,locks=none
[    2.039999] vgaarb: loaded
[    2.044155] hpet: 3 channels of 0 reserved for per-cpu timers
[    2.045071] hpet0: at MMIO 0xfed00000, IRQs 2, 8, 0
[    2.045995] hpet0: 3 comparators, 64-bit 100.000000 MHz counter
[    2.052136] clocksource: Switched to clocksource kvm-clock
[    2.059282] VFS: Disk quotas dquot_6.6.0
[    2.061925] VFS: Dquot-cache hash table entries: 512 (order 0, 4096 bytes)
[    2.069076] pnp: PnP ACPI init
[    2.074789] system 00:05: [mem 0xb0000000-0xbfffffff window] has been reserved
[    2.082783] pnp: PnP ACPI: found 6 devices
[    2.117588] clocksource: acpi_pm: mask: 0xffffff max_cycles: 0xffffff, max_idle_ns: 2085701024 ns
[    2.123511] NET: Registered PF_INET protocol family
[    2.127771] IP idents hash table entries: 32768 (order: 6, 262144 bytes, linear)
[    2.136375] tcp_listen_portaddr_hash hash table entries: 1024 (order: 2, 16384 bytes, linear)
[    2.142408] Table-perturb hash table entries: 65536 (order: 6, 262144 bytes, linear)
[    2.148099] TCP established hash table entries: 16384 (order: 5, 131072 bytes, linear)
[    2.154066] TCP bind hash table entries: 16384 (order: 7, 524288 bytes, linear)
[    2.161614] TCP: Hash tables configured (established 16384 bind 16384)
[    2.166795] UDP hash table entries: 1024 (order: 3, 32768 bytes, linear)
[    2.171491] UDP-Lite hash table entries: 1024 (order: 3, 32768 bytes, linear)
[    2.177023] NET: Registered PF_UNIX/PF_LOCAL protocol family
[    2.183543] RPC: Registered named UNIX socket transport module.
[    2.187875] RPC: Registered udp transport module.
[    2.191032] RPC: Registered tcp transport module.
[    2.194355] RPC: Registered tcp-with-tls transport module.
[    2.198035] RPC: Registered tcp NFSv4.1 backchannel transport module.
[    2.204260] pci_bus 0000:00: resource 4 [io  0x0000-0x0cf7 window]
[    2.208394] pci_bus 0000:00: resource 5 [io  0x0d00-0xffff window]
[    2.212388] pci_bus 0000:00: resource 6 [mem 0x000a0000-0x000bffff window]
[    2.217061] pci_bus 0000:00: resource 7 [mem 0x80000000-0xafffffff window]
[    2.221615] pci_bus 0000:00: resource 8 [mem 0xc0000000-0xfebfffff window]
[    2.226028] pci_bus 0000:00: resource 9 [mem 0x100000000-0x8ffffffff window]
[    2.231034] PCI: CLS 0 bytes, default 64
[    2.234619] clocksource: tsc: mask: 0xffffffffffffffff max_cycles: 0x233fd98c0cf, max_idle_ns: 440795209930 ns
[    2.238038] Unpacking initramfs...
[    2.255066] Initialise system trusted keyrings
[    2.259281] workingset: timestamp_bits=56 max_order=19 bucket_order=0
[    2.266822] NFS: Registering the id_resolver key type
[    2.270590] Key type id_resolver registered
[    2.273415] Key type id_legacy registered
[    2.279096] 9p: Installing v9fs 9p2000 file system support
[    2.302667] Key type asymmetric registered
[    2.305605] Asymmetric key parser 'x509' registered
[    2.308086] Block layer SCSI generic (bsg) driver version 0.4 loaded (major 251)
[    2.311625] io scheduler mq-deadline registered
[    2.314118] io scheduler kyber registered
[    2.317833] input: Power Button as /devices/LNXSYSTM:00/LNXPWRBN:00/input/input0
[    2.323480] ACPI: button: Power Button [PWRF]
[    2.332317] Serial: 8250/16550 driver, 4 ports, IRQ sharing enabled
[    2.338998] 00:03: ttyS0 at I/O 0x3f8 (irq = 4, base_baud = 115200) is a 16550A
[    2.352053] Non-volatile memory driver v1.3
[    2.355015] Linux agpgart interface v0.103
[    2.359417] ACPI: bus type drm_connector registered
[    2.376370] Freeing initrd memory: 3016K
[    2.390125] loop: module loaded
[    2.402402] ACPI: \_SB_.GSIA: Enabled at IRQ 16
[    2.409403] ahci 0000:00:1f.2: AHCI vers 0001.0000, 32 command slots, 1.5 Gbps, SATA mode
[    2.416700] ahci 0000:00:1f.2: 6/6 ports implemented (port mask 0x3f)
[    2.420497] ahci 0000:00:1f.2: flags: 64bit ncq only 
[    2.435999] scsi host0: ahci
[    2.440729] scsi host1: ahci
[    2.445613] scsi host2: ahci
[    2.451373] scsi host3: ahci
[    2.456717] scsi host4: ahci
[    2.460084] scsi host5: ahci
[    2.462643] ata1: SATA max UDMA/133 abar m4096@0xfebd5000 port 0xfebd5100 irq 24 lpm-pol 1
[    2.467839] ata2: SATA max UDMA/133 abar m4096@0xfebd5000 port 0xfebd5180 irq 24 lpm-pol 1
[    2.473464] ata3: SATA max UDMA/133 abar m4096@0xfebd5000 port 0xfebd5200 irq 24 lpm-pol 1
[    2.480286] ata4: SATA max UDMA/133 abar m4096@0xfebd5000 port 0xfebd5280 irq 24 lpm-pol 1
[    2.485726] ata5: SATA max UDMA/133 abar m4096@0xfebd5000 port 0xfebd5300 irq 24 lpm-pol 1
[    2.490926] ata6: SATA max UDMA/133 abar m4096@0xfebd5000 port 0xfebd5380 irq 24 lpm-pol 1
[    2.499813] e100: Intel(R) PRO/100 Network Driver
[    2.501895] e100: Copyright(c) 1999-2006 Intel Corporation
[    2.505120] e1000: Intel(R) PRO/1000 Network Driver
[    2.508277] e1000: Copyright (c) 1999-2006 Intel Corporation.
[    2.512282] e1000e: Intel(R) PRO/1000 Network Driver
[    2.515363] e1000e: Copyright(c) 1999 - 2015 Intel Corporation.
[    2.527379] ACPI: \_SB_.GSIG: Enabled at IRQ 22
[    2.532038] e1000e 0000:00:02.0: Interrupt Throttling Rate (ints/sec) set to dynamic conservative mode
[    2.581255] e1000e 0000:00:02.0 0000:00:02.0 (uninitialized): registered PHC clock
[    2.636247] e1000e 0000:00:02.0 eth0: (PCI Express:2.5GT/s:Width x1) 52:54:00:12:34:56
[    2.641335] e1000e 0000:00:02.0 eth0: Intel(R) PRO/1000 Network Connection
[    2.645921] e1000e 0000:00:02.0 eth0: MAC: 3, PHY: 8, PBA No: 000000-000
[    2.650312] sky2: driver version 1.30
[    2.654938] usbcore: registered new interface driver usblp
[    2.658492] usbcore: registered new interface driver usb-storage
[    2.662776] i8042: PNP: PS/2 Controller [PNP0303:KBD,PNP0f13:MOU] at 0x60,0x64 irq 1,12
[    2.670541] serio: i8042 KBD port at 0x60,0x64 irq 1
[    2.673985] serio: i8042 AUX port at 0x60,0x64 irq 12
[    2.680823] rtc_cmos 00:04: RTC can wake from S4
[    2.685541] input: AT Translated Set 2 keyboard as /devices/platform/i8042/serio0/input/input1
[    2.694360] rtc_cmos 00:04: registered as rtc0
[    2.697736] rtc_cmos 00:04: alarms up to one day, y3k, 242 bytes nvram, hpet irqs
[    2.708394] device-mapper: ioctl: 4.48.0-ioctl (2023-03-01) initialised: dm-devel@lists.linux.dev
[    2.714712] i801_smbus 0000:00:1f.3: SMBus using PCI interrupt
[    2.720749] amd_pstate: the _CPC object is not present in SBIOS or ACPI disabled
[    2.723124] i2c i2c-0: Memory type 0x07 not supported yet, not instantiating SPD
[    2.727822] hid: raw HID events driver (C) Jiri Kosina
[    2.738065] usbcore: registered new interface driver usbhid
[    2.742063] usbhid: USB HID core driver
[    2.751922] Initializing XFRM netlink socket
[    2.755268] NET: Registered PF_INET6 protocol family
[    2.762346] Segment Routing with IPv6
[    2.765123] In-situ OAM (IOAM) with IPv6
[    2.767977] sit: IPv6, IPv4 and MPLS over IPv4 tunneling driver
[    2.777334] NET: Registered PF_PACKET protocol family
[    2.781335] 9pnet: Installing 9P2000 support
[    2.784969] Key type dns_resolver registered
[    2.790068] IPI shorthand broadcast: enabled
[    2.809647] ata1: SATA link down (SStatus 0 SControl 300)
[    2.818535] ata3: SATA link up 1.5 Gbps (SStatus 113 SControl 300)
[    2.823526] ata3.00: LPM support broken, forcing max_power
[    2.826780] ata3.00: ATAPI: QEMU DVD-ROM, 2.5+, max UDMA/100
[    2.830341] ata3.00: applying bridge limits
[    2.833866] ata6: SATA link down (SStatus 0 SControl 300)
[    2.838293] ata3.00: LPM support broken, forcing max_power
[    2.841765] ata3.00: configured for UDMA/100
[    2.844477] sched_clock: Marking stable (2409042995, 435123752)->(3223294451, -379127704)
[    2.845462] ata4: SATA link down (SStatus 0 SControl 300)
[    2.857786] ata2: SATA link down (SStatus 0 SControl 300)
[    2.859083] registered taskstats version 1
[    2.865638] Loading compiled-in X.509 certificates
[    2.865957] scsi 2:0:0:0: CD-ROM            QEMU     QEMU DVD-ROM     2.5+ PQ: 0 ANSI: 5
[    2.867689] ata5: SATA link down (SStatus 0 SControl 300)
[    2.893911] sr 2:0:0:0: [sr0] scsi3-mmc drive: 4x/4x cd/rw xa/form2 tray
[    2.899953] Demotion targets for Node 0: null
[    2.903665] PM:   Magic number: 14:380:541
[    2.906635] printk: legacy console [netcon0] enabled
[    2.910207] netconsole: network logging started
[    2.914044] cfg80211: Loading compiled-in X.509 certificates for regulatory database
[    2.920953] kworker/u16:1 (89) used greatest stack depth: 29312 bytes left
[    2.927609] Loaded X.509 cert 'sforshee: 00b28ddf47aef9cea7'
[    2.931976] Loaded X.509 cert 'wens: 61c038651aabdcf94bd0ac7ff06c7248db18c600'
[    2.937406] platform regulatory.0: Direct firmware load for regulatory.db failed with error -2
[    2.938431] ALSA device list:
[    2.944843] cdrom: Uniform CD-ROM driver Revision: 3.20
[    2.945306] cfg80211: failed to load regulatory.db
[    2.955634]   No soundcards found.
[    2.973486] sr 2:0:0:0: Attached scsi generic sg0 type 5
[    2.993234] Freeing unused kernel image (initmem) memory: 6012K
[    2.996527] Write protecting the kernel read-only data: 63488k
[    3.006535] Freeing unused kernel image (rodata/data gap) memory: 880K
[    3.052501] x86/mm: Checked W+X mappings: passed, no W+X pages found.
[    3.056380] Run /init as init process
[    3.064746] mount (92) used greatest stack depth: 28208 bytes left
BOOTMARK userspace-up
Linux (none) 6.12.111 #1 SMP PREEMPT_DYNAMIC Thu Oct  1 17:02:26 UTC 2026 x86_64 GNU/Linux
BOOTMARK insmod-start
[    3.126195] input: ImExPS/2 Generic Explorer Mouse as /devices/platform/i8042/serio1/input/input3
[    3.153178] mali mali.0: Kernel DDK version r54p0-01eac0
[    3.156102] mali mali.0: Using Dummy Model
[    3.158194] mali mali.0: GPU metrics tracepoint support enabled
[    3.161277] mali mali.0: Register LUT 000e0800 initialized for GPU arch 0x000e0805
[    3.165432] mali mali.0: GPU identified as 0x0 arch 14.8.5 r0p0 status 0
[    3.169250] mali mali.0: _find_key: OPP table not found (-19)
[    3.172149] mali mali.0: No OPPs found in device tree! Scaling timeouts using 100000 kHz
[    3.176774] mali mali.0: Large page allocation set to true after hardware feature check
[    3.184504] Dummy model register access: Reading unsupported register 0xf10. Returning 0
[    3.188585] Dummy model register access: Writing unsupported register 0xf10 value 0x0
[    3.192665] Dummy model register access: Writing unsupported register 0x88 value 0x0
[    3.196167] Dummy model register access: Writing unsupported register 0x8c value 0x0
[    3.199632] Dummy model register access: Writing unsupported register 0x88 value 0x1b6a22
[    3.203092] Dummy model register access: Writing unsupported register 0x8c value 0x0
[    3.206905] Dummy model register access: Writing unsupported register 0x41030 value 0x0
[    3.210483] Dummy model register access: Writing unsupported register 0x41034 value 0x0
[    3.214166] mali mali.0: Clock not available for devfreq
[    3.216634] mali mali.0: Continuing without devfreq
[    3.220268] mali mali.0: * MALI kbase_mmap_min_addr compiled to CONFIG_LSM_MMAP_MIN_ADDR, no runtime update possible! *
[    3.225018] mali mali.0: Probed as mali0
[    3.231542] insmod (99) used greatest stack depth: 27920 bytes left
BOOTMARK insmod-rc 0
Module                  Size  Used by    Not tainted
mali_kbase           3354624  0 
BOOTMARK kcov-start
no /sys/kernel/debug/kcov - kernel built without KCOV (expected on non-kcov profiles)
BOOTMARK probe-start
PROBE build              kbase-probe, EL0 ioctl exerciser
PROBE device             /dev/mali0
[    3.262749] Dummy model register access: Writing unsupported register 0x40120 value 0x3fff
[    3.266228] Dummy model register access: Writing unsupported register 0x40124 value 0x0
PROBE version_check       negotiated major=1 minor=36 (proposed 1.36)
PROBE gpuprops_size       773 bytes
PROBE gpuprops product_id=0x0006 version_status=0xe850 major=9 minor=0
PROBE gpuprops gpu_freq_khz_max=851968 log2_pc_size=0 num_exec_engines=15 log2_l2_line_size=255
PROBE gpuprops raw gpu_id=0x0000000000000100
PROBE mem_alloc           gpu_va=0x41000 out_flags=0x200f (SAME_VA cookie)
PROBE mmap                bound cookie 0x41000 -> cpu=gpu=0x7f94cfe0b000
PROBE mem_query           commit_size=0 bytes
PROBE summary             passed=0x1ff failed=0x000
[    3.303623] kbase-probe (103) used greatest stack depth: 27824 bytes left
BOOTMARK probe-rc 255
BOOTMARK kcov-end
BOOTMARK dmesg-start
[    3.153178] mali mali.0: Kernel DDK version r54p0-01eac0
[    3.156102] mali mali.0: Using Dummy Model
[    3.158194] mali mali.0: GPU metrics tracepoint support enabled
[    3.161277] mali mali.0: Register LUT 000e0800 initialized for GPU arch 0x000e0805
[    3.165432] mali mali.0: GPU identified as 0x0 arch 14.8.5 r0p0 status 0
[    3.169250] mali mali.0: _find_key: OPP table not found (-19)
[    3.172149] mali mali.0: No OPPs found in device tree! Scaling timeouts using 100000 kHz
[    3.176774] mali mali.0: Large page allocation set to true after hardware feature check
[    3.214166] mali mali.0: Clock not available for devfreq
[    3.216634] mali mali.0: Continuing without devfreq
[    3.220268] mali mali.0: * MALI kbase_mmap_min_addr compiled to CONFIG_LSM_MMAP_MIN_ADDR, no runtime update possible! *
[    3.225018] mali mali.0: Probed as mali0
[    3.303623] kbase-probe (103) used greatest stack depth: 27824 bytes left
BOOTMARK dmesg-end
BOOTMARK poweroff
[    3.368992] e1000e: EEE TX LPI TIMER: 00000000
[    3.374585] ACPI: PM: Preparing to enter system sleep state S5
[    3.377735] reboot: Power down
