c[?7l[2J[0mSeaBIOS (version 1.16.3-debian-1.16.3-2)


iPXE (https://ipxe.org) 00:02.0 CA00 PCI2.10 PnP PMM+7EFCAB60+7EF0AB60 CA00
Press Ctrl-B to configure iPXE (PCI 00:02.0)...                                                                               


Booting from ROM...
c[?7l[2J[    0.000000] Linux version 6.12.111 (codespace@codespaces-5d341e) (gcc (Ubuntu 13.3.0-6ubuntu2~24.04.1) 13.3.0, GNU ld (GNU Binutils for Ubuntu) 2.42) #1 SMP PREEMPT_DYNAMIC Thu Oct  1 09:17:31 UTC 2026
[    0.000000] Command line: console=ttyS0 panic=-1 rdinit=/init loglevel=7
[    0.000000] BIOS-provided physical RAM map:
[    0.000000] BIOS-e820: [mem 0x0000000000000000-0x000000000009fbff] usable
[    0.000000] BIOS-e820: [mem 0x000000000009fc00-0x000000000009ffff] reserved
[    0.000000] BIOS-e820: [mem 0x00000000000f0000-0x00000000000fffff] reserved
[    0.000000] BIOS-e820: [mem 0x0000000000100000-0x000000007ffdefff] usable
[    0.000000] BIOS-e820: [mem 0x000000007ffdf000-0x000000007fffffff] reserved
[    0.000000] BIOS-e820: [mem 0x00000000b0000000-0x00000000bfffffff] reserved
[    0.000000] BIOS-e820: [mem 0x00000000fed1c000-0x00000000fed1ffff] reserved
[    0.000000] BIOS-e820: [mem 0x00000000feffc000-0x00000000feffffff] reserved
[    0.000000] BIOS-e820: [mem 0x00000000fffc0000-0x00000000ffffffff] reserved
[    0.000000] BIOS-e820: [mem 0x000000fd00000000-0x000000ffffffffff] reserved
[    0.000000] NX (Execute Disable) protection: active
[    0.000000] APIC: Static calls initialized
[    0.000000] SMBIOS 3.0.0 present.
[    0.000000] DMI: QEMU Standard PC (Q35 + ICH9, 2009), BIOS 1.16.3-debian-1.16.3-2 04/01/2014
[    0.000000] DMI: Memory slots populated: 1/1
[    0.000000] Hypervisor detected: KVM
[    0.000000] last_pfn = 0x7ffdf max_arch_pfn = 0x400000000
[    0.000000] kvm-clock: Using msrs 4b564d01 and 4b564d00
[    0.000001] kvm-clock: using sched offset of 472054308 cycles
[    0.000004] clocksource: kvm-clock: mask: 0xffffffffffffffff max_cycles: 0x1cd42e4dffb, max_idle_ns: 881590591483 ns
[    0.000010] tsc: Detected 2445.428 MHz processor
[    0.004428] last_pfn = 0x7ffdf max_arch_pfn = 0x400000000
[    0.004601] MTRR map: 4 entries (3 fixed + 1 variable; max 19), built from 8 variable MTRRs
[    0.004611] x86/PAT: Configuration [0-7]: WB  WC  UC- UC  WB  WP  UC- WT  
[    0.008042] found SMP MP-table at [mem 0x000f5480-0x000f548f]
[    0.008508] RAMDISK: [mem 0x7fd46000-0x7ffcffff]
[    0.008531] ACPI: Early table checksum verification disabled
[    0.008574] ACPI: RSDP 0x00000000000F52C0 000014 (v00 BOCHS )
[    0.008592] ACPI: RSDT 0x000000007FFE2425 000038 (v01 BOCHS  BXPC     00000001 BXPC 00000001)
[    0.008604] ACPI: FACP 0x000000007FFE2205 0000F4 (v03 BOCHS  BXPC     00000001 BXPC 00000001)
[    0.008616] ACPI: DSDT 0x000000007FFE0040 0021C5 (v01 BOCHS  BXPC     00000001 BXPC 00000001)
[    0.008625] ACPI: FACS 0x000000007FFE0000 000040
[    0.008631] ACPI: APIC 0x000000007FFE22F9 000090 (v03 BOCHS  BXPC     00000001 BXPC 00000001)
[    0.008640] ACPI: HPET 0x000000007FFE2389 000038 (v01 BOCHS  BXPC     00000001 BXPC 00000001)
[    0.008649] ACPI: MCFG 0x000000007FFE23C1 00003C (v01 BOCHS  BXPC     00000001 BXPC 00000001)
[    0.008657] ACPI: WAET 0x000000007FFE23FD 000028 (v01 BOCHS  BXPC     00000001 BXPC 00000001)
[    0.008665] ACPI: Reserving FACP table memory at [mem 0x7ffe2205-0x7ffe22f8]
[    0.008669] ACPI: Reserving DSDT table memory at [mem 0x7ffe0040-0x7ffe2204]
[    0.008672] ACPI: Reserving FACS table memory at [mem 0x7ffe0000-0x7ffe003f]
[    0.008675] ACPI: Reserving APIC table memory at [mem 0x7ffe22f9-0x7ffe2388]
[    0.008678] ACPI: Reserving HPET table memory at [mem 0x7ffe2389-0x7ffe23c0]
[    0.008681] ACPI: Reserving MCFG table memory at [mem 0x7ffe23c1-0x7ffe23fc]
[    0.008684] ACPI: Reserving WAET table memory at [mem 0x7ffe23fd-0x7ffe2424]
[    0.009666] No NUMA configuration found
[    0.009669] Faking a node at [mem 0x0000000000000000-0x000000007ffdefff]
[    0.009696] NODE_DATA(0) allocated [mem 0x7ffdb940-0x7ffdefff]
[    0.009719] Zone ranges:
[    0.009720]   DMA      [mem 0x0000000000001000-0x0000000000ffffff]
[    0.009724]   DMA32    [mem 0x0000000001000000-0x000000007ffdefff]
[    0.009728]   Normal   empty
[    0.009730] Movable zone start for each node
[    0.009732] Early memory node ranges
[    0.009733]   node   0: [mem 0x0000000000001000-0x000000000009efff]
[    0.009737]   node   0: [mem 0x0000000000100000-0x000000007ffdefff]
[    0.009741] Initmem setup node 0 [mem 0x0000000000001000-0x000000007ffdefff]
[    0.010896] On node 0, zone DMA: 1 pages in unavailable ranges
[    0.010982] On node 0, zone DMA: 97 pages in unavailable ranges
[    0.113182] On node 0, zone DMA32: 33 pages in unavailable ranges
[    0.114197] ACPI: PM-Timer IO Port: 0x608
[    0.114217] ACPI: LAPIC_NMI (acpi_id[0xff] dfl dfl lint[0x1])
[    0.114302] IOAPIC[0]: apic_id 0, version 17, address 0xfec00000, GSI 0-23
[    0.114308] ACPI: INT_SRC_OVR (bus 0 bus_irq 0 global_irq 2 dfl dfl)
[    0.114313] ACPI: INT_SRC_OVR (bus 0 bus_irq 5 global_irq 5 high level)
[    0.114317] ACPI: INT_SRC_OVR (bus 0 bus_irq 9 global_irq 9 high level)
[    0.114321] ACPI: INT_SRC_OVR (bus 0 bus_irq 10 global_irq 10 high level)
[    0.114325] ACPI: INT_SRC_OVR (bus 0 bus_irq 11 global_irq 11 high level)
[    0.114334] ACPI: Using ACPI (MADT) for SMP configuration information
[    0.114336] ACPI: HPET id: 0x8086a201 base: 0xfed00000
[    0.114349] CPU topo: Max. logical packages:   1
[    0.114351] CPU topo: Max. logical dies:       1
[    0.114352] CPU topo: Max. dies per package:   1
[    0.114359] CPU topo: Max. threads per core:   1
[    0.114361] CPU topo: Num. cores per package:     4
[    0.114363] CPU topo: Num. threads per package:   4
[    0.114365] CPU topo: Allowing 4 present CPUs plus 0 hotplug CPUs
[    0.114410] kvm-guest: APIC: eoi() replaced with kvm_guest_apic_eoi_write()
[    0.114524] PM: hibernation: Registered nosave memory: [mem 0x00000000-0x00000fff]
[    0.114530] PM: hibernation: Registered nosave memory: [mem 0x0009f000-0x000fffff]
[    0.114534] [mem 0xc0000000-0xfed1bfff] available for PCI devices
[    0.114537] Booting paravirtualized kernel on KVM
[    0.114540] clocksource: refined-jiffies: mask: 0xffffffff max_cycles: 0xffffffff, max_idle_ns: 1910969940391419 ns
[    0.120400] setup_percpu: NR_CPUS:64 nr_cpumask_bits:4 nr_cpu_ids:4 nr_node_ids:1
[    0.126527] percpu: Embedded 56 pages/cpu s192216 r8192 d28968 u524288
[    0.126626] Kernel command line: console=ttyS0 panic=-1 rdinit=/init loglevel=7
[    0.128026] Dentry cache hash table entries: 262144 (order: 9, 2097152 bytes, linear)
[    0.128085] Inode-cache hash table entries: 131072 (order: 8, 1048576 bytes, linear)
[    0.128276] Fallback order for Node 0: 0 
[    0.128281] Built 1 zonelists, mobility grouping on.  Total pages: 524157
[    0.128285] Policy zone: DMA32
[    0.128288] mem auto-init: stack:all(zero), heap alloc:off, heap free:off
[    0.131240] SLUB: HWalign=64, Order=0-3, MinObjects=0, CPUs=4, Nodes=1
[    0.133023] Dynamic Preempt: voluntary
[    0.133759] rcu: Preemptible hierarchical RCU implementation.
[    0.133761] rcu: 	RCU event tracing is enabled.
[    0.133763] rcu: 	RCU restricting CPUs from NR_CPUS=64 to nr_cpu_ids=4.
[    0.133766] 	Trampoline variant of Tasks RCU enabled.
[    0.133767] 	Tracing variant of Tasks RCU enabled.
[    0.133769] rcu: RCU calculated value of scheduler-enlistment delay is 100 jiffies.
[    0.133771] rcu: Adjusting geometry for rcu_fanout_leaf=16, nr_cpu_ids=4
[    0.133780] RCU Tasks: Setting shift to 2 and lim to 1 rcu_task_cb_adjust=1 rcu_task_cpu_ids=4.
[    0.133785] RCU Tasks Trace: Setting shift to 2 and lim to 1 rcu_task_cb_adjust=1 rcu_task_cpu_ids=4.
[    0.144134] NR_IRQS: 4352, nr_irqs: 456, preallocated irqs: 16
[    0.144929] rcu: srcu_init: Setting srcu_struct sizes based on contention.
[    0.144947] clocksource: jiffies: mask: 0xffffffff max_cycles: 0xffffffff, max_idle_ns: 1911260446275000 ns
[    0.160188] Console: colour VGA+ 80x25
[    0.160305] printk: legacy console [ttyS0] enabled
[    0.594498] ACPI: Core revision 20240827
[    0.597575] clocksource: hpet: mask: 0xffffffff max_cycles: 0xffffffff, max_idle_ns: 19112604467 ns
[    0.604156] APIC: Switch to symmetric I/O mode setup
[    0.611097] ..TIMER: vector=0x30 apic1=0 pin1=2 apic2=-1 pin2=-1
[    0.615344] clocksource: tsc-early: mask: 0xffffffffffffffff max_cycles: 0x233fd98c0cf, max_idle_ns: 440795209930 ns
[    0.622316] Calibrating delay loop (skipped) preset value.. 4890.85 BogoMIPS (lpj=2445428)
[    0.624246] Last level iTLB entries: 4KB 512, 2MB 255, 4MB 127
[    0.625314] Last level dTLB entries: 4KB 512, 2MB 255, 4MB 127, 1GB 0
[    0.626325] Spectre V1 : Mitigation: usercopy/swapgs barriers and __user pointer sanitization
[    0.627316] Spectre V2 : Mitigation: Retpolines
[    0.628314] Spectre V2 : Spectre v2 / SpectreRSB: Filling RSB on context switch and VMEXIT
[    0.629324] x86/fpu: x87 FPU will use FXSAVE
[    0.668205] Freeing SMP alternatives memory: 48K
[    0.668417] pid_max: default: 32768 minimum: 301
[    0.669341] LSM: initializing lsm=capability,selinux
[    0.670354] SELinux:  Initializing.
[    0.671543] Mount-cache hash table entries: 4096 (order: 3, 32768 bytes, linear)
[    0.672317] Mountpoint-cache hash table entries: 4096 (order: 3, 32768 bytes, linear)
[    0.777481] smpboot: CPU0: AMD QEMU Virtual CPU version 2.5+ (family: 0xf, model: 0x6b, stepping: 0x1)
[    0.779416] Performance Events: PMU not available due to virtualization, using software events only.
[    0.781494] signal: max sigframe size: 1440
[    0.782409] rcu: Hierarchical SRCU implementation.
[    0.783315] rcu: 	Max phase no-delay instances is 400.
[    0.784401] Timer migration: 1 hierarchy levels; 8 children per group; 1 crossnode level
[    0.785635] smp: Bringing up secondary CPUs ...
[    0.787459] smpboot: x86: Booting SMP configuration:
[    0.788316] .... node  #0, CPUs:      #1 #2 #3
[    0.799473] smp: Brought up 1 node, 4 CPUs
[    0.801316] smpboot: Total of 4 processors activated (19563.42 BogoMIPS)
[    0.804447] Memory: 2004480K/2096628K available (22528K kernel code, 2863K rwdata, 7100K rodata, 5388K init, 1244K bss, 87180K reserved, 0K cma-reserved)
[    0.808478] devtmpfs: initialized
[    0.810359] futex hash table entries: 1024 (order: 4, 65536 bytes, linear)
[    0.812313] PM: RTC time: 18:45:19, date: 2026-10-01
[    0.814779] NET: Registered PF_NETLINK/PF_ROUTE protocol family
[    0.815529] audit: initializing netlink subsys (disabled)
[    0.816375] audit: type=2000 audit(1790880319.565:1): state=initialized audit_enabled=0 res=1
[    0.816540] thermal_sys: Registered thermal governor 'step_wise'
[    0.817316] thermal_sys: Registered thermal governor 'user_space'
[    0.818357] cpuidle: using governor menu
[    0.821543] PCI: ECAM [mem 0xb0000000-0xbfffffff] (base 0xb0000000) for domain 0000 [bus 00-ff]
[    0.822317] PCI: ECAM [mem 0xb0000000-0xbfffffff] reserved as E820 entry
[    0.823336] PCI: Using configuration type 1 for base access
[    0.825411] kprobes: kprobe jump-optimization is enabled. All kprobes are optimized if possible.
[    0.828615] HugeTLB: registered 2.00 MiB page size, pre-allocated 0 pages
[    0.829313] HugeTLB: 28 KiB vmemmap can be freed for a 2.00 MiB page
[    0.831583] ACPI: Added _OSI(Module Device)
[    0.832316] ACPI: Added _OSI(Processor Device)
[    0.833314] ACPI: Added _OSI(Processor Aggregator Device)
[    0.838370] ACPI: 1 ACPI AML tables successfully acquired and loaded
[    0.844747] ACPI: Interpreter enabled
[    0.845353] ACPI: PM: (supports S0 S3 S4 S5)
[    0.846314] ACPI: Using IOAPIC for interrupt routing
[    0.847355] PCI: Using host bridge windows from ACPI; if necessary, use "pci=nocrs" and report a bug
[    0.848316] PCI: Using E820 reservations for host bridge windows
[    0.849530] ACPI: Enabled 2 GPEs in block 00 to 3F
[    0.856414] ACPI: PCI Root Bridge [PCI0] (domain 0000 [bus 00-ff])
[    0.857322] acpi PNP0A08:00: _OSC: OS supports [ExtendedConfig ASPM ClockPM Segments MSI HPX-Type3]
[    0.858426] acpi PNP0A08:00: _OSC: platform does not support [LTR]
[    0.860445] acpi PNP0A08:00: _OSC: OS now controls [PME PCIeCapability]
[    0.862324] PCI host bridge to bus 0000:00
[    0.863322] pci_bus 0000:00: root bus resource [io  0x0000-0x0cf7 window]
[    0.864316] pci_bus 0000:00: root bus resource [io  0x0d00-0xffff window]
[    0.865316] pci_bus 0000:00: root bus resource [mem 0x000a0000-0x000bffff window]
[    0.866316] pci_bus 0000:00: root bus resource [mem 0x80000000-0xafffffff window]
[    0.867316] pci_bus 0000:00: root bus resource [mem 0xc0000000-0xfebfffff window]
[    0.868316] pci_bus 0000:00: root bus resource [mem 0x100000000-0x8ffffffff window]
[    0.869317] pci_bus 0000:00: root bus resource [bus 00-ff]
[    0.870455] pci 0000:00:00.0: [8086:29c0] type 00 class 0x060000 conventional PCI endpoint
[    0.872782] pci 0000:00:01.0: [1234:1111] type 00 class 0x030000 conventional PCI endpoint
[    0.875414] pci 0000:00:01.0: BAR 0 [mem 0xfd000000-0xfdffffff pref]
[    0.881104] pci 0000:00:01.0: BAR 2 [mem 0xfebd4000-0xfebd4fff]
[    0.891378] pci 0000:00:01.0: ROM [mem 0xfebc0000-0xfebcffff pref]
[    0.892786] pci 0000:00:01.0: Video device with shadowed ROM at [mem 0x000c0000-0x000dffff]
[    0.895045] pci 0000:00:02.0: [8086:10d3] type 00 class 0x020000 PCIe Root Complex Integrated Endpoint
[    0.897314] pci 0000:00:02.0: BAR 0 [mem 0xfeb80000-0xfeb9ffff]
[    0.900118] pci 0000:00:02.0: BAR 1 [mem 0xfeba0000-0xfebbffff]
[    0.902795] pci 0000:00:02.0: BAR 2 [io  0xc040-0xc05f]
[    0.904877] pci 0000:00:02.0: BAR 3 [mem 0xfebd0000-0xfebd3fff]
[    0.908315] pci 0000:00:02.0: ROM [mem 0xfeb00000-0xfeb7ffff pref]
[    0.913318] pci 0000:00:1f.0: [8086:2918] type 00 class 0x060100 conventional PCI endpoint
[    0.916720] pci 0000:00:1f.0: quirk: [io  0x0600-0x067f] claimed by ICH6 ACPI/GPIO/TCO
[    0.918771] pci 0000:00:1f.2: [8086:2922] type 00 class 0x010601 conventional PCI endpoint
[    0.926315] pci 0000:00:1f.2: BAR 4 [io  0xc060-0xc07f]
[    0.928640] pci 0000:00:1f.2: BAR 5 [mem 0xfebd5000-0xfebd5fff]
[    0.934312] pci 0000:00:1f.3: [8086:2930] type 00 class 0x0c0500 conventional PCI endpoint
[    0.937832] pci 0000:00:1f.3: BAR 4 [io  0x0700-0x073f]
[    0.944693] ACPI: PCI: Interrupt link LNKA configured for IRQ 10
[    0.945553] ACPI: PCI: Interrupt link LNKB configured for IRQ 10
[    0.946580] ACPI: PCI: Interrupt link LNKC configured for IRQ 11
[    0.947615] ACPI: PCI: Interrupt link LNKD configured for IRQ 11
[    0.948505] ACPI: PCI: Interrupt link LNKE configured for IRQ 10
[    0.949533] ACPI: PCI: Interrupt link LNKF configured for IRQ 10
[    0.950506] ACPI: PCI: Interrupt link LNKG configured for IRQ 11
[    0.951543] ACPI: PCI: Interrupt link LNKH configured for IRQ 11
[    0.952408] ACPI: PCI: Interrupt link GSIA configured for IRQ 16
[    0.953346] ACPI: PCI: Interrupt link GSIB configured for IRQ 17
[    0.954348] ACPI: PCI: Interrupt link GSIC configured for IRQ 18
[    0.955342] ACPI: PCI: Interrupt link GSID configured for IRQ 19
[    0.956347] ACPI: PCI: Interrupt link GSIE configured for IRQ 20
[    0.957347] ACPI: PCI: Interrupt link GSIF configured for IRQ 21
[    0.958348] ACPI: PCI: Interrupt link GSIG configured for IRQ 22
[    0.959336] ACPI: PCI: Interrupt link GSIH configured for IRQ 23
[    0.962370] iommu: Default domain type: Translated
[    0.963313] iommu: DMA domain TLB invalidation policy: lazy mode
[    0.965524] SCSI subsystem initialized
[    0.967472] ACPI: bus type USB registered
[    0.968383] usbcore: registered new interface driver usbfs
[    0.969338] usbcore: registered new interface driver hub
[    0.970336] usbcore: registered new device driver usb
[    0.971358] pps_core: LinuxPPS API ver. 1 registered
[    0.972314] pps_core: Software ver. 5.3.6 - Copyright 2005-2007 Rodolfo Giometti <giometti@linux.it>
[    0.973332] PTP clock support registered
[    0.975603] Advanced Linux Sound Architecture Driver Initialized.
[    0.990730] NetLabel: Initializing
[    0.995315] NetLabel:  domain hash size = 128
[    0.999315] NetLabel:  protocols = UNLABELED CIPSOv4 CALIPSO
[    1.003380] NetLabel:  unlabeled traffic allowed by default
[    1.008633] PCI: Using ACPI for IRQ routing
[    1.234401] pci 0000:00:01.0: vgaarb: setting as boot VGA device
[    1.235310] pci 0000:00:01.0: vgaarb: bridge control possible
[    1.235310] pci 0000:00:01.0: vgaarb: VGA device added: decodes=io+mem,owns=io+mem,locks=none
[    1.248316] vgaarb: loaded
[    1.250604] hpet: 3 channels of 0 reserved for per-cpu timers
[    1.254390] hpet0: at MMIO 0xfed00000, IRQs 2, 8, 0
[    1.257314] hpet0: 3 comparators, 64-bit 100.000000 MHz counter
[    1.276167] clocksource: Switched to clocksource kvm-clock
[    1.627030] kwatchdog (54) used greatest stack depth: 15584 bytes left
[    1.690927] VFS: Disk quotas dquot_6.6.0
[    1.693524] VFS: Dquot-cache hash table entries: 512 (order 0, 4096 bytes)
[    1.698217] pnp: PnP ACPI init
[    1.700545] system 00:05: [mem 0xb0000000-0xbfffffff window] has been reserved
[    1.705572] pnp: PnP ACPI: found 6 devices
[    1.723152] clocksource: acpi_pm: mask: 0xffffff max_cycles: 0xffffff, max_idle_ns: 2085701024 ns
[    1.728547] NET: Registered PF_INET protocol family
[    1.732624] IP idents hash table entries: 32768 (order: 6, 262144 bytes, linear)
[    1.737872] tcp_listen_portaddr_hash hash table entries: 1024 (order: 2, 16384 bytes, linear)
[    1.742994] Table-perturb hash table entries: 65536 (order: 6, 262144 bytes, linear)
[    1.748016] TCP established hash table entries: 16384 (order: 5, 131072 bytes, linear)
[    1.752849] TCP bind hash table entries: 16384 (order: 7, 524288 bytes, linear)
[    1.757249] TCP: Hash tables configured (established 16384 bind 16384)
[    1.761322] UDP hash table entries: 1024 (order: 3, 32768 bytes, linear)
[    1.765350] UDP-Lite hash table entries: 1024 (order: 3, 32768 bytes, linear)
[    1.769695] NET: Registered PF_UNIX/PF_LOCAL protocol family
[    1.773864] RPC: Registered named UNIX socket transport module.
[    1.777478] RPC: Registered udp transport module.
[    1.780421] RPC: Registered tcp transport module.
[    1.783421] RPC: Registered tcp-with-tls transport module.
[    1.786787] RPC: Registered tcp NFSv4.1 backchannel transport module.
[    1.791951] pci_bus 0000:00: resource 4 [io  0x0000-0x0cf7 window]
[    1.796499] pci_bus 0000:00: resource 5 [io  0x0d00-0xffff window]
[    1.800494] pci_bus 0000:00: resource 6 [mem 0x000a0000-0x000bffff window]
[    1.805055] pci_bus 0000:00: resource 7 [mem 0x80000000-0xafffffff window]
[    1.809567] pci_bus 0000:00: resource 8 [mem 0xc0000000-0xfebfffff window]
[    1.813625] pci_bus 0000:00: resource 9 [mem 0x100000000-0x8ffffffff window]
[    1.818966] PCI: CLS 0 bytes, default 64
[    1.822160] clocksource: tsc: mask: 0xffffffffffffffff max_cycles: 0x233fd98c0cf, max_idle_ns: 440795209930 ns
[    1.822303] Unpacking initramfs...
[    1.852268] Initialise system trusted keyrings
[    1.855192] workingset: timestamp_bits=56 max_order=19 bucket_order=0
[    1.859197] NFS: Registering the id_resolver key type
[    1.862003] Key type id_resolver registered
[    1.864325] Key type id_legacy registered
[    1.866867] 9p: Installing v9fs 9p2000 file system support
[    1.890862] Key type asymmetric registered
[    1.893029] Asymmetric key parser 'x509' registered
[    1.895880] Block layer SCSI generic (bsg) driver version 0.4 loaded (major 251)
[    1.900190] io scheduler mq-deadline registered
[    1.902948] io scheduler kyber registered
[    1.906371] input: Power Button as /devices/LNXSYSTM:00/LNXPWRBN:00/input/input0
[    1.912065] ACPI: button: Power Button [PWRF]
[    1.917449] Serial: 8250/16550 driver, 4 ports, IRQ sharing enabled
[    1.921977] 00:03: ttyS0 at I/O 0x3f8 (irq = 4, base_baud = 115200) is a 16550A
[    1.926819] Non-volatile memory driver v1.3
[    1.928700] Linux agpgart interface v0.103
[    1.930732] ACPI: bus type drm_connector registered
[    1.939549] loop: module loaded
[    1.942105] ACPI: \_SB_.GSIA: Enabled at IRQ 16
[    1.946700] ahci 0000:00:1f.2: AHCI vers 0001.0000, 32 command slots, 1.5 Gbps, SATA mode
[    1.951376] ahci 0000:00:1f.2: 6/6 ports implemented (port mask 0x3f)
[    1.953971] ahci 0000:00:1f.2: flags: 64bit ncq only 
[    1.961791] scsi host0: ahci
[    1.964283] scsi host1: ahci
[    1.967426] scsi host2: ahci
[    1.970018] scsi host3: ahci
[    1.972567] scsi host4: ahci
[    1.975198] scsi host5: ahci
[    1.977435] ata1: SATA max UDMA/133 abar m4096@0xfebd5000 port 0xfebd5100 irq 24 lpm-pol 1
[    1.983360] ata2: SATA max UDMA/133 abar m4096@0xfebd5000 port 0xfebd5180 irq 24 lpm-pol 1
[    1.984010] Freeing initrd memory: 2600K
[    1.989622] ata3: SATA max UDMA/133 abar m4096@0xfebd5000 port 0xfebd5200 irq 24 lpm-pol 1
[    1.989697] ata4: SATA max UDMA/133 abar m4096@0xfebd5000 port 0xfebd5280 irq 24 lpm-pol 1
[    1.989719] ata5: SATA max UDMA/133 abar m4096@0xfebd5000 port 0xfebd5300 irq 24 lpm-pol 1
[    2.007754] ata6: SATA max UDMA/133 abar m4096@0xfebd5000 port 0xfebd5380 irq 24 lpm-pol 1
[    2.013271] e100: Intel(R) PRO/100 Network Driver
[    2.016416] e100: Copyright(c) 1999-2006 Intel Corporation
[    2.019993] e1000: Intel(R) PRO/1000 Network Driver
[    2.022966] e1000: Copyright (c) 1999-2006 Intel Corporation.
[    2.026502] e1000e: Intel(R) PRO/1000 Network Driver
[    2.028968] e1000e: Copyright(c) 1999 - 2015 Intel Corporation.
[    2.033514] ACPI: \_SB_.GSIG: Enabled at IRQ 22
[    2.038110] e1000e 0000:00:02.0: Interrupt Throttling Rate (ints/sec) set to dynamic conservative mode
[    2.085029] e1000e 0000:00:02.0 0000:00:02.0 (uninitialized): registered PHC clock
[    2.141490] e1000e 0000:00:02.0 eth0: (PCI Express:2.5GT/s:Width x1) 52:54:00:12:34:56
[    2.146410] e1000e 0000:00:02.0 eth0: Intel(R) PRO/1000 Network Connection
[    2.150611] e1000e 0000:00:02.0 eth0: MAC: 3, PHY: 8, PBA No: 000000-000
[    2.154775] sky2: driver version 1.30
[    2.157477] usbcore: registered new interface driver usblp
[    2.161087] usbcore: registered new interface driver usb-storage
[    2.165163] i8042: PNP: PS/2 Controller [PNP0303:KBD,PNP0f13:MOU] at 0x60,0x64 irq 1,12
[    2.171666] serio: i8042 KBD port at 0x60,0x64 irq 1
[    2.174806] serio: i8042 AUX port at 0x60,0x64 irq 12
[    2.178551] rtc_cmos 00:04: RTC can wake from S4
[    2.184329] input: AT Translated Set 2 keyboard as /devices/platform/i8042/serio0/input/input1
[    2.191057] rtc_cmos 00:04: registered as rtc0
[    2.194703] rtc_cmos 00:04: alarms up to one day, y3k, 242 bytes nvram, hpet irqs
[    2.201903] device-mapper: ioctl: 4.48.0-ioctl (2023-03-01) initialised: dm-devel@lists.linux.dev
[    2.203500] i801_smbus 0000:00:1f.3: SMBus using PCI interrupt
[    2.207275] amd_pstate: the _CPC object is not present in SBIOS or ACPI disabled
[    2.207320] hid: raw HID events driver (C) Jiri Kosina
[    2.207968] usbcore: registered new interface driver usbhid
[    2.211531] i2c i2c-0: Memory type 0x07 not supported yet, not instantiating SPD
[    2.215779] usbhid: USB HID core driver
[    2.217211] Initializing XFRM netlink socket
[    2.235551] NET: Registered PF_INET6 protocol family
[    2.240525] Segment Routing with IPv6
[    2.243924] In-situ OAM (IOAM) with IPv6
[    2.247826] sit: IPv6, IPv4 and MPLS over IPv4 tunneling driver
[    2.252662] NET: Registered PF_PACKET protocol family
[    2.256115] 9pnet: Installing 9P2000 support
[    2.259006] Key type dns_resolver registered
[    2.262685] IPI shorthand broadcast: enabled
[    2.270730] sched_clock: Marking stable (1796035706, 474363822)->(2675866546, -405467018)
[    2.276800] registered taskstats version 1
[    2.279553] Loading compiled-in X.509 certificates
[    2.285480] Demotion targets for Node 0: null
[    2.288746] PM:   Magic number: 14:245:796
[    2.291622] printk: legacy console [netcon0] enabled
[    2.295166] netconsole: network logging started
[    2.298566] cfg80211: Loading compiled-in X.509 certificates for regulatory database
[    2.303284] kworker/u16:7 (90) used greatest stack depth: 14352 bytes left
[    2.305297] Loaded X.509 cert 'sforshee: 00b28ddf47aef9cea7'
[    2.313680] Loaded X.509 cert 'wens: 61c038651aabdcf94bd0ac7ff06c7248db18c600'
[    2.318769] platform regulatory.0: Direct firmware load for regulatory.db failed with error -2
[    2.320123] ALSA device list:
[    2.325194] cfg80211: failed to load regulatory.db
[    2.330490]   No soundcards found.
[    2.332963] ata1: SATA link down (SStatus 0 SControl 300)
[    2.341362] ata4: SATA link down (SStatus 0 SControl 300)
[    2.344476] ata6: SATA link down (SStatus 0 SControl 300)
[    2.347717] ata2: SATA link down (SStatus 0 SControl 300)
[    2.350742] ata3: SATA link up 1.5 Gbps (SStatus 113 SControl 300)
[    2.354292] ata3.00: LPM support broken, forcing max_power
[    2.357475] ata3.00: ATAPI: QEMU DVD-ROM, 2.5+, max UDMA/100
[    2.360820] ata3.00: applying bridge limits
[    2.363604] ata5: SATA link down (SStatus 0 SControl 300)
[    2.366734] ata3.00: LPM support broken, forcing max_power
[    2.369849] ata3.00: configured for UDMA/100
[    2.373329] scsi 2:0:0:0: CD-ROM            QEMU     QEMU DVD-ROM     2.5+ PQ: 0 ANSI: 5
[    2.393148] sr 2:0:0:0: [sr0] scsi3-mmc drive: 4x/4x cd/rw xa/form2 tray
[    2.408787] cdrom: Uniform CD-ROM driver Revision: 3.20
[    2.418667] sr 2:0:0:0: Attached scsi generic sg0 type 5
[    2.423940] Freeing unused kernel image (initmem) memory: 5388K
[    2.427132] Write protecting the kernel read-only data: 30720k
[    2.432541] Freeing unused kernel image (rodata/data gap) memory: 1092K
[    2.518257] x86/mm: Checked W+X mappings: passed, no W+X pages found.
[    2.521503] Run /init as init process
[    2.526114] mount (94) used greatest stack depth: 13944 bytes left
[    2.529337] mount (95) used greatest stack depth: 13872 bytes left
[    2.533512] mount (99) used greatest stack depth: 13552 bytes left
BOOTMARK userspace-up
Linux (none) 6.12.111 #1 SMP PREEMPT_DYNAMIC Thu Oct  1 09:17:31 UTC 2026 x86_64 GNU/Linux
BOOTMARK insmod-start
[    2.573910] mali mali.0: Kernel DDK version r54p0-01eac0
[    2.576860] mali mali.0: Using Dummy Model
[    2.578989] mali mali.0: GPU metrics tracepoint support enabled
[    2.581895] mali mali.0: Register LUT 000e0800 initialized for GPU arch 0x000e0805
[    2.585437] mali mali.0: GPU identified as 0x0 arch 14.8.5 r0p0 status 0
[    2.588540] mali mali.0: _find_key: OPP table not found (-19)
[    2.591443] mali mali.0: No OPPs found in device tree! Scaling timeouts using 100000 kHz
[    2.595934] mali mali.0: Large page allocation set to true after hardware feature check
[    2.600977] Dummy model register access: Reading unsupported register 0xf10. Returning 0
[    2.605162] Dummy model register access: Writing unsupported register 0xf10 value 0x0
[    2.607950] Dummy model register access: Writing unsupported register 0x88 value 0x0
[    2.612000] Dummy model register access: Writing unsupported register 0x8c value 0x0
[    2.615911] Dummy model register access: Writing unsupported register 0x88 value 0x1e7737
[    2.620055] Dummy model register access: Writing unsupported register 0x8c value 0x0
[    2.623596] Dummy model register access: Writing unsupported register 0x41030 value 0x0
[    2.628008] Dummy model register access: Writing unsupported register 0x41034 value 0x0
[    2.632266] mali mali.0: Clock not available for devfreq
[    2.635156] mali mali.0: Continuing without devfreq
[    2.638076] mali mali.0: * MALI kbase_mmap_min_addr compiled to CONFIG_LSM_MMAP_MIN_ADDR, no runtime update possible! *
[    2.642348] mali mali.0: Probed as mali0
BOOTMARK insmod-rc 0
Module                  Size  Used by    Not tainted
mali_kbase           2113536  0 
BOOTMARK kcov-start
KCOV node present at /sys/kernel/debug/kcov
-rw-------    1 0        0                0 Oct  1 18:45 /sys/kernel/debug/kcov
BOOTMARK probe-start
KCOV init-trace ok (area=32768 words / 256 KiB)
KCOV enable ok (collecting)
PROBE build              kbase-probe, EL0 ioctl exerciser
PROBE device             /dev/mali0
[    2.674871] Dummy model register access: Writing unsupported register 0x40120 value 0x3fff
[    2.679402] Dummy model register access: Writing unsupported register 0x40124 value 0x0
PROBE version_check       negotiated major=1 minor=36 (proposed 1.36)
PROBE gpuprops_size       773 bytes
PROBE gpuprops product_id=0x0006 version_status=0xe850 major=9 minor=0
PROBE gpuprops gpu_freq_khz_max=851968 log2_pc_size=0 num_exec_engines=15 log2_l2_line_size=255
PROBE gpuprops raw gpu_id=0x0000000000000100
PROBE mem_alloc           gpu_va=0x41000 out_flags=0x200f (SAME_VA cookie)
PROBE mmap                bound cookie 0x41000 -> cpu=gpu=0x7fd1b42bb000
PROBE mem_query           c[    2.704323] kcov-ctl (106) used greatest stack depth: 13360 bytes left
ommit_size=0 bytes
PROBE summary             passed=0x1ff failed=0x000
KCOV run: /bin/kbase-probe exited 255
KCOV records=14208 distinct_pcs=2801
KCOV pc_range=0xffffffff8103d11d-0xffffffff812daa0a
KCOV disable ok
BOOTMARK kcov-ctl-rc 255
BOOTMARK probe-rc 0
BOOTMARK kcov-end
BOOTMARK dmesg-start
[    2.724092] input: ImExPS/2 Generic Explorer Mouse as /devices/platform/i8042/serio1/input/input3
[    2.573910] mali mali.0: Kernel DDK version r54p0-01eac0
[    2.576860] mali mali.0: Using Dummy Model
[    2.578989] mali mali.0: GPU metrics tracepoint support enabled
[    2.581895] mali mali.0: Register LUT 000e0800 initialized for GPU arch 0x000e0805
[    2.585437] mali mali.0: GPU identified as 0x0 arch 14.8.5 r0p0 status 0
[    2.588540] mali mali.0: _find_key: OPP table not found (-19)
[    2.591443] mali mali.0: No OPPs found in device tree! Scaling timeouts using 100000 kHz
[    2.595934] mali mali.0: Large page allocation set to true after hardware feature check
[    2.632266] mali mali.0: Clock not available for devfreq
[    2.635156] mali mali.0: Continuing without devfreq
[    2.638076] mali mali.0: * MALI kbase_mmap_min_addr compiled to CONFIG_LSM_MMAP_MIN_ADDR, no runtime update possible! *
[    2.642348] mali mali.0: Probed as mali0
BOOTMARK dmesg-end
BOOTMARK poweroff
[    2.768369] e1000e: EEE TX LPI TIMER: 00000000
[    2.772773] ACPI: PM: Preparing to enter system sleep state S5
[    2.775674] reboot: Power down

CLEAN-LOCATION: kcov
  bundle:    artifacts/kcov  (sha256sum -c clean before and after the boot)
  booted from: /tmp/portable-test-kcov  with the repo's build/ tree renamed away
  strict-artifact: yes (no build/ fallback permitted)
  at:          2026-10-01T18:45:18Z
