c[?7l[2J[0mSeaBIOS (version 1.16.3-debian-1.16.3-2)


iPXE (https://ipxe.org) 00:02.0 CA00 PCI2.10 PnP PMM+7EFCAB60+7EF0AB60 CA00
Press Ctrl-B to configure iPXE (PCI 00:02.0)...                                                                               


Booting from ROM..c[?7l[2J[0m.[    0.000000] Linux version 6.12.111 (codespace@codespaces-5d341e) (gcc (Ubuntu 13.3.0-6ubuntu2~24.04.1) 13.3.0, GNU ld (GNU Binutils for Ubuntu) 2.42) #1 SMP PREEMPT_DYNAMIC Thu Oct  1 11:09:58 UTC 2026
[    0.000000] Command line: console=ttyS0 panic=-1 rdinit=/init loglevel=7
[    0.000000] BIOS-provided physical RAM map:
[    0.000000] BIOS-e820: [mem 0x0000000000000000-0x000000000009fbff] usable
[    0.000000] BIOS-e820: [mem 0x000000000009fc00-0x000000000009ffff] reserved
[    0.000000] BIOS-e820: [mem 0x00000000000f0000-0x00000000000fffff] reserved
[    0.000000] BIOS-e820: [mem 0x0000000000100000-0x000000007ffdefff] usable
[    0.000000] BIOS-e820: [mem 0x000000007ffdf000-0x000000007fffffff] reserved
[    0.000000] BIOS-e820: [mem 0x00000000b0000000-0x00000000bfffffff] reserved
[    0.000000] BIOS-e820: [mem 0x00000000fed1c000-0x00000000fed1ffff] reserved
[    0.000000] BIOS-e820: [mem 0x00000000feffc000-0x00000000feffffff] reserved
[    0.000000] BIOS-e820: [mem 0x00000000fffc0000-0x00000000ffffffff] reserved
[    0.000000] BIOS-e820: [mem 0x000000fd00000000-0x000000ffffffffff] reserved
[    0.000000] NX (Execute Disable) protection: active
[    0.000000] APIC: Static calls initialized
[    0.000000] SMBIOS 3.0.0 present.
[    0.000000] DMI: QEMU Standard PC (Q35 + ICH9, 2009), BIOS 1.16.3-debian-1.16.3-2 04/01/2014
[    0.000000] DMI: Memory slots populated: 1/1
[    0.000000] Hypervisor detected: KVM
[    0.000000] last_pfn = 0x7ffdf max_arch_pfn = 0x400000000
[    0.000000] kvm-clock: Using msrs 4b564d01 and 4b564d00
[    0.000001] kvm-clock: using sched offset of 572846484 cycles
[    0.000002] clocksource: kvm-clock: mask: 0xffffffffffffffff max_cycles: 0x1cd42e4dffb, max_idle_ns: 881590591483 ns
[    0.000005] tsc: Detected 2445.428 MHz processor
[    0.000762] last_pfn = 0x7ffdf max_arch_pfn = 0x400000000
[    0.000935] MTRR map: 4 entries (3 fixed + 1 variable; max 19), built from 8 variable MTRRs
[    0.000942] x86/PAT: Configuration [0-7]: WB  WC  UC- UC  WB  WP  UC- WT  
[    0.003872] found SMP MP-table at [mem 0x000f5480-0x000f548f]
[    0.004509] RAMDISK: [mem 0x7ed5e000-0x7ffcffff]
[    0.004673] ACPI: Early table checksum verification disabled
[    0.004788] ACPI: RSDP 0x00000000000F52C0 000014 (v00 BOCHS )
[    0.004801] ACPI: RSDT 0x000000007FFE2425 000038 (v01 BOCHS  BXPC     00000001 BXPC 00000001)
[    0.004806] ACPI: FACP 0x000000007FFE2205 0000F4 (v03 BOCHS  BXPC     00000001 BXPC 00000001)
[    0.004810] ACPI: DSDT 0x000000007FFE0040 0021C5 (v01 BOCHS  BXPC     00000001 BXPC 00000001)
[    0.004812] ACPI: FACS 0x000000007FFE0000 000040
[    0.004813] ACPI: APIC 0x000000007FFE22F9 000090 (v03 BOCHS  BXPC     00000001 BXPC 00000001)
[    0.004815] ACPI: HPET 0x000000007FFE2389 000038 (v01 BOCHS  BXPC     00000001 BXPC 00000001)
[    0.004816] ACPI: MCFG 0x000000007FFE23C1 00003C (v01 BOCHS  BXPC     00000001 BXPC 00000001)
[    0.004817] ACPI: WAET 0x000000007FFE23FD 000028 (v01 BOCHS  BXPC     00000001 BXPC 00000001)
[    0.004819] ACPI: Reserving FACP table memory at [mem 0x7ffe2205-0x7ffe22f8]
[    0.004820] ACPI: Reserving DSDT table memory at [mem 0x7ffe0040-0x7ffe2204]
[    0.004820] ACPI: Reserving FACS table memory at [mem 0x7ffe0000-0x7ffe003f]
[    0.004821] ACPI: Reserving APIC table memory at [mem 0x7ffe22f9-0x7ffe2388]
[    0.004821] ACPI: Reserving HPET table memory at [mem 0x7ffe2389-0x7ffe23c0]
[    0.004822] ACPI: Reserving MCFG table memory at [mem 0x7ffe23c1-0x7ffe23fc]
[    0.004822] ACPI: Reserving WAET table memory at [mem 0x7ffe23fd-0x7ffe2424]
[    0.005397] No NUMA configuration found
[    0.005398] Faking a node at [mem 0x0000000000000000-0x000000007ffdefff]
[    0.005464] NODE_DATA(0) allocated [mem 0x7ffdb940-0x7ffdefff]
[    0.005476] Zone ranges:
[    0.005477]   DMA      [mem 0x0000000000001000-0x0000000000ffffff]
[    0.005478]   DMA32    [mem 0x0000000001000000-0x000000007ffdefff]
[    0.005479]   Normal   empty
[    0.005480] Movable zone start for each node
[    0.005480] Early memory node ranges
[    0.005481]   node   0: [mem 0x0000000000001000-0x000000000009efff]
[    0.005482]   node   0: [mem 0x0000000000100000-0x000000007ffdefff]
[    0.005483] Initmem setup node 0 [mem 0x0000000000001000-0x000000007ffdefff]
[    0.006476] On node 0, zone DMA: 1 pages in unavailable ranges
[    0.007144] On node 0, zone DMA: 97 pages in unavailable ranges
[    0.114168] On node 0, zone DMA32: 33 pages in unavailable ranges
[    0.114944] ACPI: PM-Timer IO Port: 0x608
[    0.114960] ACPI: LAPIC_NMI (acpi_id[0xff] dfl dfl lint[0x1])
[    0.115043] IOAPIC[0]: apic_id 0, version 17, address 0xfec00000, GSI 0-23
[    0.115046] ACPI: INT_SRC_OVR (bus 0 bus_irq 0 global_irq 2 dfl dfl)
[    0.115047] ACPI: INT_SRC_OVR (bus 0 bus_irq 5 global_irq 5 high level)
[    0.115048] ACPI: INT_SRC_OVR (bus 0 bus_irq 9 global_irq 9 high level)
[    0.115049] ACPI: INT_SRC_OVR (bus 0 bus_irq 10 global_irq 10 high level)
[    0.115050] ACPI: INT_SRC_OVR (bus 0 bus_irq 11 global_irq 11 high level)
[    0.115053] ACPI: Using ACPI (MADT) for SMP configuration information
[    0.115053] ACPI: HPET id: 0x8086a201 base: 0xfed00000
[    0.115061] CPU topo: Max. logical packages:   1
[    0.115062] CPU topo: Max. logical dies:       1
[    0.115062] CPU topo: Max. dies per package:   1
[    0.115066] CPU topo: Max. threads per core:   1
[    0.115066] CPU topo: Num. cores per package:     4
[    0.115067] CPU topo: Num. threads per package:   4
[    0.115067] CPU topo: Allowing 4 present CPUs plus 0 hotplug CPUs
[    0.115099] kvm-guest: APIC: eoi() replaced with kvm_guest_apic_eoi_write()
[    0.115300] PM: hibernation: Registered nosave memory: [mem 0x00000000-0x00000fff]
[    0.115301] PM: hibernation: Registered nosave memory: [mem 0x0009f000-0x000fffff]
[    0.115303] [mem 0xc0000000-0xfed1bfff] available for PCI devices
[    0.115304] Booting paravirtualized kernel on KVM
[    0.115306] clocksource: refined-jiffies: mask: 0xffffffff max_cycles: 0xffffffff, max_idle_ns: 1910969940391419 ns
[    0.121445] setup_percpu: NR_CPUS:64 nr_cpumask_bits:4 nr_cpu_ids:4 nr_node_ids:1
[    0.125199] percpu: Embedded 56 pages/cpu s192216 r8192 d28968 u524288
[    0.125648] Kernel command line: console=ttyS0 panic=-1 rdinit=/init loglevel=7
[    0.129205] Dentry cache hash table entries: 262144 (order: 9, 2097152 bytes, linear)
[    0.129548] Inode-cache hash table entries: 131072 (order: 8, 1048576 bytes, linear)
[    0.129867] Fallback order for Node 0: 0 
[    0.129870] Built 1 zonelists, mobility grouping on.  Total pages: 524157
[    0.129871] Policy zone: DMA32
[    0.129873] mem auto-init: stack:all(zero), heap alloc:off, heap free:off
[    0.136032] SLUB: HWalign=64, Order=0-3, MinObjects=0, CPUs=4, Nodes=1
[    0.137664] Dynamic Preempt: voluntary
[    0.141759] rcu: Preemptible hierarchical RCU implementation.
[    0.141760] rcu: 	RCU event tracing is enabled.
[    0.141761] rcu: 	RCU restricting CPUs from NR_CPUS=64 to nr_cpu_ids=4.
[    0.141762] 	Trampoline variant of Tasks RCU enabled.
[    0.141763] 	Tracing variant of Tasks RCU enabled.
[    0.141763] rcu: RCU calculated value of scheduler-enlistment delay is 100 jiffies.
[    0.141764] rcu: Adjusting geometry for rcu_fanout_leaf=16, nr_cpu_ids=4
[    0.141769] RCU Tasks: Setting shift to 2 and lim to 1 rcu_task_cb_adjust=1 rcu_task_cpu_ids=4.
[    0.141771] RCU Tasks Trace: Setting shift to 2 and lim to 1 rcu_task_cb_adjust=1 rcu_task_cpu_ids=4.
[    0.144452] NR_IRQS: 4352, nr_irqs: 456, preallocated irqs: 16
[    0.145756] rcu: srcu_init: Setting srcu_struct sizes based on contention.
[    0.145840] clocksource: jiffies: mask: 0xffffffff max_cycles: 0xffffffff, max_idle_ns: 1911260446275000 ns
[    0.161193] Console: colour VGA+ 80x25
[    0.161283] printk: legacy console [ttyS0] enabled
[    0.678225] ACPI: Core revision 20240827
[    0.681550] clocksource: hpet: mask: 0xffffffff max_cycles: 0xffffffff, max_idle_ns: 19112604467 ns
[    0.687832] APIC: Switch to symmetric I/O mode setup
[    0.695199] ..TIMER: vector=0x30 apic1=0 pin1=2 apic2=-1 pin2=-1
[    0.701200] clocksource: tsc-early: mask: 0xffffffffffffffff max_cycles: 0x233fd98c0cf, max_idle_ns: 440795209930 ns
[    0.708883] Calibrating delay loop (skipped) preset value.. 4890.85 BogoMIPS (lpj=2445428)
[    0.710876] Last level iTLB entries: 4KB 512, 2MB 255, 4MB 127
[    0.710883] Last level dTLB entries: 4KB 512, 2MB 255, 4MB 127, 1GB 0
[    0.711892] Spectre V1 : Mitigation: usercopy/swapgs barriers and __user pointer sanitization
[    0.712887] Spectre V2 : Mitigation: Retpolines
[    0.713882] Spectre V2 : Spectre v2 / SpectreRSB: Filling RSB on context switch and VMEXIT
[    0.714902] x86/fpu: x87 FPU will use FXSAVE
[    0.745269] Freeing SMP alternatives memory: 48K
[    0.747068] pid_max: default: 32768 minimum: 301
[    0.747998] LSM: initializing lsm=capability,selinux
[    0.748905] SELinux:  Initializing.
[    0.750959] Mount-cache hash table entries: 4096 (order: 3, 32768 bytes, linear)
[    0.751883] Mountpoint-cache hash table entries: 4096 (order: 3, 32768 bytes, linear)
[    0.856876] smpboot: CPU0: AMD QEMU Virtual CPU version 2.5+ (family: 0xf, model: 0x6b, stepping: 0x1)
[    0.857361] Performance Events: PMU not available due to virtualization, using software events only.
[    0.860072] signal: max sigframe size: 1440
[    0.861940] rcu: Hierarchical SRCU implementation.
[    0.862880] rcu: 	Max phase no-delay instances is 400.
[    0.865232] Timer migration: 1 hierarchy levels; 8 children per group; 1 crossnode level
[    0.867054] smp: Bringing up secondary CPUs ...
[    0.869313] smpboot: x86: Booting SMP configuration:
[    0.869884] .... node  #0, CPUs:      #1 #2 #3
[    0.887221] smp: Brought up 1 node, 4 CPUs
[    0.888882] smpboot: Total of 4 processors activated (19563.42 BogoMIPS)
[    0.892184] Memory: 1996384K/2096628K available (18432K kernel code, 2863K rwdata, 7100K rodata, 2800K init, 964K bss, 95276K reserved, 0K cma-reserved)
[    0.896920] devtmpfs: initialized
[    0.900048] futex hash table entries: 1024 (order: 4, 65536 bytes, linear)
[    0.901879] PM: RTC time: 11:17:00, date: 2026-10-01
[    0.906374] NET: Registered PF_NETLINK/PF_ROUTE protocol family
[    0.907105] audit: initializing netlink subsys (disabled)
[    0.909341] thermal_sys: Registered thermal governor 'step_wise'
[    0.909344] thermal_sys: Registered thermal governor 'user_space'
[    0.908882] audit: type=2000 audit(1790853420.238:1): state=initialized audit_enabled=0 res=1
[    0.922888] cpuidle: using governor menu
[    0.924649] PCI: ECAM [mem 0xb0000000-0xbfffffff] (base 0xb0000000) for domain 0000 [bus 00-ff]
[    0.924885] PCI: ECAM [mem 0xb0000000-0xbfffffff] reserved as E820 entry
[    0.925895] PCI: Using configuration type 1 for base access
[    0.926980] kprobes: kprobe jump-optimization is enabled. All kprobes are optimized if possible.
[    0.933315] HugeTLB: registered 2.00 MiB page size, pre-allocated 0 pages
[    0.940884] HugeTLB: 28 KiB vmemmap can be freed for a 2.00 MiB page
[    0.956912] ACPI: Added _OSI(Module Device)
[    0.961883] ACPI: Added _OSI(Processor Device)
[    0.967881] ACPI: Added _OSI(Processor Aggregator Device)
[    0.976273] ACPI: 1 ACPI AML tables successfully acquired and loaded
[    0.993045] ACPI: Interpreter enabled
[    0.997904] ACPI: PM: (supports S0 S3 S4 S5)
[    0.999882] ACPI: Using IOAPIC for interrupt routing
[    1.006100] PCI: Using host bridge windows from ACPI; if necessary, use "pci=nocrs" and report a bug
[    1.013880] PCI: Using E820 reservations for host bridge windows
[    1.018018] ACPI: Enabled 2 GPEs in block 00 to 3F
[    1.026760] ACPI: PCI Root Bridge [PCI0] (domain 0000 [bus 00-ff])
[    1.030885] acpi PNP0A08:00: _OSC: OS supports [ExtendedConfig ASPM ClockPM Segments MSI HPX-Type3]
[    1.042934] acpi PNP0A08:00: _OSC: platform does not support [LTR]
[    1.052002] acpi PNP0A08:00: _OSC: OS now controls [PME PCIeCapability]
[    1.062006] PCI host bridge to bus 0000:00
[    1.068890] pci_bus 0000:00: root bus resource [io  0x0000-0x0cf7 window]
[    1.078885] pci_bus 0000:00: root bus resource [io  0x0d00-0xffff window]
[    1.086884] pci_bus 0000:00: root bus resource [mem 0x000a0000-0x000bffff window]
[    1.098885] pci_bus 0000:00: root bus resource [mem 0x80000000-0xafffffff window]
[    1.108884] pci_bus 0000:00: root bus resource [mem 0xc0000000-0xfebfffff window]
[    1.114879] pci_bus 0000:00: root bus resource [mem 0x100000000-0x8ffffffff window]
[    1.121884] pci_bus 0000:00: root bus resource [bus 00-ff]
[    1.126037] pci 0000:00:00.0: [8086:29c0] type 00 class 0x060000 conventional PCI endpoint
[    1.133620] pci 0000:00:01.0: [1234:1111] type 00 class 0x030000 conventional PCI endpoint
[    1.144938] pci 0000:00:01.0: BAR 0 [mem 0xfd000000-0xfdffffff pref]
[    1.161953] pci 0000:00:01.0: BAR 2 [mem 0xfebd4000-0xfebd4fff]
[    1.193126] pci 0000:00:01.0: ROM [mem 0xfebc0000-0xfebcffff pref]
[    1.199124] pci 0000:00:01.0: Video device with shadowed ROM at [mem 0x000c0000-0x000dffff]
[    1.209049] pci 0000:00:02.0: [8086:10d3] type 00 class 0x020000 PCIe Root Complex Integrated Endpoint
[    1.217606] pci 0000:00:02.0: BAR 0 [mem 0xfeb80000-0xfeb9ffff]
[    1.221532] pci 0000:00:02.0: BAR 1 [mem 0xfeba0000-0xfebbffff]
[    1.230882] pci 0000:00:02.0: BAR 2 [io  0xc040-0xc05f]
[    1.237498] pci 0000:00:02.0: BAR 3 [mem 0xfebd0000-0xfebd3fff]
[    1.248883] pci 0000:00:02.0: ROM [mem 0xfeb00000-0xfeb7ffff pref]
[    1.259224] pci 0000:00:1f.0: [8086:2918] type 00 class 0x060100 conventional PCI endpoint
[    1.266070] pci 0000:00:1f.0: quirk: [io  0x0600-0x067f] claimed by ICH6 ACPI/GPIO/TCO
[    1.273770] pci 0000:00:1f.2: [8086:2922] type 00 class 0x010601 conventional PCI endpoint
[    1.286882] pci 0000:00:1f.2: BAR 4 [io  0xc060-0xc07f]
[    1.294297] pci 0000:00:1f.2: BAR 5 [mem 0xfebd5000-0xfebd5fff]
[    1.301206] pci 0000:00:1f.3: [8086:2930] type 00 class 0x0c0500 conventional PCI endpoint
[    1.311249] pci 0000:00:1f.3: BAR 4 [io  0x0700-0x073f]
[    1.317547] ACPI: PCI: Interrupt link LNKA configured for IRQ 10
[    1.321003] ACPI: PCI: Interrupt link LNKB configured for IRQ 10
[    1.322994] ACPI: PCI: Interrupt link LNKC configured for IRQ 11
[    1.325010] ACPI: PCI: Interrupt link LNKD configured for IRQ 11
[    1.328927] ACPI: PCI: Interrupt link LNKE configured for IRQ 10
[    1.332073] ACPI: PCI: Interrupt link LNKF configured for IRQ 10
[    1.333026] ACPI: PCI: Interrupt link LNKG configured for IRQ 11
[    1.336027] ACPI: PCI: Interrupt link LNKH configured for IRQ 11
[    1.340924] ACPI: PCI: Interrupt link GSIA configured for IRQ 16
[    1.343914] ACPI: PCI: Interrupt link GSIB configured for IRQ 17
[    1.347899] ACPI: PCI: Interrupt link GSIC configured for IRQ 18
[    1.350927] ACPI: PCI: Interrupt link GSID configured for IRQ 19
[    1.352932] ACPI: PCI: Interrupt link GSIE configured for IRQ 20
[    1.353912] ACPI: PCI: Interrupt link GSIF configured for IRQ 21
[    1.353912] ACPI: PCI: Interrupt link GSIG configured for IRQ 22
[    1.355917] ACPI: PCI: Interrupt link GSIH configured for IRQ 23
[    1.363629] iommu: Default domain type: Translated
[    1.366884] iommu: DMA domain TLB invalidation policy: lazy mode
[    1.371881] SCSI subsystem initialized
[    1.378562] ACPI: bus type USB registered
[    1.381922] usbcore: registered new interface driver usbfs
[    1.387927] usbcore: registered new interface driver hub
[    1.390971] usbcore: registered new device driver usb
[    1.395079] pps_core: LinuxPPS API ver. 1 registered
[    1.398880] pps_core: Software ver. 5.3.6 - Copyright 2005-2007 Rodolfo Giometti <giometti@linux.it>
[    1.405895] PTP clock support registered
[    1.411000] Advanced Linux Sound Architecture Driver Initialized.
[    1.418641] NetLabel: Initializing
[    1.421880] NetLabel:  domain hash size = 128
[    1.424880] NetLabel:  protocols = UNLABELED CIPSOv4 CALIPSO
[    1.431233] NetLabel:  unlabeled traffic allowed by default
[    1.438986] PCI: Using ACPI for IRQ routing
[    1.616951] pci 0000:00:01.0: vgaarb: setting as boot VGA device
[    1.617876] pci 0000:00:01.0: vgaarb: bridge control possible
[    1.617876] pci 0000:00:01.0: vgaarb: VGA device added: decodes=io+mem,owns=io+mem,locks=none
[    1.633889] vgaarb: loaded
[    1.636881] hpet: 3 channels of 0 reserved for per-cpu timers
[    1.640935] hpet0: at MMIO 0xfed00000, IRQs 2, 8, 0
[    1.643880] hpet0: 3 comparators, 64-bit 100.000000 MHz counter
[    1.654628] clocksource: Switched to clocksource kvm-clock
[    1.661090] VFS: Disk quotas dquot_6.6.0
[    1.663970] VFS: Dquot-cache hash table entries: 512 (order 0, 4096 bytes)
[    1.669678] pnp: PnP ACPI init
[    1.672369] system 00:05: [mem 0xb0000000-0xbfffffff window] has been reserved
[    1.676986] pnp: PnP ACPI: found 6 devices
[    1.694244] clocksource: acpi_pm: mask: 0xffffff max_cycles: 0xffffff, max_idle_ns: 2085701024 ns
[    1.698618] NET: Registered PF_INET protocol family
[    1.702911] IP idents hash table entries: 32768 (order: 6, 262144 bytes, linear)
[    1.709434] tcp_listen_portaddr_hash hash table entries: 1024 (order: 2, 16384 bytes, linear)
[    1.715021] Table-perturb hash table entries: 65536 (order: 6, 262144 bytes, linear)
[    1.716185] kwatchdog (55) used greatest stack depth: 15656 bytes left
[    1.720194] TCP established hash table entries: 16384 (order: 5, 131072 bytes, linear)
[    1.720785] TCP bind hash table entries: 16384 (order: 7, 524288 bytes, linear)
[    1.723981] TCP: Hash tables configured (established 16384 bind 16384)
[    1.760228] UDP hash table entries: 1024 (order: 3, 32768 bytes, linear)
[    1.763996] UDP-Lite hash table entries: 1024 (order: 3, 32768 bytes, linear)
[    1.768226] NET: Registered PF_UNIX/PF_LOCAL protocol family
[    1.773197] RPC: Registered named UNIX socket transport module.
[    1.776575] RPC: Registered udp transport module.
[    1.779165] RPC: Registered tcp transport module.
[    1.784770] RPC: Registered tcp-with-tls transport module.
[    1.790584] RPC: Registered tcp NFSv4.1 backchannel transport module.
[    1.800137] pci_bus 0000:00: resource 4 [io  0x0000-0x0cf7 window]
[    1.804493] pci_bus 0000:00: resource 5 [io  0x0d00-0xffff window]
[    1.815133] pci_bus 0000:00: resource 6 [mem 0x000a0000-0x000bffff window]
[    1.822322] pci_bus 0000:00: resource 7 [mem 0x80000000-0xafffffff window]
[    1.827476] pci_bus 0000:00: resource 8 [mem 0xc0000000-0xfebfffff window]
[    1.837636] pci_bus 0000:00: resource 9 [mem 0x100000000-0x8ffffffff window]
[    1.842830] PCI: CLS 0 bytes, default 64
[    1.845999] clocksource: tsc: mask: 0xffffffffffffffff max_cycles: 0x233fd98c0cf, max_idle_ns: 440795209930 ns
[    1.854495] Unpacking initramfs...
[    1.863145] Initialise system trusted keyrings
[    1.867284] workingset: timestamp_bits=56 max_order=19 bucket_order=0
[    1.874450] NFS: Registering the id_resolver key type
[    1.877852] Key type id_resolver registered
[    1.882757] Key type id_legacy registered
[    1.893562] 9p: Installing v9fs 9p2000 file system support
[    1.925023] Key type asymmetric registered
[    1.928288] Asymmetric key parser 'x509' registered
[    1.931686] Block layer SCSI generic (bsg) driver version 0.4 loaded (major 251)
[    1.941402] io scheduler mq-deadline registered
[    1.948377] io scheduler kyber registered
[    1.960423] input: Power Button as /devices/LNXSYSTM:00/LNXPWRBN:00/input/input0
[    1.974132] ACPI: button: Power Button [PWRF]
[    1.995518] Serial: 8250/16550 driver, 4 ports, IRQ sharing enabled
[    2.003219] 00:03: ttyS0 at I/O 0x3f8 (irq = 4, base_baud = 115200) is a 16550A
[    2.013373] Non-volatile memory driver v1.3
[    2.017137] Linux agpgart interface v0.103
[    2.020345] ACPI: bus type drm_connector registered
[    2.036304] loop: module loaded
[    2.041676] ACPI: \_SB_.GSIA: Enabled at IRQ 16
[    2.061306] ahci 0000:00:1f.2: AHCI vers 0001.0000, 32 command slots, 1.5 Gbps, SATA mode
[    2.072625] ahci 0000:00:1f.2: 6/6 ports implemented (port mask 0x3f)
[    2.083039] ahci 0000:00:1f.2: flags: 64bit ncq only 
[    2.096827] scsi host0: ahci
[    2.103634] scsi host1: ahci
[    2.110273] scsi host2: ahci
[    2.115285] scsi host3: ahci
[    2.121442] scsi host4: ahci
[    2.127665] scsi host5: ahci
[    2.132171] ata1: SATA max UDMA/133 abar m4096@0xfebd5000 port 0xfebd5100 irq 24 lpm-pol 1
[    2.143090] ata2: SATA max UDMA/133 abar m4096@0xfebd5000 port 0xfebd5180 irq 24 lpm-pol 1
[    2.154340] ata3: SATA max UDMA/133 abar m4096@0xfebd5000 port 0xfebd5200 irq 24 lpm-pol 1
[    2.164153] ata4: SATA max UDMA/133 abar m4096@0xfebd5000 port 0xfebd5280 irq 24 lpm-pol 1
[    2.170254] ata5: SATA max UDMA/133 abar m4096@0xfebd5000 port 0xfebd5300 irq 24 lpm-pol 1
[    2.176636] ata6: SATA max UDMA/133 abar m4096@0xfebd5000 port 0xfebd5380 irq 24 lpm-pol 1
[    2.183353] e100: Intel(R) PRO/100 Network Driver
[    2.186099] e100: Copyright(c) 1999-2006 Intel Corporation
[    2.190380] e1000: Intel(R) PRO/1000 Network Driver
[    2.192907] e1000: Copyright (c) 1999-2006 Intel Corporation.
[    2.197196] e1000e: Intel(R) PRO/1000 Network Driver
[    2.200392] e1000e: Copyright(c) 1999 - 2015 Intel Corporation.
[    2.205559] ACPI: \_SB_.GSIG: Enabled at IRQ 22
[    2.210388] e1000e 0000:00:02.0: Interrupt Throttling Rate (ints/sec) set to dynamic conservative mode
[    2.261679] e1000e 0000:00:02.0 0000:00:02.0 (uninitialized): registered PHC clock
[    2.336693] e1000e 0000:00:02.0 eth0: (PCI Express:2.5GT/s:Width x1) 52:54:00:12:34:56
[    2.346568] e1000e 0000:00:02.0 eth0: Intel(R) PRO/1000 Network Connection
[    2.356171] e1000e 0000:00:02.0 eth0: MAC: 3, PHY: 8, PBA No: 000000-000
[    2.363549] sky2: driver version 1.30
[    2.368787] usbcore: registered new interface driver usblp
[    2.375372] usbcore: registered new interface driver usb-storage
[    2.381502] i8042: PNP: PS/2 Controller [PNP0303:KBD,PNP0f13:MOU] at 0x60,0x64 irq 1,12
[    2.392804] serio: i8042 KBD port at 0x60,0x64 irq 1
[    2.397517] serio: i8042 AUX port at 0x60,0x64 irq 12
[    2.407044] rtc_cmos 00:04: RTC can wake from S4
[    2.415377] rtc_cmos 00:04: registered as rtc0
[    2.420761] input: AT Translated Set 2 keyboard as /devices/platform/i8042/serio0/input/input1
[    2.422368] rtc_cmos 00:04: alarms up to one day, y3k, 242 bytes nvram, hpet irqs
[    2.445561] i801_smbus 0000:00:1f.3: SMBus using PCI interrupt
[    2.454447] device-mapper: ioctl: 4.48.0-ioctl (2023-03-01) initialised: dm-devel@lists.linux.dev
[    2.455820] i2c i2c-0: Memory type 0x07 not supported yet, not instantiating SPD
[    2.473256] amd_pstate: the _CPC object is not present in SBIOS or ACPI disabled
[    2.489444] hid: raw HID events driver (C) Jiri Kosina
[    2.493455] usbcore: registered new interface driver usbhid
[    2.499994] usbhid: USB HID core driver
[    2.516157] Initializing XFRM netlink socket
[    2.524368] NET: Registered PF_INET6 protocol family
[    2.526364] Freeing initrd memory: 18888K
[    2.526993] ata6: SATA link down (SStatus 0 SControl 300)
[    2.529998] ata4: SATA link down (SStatus 0 SControl 300)
[    2.530469] ata1: SATA link down (SStatus 0 SControl 300)
[    2.530969] ata5: SATA link down (SStatus 0 SControl 300)
[    2.540786] Segment Routing with IPv6
[    2.542447] ata3: SATA link up 1.5 Gbps (SStatus 113 SControl 300)
[    2.545634] ata2: SATA link down (SStatus 0 SControl 300)
[    2.545858] ata3.00: LPM support broken, forcing max_power
[    2.545875] ata3.00: ATAPI: QEMU DVD-ROM, 2.5+, max UDMA/100
[    2.545880] ata3.00: applying bridge limits
[    2.546207] ata3.00: LPM support broken, forcing max_power
[    2.546212] ata3.00: configured for UDMA/100
[    2.547479] scsi 2:0:0:0: CD-ROM            QEMU     QEMU DVD-ROM     2.5+ PQ: 0 ANSI: 5
[    2.632110] In-situ OAM (IOAM) with IPv6
[    2.635766] sit: IPv6, IPv4 and MPLS over IPv4 tunneling driver
[    2.640891] NET: Registered PF_PACKET protocol family
[    2.645359] 9pnet: Installing 9P2000 support
[    2.648742] Key type dns_resolver registered
[    2.656010] IPI shorthand broadcast: enabled
[    2.664743] sched_clock: Marking stable (2105035703, 559037203)->(2879558424, -215485518)
[    2.670109] sr 2:0:0:0: [sr0] scsi3-mmc drive: 4x/4x cd/rw xa/form2 tray
[    2.678270] registered taskstats version 1
[    2.684291] Loading compiled-in X.509 certificates
[    2.693606] Demotion targets for Node 0: null
[    2.702190] PM:   Magic number: 14:982:275
[    2.710764] tty tty12: hash matches
[    2.715193] printk: legacy console [netcon0] enabled
[    2.725652] netconsole: network logging started
[    2.730764] cfg80211: Loading compiled-in X.509 certificates for regulatory database
[    2.747431] cdrom: Uniform CD-ROM driver Revision: 3.20
[    2.747600] kworker/u16:2 (90) used greatest stack depth: 14408 bytes left
[    2.759289] Loaded X.509 cert 'sforshee: 00b28ddf47aef9cea7'
[    2.772887] Loaded X.509 cert 'wens: 61c038651aabdcf94bd0ac7ff06c7248db18c600'
[    2.783209] platform regulatory.0: Direct firmware load for regulatory.db failed with error -2
[    2.789237] ALSA device list:
[    2.794660] cfg80211: failed to load regulatory.db
[    2.802208]   No soundcards found.
[    2.809577] sr 2:0:0:0: Attached scsi generic sg0 type 5
[    2.836344] Freeing unused kernel image (initmem) memory: 2800K
[    2.840718] Write protecting the kernel read-only data: 26624k
[    2.856739] Freeing unused kernel image (rodata/data gap) memory: 1092K
[    2.907150] x86/mm: Checked W+X mappings: passed, no W+X pages found.
[    2.910246] Run /init as init process
[    2.916285] mount (95) used greatest stack depth: 14112 bytes left
[    2.929203] mount (97) used greatest stack depth: 13992 bytes left
BOOTMARK userspace-up
Linux (none) 6.12.111 #1 SMP PREEMPT_DYNAMIC Thu Oct  1 11:09:58 UTC 2026 x86_64 GNU/Linux
BOOTMARK insmod-start
[    3.112090] input: ImExPS/2 Generic Explorer Mouse as /devices/platform/i8042/serio1/input/input3
[    3.268989] mali mali.0: Kernel DDK version r54p0-01eac0
[    3.272186] mali mali.0: Using Dummy Model
[    3.274202] mali mali.0: GPU metrics tracepoint support enabled
[    3.277267] mali mali.0: Register LUT 000e0800 initialized for GPU arch 0x000e0805
[    3.281893] mali mali.0: GPU identified as 0x0 arch 14.8.5 r0p0 status 0
[    3.285707] mali mali.0: _find_key: OPP table not found (-19)
[    3.288996] mali mali.0: No OPPs found in device tree! Scaling timeouts using 100000 kHz
[    3.293698] mali mali.0: Large page allocation set to true after hardware feature check
[    3.300349] Dummy model register access: Reading unsupported register 0xf10. Returning 0
[    3.305135] Dummy model register access: Writing unsupported register 0xf10 value 0x0
[    3.309740] Dummy model register access: Writing unsupported register 0x88 value 0x0
[    3.314445] Dummy model register access: Writing unsupported register 0x8c value 0x0
[    3.318776] Dummy model register access: Writing unsupported register 0x88 value 0x27e28b
[    3.323880] Dummy model register access: Writing unsupported register 0x8c value 0x0
[    3.328555] Dummy model register access: Writing unsupported register 0x41030 value 0x0
[    3.338686] Dummy model register access: Writing unsupported register 0x41034 value 0x0
[    3.354137] mali mali.0: Clock not available for devfreq
[    3.359538] mali mali.0: Continuing without devfreq
[    3.363763] mali mali.0: * MALI kbase_mmap_min_addr compiled to CONFIG_LSM_MMAP_MIN_ADDR, no runtime update possible! *
[    3.370890] mali mali.0: Probed as mali0
[    3.380219] insmod (102) used greatest stack depth: 13816 bytes left
BOOTMARK insmod-rc 0
Module                  Size  Used by    Not tainted
mali_kbase           2351104  0 
BOOTMARK kcov-start
no /sys/kernel/debug/kcov - kernel built without KCOV (expected on non-kcov profiles)
BOOTMARK probe-start
PROBE build              kbase-probe, EL0 ioctl exerciser
PROBE device             /dev/mali0
[    3.426662] Dummy model register access: Writing unsupported register 0x40120 value 0x3fff
[    3.432344] Dummy model register access: Writing unsupported register 0x40124 value 0x0
PROBE version_check       negotiated major=1 minor=36 (proposed 1.36)
PROBE gpuprops_size       773 bytes
PROBE gpuprops product_id=0x0006 version_status=0xe850 major=9 minor=0
PROBE gpuprops gpu_freq_khz_max=851968 log2_pc_size=0 num_exec_engines=15 log2_l2_line_size=255
PROBE gpuprops raw gpu_id=0x0000000000000100
PROBE mem_alloc           gpu_va=0x41000 out_flags=0x200f (SAME_VA cookie)
PROBE mmap                bound cookie 0x41000 -> cpu=gpu=0x7fcbba925000
PROBE mem_query           commit_size=0 bytes
PROBE summary             passed=0x1ff failed=0x000
BOOTMARK probe-rc 255
BOOTMARK kcov-end
BOOTMARK dmesg-start
[    3.268989] mali mali.0: Kernel DDK version r54p0-01eac0
[    3.272186] mali mali.0: Using Dummy Model
[    3.274202] mali mali.0: GPU metrics tracepoint support enabled
[    3.277267] mali mali.0: Register LUT 000e0800 initialized for GPU arch 0x000e0805
[    3.281893] mali mali.0: GPU identified as 0x0 arch 14.8.5 r0p0 status 0
[    3.285707] mali mali.0: _find_key: OPP table not found (-19)
[    3.288996] mali mali.0: No OPPs found in device tree! Scaling timeouts using 100000 kHz
[    3.293698] mali mali.0: Large page allocation set to true after hardware feature check
[    3.354137] mali mali.0: Clock not available for devfreq
[    3.359538] mali mali.0: Continuing without devfreq
[    3.363763] mali mali.0: * MALI kbase_mmap_min_addr compiled to CONFIG_LSM_MMAP_MIN_ADDR, no runtime update possible! *
[    3.370890] mali mali.0: Probed as mali0
BOOTMARK dmesg-end
BOOTMARK poweroff
[    3.593627] e1000e: EEE TX LPI TIMER: 00000000
[    3.601359] ACPI: PM: Preparing to enter system sleep state S5
[    3.607270] reboot: Power down
