c[?7l[2J[0mSeaBIOS (version 1.16.3-debian-1.16.3-2)


iPXE (https://ipxe.org) 00:02.0 CA00 PCI2.10 PnP PMM+7EFCAB60+7EF0AB60 CA00
Press Ctrl-B to configure iPXE (PCI 00:02.0)...                                                                               


Booting from ROM...
c[?7l[2J[    0.000000] Linux version 6.12.111 (codespace@codespaces-5d341e) (gcc (Ubuntu 13.3.0-6ubuntu2~24.04.1) 13.3.0, GNU ld (GNU Binutils for Ubuntu) 2.42) #2 SMP PREEMPT_DYNAMIC Fri Oct  2 00:15:33 UTC 2026
[    0.000000] Command line: console=ttyS0 panic=-1 rdinit=/init loglevel=7
[    0.000000] BIOS-provided physical RAM map:
[    0.000000] BIOS-e820: [mem 0x0000000000000000-0x000000000009fbff] usable
[    0.000000] BIOS-e820: [mem 0x000000000009fc00-0x000000000009ffff] reserved
[    0.000000] BIOS-e820: [mem 0x00000000000f0000-0x00000000000fffff] reserved
[    0.000000] BIOS-e820: [mem 0x0000000000100000-0x000000007ffdefff] usable
[    0.000000] BIOS-e820: [mem 0x000000007ffdf000-0x000000007fffffff] reserved
[    0.000000] BIOS-e820: [mem 0x00000000b0000000-0x00000000bfffffff] reserved
[    0.000000] BIOS-e820: [mem 0x00000000fed1c000-0x00000000fed1ffff] reserved
[    0.000000] BIOS-e820: [mem 0x00000000feffc000-0x00000000feffffff] reserved
[    0.000000] BIOS-e820: [mem 0x00000000fffc0000-0x00000000ffffffff] reserved
[    0.000000] BIOS-e820: [mem 0x000000fd00000000-0x000000ffffffffff] reserved
[    0.000000] NX (Execute Disable) protection: active
[    0.000000] APIC: Static calls initialized
[    0.000000] SMBIOS 3.0.0 present.
[    0.000000] DMI: QEMU Standard PC (Q35 + ICH9, 2009), BIOS 1.16.3-debian-1.16.3-2 04/01/2014
[    0.000000] DMI: Memory slots populated: 1/1
[    0.000000] Hypervisor detected: KVM
[    0.000000] last_pfn = 0x7ffdf max_arch_pfn = 0x400000000
[    0.000000] kvm-clock: Using msrs 4b564d01 and 4b564d00
[    0.000001] kvm-clock: using sched offset of 623235433 cycles
[    0.000006] clocksource: kvm-clock: mask: 0xffffffffffffffff max_cycles: 0x1cd42e4dffb, max_idle_ns: 881590591483 ns
[    0.000015] tsc: Detected 2445.430 MHz processor
[    0.009611] last_pfn = 0x7ffdf max_arch_pfn = 0x400000000
[    0.009901] MTRR map: 4 entries (3 fixed + 1 variable; max 19), built from 8 variable MTRRs
[    0.009923] x86/PAT: Configuration [0-7]: WB  WC  UC- UC  WB  WP  UC- WT  
[    0.014414] found SMP MP-table at [mem 0x000f5480-0x000f548f]
[    0.015772] RAMDISK: [mem 0x7fd2d000-0x7ffcffff]
[    0.015876] ACPI: Early table checksum verification disabled
[    0.015897] ACPI: RSDP 0x00000000000F52C0 000014 (v00 BOCHS )
[    0.015918] ACPI: RSDT 0x000000007FFE2425 000038 (v01 BOCHS  BXPC     00000001 BXPC 00000001)
[    0.015936] ACPI: FACP 0x000000007FFE2205 0000F4 (v03 BOCHS  BXPC     00000001 BXPC 00000001)
[    0.015954] ACPI: DSDT 0x000000007FFE0040 0021C5 (v01 BOCHS  BXPC     00000001 BXPC 00000001)
[    0.015968] ACPI: FACS 0x000000007FFE0000 000040
[    0.015977] ACPI: APIC 0x000000007FFE22F9 000090 (v03 BOCHS  BXPC     00000001 BXPC 00000001)
[    0.015991] ACPI: HPET 0x000000007FFE2389 000038 (v01 BOCHS  BXPC     00000001 BXPC 00000001)
[    0.016005] ACPI: MCFG 0x000000007FFE23C1 00003C (v01 BOCHS  BXPC     00000001 BXPC 00000001)
[    0.016019] ACPI: WAET 0x000000007FFE23FD 000028 (v01 BOCHS  BXPC     00000001 BXPC 00000001)
[    0.016032] ACPI: Reserving FACP table memory at [mem 0x7ffe2205-0x7ffe22f8]
[    0.016038] ACPI: Reserving DSDT table memory at [mem 0x7ffe0040-0x7ffe2204]
[    0.016043] ACPI: Reserving FACS table memory at [mem 0x7ffe0000-0x7ffe003f]
[    0.016048] ACPI: Reserving APIC table memory at [mem 0x7ffe22f9-0x7ffe2388]
[    0.016053] ACPI: Reserving HPET table memory at [mem 0x7ffe2389-0x7ffe23c0]
[    0.016059] ACPI: Reserving MCFG table memory at [mem 0x7ffe23c1-0x7ffe23fc]
[    0.016064] ACPI: Reserving WAET table memory at [mem 0x7ffe23fd-0x7ffe2424]
[    0.017182] No NUMA configuration found
[    0.017186] Faking a node at [mem 0x0000000000000000-0x000000007ffdefff]
[    0.017197] NODE_DATA(0) allocated [mem 0x7ffdb940-0x7ffdefff]
[    0.017225] Zone ranges:
[    0.017227]   DMA      [mem 0x0000000000001000-0x0000000000ffffff]
[    0.017234]   DMA32    [mem 0x0000000001000000-0x000000007ffdefff]
[    0.017240]   Normal   empty
[    0.017244] Movable zone start for each node
[    0.017246] Early memory node ranges
[    0.017248]   node   0: [mem 0x0000000000001000-0x000000000009efff]
[    0.017256]   node   0: [mem 0x0000000000100000-0x000000007ffdefff]
[    0.017262] Initmem setup node 0 [mem 0x0000000000001000-0x000000007ffdefff]
[    0.018539] On node 0, zone DMA: 1 pages in unavailable ranges
[    0.019276] On node 0, zone DMA: 97 pages in unavailable ranges
[    0.139295] On node 0, zone DMA32: 33 pages in unavailable ranges
[    0.140227] ACPI: PM-Timer IO Port: 0x608
[    0.140254] ACPI: LAPIC_NMI (acpi_id[0xff] dfl dfl lint[0x1])
[    0.140339] IOAPIC[0]: apic_id 0, version 17, address 0xfec00000, GSI 0-23
[    0.140351] ACPI: INT_SRC_OVR (bus 0 bus_irq 0 global_irq 2 dfl dfl)
[    0.140358] ACPI: INT_SRC_OVR (bus 0 bus_irq 5 global_irq 5 high level)
[    0.140365] ACPI: INT_SRC_OVR (bus 0 bus_irq 9 global_irq 9 high level)
[    0.140372] ACPI: INT_SRC_OVR (bus 0 bus_irq 10 global_irq 10 high level)
[    0.140379] ACPI: INT_SRC_OVR (bus 0 bus_irq 11 global_irq 11 high level)
[    0.140393] ACPI: Using ACPI (MADT) for SMP configuration information
[    0.140396] ACPI: HPET id: 0x8086a201 base: 0xfed00000
[    0.140414] CPU topo: Max. logical packages:   1
[    0.140417] CPU topo: Max. logical dies:       1
[    0.140420] CPU topo: Max. dies per package:   1
[    0.140430] CPU topo: Max. threads per core:   1
[    0.140433] CPU topo: Num. cores per package:     4
[    0.140436] CPU topo: Num. threads per package:   4
[    0.140439] CPU topo: Allowing 4 present CPUs plus 0 hotplug CPUs
[    0.140477] kvm-guest: APIC: eoi() replaced with kvm_guest_apic_eoi_write()
[    0.140534] PM: hibernation: Registered nosave memory: [mem 0x00000000-0x00000fff]
[    0.140542] PM: hibernation: Registered nosave memory: [mem 0x0009f000-0x000fffff]
[    0.140549] [mem 0xc0000000-0xfed1bfff] available for PCI devices
[    0.140554] Booting paravirtualized kernel on KVM
[    0.140558] clocksource: refined-jiffies: mask: 0xffffffff max_cycles: 0xffffffff, max_idle_ns: 1910969940391419 ns
[    0.147480] setup_percpu: NR_CPUS:64 nr_cpumask_bits:4 nr_cpu_ids:4 nr_node_ids:1
[    0.153224] percpu: Embedded 56 pages/cpu s192216 r8192 d28968 u524288
[    0.153347] Kernel command line: console=ttyS0 panic=-1 rdinit=/init loglevel=7
[    0.159084] Dentry cache hash table entries: 262144 (order: 9, 2097152 bytes, linear)
[    0.159145] Inode-cache hash table entries: 131072 (order: 8, 1048576 bytes, linear)
[    0.159315] Fallback order for Node 0: 0 
[    0.159332] Built 1 zonelists, mobility grouping on.  Total pages: 524157
[    0.159343] Policy zone: DMA32
[    0.159348] mem auto-init: stack:all(zero), heap alloc:off, heap free:off
[    0.162904] SLUB: HWalign=64, Order=0-3, MinObjects=0, CPUs=4, Nodes=1
[    0.164817] Dynamic Preempt: voluntary
[    0.165412] rcu: Preemptible hierarchical RCU implementation.
[    0.165415] rcu: 	RCU event tracing is enabled.
[    0.165417] rcu: 	RCU restricting CPUs from NR_CPUS=64 to nr_cpu_ids=4.
[    0.165423] 	Trampoline variant of Tasks RCU enabled.
[    0.165425] 	Tracing variant of Tasks RCU enabled.
[    0.165427] rcu: RCU calculated value of scheduler-enlistment delay is 100 jiffies.
[    0.165431] rcu: Adjusting geometry for rcu_fanout_leaf=16, nr_cpu_ids=4
[    0.165443] RCU Tasks: Setting shift to 2 and lim to 1 rcu_task_cb_adjust=1 rcu_task_cpu_ids=4.
[    0.165451] RCU Tasks Trace: Setting shift to 2 and lim to 1 rcu_task_cb_adjust=1 rcu_task_cpu_ids=4.
[    0.194134] NR_IRQS: 4352, nr_irqs: 456, preallocated irqs: 16
[    0.195688] rcu: srcu_init: Setting srcu_struct sizes based on contention.
[    0.195784] clocksource: jiffies: mask: 0xffffffff max_cycles: 0xffffffff, max_idle_ns: 1911260446275000 ns
[    0.210608] Console: colour VGA+ 80x25
[    0.210738] printk: legacy console [ttyS0] enabled
[    0.729359] ACPI: Core revision 20240827
[    0.732842] clocksource: hpet: mask: 0xffffffff max_cycles: 0xffffffff, max_idle_ns: 19112604467 ns
[    0.739829] APIC: Switch to symmetric I/O mode setup
[    0.747282] ..TIMER: vector=0x30 apic1=0 pin1=2 apic2=-1 pin2=-1
[    0.751577] clocksource: tsc-early: mask: 0xffffffffffffffff max_cycles: 0x233fdbaba77, max_idle_ns: 440795254155 ns
[    0.759670] Calibrating delay loop (skipped) preset value.. 4890.86 BogoMIPS (lpj=2445430)
[    0.762147] Last level iTLB entries: 4KB 512, 2MB 255, 4MB 127
[    0.762665] Last level dTLB entries: 4KB 512, 2MB 255, 4MB 127, 1GB 0
[    0.763673] Spectre V1 : Mitigation: usercopy/swapgs barriers and __user pointer sanitization
[    0.764669] Spectre V2 : Mitigation: Retpolines
[    0.765666] Spectre V2 : Spectre v2 / SpectreRSB: Filling RSB on context switch and VMEXIT
[    0.766683] x86/fpu: x87 FPU will use FXSAVE
[    0.817506] Freeing SMP alternatives memory: 48K
[    0.817843] pid_max: default: 32768 minimum: 301
[    0.818771] LSM: initializing lsm=capability,selinux
[    0.819695] SELinux:  Initializing.
[    0.821118] Mount-cache hash table entries: 4096 (order: 3, 32768 bytes, linear)
[    0.821668] Mountpoint-cache hash table entries: 4096 (order: 3, 32768 bytes, linear)
[    0.924823] smpboot: CPU0: AMD QEMU Virtual CPU version 2.5+ (family: 0xf, model: 0x6b, stepping: 0x1)
[    0.925937] Performance Events: PMU not available due to virtualization, using software events only.
[    0.928820] signal: max sigframe size: 1440
[    0.929725] rcu: Hierarchical SRCU implementation.
[    0.930666] rcu: 	Max phase no-delay instances is 400.
[    0.932731] Timer migration: 1 hierarchy levels; 8 children per group; 1 crossnode level
[    0.934848] smp: Bringing up secondary CPUs ...
[    0.935882] smpboot: x86: Booting SMP configuration:
[    0.936672] .... node  #0, CPUs:      #1 #2 #3
[    0.948825] smp: Brought up 1 node, 4 CPUs
[    0.950666] smpboot: Total of 4 processors activated (19563.44 BogoMIPS)
[    0.955249] Memory: 1998236K/2096628K available (26624K kernel code, 2863K rwdata, 7444K rodata, 6512K init, 1848K bss, 93424K reserved, 0K cma-reserved)
[    0.957907] devtmpfs: initialized
[    0.959838] futex hash table entries: 1024 (order: 4, 65536 bytes, linear)
[    0.961663] PM: RTC time: 01:45:31, date: 2026-10-02
[    0.963865] NET: Registered PF_NETLINK/PF_ROUTE protocol family
[    0.964937] audit: initializing netlink subsys (disabled)
[    0.965740] audit: type=2000 audit(1790905531.089:1): state=initialized audit_enabled=0 res=1
[    0.965970] thermal_sys: Registered thermal governor 'step_wise'
[    0.966666] thermal_sys: Registered thermal governor 'user_space'
[    0.968665] cpuidle: using governor menu
[    0.972034] PCI: ECAM [mem 0xb0000000-0xbfffffff] (base 0xb0000000) for domain 0000 [bus 00-ff]
[    0.972668] PCI: ECAM [mem 0xb0000000-0xbfffffff] reserved as E820 entry
[    0.973695] PCI: Using configuration type 1 for base access
[    0.975823] kprobes: kprobe jump-optimization is enabled. All kprobes are optimized if possible.
[    0.980670] HugeTLB: registered 2.00 MiB page size, pre-allocated 0 pages
[    0.981665] HugeTLB: 28 KiB vmemmap can be freed for a 2.00 MiB page
[    0.983872] ACPI: Added _OSI(Module Device)
[    0.984667] ACPI: Added _OSI(Processor Device)
[    0.985665] ACPI: Added _OSI(Processor Aggregator Device)
[    0.992707] ACPI: 1 ACPI AML tables successfully acquired and loaded
[    1.000527] ACPI: Interpreter enabled
[    1.000717] ACPI: PM: (supports S0 S3 S4 S5)
[    1.001666] ACPI: Using IOAPIC for interrupt routing
[    1.002730] PCI: Using host bridge windows from ACPI; if necessary, use "pci=nocrs" and report a bug
[    1.003665] PCI: Using E820 reservations for host bridge windows
[    1.004990] ACPI: Enabled 2 GPEs in block 00 to 3F
[    1.012921] ACPI: PCI Root Bridge [PCI0] (domain 0000 [bus 00-ff])
[    1.013673] acpi PNP0A08:00: _OSC: OS supports [ExtendedConfig ASPM ClockPM Segments MSI HPX-Type3]
[    1.014871] acpi PNP0A08:00: _OSC: platform does not support [LTR]
[    1.016842] acpi PNP0A08:00: _OSC: OS now controls [PME PCIeCapability]
[    1.017861] PCI host bridge to bus 0000:00
[    1.018672] pci_bus 0000:00: root bus resource [io  0x0000-0x0cf7 window]
[    1.019666] pci_bus 0000:00: root bus resource [io  0x0d00-0xffff window]
[    1.020668] pci_bus 0000:00: root bus resource [mem 0x000a0000-0x000bffff window]
[    1.021666] pci_bus 0000:00: root bus resource [mem 0x80000000-0xafffffff window]
[    1.022666] pci_bus 0000:00: root bus resource [mem 0xc0000000-0xfebfffff window]
[    1.023666] pci_bus 0000:00: root bus resource [mem 0x100000000-0x8ffffffff window]
[    1.024666] pci_bus 0000:00: root bus resource [bus 00-ff]
[    1.025770] pci 0000:00:00.0: [8086:29c0] type 00 class 0x060000 conventional PCI endpoint
[    1.028842] pci 0000:00:01.0: [1234:1111] type 00 class 0x030000 conventional PCI endpoint
[    1.032798] pci 0000:00:01.0: BAR 0 [mem 0xfd000000-0xfdffffff pref]
[    1.037851] pci 0000:00:01.0: BAR 2 [mem 0xfebd4000-0xfebd4fff]
[    1.046845] pci 0000:00:01.0: ROM [mem 0xfebc0000-0xfebcffff pref]
[    1.048016] pci 0000:00:01.0: Video device with shadowed ROM at [mem 0x000c0000-0x000dffff]
[    1.050182] pci 0000:00:02.0: [8086:10d3] type 00 class 0x020000 PCIe Root Complex Integrated Endpoint
[    1.053667] pci 0000:00:02.0: BAR 0 [mem 0xfeb80000-0xfeb9ffff]
[    1.056665] pci 0000:00:02.0: BAR 1 [mem 0xfeba0000-0xfebbffff]
[    1.058667] pci 0000:00:02.0: BAR 2 [io  0xc040-0xc05f]
[    1.061178] pci 0000:00:02.0: BAR 3 [mem 0xfebd0000-0xfebd3fff]
[    1.067665] pci 0000:00:02.0: ROM [mem 0xfeb00000-0xfeb7ffff pref]
[    1.072265] pci 0000:00:1f.0: [8086:2918] type 00 class 0x060100 conventional PCI endpoint
[    1.074929] pci 0000:00:1f.0: quirk: [io  0x0600-0x067f] claimed by ICH6 ACPI/GPIO/TCO
[    1.076799] pci 0000:00:1f.2: [8086:2922] type 00 class 0x010601 conventional PCI endpoint
[    1.082665] pci 0000:00:1f.2: BAR 4 [io  0xc060-0xc07f]
[    1.085134] pci 0000:00:1f.2: BAR 5 [mem 0xfebd5000-0xfebd5fff]
[    1.087837] pci 0000:00:1f.3: [8086:2930] type 00 class 0x0c0500 conventional PCI endpoint
[    1.090665] pci 0000:00:1f.3: BAR 4 [io  0x0700-0x073f]
[    1.096964] ACPI: PCI: Interrupt link LNKA configured for IRQ 10
[    1.098034] ACPI: PCI: Interrupt link LNKB configured for IRQ 10
[    1.099018] ACPI: PCI: Interrupt link LNKC configured for IRQ 11
[    1.100016] ACPI: PCI: Interrupt link LNKD configured for IRQ 11
[    1.102003] ACPI: PCI: Interrupt link LNKE configured for IRQ 10
[    1.103008] ACPI: PCI: Interrupt link LNKF configured for IRQ 10
[    1.103993] ACPI: PCI: Interrupt link LNKG configured for IRQ 11
[    1.104993] ACPI: PCI: Interrupt link LNKH configured for IRQ 11
[    1.106699] ACPI: PCI: Interrupt link GSIA configured for IRQ 16
[    1.107710] ACPI: PCI: Interrupt link GSIB configured for IRQ 17
[    1.108707] ACPI: PCI: Interrupt link GSIC configured for IRQ 18
[    1.109707] ACPI: PCI: Interrupt link GSID configured for IRQ 19
[    1.110707] ACPI: PCI: Interrupt link GSIE configured for IRQ 20
[    1.111707] ACPI: PCI: Interrupt link GSIF configured for IRQ 21
[    1.112707] ACPI: PCI: Interrupt link GSIG configured for IRQ 22
[    1.113708] ACPI: PCI: Interrupt link GSIH configured for IRQ 23
[    1.117099] iommu: Default domain type: Translated
[    1.117664] iommu: DMA domain TLB invalidation policy: lazy mode
[    1.120104] SCSI subsystem initialized
[    1.122015] ACPI: bus type USB registered
[    1.122766] usbcore: registered new interface driver usbfs
[    1.123690] usbcore: registered new interface driver hub
[    1.124684] usbcore: registered new device driver usb
[    1.125805] pps_core: LinuxPPS API ver. 1 registered
[    1.126666] pps_core: Software ver. 5.3.6 - Copyright 2005-2007 Rodolfo Giometti <giometti@linux.it>
[    1.127675] PTP clock support registered
[    1.132577] Advanced Linux Sound Architecture Driver Initialized.
[    1.139469] NetLabel: Initializing
[    1.142665] NetLabel:  domain hash size = 128
[    1.147665] NetLabel:  protocols = UNLABELED CIPSOv4 CALIPSO
[    1.152778] NetLabel:  unlabeled traffic allowed by default
[    1.157889] PCI: Using ACPI for IRQ routing
[    1.350738] pci 0000:00:01.0: vgaarb: setting as boot VGA device
[    1.351660] pci 0000:00:01.0: vgaarb: bridge control possible
[    1.351660] pci 0000:00:01.0: vgaarb: VGA device added: decodes=io+mem,owns=io+mem,locks=none
[    1.363670] vgaarb: loaded
[    1.366821] hpet: 3 channels of 0 reserved for per-cpu timers
[    1.371730] hpet0: at MMIO 0xfed00000, IRQs 2, 8, 0
[    1.375667] hpet0: 3 comparators, 64-bit 100.000000 MHz counter
[    1.395568] clocksource: Switched to clocksource kvm-clock
[    1.765940] kwatchdog (54) used greatest stack depth: 15072 bytes left
[    2.490378] VFS: Disk quotas dquot_6.6.0
[    2.493364] VFS: Dquot-cache hash table entries: 512 (order 0, 4096 bytes)
[    2.499346] pnp: PnP ACPI init
[    2.502301] system 00:05: [mem 0xb0000000-0xbfffffff window] has been reserved
[    2.508486] pnp: PnP ACPI: found 6 devices
[    2.527665] clocksource: acpi_pm: mask: 0xffffff max_cycles: 0xffffff, max_idle_ns: 2085701024 ns
[    2.534648] NET: Registered PF_INET protocol family
[    2.539334] IP idents hash table entries: 32768 (order: 6, 262144 bytes, linear)
[    2.546433] tcp_listen_portaddr_hash hash table entries: 1024 (order: 2, 16384 bytes, linear)
[    2.553442] Table-perturb hash table entries: 65536 (order: 6, 262144 bytes, linear)
[    2.559787] TCP established hash table entries: 16384 (order: 5, 131072 bytes, linear)
[    2.567039] TCP bind hash table entries: 16384 (order: 7, 524288 bytes, linear)
[    2.574417] TCP: Hash tables configured (established 16384 bind 16384)
[    2.580571] UDP hash table entries: 1024 (order: 3, 32768 bytes, linear)
[    2.585784] UDP-Lite hash table entries: 1024 (order: 3, 32768 bytes, linear)
[    2.591579] NET: Registered PF_UNIX/PF_LOCAL protocol family
[    2.597109] RPC: Registered named UNIX socket transport module.
[    2.602187] RPC: Registered udp transport module.
[    2.605941] RPC: Registered tcp transport module.
[    2.609762] RPC: Registered tcp-with-tls transport module.
[    2.614124] RPC: Registered tcp NFSv4.1 backchannel transport module.
[    2.620752] pci_bus 0000:00: resource 4 [io  0x0000-0x0cf7 window]
[    2.625579] pci_bus 0000:00: resource 5 [io  0x0d00-0xffff window]
[    2.630288] pci_bus 0000:00: resource 6 [mem 0x000a0000-0x000bffff window]
[    2.635361] pci_bus 0000:00: resource 7 [mem 0x80000000-0xafffffff window]
[    2.640270] pci_bus 0000:00: resource 8 [mem 0xc0000000-0xfebfffff window]
[    2.645582] pci_bus 0000:00: resource 9 [mem 0x100000000-0x8ffffffff window]
[    2.651422] PCI: CLS 0 bytes, default 64
[    2.655072] clocksource: tsc: mask: 0xffffffffffffffff max_cycles: 0x233fdbaba77, max_idle_ns: 440795254155 ns
[    2.655123] Unpacking initramfs...
[    2.674097] Initialise system trusted keyrings
[    2.678335] workingset: timestamp_bits=56 max_order=19 bucket_order=0
[    2.684150] NFS: Registering the id_resolver key type
[    2.687906] Key type id_resolver registered
[    2.690967] Key type id_legacy registered
[    2.694317] 9p: Installing v9fs 9p2000 file system support
[    2.714588] Key type asymmetric registered
[    2.717724] Asymmetric key parser 'x509' registered
[    2.721554] Block layer SCSI generic (bsg) driver version 0.4 loaded (major 251)
[    2.726981] io scheduler mq-deadline registered
[    2.730300] io scheduler kyber registered
[    2.734363] input: Power Button as /devices/LNXSYSTM:00/LNXPWRBN:00/input/input0
[    2.741307] ACPI: button: Power Button [PWRF]
[    2.746305] Serial: 8250/16550 driver, 4 ports, IRQ sharing enabled
[    2.751533] 00:03: ttyS0 at I/O 0x3f8 (irq = 4, base_baud = 115200) is a 16550A
[    2.759170] Non-volatile memory driver v1.3
[    2.762302] Linux agpgart interface v0.103
[    2.765730] ACPI: bus type drm_connector registered
[    2.778304] loop: module loaded
[    2.782304] ACPI: \_SB_.GSIA: Enabled at IRQ 16
[    2.787935] ahci 0000:00:1f.2: AHCI vers 0001.0000, 32 command slots, 1.5 Gbps, SATA mode
[    2.794198] ahci 0000:00:1f.2: 6/6 ports implemented (port mask 0x3f)
[    2.799043] ahci 0000:00:1f.2: flags: 64bit ncq only 
[    2.809025] scsi host0: ahci
[    2.812369] scsi host1: ahci
[    2.815588] scsi host2: ahci
[    2.818593] scsi host3: ahci
[    2.821667] scsi host4: ahci
[    2.824585] scsi host5: ahci
[    2.826888] ata1: SATA max UDMA/133 abar m4096@0xfebd5000 port 0xfebd5100 irq 24 lpm-pol 1
[    2.834303] ata2: SATA max UDMA/133 abar m4096@0xfebd5000 port 0xfebd5180 irq 24 lpm-pol 1
[    2.841903] ata3: SATA max UDMA/133 abar m4096@0xfebd5000 port 0xfebd5200 irq 24 lpm-pol 1
[    2.848321] ata4: SATA max UDMA/133 abar m4096@0xfebd5000 port 0xfebd5280 irq 24 lpm-pol 1
[    2.849094] Freeing initrd memory: 2700K
[    2.853683] ata5: SATA max UDMA/133 abar m4096@0xfebd5000 port 0xfebd5300 irq 24 lpm-pol 1
[    2.853703] ata6: SATA max UDMA/133 abar m4096@0xfebd5000 port 0xfebd5380 irq 24 lpm-pol 1
[    2.854703] e100: Intel(R) PRO/100 Network Driver
[    2.871606] e100: Copyright(c) 1999-2006 Intel Corporation
[    2.875691] e1000: Intel(R) PRO/1000 Network Driver
[    2.879406] e1000: Copyright (c) 1999-2006 Intel Corporation.
[    2.883630] e1000e: Intel(R) PRO/1000 Network Driver
[    2.887576] e1000e: Copyright(c) 1999 - 2015 Intel Corporation.
[    2.892952] ACPI: \_SB_.GSIG: Enabled at IRQ 22
[    2.897356] e1000e 0000:00:02.0: Interrupt Throttling Rate (ints/sec) set to dynamic conservative mode
[    2.944799] e1000e 0000:00:02.0 0000:00:02.0 (uninitialized): registered PHC clock
[    3.003984] e1000e 0000:00:02.0 eth0: (PCI Express:2.5GT/s:Width x1) 52:54:00:12:34:56
[    3.010345] e1000e 0000:00:02.0 eth0: Intel(R) PRO/1000 Network Connection
[    3.015716] e1000e 0000:00:02.0 eth0: MAC: 3, PHY: 8, PBA No: 000000-000
[    3.021047] sky2: driver version 1.30
[    3.024732] usbcore: registered new interface driver usblp
[    3.028677] usbcore: registered new interface driver usb-storage
[    3.032690] i8042: PNP: PS/2 Controller [PNP0303:KBD,PNP0f13:MOU] at 0x60,0x64 irq 1,12
[    3.039697] serio: i8042 KBD port at 0x60,0x64 irq 1
[    3.043146] serio: i8042 AUX port at 0x60,0x64 irq 12
[    3.047386] rtc_cmos 00:04: RTC can wake from S4
[    3.052142] input: AT Translated Set 2 keyboard as /devices/platform/i8042/serio0/input/input1
[    3.058709] rtc_cmos 00:04: registered as rtc0
[    3.062582] rtc_cmos 00:04: alarms up to one day, y3k, 242 bytes nvram, hpet irqs
[    3.069770] device-mapper: ioctl: 4.48.0-ioctl (2023-03-01) initialised: dm-devel@lists.linux.dev
[    3.077139] amd_pstate: the _CPC object is not present in SBIOS or ACPI disabled
[    3.078475] i801_smbus 0000:00:1f.3: SMBus using PCI interrupt
[    3.082344] hid: raw HID events driver (C) Jiri Kosina
[    3.086238] i2c i2c-0: Memory type 0x07 not supported yet, not instantiating SPD
[    3.089971] usbcore: registered new interface driver usbhid
[    3.098176] usbhid: USB HID core driver
[    3.103269] Initializing XFRM netlink socket
[    3.107138] NET: Registered PF_INET6 protocol family
[    3.114549] Segment Routing with IPv6
[    3.118413] In-situ OAM (IOAM) with IPv6
[    3.121962] sit: IPv6, IPv4 and MPLS over IPv4 tunneling driver
[    3.127856] NET: Registered PF_PACKET protocol family
[    3.131726] 9pnet: Installing 9P2000 support
[    3.135128] Key type dns_resolver registered
[    3.139722] IPI shorthand broadcast: enabled
[    3.151226] sched_clock: Marking stable (2590036941, 560878014)->(3526161018, -375246063)
[    3.159128] registered taskstats version 1
[    3.162245] Loading compiled-in X.509 certificates
[    3.169198] Demotion targets for Node 0: null
[    3.172979] PM:   Magic number: 14:512:760
[    3.176369] printk: legacy console [netcon0] enabled
[    3.180297] netconsole: network logging started
[    3.184113] cfg80211: Loading compiled-in X.509 certificates for regulatory database
[    3.189719] ata1: SATA link down (SStatus 0 SControl 300)
[    3.192515] kworker/u16:8 (88) used greatest stack depth: 14344 bytes left
[    3.198771] kworker/u16:8 (89) used greatest stack depth: 13928 bytes left
[    3.199658] ata5: SATA link down (SStatus 0 SControl 300)
[    3.205575] Loaded X.509 cert 'sforshee: 00b28ddf47aef9cea7'
[    3.207261] Loaded X.509 cert 'wens: 61c038651aabdcf94bd0ac7ff06c7248db18c600'
[    3.207501] platform regulatory.0: Direct firmware load for regulatory.db failed with error -2
[    3.207531] cfg80211: failed to load regulatory.db
[    3.207610] ALSA device list:
[    3.207620]   No soundcards found.
[    3.238657] ata2: SATA link down (SStatus 0 SControl 300)
[    3.242285] ata3: SATA link up 1.5 Gbps (SStatus 113 SControl 300)
[    3.246349] ata6: SATA link down (SStatus 0 SControl 300)
[    3.249785] ata3.00: LPM support broken, forcing max_power
[    3.252284] ata3.00: ATAPI: QEMU DVD-ROM, 2.5+, max UDMA/100
[    3.254879] ata3.00: applying bridge limits
[    3.257192] ata4: SATA link down (SStatus 0 SControl 300)
[    3.259857] ata3.00: LPM support broken, forcing max_power
[    3.261978] ata3.00: configured for UDMA/100
[    3.265334] scsi 2:0:0:0: CD-ROM            QEMU     QEMU DVD-ROM     2.5+ PQ: 0 ANSI: 5
[    3.286519] sr 2:0:0:0: [sr0] scsi3-mmc drive: 4x/4x cd/rw xa/form2 tray
[    3.301322] cdrom: Uniform CD-ROM driver Revision: 3.20
[    3.313243] sr 2:0:0:0: Attached scsi generic sg0 type 5
[    3.331773] Freeing unused kernel image (initmem) memory: 6512K
[    3.335707] Write protecting the kernel read-only data: 34816k
[    3.343163] Freeing unused kernel image (rodata/data gap) memory: 748K
[    3.443693] x86/mm: Checked W+X mappings: passed, no W+X pages found.
[    3.447706] Run /init as init process
[    3.453964] mount (94) used greatest stack depth: 13368 bytes left
BOOTMARK userspace-up
Linux (none) 6.12.111 #2 SMP PREEMPT_DYNAMIC Fri Oct  2 00:15:33 UTC 2026 x86_64 GNU/Linux
BOOTMARK insmod-start
[    3.502403] mali mali.0: Kernel DDK version r54p0-01eac0
[    3.505698] mali mali.0: Using Dummy Model
[    3.508176] mali mali.0: GPU metrics tracepoint support enabled
[    3.511782] mali mali.0: Register LUT 000e0800 initialized for GPU arch 0x000e0805
[    3.516712] mali mali.0: GPU identified as 0x0 arch 14.8.5 r0p0 status 0
[    3.520895] mali mali.0: _find_key: OPP table not found (-19)
[    3.524200] mali mali.0: No OPPs found in device tree! Scaling timeouts using 100000 kHz
[    3.529436] mali mali.0: Large page allocation set to true after hardware feature check
[    3.536256] Dummy model register access: Reading unsupported register 0xf10. Returning 0
[    3.541072] Dummy model register access: Writing unsupported register 0xf10 value 0x0
[    3.545708] Dummy model register access: Writing unsupported register 0x88 value 0x0
[    3.550248] Dummy model register access: Writing unsupported register 0x8c value 0x0
[    3.554864] Dummy model register access: Writing unsupported register 0x88 value 0x2ab27a
[    3.559523] Dummy model register access: Writing unsupported register 0x8c value 0x0
[    3.564072] Dummy model register access: Writing unsupported register 0x41030 value 0x0
[    3.568913] Dummy model register access: Writing unsupported register 0x41034 value 0x0
[    3.574135] mali mali.0: Clock not available for devfreq
[    3.576943] mali mali.0: Continuing without devfreq
[    3.581119] mali mali.0: * MALI kbase_mmap_min_addr compiled to CONFIG_LSM_MMAP_MIN_ADDR, no runtime update possible! *
[    3.585982] mali mali.0: Probed as mali0
[    3.586133] input: ImExPS/2 Generic Explorer Mouse as /devices/platform/i8042/serio1/input/input3
BOOTMARK insmod-rc 0
Module                  Size  Used by    Not tainted
mali_kbase           2252800  0 
BOOTMARK kcov-start
KCOV node present at /sys/kernel/debug/kcov
-rw-------    1 0        0                0 Oct  2 01:45 /sys/kernel/debug/kcov
BOOTMARK probe-start
KCOV init-trace ok (area=1048576 words / 8192 KiB)
KCOV enable ok (collecting)
PROBE build              kbase-probe, EL0 ioctl exerciser
PROBE device             /dev/mali0
[    3.623147] Dummy model register access: Writing unsupported register 0x40120 value 0x3fff
[    3.628110] Dummy model register access: Writing unsupported register 0x40124 value 0x0
PROBE version_check       negotiated major=1 minor=36 (proposed 1.36)
PROBE gpuprops_size       773 bytes
PROBE gpuprops product_id=0x0006 version_status=0xe850 major=9 minor=0
PROBE gpuprops gpu_freq_khz_max=851968 log2_pc_size=0 num_exec_engines=15 log2_l2_line_size=255
PROBE gpuprops raw gpu_id=0x0000000000000100
PROBE mem_alloc           gpu_va=0x41000 out_flags=0x200f (SAME_VA cookie)
PROBE mmap                bound cookie 0x41000 -> cpu=gpu=0x7fa85a48c000
PROBE mem_query           commit_size=0 bytes
PROBE summary             passed=0x1ff failed=0x000
KCOV run: inline kbase_probe_run() returned 511
KCOV disable ok (counters frozen before counting)
KCOV records=766479 distinct_pcs=5390
KCOV pc_range=0xffffffff81056e29-0xffffffff810ab260
KCOV module_pcs=0 (VMLINUX ONLY -- module not traced)
[    3.752610] kcov-ctl (105) used greatest stack depth: 13112 bytes left
BOOTMARK kcov-ctl-rc 255
BOOTMARK probe-rc 0
BOOTMARK kcov-end
BOOTMARK dmesg-start
[    3.502403] mali mali.0: Kernel DDK version r54p0-01eac0
[    3.505698] mali mali.0: Using Dummy Model
[    3.508176] mali mali.0: GPU metrics tracepoint support enabled
[    3.511782] mali mali.0: Register LUT 000e0800 initialized for GPU arch 0x000e0805
[    3.516712] mali mali.0: GPU identified as 0x0 arch 14.8.5 r0p0 status 0
[    3.520895] mali mali.0: _find_key: OPP table not found (-19)
[    3.524200] mali mali.0: No OPPs found in device tree! Scaling timeouts using 100000 kHz
[    3.529436] mali mali.0: Large page allocation set to true after hardware feature check
[    3.574135] mali mali.0: Clock not available for devfreq
[    3.576943] mali mali.0: Continuing without devfreq
[    3.581119] mali mali.0: * MALI kbase_mmap_min_addr compiled to CONFIG_LSM_MMAP_MIN_ADDR, no runtime update possible! *
[    3.585982] mali mali.0: Probed as mali0
BOOTMARK dmesg-end
BOOTMARK poweroff
[    3.814807] e1000e: EEE TX LPI TIMER: 00000000
[    3.820357] ACPI: PM: Preparing to enter system sleep state S5
[    3.824039] reboot: Power down
