c[?7l[2J[0mSeaBIOS (version 1.16.3-debian-1.16.3-2)


iPXE (https://ipxe.org) 00:02.0 CA00 PCI2.10 PnP PMM+7EFCAB60+7EF0AB60 CA00
Press Ctrl-B to configure iPXE (PCI 00:02.0)...                                                                               


Booting from ROM...
c[?7l[2J[    0.000000] Linux version 6.12.111 (codespace@codespaces-5d341e) (gcc (Ubuntu 13.3.0-6ubuntu2~24.04.1) 13.3.0, GNU ld (GNU Binutils for Ubuntu) 2.42) #1 SMP PREEMPT_DYNAMIC Thu Oct  1 17:02:26 UTC 2026
[    0.000000] Command line: console=ttyS0 panic=-1 rdinit=/init loglevel=7
[    0.000000] BIOS-provided physical RAM map:
[    0.000000] BIOS-e820: [mem 0x0000000000000000-0x000000000009fbff] usable
[    0.000000] BIOS-e820: [mem 0x000000000009fc00-0x000000000009ffff] reserved
[    0.000000] BIOS-e820: [mem 0x00000000000f0000-0x00000000000fffff] reserved
[    0.000000] BIOS-e820: [mem 0x0000000000100000-0x000000007ffdefff] usable
[    0.000000] BIOS-e820: [mem 0x000000007ffdf000-0x000000007fffffff] reserved
[    0.000000] BIOS-e820: [mem 0x00000000b0000000-0x00000000bfffffff] reserved
[    0.000000] BIOS-e820: [mem 0x00000000fed1c000-0x00000000fed1ffff] reserved
[    0.000000] BIOS-e820: [mem 0x00000000feffc000-0x00000000feffffff] reserved
[    0.000000] BIOS-e820: [mem 0x00000000fffc0000-0x00000000ffffffff] reserved
[    0.000000] BIOS-e820: [mem 0x000000fd00000000-0x000000ffffffffff] reserved
[    0.000000] NX (Execute Disable) protection: active
[    0.000000] APIC: Static calls initialized
[    0.000000] SMBIOS 3.0.0 present.
[    0.000000] DMI: QEMU Standard PC (Q35 + ICH9, 2009), BIOS 1.16.3-debian-1.16.3-2 04/01/2014
[    0.000000] DMI: Memory slots populated: 1/1
[    0.000000] Hypervisor detected: KVM
[    0.000000] last_pfn = 0x7ffdf max_arch_pfn = 0x400000000
[    0.000000] kvm-clock: Using msrs 4b564d01 and 4b564d00
[    0.000001] kvm-clock: using sched offset of 1465255215 cycles
[    0.000006] clocksource: kvm-clock: mask: 0xffffffffffffffff max_cycles: 0x1cd42e4dffb, max_idle_ns: 881590591483 ns
[    0.000013] tsc: Detected 2445.430 MHz processor
[    0.002007] last_pfn = 0x7ffdf max_arch_pfn = 0x400000000
[    0.002278] MTRR map: 4 entries (3 fixed + 1 variable; max 19), built from 8 variable MTRRs
[    0.002292] x86/PAT: Configuration [0-7]: WB  WC  UC- UC  WB  WP  UC- WT  
[    0.008612] found SMP MP-table at [mem 0x000f5480-0x000f548f]
[    0.015315] RAMDISK: [mem 0x7fc71000-0x7ffcffff]
[    0.015353] ACPI: Early table checksum verification disabled
[    0.015400] ACPI: RSDP 0x00000000000F52C0 000014 (v00 BOCHS )
[    0.015424] ACPI: RSDT 0x000000007FFE2425 000038 (v01 BOCHS  BXPC     00000001 BXPC 00000001)
[    0.015437] ACPI: FACP 0x000000007FFE2205 0000F4 (v03 BOCHS  BXPC     00000001 BXPC 00000001)
[    0.015450] ACPI: DSDT 0x000000007FFE0040 0021C5 (v01 BOCHS  BXPC     00000001 BXPC 00000001)
[    0.015459] ACPI: FACS 0x000000007FFE0000 000040
[    0.015466] ACPI: APIC 0x000000007FFE22F9 000090 (v03 BOCHS  BXPC     00000001 BXPC 00000001)
[    0.015473] ACPI: HPET 0x000000007FFE2389 000038 (v01 BOCHS  BXPC     00000001 BXPC 00000001)
[    0.015481] ACPI: MCFG 0x000000007FFE23C1 00003C (v01 BOCHS  BXPC     00000001 BXPC 00000001)
[    0.015489] ACPI: WAET 0x000000007FFE23FD 000028 (v01 BOCHS  BXPC     00000001 BXPC 00000001)
[    0.015495] ACPI: Reserving FACP table memory at [mem 0x7ffe2205-0x7ffe22f8]
[    0.015499] ACPI: Reserving DSDT table memory at [mem 0x7ffe0040-0x7ffe2204]
[    0.015501] ACPI: Reserving FACS table memory at [mem 0x7ffe0000-0x7ffe003f]
[    0.015504] ACPI: Reserving APIC table memory at [mem 0x7ffe22f9-0x7ffe2388]
[    0.015507] ACPI: Reserving HPET table memory at [mem 0x7ffe2389-0x7ffe23c0]
[    0.015510] ACPI: Reserving MCFG table memory at [mem 0x7ffe23c1-0x7ffe23fc]
[    0.015512] ACPI: Reserving WAET table memory at [mem 0x7ffe23fd-0x7ffe2424]
[    0.018860] No NUMA configuration found
[    0.018863] Faking a node at [mem 0x0000000000000000-0x000000007ffdefff]
[    0.018872] NODE_DATA(0) allocated [mem 0x7ffdb940-0x7ffdefff]
[    0.018897] Zone ranges:
[    0.018899]   DMA      [mem 0x0000000000001000-0x0000000000ffffff]
[    0.018904]   DMA32    [mem 0x0000000001000000-0x000000007ffdefff]
[    0.018908]   Normal   empty
[    0.018911] Movable zone start for each node
[    0.018913] Early memory node ranges
[    0.018914]   node   0: [mem 0x0000000000001000-0x000000000009efff]
[    0.018921]   node   0: [mem 0x0000000000100000-0x000000007ffdefff]
[    0.018924] Initmem setup node 0 [mem 0x0000000000001000-0x000000007ffdefff]
[    0.024224] On node 0, zone DMA: 1 pages in unavailable ranges
[    0.024408] On node 0, zone DMA: 97 pages in unavailable ranges
[    0.128828] On node 0, zone DMA32: 33 pages in unavailable ranges
[    0.802366] kasan: KernelAddressSanitizer initialized
[    0.803931] ACPI: PM-Timer IO Port: 0x608
[    0.803963] ACPI: LAPIC_NMI (acpi_id[0xff] dfl dfl lint[0x1])
[    0.804094] IOAPIC[0]: apic_id 0, version 17, address 0xfec00000, GSI 0-23
[    0.804104] ACPI: INT_SRC_OVR (bus 0 bus_irq 0 global_irq 2 dfl dfl)
[    0.804109] ACPI: INT_SRC_OVR (bus 0 bus_irq 5 global_irq 5 high level)
[    0.804113] ACPI: INT_SRC_OVR (bus 0 bus_irq 9 global_irq 9 high level)
[    0.804119] ACPI: INT_SRC_OVR (bus 0 bus_irq 10 global_irq 10 high level)
[    0.804122] ACPI: INT_SRC_OVR (bus 0 bus_irq 11 global_irq 11 high level)
[    0.804129] ACPI: Using ACPI (MADT) for SMP configuration information
[    0.804131] ACPI: HPET id: 0x8086a201 base: 0xfed00000
[    0.804150] CPU topo: Max. logical packages:   1
[    0.804153] CPU topo: Max. logical dies:       1
[    0.804155] CPU topo: Max. dies per package:   1
[    0.804164] CPU topo: Max. threads per core:   1
[    0.804167] CPU topo: Num. cores per package:     4
[    0.804169] CPU topo: Num. threads per package:   4
[    0.804171] CPU topo: Allowing 4 present CPUs plus 0 hotplug CPUs
[    0.804219] kvm-guest: APIC: eoi() replaced with kvm_guest_apic_eoi_write()
[    0.804298] PM: hibernation: Registered nosave memory: [mem 0x00000000-0x00000fff]
[    0.804303] PM: hibernation: Registered nosave memory: [mem 0x0009f000-0x000fffff]
[    0.804307] [mem 0xc0000000-0xfed1bfff] available for PCI devices
[    0.804311] Booting paravirtualized kernel on KVM
[    0.804315] clocksource: refined-jiffies: mask: 0xffffffff max_cycles: 0xffffffff, max_idle_ns: 1910969940391419 ns
[    0.832942] setup_percpu: NR_CPUS:64 nr_cpumask_bits:4 nr_cpu_ids:4 nr_node_ids:1
[    0.866951] percpu: Embedded 69 pages/cpu s241816 r8192 d32616 u524288
[    0.867063] Kernel command line: console=ttyS0 panic=-1 rdinit=/init loglevel=7
[    0.884142] Dentry cache hash table entries: 262144 (order: 9, 2097152 bytes, linear)
[    0.896050] Inode-cache hash table entries: 131072 (order: 8, 1048576 bytes, linear)
[    0.897174] Fallback order for Node 0: 0 
[    0.897183] Built 1 zonelists, mobility grouping on.  Total pages: 524157
[    0.897187] Policy zone: DMA32
[    0.897190] mem auto-init: stack:all(zero), heap alloc:off, heap free:off
[    0.897193] stackdepot: allocating hash table via alloc_large_system_hash
[    0.897198] stackdepot hash table entries: 1048576 (order: 12, 16777216 bytes, linear)
[    1.110245] SLUB: HWalign=64, Order=0-3, MinObjects=0, CPUs=4, Nodes=1
[    1.116106] Dynamic Preempt: voluntary
[    1.116490] rcu: Preemptible hierarchical RCU implementation.
[    1.116493] rcu: 	RCU event tracing is enabled.
[    1.116495] rcu: 	RCU restricting CPUs from NR_CPUS=64 to nr_cpu_ids=4.
[    1.116500] 	Trampoline variant of Tasks RCU enabled.
[    1.116502] 	Tracing variant of Tasks RCU enabled.
[    1.116504] rcu: RCU calculated value of scheduler-enlistment delay is 100 jiffies.
[    1.116506] rcu: Adjusting geometry for rcu_fanout_leaf=16, nr_cpu_ids=4
[    1.116550] RCU Tasks: Setting shift to 2 and lim to 1 rcu_task_cb_adjust=1 rcu_task_cpu_ids=4.
[    1.116557] RCU Tasks Trace: Setting shift to 2 and lim to 1 rcu_task_cb_adjust=1 rcu_task_cpu_ids=4.
[    1.172432] NR_IRQS: 4352, nr_irqs: 456, preallocated irqs: 16
[    1.178271] rcu: srcu_init: Setting srcu_struct sizes based on contention.
[    1.178393] clocksource: jiffies: mask: 0xffffffff max_cycles: 0xffffffff, max_idle_ns: 1911260446275000 ns
[    1.219375] Console: colour VGA+ 80x25
[    1.219621] printk: legacy console [ttyS0] enabled
[    2.009608] ACPI: Core revision 20240827
[    2.014784] clocksource: hpet: mask: 0xffffffff max_cycles: 0xffffffff, max_idle_ns: 19112604467 ns
[    2.025094] APIC: Switch to symmetric I/O mode setup
[    2.038935] ..TIMER: vector=0x30 apic1=0 pin1=2 apic2=-1 pin2=-1
[    2.059219] clocksource: tsc-early: mask: 0xffffffffffffffff max_cycles: 0x233fdbaba77, max_idle_ns: 440795254155 ns
[    2.099794] Calibrating delay loop (skipped) preset value.. 4890.86 BogoMIPS (lpj=2445430)
[    2.102345] Last level iTLB entries: 4KB 512, 2MB 255, 4MB 127
[    2.103790] Last level dTLB entries: 4KB 512, 2MB 255, 4MB 127, 1GB 0
[    2.105803] Spectre V1 : Mitigation: usercopy/swapgs barriers and __user pointer sanitization
[    2.106795] Spectre V2 : Mitigation: Retpolines
[    2.107788] Spectre V2 : Spectre v2 / SpectreRSB: Filling RSB on context switch and VMEXIT
[    2.108809] x86/fpu: x87 FPU will use FXSAVE
[    2.171812] Freeing SMP alternatives memory: 48K
[    2.173004] pid_max: default: 32768 minimum: 301
[    2.174974] LSM: initializing lsm=capability,selinux
[    2.175857] SELinux:  Initializing.
[    2.177294] Mount-cache hash table entries: 4096 (order: 3, 32768 bytes, linear)
[    2.177788] Mountpoint-cache hash table entries: 4096 (order: 3, 32768 bytes, linear)
[    2.229643] APIC calibration not consistent with PM-Timer: 98ms instead of 100ms
[    2.229780] APIC delta adjusted to PM-Timer: 6252187 (6182392)
[    2.230091] smpboot: CPU0: AMD QEMU Virtual CPU version 2.5+ (family: 0xf, model: 0x6b, stepping: 0x1)
[    2.232247] Performance Events: PMU not available due to virtualization, using software events only.
[    2.235006] signal: max sigframe size: 1440
[    2.235948] rcu: Hierarchical SRCU implementation.
[    2.236786] rcu: 	Max phase no-delay instances is 400.
[    2.238008] Timer migration: 1 hierarchy levels; 8 children per group; 1 crossnode level
[    2.242069] smp: Bringing up secondary CPUs ...
[    2.244310] smpboot: x86: Booting SMP configuration:
[    2.244790] .... node  #0, CPUs:      #1 #2 #3
[    2.262984] smp: Brought up 1 node, 4 CPUs
[    2.264786] smpboot: Total of 4 processors activated (19563.44 BogoMIPS)
[    2.272031] Memory: 1672728K/2096628K available (51200K kernel code, 8687K rwdata, 11408K rodata, 6012K init, 1384K bss, 418988K reserved, 0K cma-reserved)
[    2.274103] devtmpfs: initialized
[    2.287802] futex hash table entries: 1024 (order: 4, 65536 bytes, linear)
[    2.289783] PM: RTC time: 05:12:33, date: 2026-10-02
[    2.295349] NET: Registered PF_NETLINK/PF_ROUTE protocol family
[    2.298498] audit: initializing netlink subsys (disabled)
[    2.298886] audit: type=2000 audit(1790917952.053:1): state=initialized audit_enabled=0 res=1
[    2.300787] thermal_sys: Registered thermal governor 'step_wise'
[    2.301785] thermal_sys: Registered thermal governor 'user_space'
[    2.303786] cpuidle: using governor menu
[    2.308568] PCI: ECAM [mem 0xb0000000-0xbfffffff] (base 0xb0000000) for domain 0000 [bus 00-ff]
[    2.308788] PCI: ECAM [mem 0xb0000000-0xbfffffff] reserved as E820 entry
[    2.309823] PCI: Using configuration type 1 for base access
[    2.310997] kprobes: kprobe jump-optimization is enabled. All kprobes are optimized if possible.
[    2.320336] HugeTLB: registered 2.00 MiB page size, pre-allocated 0 pages
[    2.328785] HugeTLB: 28 KiB vmemmap can be freed for a 2.00 MiB page
[    2.353001] ACPI: Added _OSI(Module Device)
[    2.356787] ACPI: Added _OSI(Processor Device)
[    2.369787] ACPI: Added _OSI(Processor Aggregator Device)
[    2.520082] ACPI: 1 ACPI AML tables successfully acquired and loaded
[    2.565146] ACPI: Interpreter enabled
[    2.577915] ACPI: PM: (supports S0 S3 S4 S5)
[    2.590795] ACPI: Using IOAPIC for interrupt routing
[    2.606094] PCI: Using host bridge windows from ACPI; if necessary, use "pci=nocrs" and report a bug
[    2.629787] PCI: Using E820 reservations for host bridge windows
[    2.647871] ACPI: Enabled 2 GPEs in block 00 to 3F
[    2.778800] ACPI: PCI Root Bridge [PCI0] (domain 0000 [bus 00-ff])
[    2.788817] acpi PNP0A08:00: _OSC: OS supports [ExtendedConfig ASPM ClockPM Segments MSI HPX-Type3]
[    2.805239] acpi PNP0A08:00: _OSC: platform does not support [LTR]
[    2.822910] acpi PNP0A08:00: _OSC: OS now controls [PME PCIeCapability]
[    2.835745] PCI host bridge to bus 0000:00
[    2.841916] pci_bus 0000:00: root bus resource [io  0x0000-0x0cf7 window]
[    2.850793] pci_bus 0000:00: root bus resource [io  0x0d00-0xffff window]
[    2.864849] pci_bus 0000:00: root bus resource [mem 0x000a0000-0x000bffff window]
[    2.878794] pci_bus 0000:00: root bus resource [mem 0x80000000-0xafffffff window]
[    2.891795] pci_bus 0000:00: root bus resource [mem 0xc0000000-0xfebfffff window]
[    2.905793] pci_bus 0000:00: root bus resource [mem 0x100000000-0x8ffffffff window]
[    2.917806] pci_bus 0000:00: root bus resource [bus 00-ff]
[    2.929823] pci 0000:00:00.0: [8086:29c0] type 00 class 0x060000 conventional PCI endpoint
[    2.955407] pci 0000:00:01.0: [1234:1111] type 00 class 0x030000 conventional PCI endpoint
[    2.988845] pci 0000:00:01.0: BAR 0 [mem 0xfd000000-0xfdffffff pref]
[    3.009605] pci 0000:00:01.0: BAR 2 [mem 0xfebd4000-0xfebd4fff]
[    3.037882] pci 0000:00:01.0: ROM [mem 0xfebc0000-0xfebcffff pref]
[    3.054784] pci 0000:00:01.0: Video device with shadowed ROM at [mem 0x000c0000-0x000dffff]
[    3.068786] pci 0000:00:01.0: pci_fixup_video+0x0/0x2c0 took 15625 usecs
[    3.088967] pci 0000:00:02.0: [8086:10d3] type 00 class 0x020000 PCIe Root Complex Integrated Endpoint
[    3.113786] pci 0000:00:02.0: BAR 0 [mem 0xfeb80000-0xfeb9ffff]
[    3.139793] pci 0000:00:02.0: BAR 1 [mem 0xfeba0000-0xfebbffff]
[    3.157787] pci 0000:00:02.0: BAR 2 [io  0xc040-0xc05f]
[    3.179787] pci 0000:00:02.0: BAR 3 [mem 0xfebd0000-0xfebd3fff]
[    3.204482] pci 0000:00:02.0: ROM [mem 0xfeb00000-0xfeb7ffff pref]
[    3.225036] pci 0000:00:1f.0: [8086:2918] type 00 class 0x060100 conventional PCI endpoint
[    3.247835] pci 0000:00:1f.0: quirk: [io  0x0600-0x067f] claimed by ICH6 ACPI/GPIO/TCO
[    3.258965] pci 0000:00:1f.0: quirk_ich7_lpc+0x0/0x60 took 11718 usecs
[    3.271963] pci 0000:00:1f.2: [8086:2922] type 00 class 0x010601 conventional PCI endpoint
[    3.286786] pci 0000:00:1f.2: BAR 4 [io  0xc060-0xc07f]
[    3.299785] pci 0000:00:1f.2: BAR 5 [mem 0xfebd5000-0xfebd5fff]
[    3.322063] pci 0000:00:1f.3: [8086:2930] type 00 class 0x0c0500 conventional PCI endpoint
[    3.347277] pci 0000:00:1f.3: BAR 4 [io  0x0700-0x073f]
[    3.375434] ACPI: PCI: Interrupt link LNKA configured for IRQ 10
[    3.386701] ACPI: PCI: Interrupt link LNKB configured for IRQ 10
[    3.398427] ACPI: PCI: Interrupt link LNKC configured for IRQ 11
[    3.414789] ACPI: PCI: Interrupt link LNKD configured for IRQ 11
[    3.431258] ACPI: PCI: Interrupt link LNKE configured for IRQ 10
[    3.441736] ACPI: PCI: Interrupt link LNKF configured for IRQ 10
[    3.450190] ACPI: PCI: Interrupt link LNKG configured for IRQ 11
[    3.465638] ACPI: PCI: Interrupt link LNKH configured for IRQ 11
[    3.471435] ACPI: PCI: Interrupt link GSIA configured for IRQ 16
[    3.477999] ACPI: PCI: Interrupt link GSIB configured for IRQ 17
[    3.483964] ACPI: PCI: Interrupt link GSIC configured for IRQ 18
[    3.490865] ACPI: PCI: Interrupt link GSID configured for IRQ 19
[    3.497148] ACPI: PCI: Interrupt link GSIE configured for IRQ 20
[    3.504097] ACPI: PCI: Interrupt link GSIF configured for IRQ 21
[    3.512075] ACPI: PCI: Interrupt link GSIG configured for IRQ 22
[    3.517808] ACPI: PCI: Interrupt link GSIH configured for IRQ 23
[    3.539723] iommu: Default domain type: Translated
[    3.544785] iommu: DMA domain TLB invalidation policy: lazy mode
[    3.553563] SCSI subsystem initialized
[    3.562595] ACPI: bus type USB registered
[    3.569488] usbcore: registered new interface driver usbfs
[    3.578338] usbcore: registered new interface driver hub
[    3.583966] usbcore: registered new device driver usb
[    3.592165] pps_core: LinuxPPS API ver. 1 registered
[    3.597785] pps_core: Software ver. 5.3.6 - Copyright 2005-2007 Rodolfo Giometti <giometti@linux.it>
[    3.609787] PTP clock support registered
[    3.621791] Advanced Linux Sound Architecture Driver Initialized.
[    3.633877] NetLabel: Initializing
[    3.637785] NetLabel:  domain hash size = 128
[    3.643786] NetLabel:  protocols = UNLABELED CIPSOv4 CALIPSO
[    3.651459] NetLabel:  unlabeled traffic allowed by default
[    3.659922] PCI: Using ACPI for IRQ routing
[    4.072211] pci 0000:00:01.0: vgaarb: setting as boot VGA device
[    4.072780] pci 0000:00:01.0: vgaarb: bridge control possible
[    4.072780] pci 0000:00:01.0: vgaarb: VGA device added: decodes=io+mem,owns=io+mem,locks=none
[    4.109792] vgaarb: loaded
[    4.116993] hpet: 3 channels of 0 reserved for per-cpu timers
[    4.125856] hpet0: at MMIO 0xfed00000, IRQs 2, 8, 0
[    4.132785] hpet0: 3 comparators, 64-bit 100.000000 MHz counter
[    4.154526] clocksource: Switched to clocksource kvm-clock
[    4.184333] VFS: Disk quotas dquot_6.6.0
[    4.195733] VFS: Dquot-cache hash table entries: 512 (order 0, 4096 bytes)
[    4.215477] pnp: PnP ACPI init
[    4.226668] system 00:05: [mem 0xb0000000-0xbfffffff window] has been reserved
[    4.253184] pnp: PnP ACPI: found 6 devices
[    4.347945] clocksource: acpi_pm: mask: 0xffffff max_cycles: 0xffffff, max_idle_ns: 2085701024 ns
[    4.364796] NET: Registered PF_INET protocol family
[    4.373084] IP idents hash table entries: 32768 (order: 6, 262144 bytes, linear)
[    4.390494] tcp_listen_portaddr_hash hash table entries: 1024 (order: 2, 16384 bytes, linear)
[    4.402584] Table-perturb hash table entries: 65536 (order: 6, 262144 bytes, linear)
[    4.413206] TCP established hash table entries: 16384 (order: 5, 131072 bytes, linear)
[    4.428990] TCP bind hash table entries: 16384 (order: 7, 524288 bytes, linear)
[    4.449098] TCP: Hash tables configured (established 16384 bind 16384)
[    4.464021] UDP hash table entries: 1024 (order: 3, 32768 bytes, linear)
[    4.473865] UDP-Lite hash table entries: 1024 (order: 3, 32768 bytes, linear)
[    4.485130] NET: Registered PF_UNIX/PF_LOCAL protocol family
[    4.503093] RPC: Registered named UNIX socket transport module.
[    4.513815] RPC: Registered udp transport module.
[    4.517012] RPC: Registered tcp transport module.
[    4.524678] RPC: Registered tcp-with-tls transport module.
[    4.533121] RPC: Registered tcp NFSv4.1 backchannel transport module.
[    4.550517] pci_bus 0000:00: resource 4 [io  0x0000-0x0cf7 window]
[    4.558075] pci_bus 0000:00: resource 5 [io  0x0d00-0xffff window]
[    4.568134] pci_bus 0000:00: resource 6 [mem 0x000a0000-0x000bffff window]
[    4.585337] pci_bus 0000:00: resource 7 [mem 0x80000000-0xafffffff window]
[    4.596164] pci_bus 0000:00: resource 8 [mem 0xc0000000-0xfebfffff window]
[    4.607865] pci_bus 0000:00: resource 9 [mem 0x100000000-0x8ffffffff window]
[    4.618222] PCI: CLS 0 bytes, default 64
[    4.628910] clocksource: tsc: mask: 0xffffffffffffffff max_cycles: 0x233fdbaba77, max_idle_ns: 440795254155 ns
[    4.635041] Unpacking initramfs...
[    4.708153] Initialise system trusted keyrings
[    4.720266] workingset: timestamp_bits=56 max_order=19 bucket_order=0
[    4.741599] NFS: Registering the id_resolver key type
[    4.750796] Key type id_resolver registered
[    4.754558] Key type id_legacy registered
[    4.765573] 9p: Installing v9fs 9p2000 file system support
[    4.874515] Key type asymmetric registered
[    4.877317] Asymmetric key parser 'x509' registered
[    4.883923] Block layer SCSI generic (bsg) driver version 0.4 loaded (major 251)
[    4.890341] io scheduler mq-deadline registered
[    4.895892] io scheduler kyber registered
[    4.905116] input: Power Button as /devices/LNXSYSTM:00/LNXPWRBN:00/input/input0
[    4.922115] ACPI: button: Power Button [PWRF]
[    4.944952] Serial: 8250/16550 driver, 4 ports, IRQ sharing enabled
[    4.961203] 00:03: ttyS0 at I/O 0x3f8 (irq = 4, base_baud = 115200) is a 16550A
[    4.990035] Non-volatile memory driver v1.3
[    5.002454] Linux agpgart interface v0.103
[    5.013390] ACPI: bus type drm_connector registered
[    5.030637] Freeing initrd memory: 3452K
[    5.060203] loop: module loaded
[    5.081510] ACPI: \_SB_.GSIA: Enabled at IRQ 16
[    5.091786] ahci 0000:00:1f.2: AHCI vers 0001.0000, 32 command slots, 1.5 Gbps, SATA mode
[    5.103130] ahci 0000:00:1f.2: 6/6 ports implemented (port mask 0x3f)
[    5.111132] ahci 0000:00:1f.2: flags: 64bit ncq only 
[    5.134863] scsi host0: ahci
[    5.142683] scsi host1: ahci
[    5.152007] scsi host2: ahci
[    5.164704] scsi host3: ahci
[    5.184978] scsi host4: ahci
[    5.193865] scsi host5: ahci
[    5.199355] ata1: SATA max UDMA/133 abar m4096@0xfebd5000 port 0xfebd5100 irq 24 lpm-pol 1
[    5.208355] ata2: SATA max UDMA/133 abar m4096@0xfebd5000 port 0xfebd5180 irq 24 lpm-pol 1
[    5.218348] ata3: SATA max UDMA/133 abar m4096@0xfebd5000 port 0xfebd5200 irq 24 lpm-pol 1
[    5.227612] ata4: SATA max UDMA/133 abar m4096@0xfebd5000 port 0xfebd5280 irq 24 lpm-pol 1
[    5.236714] ata5: SATA max UDMA/133 abar m4096@0xfebd5000 port 0xfebd5300 irq 24 lpm-pol 1
[    5.246313] ata6: SATA max UDMA/133 abar m4096@0xfebd5000 port 0xfebd5380 irq 24 lpm-pol 1
[    5.272360] e100: Intel(R) PRO/100 Network Driver
[    5.290291] e100: Copyright(c) 1999-2006 Intel Corporation
[    5.297627] e1000: Intel(R) PRO/1000 Network Driver
[    5.307937] e1000: Copyright (c) 1999-2006 Intel Corporation.
[    5.317905] e1000e: Intel(R) PRO/1000 Network Driver
[    5.325520] e1000e: Copyright(c) 1999 - 2015 Intel Corporation.
[    5.348158] ACPI: \_SB_.GSIG: Enabled at IRQ 22
[    5.359585] e1000e 0000:00:02.0: Interrupt Throttling Rate (ints/sec) set to dynamic conservative mode
[    5.423064] e1000e 0000:00:02.0 0000:00:02.0 (uninitialized): registered PHC clock
[    5.521079] e1000e 0000:00:02.0 eth0: (PCI Express:2.5GT/s:Width x1) 52:54:00:12:34:56
[    5.537313] e1000e 0000:00:02.0 eth0: Intel(R) PRO/1000 Network Connection
[    5.545600] e1000e 0000:00:02.0 eth0: MAC: 3, PHY: 8, PBA No: 000000-000
[    5.561565] sky2: driver version 1.30
[    5.572999] usbcore: registered new interface driver usblp
[    5.585282] usbcore: registered new interface driver usb-storage
[    5.599842] i8042: PNP: PS/2 Controller [PNP0303:KBD,PNP0f13:MOU] at 0x60,0x64 irq 1,12
[    5.614056] ata1: SATA link down (SStatus 0 SControl 300)
[    5.617463] serio: i8042 KBD port at 0x60,0x64 irq 1
[    5.633913] serio: i8042 AUX port at 0x60,0x64 irq 12
[    5.641290] ata3: SATA link up 1.5 Gbps (SStatus 113 SControl 300)
[    5.650890] rtc_cmos 00:04: RTC can wake from S4
[    5.658796] ata6: SATA link down (SStatus 0 SControl 300)
[    5.659223] ata4: SATA link down (SStatus 0 SControl 300)
[    5.659656] ata2: SATA link down (SStatus 0 SControl 300)
[    5.660822] ata5: SATA link down (SStatus 0 SControl 300)
[    5.664805] ata3.00: LPM support broken, forcing max_power
[    5.680956] input: AT Translated Set 2 keyboard as /devices/platform/i8042/serio0/input/input1
[    5.688617] ata3.00: ATAPI: QEMU DVD-ROM, 2.5+, max UDMA/100
[    5.688628] ata3.00: applying bridge limits
[    5.689178] rtc_cmos 00:04: registered as rtc0
[    5.697537] ata3.00: LPM support broken, forcing max_power
[    5.697545] ata3.00: configured for UDMA/100
[    5.702721] scsi 2:0:0:0: CD-ROM            QEMU     QEMU DVD-ROM     2.5+ PQ: 0 ANSI: 5
[    5.710873] rtc_cmos 00:04: alarms up to one day, y3k, 242 bytes nvram, hpet irqs
[    5.821472] device-mapper: ioctl: 4.48.0-ioctl (2023-03-01) initialised: dm-devel@lists.linux.dev
[    5.835833] amd_pstate: the _CPC object is not present in SBIOS or ACPI disabled
[    5.859565] hid: raw HID events driver (C) Jiri Kosina
[    5.874738] i801_smbus 0000:00:1f.3: SMBus using PCI interrupt
[    5.881457] usbcore: registered new interface driver usbhid
[    5.890534] i2c i2c-0: Memory type 0x07 not supported yet, not instantiating SPD
[    5.917124] usbhid: USB HID core driver
[    5.937511] Initializing XFRM netlink socket
[    5.941353] sr 2:0:0:0: [sr0] scsi3-mmc drive: 4x/4x cd/rw xa/form2 tray
[    5.952884] NET: Registered PF_INET6 protocol family
[    5.985270] Segment Routing with IPv6
[    5.993794] In-situ OAM (IOAM) with IPv6
[    6.003264] sit: IPv6, IPv4 and MPLS over IPv4 tunneling driver
[    6.011099] NET: Registered PF_PACKET protocol family
[    6.016727] 9pnet: Installing 9P2000 support
[    6.021650] Key type dns_resolver registered
[    6.032728] IPI shorthand broadcast: enabled
[    6.035088] cdrom: Uniform CD-ROM driver Revision: 3.20
[    6.084286] sr 2:0:0:0: Attached scsi generic sg0 type 5
[    6.141029] sched_clock: Marking stable (5222049964, 918388762)->(6905330845, -764892119)
[    6.155634] registered taskstats version 1
[    6.162840] Loading compiled-in X.509 certificates
[    6.206713] Demotion targets for Node 0: null
[    6.220908] PM:   Magic number: 14:868:212
[    6.229091] printk: legacy console [netcon0] enabled
[    6.233947] netconsole: network logging started
[    6.242901] cfg80211: Loading compiled-in X.509 certificates for regulatory database
[    6.276291] kworker/u16:5 (88) used greatest stack depth: 29056 bytes left
[    6.283664] Loaded X.509 cert 'sforshee: 00b28ddf47aef9cea7'
[    6.296954] Loaded X.509 cert 'wens: 61c038651aabdcf94bd0ac7ff06c7248db18c600'
[    6.307186] platform regulatory.0: Direct firmware load for regulatory.db failed with error -2
[    6.308553] ALSA device list:
[    6.333709] cfg80211: failed to load regulatory.db
[    6.335916]   No soundcards found.
[    6.359836] Freeing unused kernel image (initmem) memory: 6012K
[    6.365666] input: ImExPS/2 Generic Explorer Mouse as /devices/platform/i8042/serio1/input/input3
[    6.369818] Write protecting the kernel read-only data: 63488k
[    6.399154] Freeing unused kernel image (rodata/data gap) memory: 880K
[    6.494844] x86/mm: Checked W+X mappings: passed, no W+X pages found.
[    6.500957] Run /init as init process
[    6.536853] mount (94) used greatest stack depth: 28208 bytes left
[    6.551845] mount (95) used greatest stack depth: 28176 bytes left
[    6.567158] mount (96) used greatest stack depth: 28144 bytes left
BOOTMARK userspace-up
Linux (none) 6.12.111 #1 SMP PREEMPT_DYNAMIC Thu Oct  1 17:02:26 UTC 2026 x86_64 GNU/Linux
BOOTMARK insmod-start
[    6.722148] mali mali.0: Kernel DDK version r54p0-01eac0
[    6.727701] mali mali.0: Using Dummy Model
[    6.732276] mali mali.0: GPU metrics tracepoint support enabled
[    6.738715] mali mali.0: Register LUT 000e0800 initialized for GPU arch 0x000e0805
[    6.747227] mali mali.0: GPU identified as 0x0 arch 14.8.5 r0p0 status 0
[    6.760458] mali mali.0: _find_key: OPP table not found (-19)
[    6.766660] mali mali.0: No OPPs found in device tree! Scaling timeouts using 100000 kHz
[    6.776367] mali mali.0: Large page allocation set to true after hardware feature check
[    6.801409] Dummy model register access: Reading unsupported register 0xf10. Returning 0
[    6.814372] Dummy model register access: Writing unsupported register 0xf10 value 0x0
[    6.827032] Dummy model register access: Writing unsupported register 0x88 value 0x0
[    6.839046] Dummy model register access: Writing unsupported register 0x8c value 0x0
[    6.850566] Dummy model register access: Writing unsupported register 0x88 value 0x488979
[    6.864348] Dummy model register access: Writing unsupported register 0x8c value 0x0
[    6.878878] Dummy model register access: Writing unsupported register 0x41030 value 0x0
[    6.895260] Dummy model register access: Writing unsupported register 0x41034 value 0x0
[    6.909047] mali mali.0: Clock not available for devfreq
[    6.916295] mali mali.0: Continuing without devfreq
[    6.926778] mali mali.0: * MALI kbase_mmap_min_addr compiled to CONFIG_LSM_MMAP_MIN_ADDR, no runtime update possible! *
[    6.943906] mali mali.0: Probed as mali0
[    6.961117] insmod (101) used greatest stack depth: 27584 bytes left
BOOTMARK insmod-rc 0
Module                  Size  Used by    Not tainted
mali_kbase           3354624  0 
BOOTMARK kcov-start
no /sys/kernel/debug/kcov - kernel built without KCOV (expected on non-kcov profiles)
BOOTMARK probe-start
PROBE build              kbase-probe, EL0 ioctl exerciser
PROBE device             /dev/mali0
PROBE version_check       negotiated major=1 minor=36 (proposed 1.36)
PROBE gpuprops_size       773 bytes
PROBE gpuprops product_id=0x0006 version_status=0xe850 major=9 minor=0
PROBE gpuprops gpu_freq_khz_max=851968 log2_pc_size=0 num_exec_engines=15 log2_l2_line_size=255
PROBE gpuprops raw gpu_id=0x0000000000000100
PROBE mem_alloc           gpu_va=0x41000 out_flags=0x200f (SAME_VA cookie)
PROBE mmap                bound cookie 0x41000 -> cpu=gpu=0x7fce07b6e000
PROBE mem_query           commit_size=0 bytes
PROBE summary             passed=0x1ff failed=0x000
BOOTMARK probe-rc 255
BOOTMARK kcov-end
BOOTMARK negargs-start
NEGARGS context created (SET_FLAGS handshake)
NEGARGS MEM_ALLOC va_pages=2^40      rc=-12  verdict=REJECTED
NEGARGS MEM_ALLOC_EX padding!=0      rc=-22  verdict=REJECTED
NEGARGS MEM_ALLOC zero flags         rc=-12  verdict=REJECTED
NEGARGS MEM_FREE gpu_addr=0          rc=-22  verdict=REJECTED
NEGARGS MEM_FREE unaligned va        rc=-22  verdict=REJECTED
NEGARGS MEM_QUERY unmapped va        rc=-22  verdict=REJECTED
NEGARGS MEM_FLAGS_CHANGE ghost va    rc=-22  verdict=REJECTED
NEGARGS MEM_ALIAS stride=0           rc=-14  verdict=REJECTED
NEGARGS MEM_COMMIT unmapped va       rc=-22  verdict=REJECTED
NEGARGS TILER_HEAP_INIT chunk_size=0 rc=-22  verdict=REJECTED
NEGARGS TILER_HEAP_INIT initial>max  rc=-22  verdict=REJECTED
NEGARGS TILER_HEAP_INIT group_id OOB rc=-22  verdict=REJECTED
NEGARGS KCPU_ENQUEUE id=255 unborn queue rc=-22  verdict=REJECTED
NEGARGS KCPU_QUEUE_CREATE control    rc=0      verdict=ACCEPTED
NEGARGS KCPU_ENQUEUE nr_commands=2   rc=-22  verdict=REJECTED
NEGARGS KCPU_QUEUE_DELETE control    rc=0      verdict=ACCEPTED
NEGARGS CS_QUEUE_GROUP_CREATE prio=0xff rc=-22  verdict=REJECTED
NEGARGS pre-SET_FLAGS MEM_ALLOC      rc=-1   verdict=REJECTED
NEGARGS unknown nr 0x7f              rc=-25  verdict=REJECTED
NEGARGS summary ran=19 rejected=17 expected-ok=2 unexpected=0
BOOTMARK negargs-rc 0
BOOTMARK negargs-end
BOOTMARK dmesg-start
[    6.722148] mali mali.0: Kernel DDK version r54p0-01eac0
[    6.727701] mali mali.0: Using Dummy Model
[    6.732276] mali mali.0: GPU metrics tracepoint support enabled
[    6.738715] mali mali.0: Register LUT 000e0800 initialized for GPU arch 0x000e0805
[    6.747227] mali mali.0: GPU identified as 0x0 arch 14.8.5 r0p0 status 0
[    6.760458] mali mali.0: _find_key: OPP table not found (-19)
[    6.766660] mali mali.0: No OPPs found in device tree! Scaling timeouts using 100000 kHz
[    6.776367] mali mali.0: Large page allocation set to true after hardware feature check
[    6.909047] mali mali.0: Clock not available for devfreq
[    6.916295] mali mali.0: Continuing without devfreq
[    6.926778] mali mali.0: * MALI kbase_mmap_min_addr compiled to CONFIG_LSM_MMAP_MIN_ADDR, no runtime update possible! *
[    6.943906] mali mali.0: Probed as mali0
[    7.147862] mali mali.0: GPU allocation attempted with va_pages==1099511627776 larger than KBASE_MEM_ALLOC_MAX_SIZE!
[    7.147896] mali mali.0: kbase_mem_alloc called with bad flags (2000)
[    7.147910] mali mali.0: gpu_addr 0 is reserved for the ringbuffer and it's an error to try to free it using kbase_mem_free
[    7.147922] mali mali.0: kbase_mem_free: gpu_addr parameter is invalid
[    7.148205] mali mali.0: Unknown ioctl 0x4b7f nr:127
BOOTMARK dmesg-end
BOOTMARK poweroff
[    7.578384] e1000e: EEE TX LPI TIMER: 00000000
[    7.595082] ACPI: PM: Preparing to enter system sleep state S5
[    7.605975] reboot: Power down

CLEAN-LOCATION: kasan
  bundle:    artifacts/kasan  (sha256sum -c clean before and after the boot)
  booted from: /tmp/portable-test-kasan  with the repo's build/ tree renamed away
  strict-artifact: yes (no build/ fallback permitted)
  at:          2026-10-02T05:12:27Z
