c[?7l[2J[0mSeaBIOS (version 1.16.3-debian-1.16.3-2)


iPXE (https://ipxe.org) 00:02.0 CA00 PCI2.10 PnP PMM+7EFCAB60+7EF0AB60 CA00
Press Ctrl-B to configure iPXE (PCI 00:02.0)...                                                                               


Booting from ROM...
c[?7l[2J[    0.000000] Linux version 6.12.111 (codespace@codespaces-5d341e) (gcc (Ubuntu 13.3.0-6ubuntu2~24.04.1) 13.3.0, GNU ld (GNU Binutils for Ubuntu) 2.42) #1 SMP PREEMPT_DYNAMIC Thu Oct  1 09:17:31 UTC 2026
[    0.000000] Command line: console=ttyS0 panic=-1 rdinit=/init loglevel=7
[    0.000000] BIOS-provided physical RAM map:
[    0.000000] BIOS-e820: [mem 0x0000000000000000-0x000000000009fbff] usable
[    0.000000] BIOS-e820: [mem 0x000000000009fc00-0x000000000009ffff] reserved
[    0.000000] BIOS-e820: [mem 0x00000000000f0000-0x00000000000fffff] reserved
[    0.000000] BIOS-e820: [mem 0x0000000000100000-0x000000007ffdefff] usable
[    0.000000] BIOS-e820: [mem 0x000000007ffdf000-0x000000007fffffff] reserved
[    0.000000] BIOS-e820: [mem 0x00000000b0000000-0x00000000bfffffff] reserved
[    0.000000] BIOS-e820: [mem 0x00000000fed1c000-0x00000000fed1ffff] reserved
[    0.000000] BIOS-e820: [mem 0x00000000feffc000-0x00000000feffffff] reserved
[    0.000000] BIOS-e820: [mem 0x00000000fffc0000-0x00000000ffffffff] reserved
[    0.000000] BIOS-e820: [mem 0x000000fd00000000-0x000000ffffffffff] reserved
[    0.000000] NX (Execute Disable) protection: active
[    0.000000] APIC: Static calls initialized
[    0.000000] SMBIOS 3.0.0 present.
[    0.000000] DMI: QEMU Standard PC (Q35 + ICH9, 2009), BIOS 1.16.3-debian-1.16.3-2 04/01/2014
[    0.000000] DMI: Memory slots populated: 1/1
[    0.000000] Hypervisor detected: KVM
[    0.000000] last_pfn = 0x7ffdf max_arch_pfn = 0x400000000
[    0.000000] kvm-clock: Using msrs 4b564d01 and 4b564d00
[    0.000001] kvm-clock: using sched offset of 376103444 cycles
[    0.000004] clocksource: kvm-clock: mask: 0xffffffffffffffff max_cycles: 0x1cd42e4dffb, max_idle_ns: 881590591483 ns
[    0.000010] tsc: Detected 2445.428 MHz processor
[    0.005900] last_pfn = 0x7ffdf max_arch_pfn = 0x400000000
[    0.006151] MTRR map: 4 entries (3 fixed + 1 variable; max 19), built from 8 variable MTRRs
[    0.006167] x86/PAT: Configuration [0-7]: WB  WC  UC- UC  WB  WP  UC- WT  
[    0.009991] found SMP MP-table at [mem 0x000f5480-0x000f548f]
[    0.012030] RAMDISK: [mem 0x7fd38000-0x7ffcffff]
[    0.012056] ACPI: Early table checksum verification disabled
[    0.012077] ACPI: RSDP 0x00000000000F52C0 000014 (v00 BOCHS )
[    0.012094] ACPI: RSDT 0x000000007FFE2425 000038 (v01 BOCHS  BXPC     00000001 BXPC 00000001)
[    0.012106] ACPI: FACP 0x000000007FFE2205 0000F4 (v03 BOCHS  BXPC     00000001 BXPC 00000001)
[    0.012118] ACPI: DSDT 0x000000007FFE0040 0021C5 (v01 BOCHS  BXPC     00000001 BXPC 00000001)
[    0.012127] ACPI: FACS 0x000000007FFE0000 000040
[    0.012133] ACPI: APIC 0x000000007FFE22F9 000090 (v03 BOCHS  BXPC     00000001 BXPC 00000001)
[    0.012142] ACPI: HPET 0x000000007FFE2389 000038 (v01 BOCHS  BXPC     00000001 BXPC 00000001)
[    0.012151] ACPI: MCFG 0x000000007FFE23C1 00003C (v01 BOCHS  BXPC     00000001 BXPC 00000001)
[    0.012159] ACPI: WAET 0x000000007FFE23FD 000028 (v01 BOCHS  BXPC     00000001 BXPC 00000001)
[    0.012167] ACPI: Reserving FACP table memory at [mem 0x7ffe2205-0x7ffe22f8]
[    0.012170] ACPI: Reserving DSDT table memory at [mem 0x7ffe0040-0x7ffe2204]
[    0.012174] ACPI: Reserving FACS table memory at [mem 0x7ffe0000-0x7ffe003f]
[    0.012177] ACPI: Reserving APIC table memory at [mem 0x7ffe22f9-0x7ffe2388]
[    0.012179] ACPI: Reserving HPET table memory at [mem 0x7ffe2389-0x7ffe23c0]
[    0.012182] ACPI: Reserving MCFG table memory at [mem 0x7ffe23c1-0x7ffe23fc]
[    0.012185] ACPI: Reserving WAET table memory at [mem 0x7ffe23fd-0x7ffe2424]
[    0.013075] No NUMA configuration found
[    0.013078] Faking a node at [mem 0x0000000000000000-0x000000007ffdefff]
[    0.013088] NODE_DATA(0) allocated [mem 0x7ffdb940-0x7ffdefff]
[    0.013111] Zone ranges:
[    0.013112]   DMA      [mem 0x0000000000001000-0x0000000000ffffff]
[    0.013116]   DMA32    [mem 0x0000000001000000-0x000000007ffdefff]
[    0.013120]   Normal   empty
[    0.013122] Movable zone start for each node
[    0.013124] Early memory node ranges
[    0.013125]   node   0: [mem 0x0000000000001000-0x000000000009efff]
[    0.013128]   node   0: [mem 0x0000000000100000-0x000000007ffdefff]
[    0.013132] Initmem setup node 0 [mem 0x0000000000001000-0x000000007ffdefff]
[    0.013344] On node 0, zone DMA: 1 pages in unavailable ranges
[    0.013420] On node 0, zone DMA: 97 pages in unavailable ranges
[    0.025349] On node 0, zone DMA32: 33 pages in unavailable ranges
[    0.026134] ACPI: PM-Timer IO Port: 0x608
[    0.026155] ACPI: LAPIC_NMI (acpi_id[0xff] dfl dfl lint[0x1])
[    0.026276] IOAPIC[0]: apic_id 0, version 17, address 0xfec00000, GSI 0-23
[    0.026283] ACPI: INT_SRC_OVR (bus 0 bus_irq 0 global_irq 2 dfl dfl)
[    0.026288] ACPI: INT_SRC_OVR (bus 0 bus_irq 5 global_irq 5 high level)
[    0.026292] ACPI: INT_SRC_OVR (bus 0 bus_irq 9 global_irq 9 high level)
[    0.026296] ACPI: INT_SRC_OVR (bus 0 bus_irq 10 global_irq 10 high level)
[    0.026299] ACPI: INT_SRC_OVR (bus 0 bus_irq 11 global_irq 11 high level)
[    0.026308] ACPI: Using ACPI (MADT) for SMP configuration information
[    0.026310] ACPI: HPET id: 0x8086a201 base: 0xfed00000
[    0.026323] CPU topo: Max. logical packages:   1
[    0.026325] CPU topo: Max. logical dies:       1
[    0.026327] CPU topo: Max. dies per package:   1
[    0.026334] CPU topo: Max. threads per core:   1
[    0.026336] CPU topo: Num. cores per package:     4
[    0.026337] CPU topo: Num. threads per package:   4
[    0.026339] CPU topo: Allowing 4 present CPUs plus 0 hotplug CPUs
[    0.026373] kvm-guest: APIC: eoi() replaced with kvm_guest_apic_eoi_write()
[    0.026421] PM: hibernation: Registered nosave memory: [mem 0x00000000-0x00000fff]
[    0.026426] PM: hibernation: Registered nosave memory: [mem 0x0009f000-0x000fffff]
[    0.026430] [mem 0xc0000000-0xfed1bfff] available for PCI devices
[    0.026433] Booting paravirtualized kernel on KVM
[    0.026437] clocksource: refined-jiffies: mask: 0xffffffff max_cycles: 0xffffffff, max_idle_ns: 1910969940391419 ns
[    0.032186] setup_percpu: NR_CPUS:64 nr_cpumask_bits:4 nr_cpu_ids:4 nr_node_ids:1
[    0.032516] percpu: Embedded 56 pages/cpu s192216 r8192 d28968 u524288
[    0.032610] Kernel command line: console=ttyS0 panic=-1 rdinit=/init loglevel=7
[    0.032920] Dentry cache hash table entries: 262144 (order: 9, 2097152 bytes, linear)
[    0.032981] Inode-cache hash table entries: 131072 (order: 8, 1048576 bytes, linear)
[    0.033071] Fallback order for Node 0: 0 
[    0.033075] Built 1 zonelists, mobility grouping on.  Total pages: 524157
[    0.033079] Policy zone: DMA32
[    0.033081] mem auto-init: stack:all(zero), heap alloc:off, heap free:off
[    0.036083] SLUB: HWalign=64, Order=0-3, MinObjects=0, CPUs=4, Nodes=1
[    0.037691] Dynamic Preempt: voluntary
[    0.037971] rcu: Preemptible hierarchical RCU implementation.
[    0.037973] rcu: 	RCU event tracing is enabled.
[    0.037974] rcu: 	RCU restricting CPUs from NR_CPUS=64 to nr_cpu_ids=4.
[    0.037978] 	Trampoline variant of Tasks RCU enabled.
[    0.037979] 	Tracing variant of Tasks RCU enabled.
[    0.037980] rcu: RCU calculated value of scheduler-enlistment delay is 100 jiffies.
[    0.037983] rcu: Adjusting geometry for rcu_fanout_leaf=16, nr_cpu_ids=4
[    0.037992] RCU Tasks: Setting shift to 2 and lim to 1 rcu_task_cb_adjust=1 rcu_task_cpu_ids=4.
[    0.037996] RCU Tasks Trace: Setting shift to 2 and lim to 1 rcu_task_cb_adjust=1 rcu_task_cpu_ids=4.
[    0.048480] NR_IRQS: 4352, nr_irqs: 456, preallocated irqs: 16
[    0.048958] rcu: srcu_init: Setting srcu_struct sizes based on contention.
[    0.048976] clocksource: jiffies: mask: 0xffffffff max_cycles: 0xffffffff, max_idle_ns: 1911260446275000 ns
[    0.062455] Console: colour VGA+ 80x25
[    0.062537] printk: legacy console [ttyS0] enabled
[    0.540593] ACPI: Core revision 20240827
[    0.542591] clocksource: hpet: mask: 0xffffffff max_cycles: 0xffffffff, max_idle_ns: 19112604467 ns
[    0.546838] APIC: Switch to symmetric I/O mode setup
[    0.554721] ..TIMER: vector=0x30 apic1=0 pin1=2 apic2=-1 pin2=-1
[    0.558805] clocksource: tsc-early: mask: 0xffffffffffffffff max_cycles: 0x233fd98c0cf, max_idle_ns: 440795209930 ns
[    0.567657] Calibrating delay loop (skipped) preset value.. 4890.85 BogoMIPS (lpj=2445428)
[    0.570542] Last level iTLB entries: 4KB 512, 2MB 255, 4MB 127
[    0.570655] Last level dTLB entries: 4KB 512, 2MB 255, 4MB 127, 1GB 0
[    0.571663] Spectre V1 : Mitigation: usercopy/swapgs barriers and __user pointer sanitization
[    0.572659] Spectre V2 : Mitigation: Retpolines
[    0.573653] Spectre V2 : Spectre v2 / SpectreRSB: Filling RSB on context switch and VMEXIT
[    0.574671] x86/fpu: x87 FPU will use FXSAVE
[    0.612580] Freeing SMP alternatives memory: 48K
[    0.612674] pid_max: default: 32768 minimum: 301
[    0.613691] LSM: initializing lsm=capability,selinux
[    0.614693] SELinux:  Initializing.
[    0.615957] Mount-cache hash table entries: 4096 (order: 3, 32768 bytes, linear)
[    0.616662] Mountpoint-cache hash table entries: 4096 (order: 3, 32768 bytes, linear)
[    0.721501] smpboot: CPU0: AMD QEMU Virtual CPU version 2.5+ (family: 0xf, model: 0x6b, stepping: 0x1)
[    0.722732] Performance Events: PMU not available due to virtualization, using software events only.
[    0.725840] signal: max sigframe size: 1440
[    0.726723] rcu: Hierarchical SRCU implementation.
[    0.728653] rcu: 	Max phase no-delay instances is 400.
[    0.729717] Timer migration: 1 hierarchy levels; 8 children per group; 1 crossnode level
[    0.731957] smp: Bringing up secondary CPUs ...
[    0.732834] smpboot: x86: Booting SMP configuration:
[    0.733654] .... node  #0, CPUs:      #1 #2 #3
[    0.744861] smp: Brought up 1 node, 4 CPUs
[    0.746652] smpboot: Total of 4 processors activated (19563.42 BogoMIPS)
[    0.750706] Memory: 2004424K/2096628K available (22528K kernel code, 2863K rwdata, 7100K rodata, 5388K init, 1244K bss, 87236K reserved, 0K cma-reserved)
[    0.751829] devtmpfs: initialized
[    0.753786] futex hash table entries: 1024 (order: 4, 65536 bytes, linear)
[    0.755957] PM: RTC time: 10:09:32, date: 2026-10-01
[    0.758332] NET: Registered PF_NETLINK/PF_ROUTE protocol family
[    0.758889] audit: initializing netlink subsys (disabled)
[    0.760700] audit: type=2000 audit(1790849372.105:1): state=initialized audit_enabled=0 res=1
[    0.760858] thermal_sys: Registered thermal governor 'step_wise'
[    0.761653] thermal_sys: Registered thermal governor 'user_space'
[    0.762725] cpuidle: using governor menu
[    0.765749] PCI: ECAM [mem 0xb0000000-0xbfffffff] (base 0xb0000000) for domain 0000 [bus 00-ff]
[    0.766657] PCI: ECAM [mem 0xb0000000-0xbfffffff] reserved as E820 entry
[    0.767682] PCI: Using configuration type 1 for base access
[    0.768798] kprobes: kprobe jump-optimization is enabled. All kprobes are optimized if possible.
[    0.772385] HugeTLB: registered 2.00 MiB page size, pre-allocated 0 pages
[    0.779653] HugeTLB: 28 KiB vmemmap can be freed for a 2.00 MiB page
[    0.786749] ACPI: Added _OSI(Module Device)
[    0.789654] ACPI: Added _OSI(Processor Device)
[    0.792653] ACPI: Added _OSI(Processor Aggregator Device)
[    0.798824] ACPI: 1 ACPI AML tables successfully acquired and loaded
[    0.810155] ACPI: Interpreter enabled
[    0.814717] ACPI: PM: (supports S0 S3 S4 S5)
[    0.818654] ACPI: Using IOAPIC for interrupt routing
[    0.823714] PCI: Using host bridge windows from ACPI; if necessary, use "pci=nocrs" and report a bug
[    0.832653] PCI: Using E820 reservations for host bridge windows
[    0.840811] ACPI: Enabled 2 GPEs in block 00 to 3F
[    0.852769] ACPI: PCI Root Bridge [PCI0] (domain 0000 [bus 00-ff])
[    0.858664] acpi PNP0A08:00: _OSC: OS supports [ExtendedConfig ASPM ClockPM Segments MSI HPX-Type3]
[    0.865871] acpi PNP0A08:00: _OSC: platform does not support [LTR]
[    0.871862] acpi PNP0A08:00: _OSC: OS now controls [PME PCIeCapability]
[    0.877817] PCI host bridge to bus 0000:00
[    0.880659] pci_bus 0000:00: root bus resource [io  0x0000-0x0cf7 window]
[    0.885654] pci_bus 0000:00: root bus resource [io  0x0d00-0xffff window]
[    0.890654] pci_bus 0000:00: root bus resource [mem 0x000a0000-0x000bffff window]
[    0.896655] pci_bus 0000:00: root bus resource [mem 0x80000000-0xafffffff window]
[    0.903655] pci_bus 0000:00: root bus resource [mem 0xc0000000-0xfebfffff window]
[    0.908657] pci_bus 0000:00: root bus resource [mem 0x100000000-0x8ffffffff window]
[    0.918658] pci_bus 0000:00: root bus resource [bus 00-ff]
[    0.923829] pci 0000:00:00.0: [8086:29c0] type 00 class 0x060000 conventional PCI endpoint
[    0.931381] pci 0000:00:01.0: [1234:1111] type 00 class 0x030000 conventional PCI endpoint
[    0.942669] pci 0000:00:01.0: BAR 0 [mem 0xfd000000-0xfdffffff pref]
[    0.952673] pci 0000:00:01.0: BAR 2 [mem 0xfebd4000-0xfebd4fff]
[    0.963666] pci 0000:00:01.0: ROM [mem 0xfebc0000-0xfebcffff pref]
[    0.968792] pci 0000:00:01.0: Video device with shadowed ROM at [mem 0x000c0000-0x000dffff]
[    0.975857] pci 0000:00:02.0: [8086:10d3] type 00 class 0x020000 PCIe Root Complex Integrated Endpoint
[    0.984654] pci 0000:00:02.0: BAR 0 [mem 0xfeb80000-0xfeb9ffff]
[    0.990387] pci 0000:00:02.0: BAR 1 [mem 0xfeba0000-0xfebbffff]
[    0.996653] pci 0000:00:02.0: BAR 2 [io  0xc040-0xc05f]
[    1.002654] pci 0000:00:02.0: BAR 3 [mem 0xfebd0000-0xfebd3fff]
[    1.012654] pci 0000:00:02.0: ROM [mem 0xfeb00000-0xfeb7ffff pref]
[    1.020530] pci 0000:00:1f.0: [8086:2918] type 00 class 0x060100 conventional PCI endpoint
[    1.028036] pci 0000:00:1f.0: quirk: [io  0x0600-0x067f] claimed by ICH6 ACPI/GPIO/TCO
[    1.034793] pci 0000:00:1f.2: [8086:2922] type 00 class 0x010601 conventional PCI endpoint
[    1.046445] pci 0000:00:1f.2: BAR 4 [io  0xc060-0xc07f]
[    1.051653] pci 0000:00:1f.2: BAR 5 [mem 0xfebd5000-0xfebd5fff]
[    1.058727] pci 0000:00:1f.3: [8086:2930] type 00 class 0x0c0500 conventional PCI endpoint
[    1.066279] pci 0000:00:1f.3: BAR 4 [io  0x0700-0x073f]
[    1.074937] ACPI: PCI: Interrupt link LNKA configured for IRQ 10
[    1.079839] ACPI: PCI: Interrupt link LNKB configured for IRQ 10
[    1.083951] ACPI: PCI: Interrupt link LNKC configured for IRQ 11
[    1.088871] ACPI: PCI: Interrupt link LNKD configured for IRQ 11
[    1.093910] ACPI: PCI: Interrupt link LNKE configured for IRQ 10
[    1.098836] ACPI: PCI: Interrupt link LNKF configured for IRQ 10
[    1.102877] ACPI: PCI: Interrupt link LNKG configured for IRQ 11
[    1.107918] ACPI: PCI: Interrupt link LNKH configured for IRQ 11
[    1.112767] ACPI: PCI: Interrupt link GSIA configured for IRQ 16
[    1.117677] ACPI: PCI: Interrupt link GSIB configured for IRQ 17
[    1.122679] ACPI: PCI: Interrupt link GSIC configured for IRQ 18
[    1.127688] ACPI: PCI: Interrupt link GSID configured for IRQ 19
[    1.131687] ACPI: PCI: Interrupt link GSIE configured for IRQ 20
[    1.136689] ACPI: PCI: Interrupt link GSIF configured for IRQ 21
[    1.140686] ACPI: PCI: Interrupt link GSIG configured for IRQ 22
[    1.145686] ACPI: PCI: Interrupt link GSIH configured for IRQ 23
[    1.150649] iommu: Default domain type: Translated
[    1.153652] iommu: DMA domain TLB invalidation policy: lazy mode
[    1.159790] SCSI subsystem initialized
[    1.162755] ACPI: bus type USB registered
[    1.165697] usbcore: registered new interface driver usbfs
[    1.169671] usbcore: registered new interface driver hub
[    1.173670] usbcore: registered new device driver usb
[    1.177695] pps_core: LinuxPPS API ver. 1 registered
[    1.181652] pps_core: Software ver. 5.3.6 - Copyright 2005-2007 Rodolfo Giometti <giometti@linux.it>
[    1.188665] PTP clock support registered
[    1.196769] Advanced Linux Sound Architecture Driver Initialized.
[    1.202092] NetLabel: Initializing
[    1.205652] NetLabel:  domain hash size = 128
[    1.210652] NetLabel:  protocols = UNLABELED CIPSOv4 CALIPSO
[    1.215725] NetLabel:  unlabeled traffic allowed by default
[    1.221746] PCI: Using ACPI for IRQ routing
[    1.425732] pci 0000:00:01.0: vgaarb: setting as boot VGA device
[    1.426649] pci 0000:00:01.0: vgaarb: bridge control possible
[    1.426649] pci 0000:00:01.0: vgaarb: VGA device added: decodes=io+mem,owns=io+mem,locks=none
[    1.447657] vgaarb: loaded
[    1.450743] hpet: 3 channels of 0 reserved for per-cpu timers
[    1.456678] hpet0: at MMIO 0xfed00000, IRQs 2, 8, 0
[    1.461653] hpet0: 3 comparators, 64-bit 100.000000 MHz counter
[    1.475664] clocksource: Switched to clocksource kvm-clock
[    1.572322] kwatchdog (54) used greatest stack depth: 15488 bytes left
[    1.853034] VFS: Disk quotas dquot_6.6.0
[    1.855980] VFS: Dquot-cache hash table entries: 512 (order 0, 4096 bytes)
[    1.861899] pnp: PnP ACPI init
[    1.864661] system 00:05: [mem 0xb0000000-0xbfffffff window] has been reserved
[    1.872410] pnp: PnP ACPI: found 6 devices
[    1.888717] clocksource: acpi_pm: mask: 0xffffff max_cycles: 0xffffff, max_idle_ns: 2085701024 ns
[    1.894791] NET: Registered PF_INET protocol family
[    1.898216] IP idents hash table entries: 32768 (order: 6, 262144 bytes, linear)
[    1.903659] tcp_listen_portaddr_hash hash table entries: 1024 (order: 2, 16384 bytes, linear)
[    1.909112] Table-perturb hash table entries: 65536 (order: 6, 262144 bytes, linear)
[    1.914775] TCP established hash table entries: 16384 (order: 5, 131072 bytes, linear)
[    1.920044] TCP bind hash table entries: 16384 (order: 7, 524288 bytes, linear)
[    1.925145] TCP: Hash tables configured (established 16384 bind 16384)
[    1.929936] UDP hash table entries: 1024 (order: 3, 32768 bytes, linear)
[    1.933382] UDP-Lite hash table entries: 1024 (order: 3, 32768 bytes, linear)
[    1.937946] NET: Registered PF_UNIX/PF_LOCAL protocol family
[    1.942211] RPC: Registered named UNIX socket transport module.
[    1.945033] RPC: Registered udp transport module.
[    1.947144] RPC: Registered tcp transport module.
[    1.949256] RPC: Registered tcp-with-tls transport module.
[    1.951817] RPC: Registered tcp NFSv4.1 backchannel transport module.
[    1.956825] pci_bus 0000:00: resource 4 [io  0x0000-0x0cf7 window]
[    1.962579] pci_bus 0000:00: resource 5 [io  0x0d00-0xffff window]
[    1.968452] pci_bus 0000:00: resource 6 [mem 0x000a0000-0x000bffff window]
[    1.974789] pci_bus 0000:00: resource 7 [mem 0x80000000-0xafffffff window]
[    1.980849] pci_bus 0000:00: resource 8 [mem 0xc0000000-0xfebfffff window]
[    1.985973] pci_bus 0000:00: resource 9 [mem 0x100000000-0x8ffffffff window]
[    1.991284] PCI: CLS 0 bytes, default 64
[    1.994201] clocksource: tsc: mask: 0xffffffffffffffff max_cycles: 0x233fd98c0cf, max_idle_ns: 440795209930 ns
[    1.994290] Unpacking initramfs...
[    2.019899] Initialise system trusted keyrings
[    2.022914] workingset: timestamp_bits=56 max_order=19 bucket_order=0
[    2.027736] NFS: Registering the id_resolver key type
[    2.033005] Key type id_resolver registered
[    2.037666] Key type id_legacy registered
[    2.042195] 9p: Installing v9fs 9p2000 file system support
[    2.056477] Key type asymmetric registered
[    2.060182] Asymmetric key parser 'x509' registered
[    2.063375] Block layer SCSI generic (bsg) driver version 0.4 loaded (major 251)
[    2.068271] io scheduler mq-deadline registered
[    2.073540] io scheduler kyber registered
[    2.079791] input: Power Button as /devices/LNXSYSTM:00/LNXPWRBN:00/input/input0
[    2.088334] ACPI: button: Power Button [PWRF]
[    2.095367] Serial: 8250/16550 driver, 4 ports, IRQ sharing enabled
[    2.100434] 00:03: ttyS0 at I/O 0x3f8 (irq = 4, base_baud = 115200) is a 16550A
[    2.108929] Non-volatile memory driver v1.3
[    2.112867] Linux agpgart interface v0.103
[    2.119670] ACPI: bus type drm_connector registered
[    2.133306] loop: module loaded
[    2.137141] ACPI: \_SB_.GSIA: Enabled at IRQ 16
[    2.141196] Freeing initrd memory: 2656K
[    2.144597] ahci 0000:00:1f.2: AHCI vers 0001.0000, 32 command slots, 1.5 Gbps, SATA mode
[    2.144606] ahci 0000:00:1f.2: 6/6 ports implemented (port mask 0x3f)
[    2.144611] ahci 0000:00:1f.2: flags: 64bit ncq only 
[    2.149797] scsi host0: ahci
[    2.165082] scsi host1: ahci
[    2.168358] scsi host2: ahci
[    2.171623] scsi host3: ahci
[    2.174375] scsi host4: ahci
[    2.177403] scsi host5: ahci
[    2.180066] ata1: SATA max UDMA/133 abar m4096@0xfebd5000 port 0xfebd5100 irq 24 lpm-pol 1
[    2.186406] ata2: SATA max UDMA/133 abar m4096@0xfebd5000 port 0xfebd5180 irq 24 lpm-pol 1
[    2.192512] ata3: SATA max UDMA/133 abar m4096@0xfebd5000 port 0xfebd5200 irq 24 lpm-pol 1
[    2.205545] ata4: SATA max UDMA/133 abar m4096@0xfebd5000 port 0xfebd5280 irq 24 lpm-pol 1
[    2.212713] ata5: SATA max UDMA/133 abar m4096@0xfebd5000 port 0xfebd5300 irq 24 lpm-pol 1
[    2.218596] ata6: SATA max UDMA/133 abar m4096@0xfebd5000 port 0xfebd5380 irq 24 lpm-pol 1
[    2.225170] e100: Intel(R) PRO/100 Network Driver
[    2.229260] e100: Copyright(c) 1999-2006 Intel Corporation
[    2.234826] e1000: Intel(R) PRO/1000 Network Driver
[    2.238068] e1000: Copyright (c) 1999-2006 Intel Corporation.
[    2.244308] e1000e: Intel(R) PRO/1000 Network Driver
[    2.248953] e1000e: Copyright(c) 1999 - 2015 Intel Corporation.
[    2.253897] ACPI: \_SB_.GSIG: Enabled at IRQ 22
[    2.258111] e1000e 0000:00:02.0: Interrupt Throttling Rate (ints/sec) set to dynamic conservative mode
[    2.305045] e1000e 0000:00:02.0 0000:00:02.0 (uninitialized): registered PHC clock
[    2.361643] e1000e 0000:00:02.0 eth0: (PCI Express:2.5GT/s:Width x1) 52:54:00:12:34:56
[    2.367836] e1000e 0000:00:02.0 eth0: Intel(R) PRO/1000 Network Connection
[    2.372526] e1000e 0000:00:02.0 eth0: MAC: 3, PHY: 8, PBA No: 000000-000
[    2.377930] sky2: driver version 1.30
[    2.381235] usbcore: registered new interface driver usblp
[    2.385557] usbcore: registered new interface driver usb-storage
[    2.390104] i8042: PNP: PS/2 Controller [PNP0303:KBD,PNP0f13:MOU] at 0x60,0x64 irq 1,12
[    2.398098] serio: i8042 KBD port at 0x60,0x64 irq 1
[    2.401630] serio: i8042 AUX port at 0x60,0x64 irq 12
[    2.405461] rtc_cmos 00:04: RTC can wake from S4
[    2.410323] input: AT Translated Set 2 keyboard as /devices/platform/i8042/serio0/input/input1
[    2.412794] rtc_cmos 00:04: registered as rtc0
[    2.419618] rtc_cmos 00:04: alarms up to one day, y3k, 242 bytes nvram, hpet irqs
[    2.426161] i801_smbus 0000:00:1f.3: SMBus using PCI interrupt
[    2.426255] device-mapper: ioctl: 4.48.0-ioctl (2023-03-01) initialised: dm-devel@lists.linux.dev
[    2.434918] i2c i2c-0: Memory type 0x07 not supported yet, not instantiating SPD
[    2.440140] amd_pstate: the _CPC object is not present in SBIOS or ACPI disabled
[    2.449564] hid: raw HID events driver (C) Jiri Kosina
[    2.453454] usbcore: registered new interface driver usbhid
[    2.458063] usbhid: USB HID core driver
[    2.461861] Initializing XFRM netlink socket
[    2.464972] NET: Registered PF_INET6 protocol family
[    2.470963] Segment Routing with IPv6
[    2.472830] In-situ OAM (IOAM) with IPv6
[    2.475132] sit: IPv6, IPv4 and MPLS over IPv4 tunneling driver
[    2.478342] NET: Registered PF_PACKET protocol family
[    2.480877] 9pnet: Installing 9P2000 support
[    2.482915] Key type dns_resolver registered
[    2.485613] IPI shorthand broadcast: enabled
[    2.493800] sched_clock: Marking stable (1978029813, 515674001)->(2630255724, -136551910)
[    2.499515] registered taskstats version 1
[    2.502368] Loading compiled-in X.509 certificates
[    2.508571] Demotion targets for Node 0: null
[    2.512068] PM:   Magic number: 14:773:172
[    2.515115] net eth0: hash matches
[    2.517621] printk: legacy console [netcon0] enabled
[    2.521040] netconsole: network logging started
[    2.524352] cfg80211: Loading compiled-in X.509 certificates for regulatory database
[    2.530111] kworker/u16:10 (89) used greatest stack depth: 14952 bytes left
[    2.531352] Loaded X.509 cert 'sforshee: 00b28ddf47aef9cea7'
[    2.540077] kworker/u16:10 (90) used greatest stack depth: 14352 bytes left
[    2.543960] Loaded X.509 cert 'wens: 61c038651aabdcf94bd0ac7ff06c7248db18c600'
[    2.551990] ata1: SATA link down (SStatus 0 SControl 300)
[    2.553645] platform regulatory.0: Direct firmware load for regulatory.db failed with error -2
[    2.554756] ALSA device list:
[    2.554765]   No soundcards found.
[    2.559911] ata4: SATA link down (SStatus 0 SControl 300)
[    2.563266] cfg80211: failed to load regulatory.db
[    2.566750] ata2: SATA link down (SStatus 0 SControl 300)
[    2.579178] ata3: SATA link up 1.5 Gbps (SStatus 113 SControl 300)
[    2.582568] ata3.00: LPM support broken, forcing max_power
[    2.585376] ata3.00: ATAPI: QEMU DVD-ROM, 2.5+, max UDMA/100
[    2.588271] ata3.00: applying bridge limits
[    2.590838] ata6: SATA link down (SStatus 0 SControl 300)
[    2.594896] ata5: SATA link down (SStatus 0 SControl 300)
[    2.597660] ata3.00: LPM support broken, forcing max_power
[    2.600296] ata3.00: configured for UDMA/100
[    2.603333] scsi 2:0:0:0: CD-ROM            QEMU     QEMU DVD-ROM     2.5+ PQ: 0 ANSI: 5
[    2.627183] sr 2:0:0:0: [sr0] scsi3-mmc drive: 4x/4x cd/rw xa/form2 tray
[    2.646224] cdrom: Uniform CD-ROM driver Revision: 3.20
[    2.657174] sr 2:0:0:0: Attached scsi generic sg0 type 5
[    2.662308] Freeing unused kernel image (initmem) memory: 5388K
[    2.668852] Write protecting the kernel read-only data: 30720k
[    2.675302] Freeing unused kernel image (rodata/data gap) memory: 1092K
[    2.769810] x86/mm: Checked W+X mappings: passed, no W+X pages found.
[    2.773510] Run /init as init process
[    2.777248] mount (93) used greatest stack depth: 13552 bytes left
[    2.780642] mount (95) used greatest stack depth: 13424 bytes left
BOOTMARK userspace-up
Linux (none) 6.12.111 #1 SMP PREEMPT_DYNAMIC Thu Oct  1 09:17:31 UTC 2026 x86_64 GNU/Linux
BOOTMARK insmod-start
[    2.819533] mali mali.0: Kernel DDK version r54p0-01eac0
[    2.821849] mali mali.0: Using Dummy Model
[    2.826214] mali mali.0: GPU metrics tracepoint support enabled
[    2.829841] mali mali.0: Register LUT 000e0800 initialized for GPU arch 0x000e0805
[    2.834167] mali mali.0: GPU identified as 0x0 arch 14.8.5 r0p0 status 0
[    2.837916] mali mali.0: _find_key: OPP table not found (-19)
[    2.841240] mali mali.0: No OPPs found in device tree! Scaling timeouts using 100000 kHz
[    2.845076] mali mali.0: Large page allocation set to true after hardware feature check
[    2.850667] Dummy model register access: Reading unsupported register 0xf10. Returning 0
[    2.855653] Dummy model register access: Writing unsupported register 0xf10 value 0x0
[    2.860160] Dummy model register access: Writing unsupported register 0x88 value 0x0
[    2.864462] Dummy model register access: Writing unsupported register 0x8c value 0x0
[    2.868887] Dummy model register access: Writing unsupported register 0x88 value 0x2328ec
[    2.872571] Dummy model register access: Writing unsupported register 0x8c value 0x0
[    2.876575] Dummy model register access: Writing unsupported register 0x41030 value 0x0
[    2.880886] Dummy model register access: Writing unsupported register 0x41034 value 0x0
[    2.885331] mali mali.0: Clock not available for devfreq
[    2.888585] mali mali.0: Continuing without devfreq
[    2.891823] mali mali.0: * MALI kbase_mmap_min_addr compiled to CONFIG_LSM_MMAP_MIN_ADDR, no runtime update possible! *
[    2.897204] mali mali.0: Probed as mali0
BOOTMARK insmod-rc 0
Module                  Size  Used by    Not tainted
mali_kbase           2113536  0 
BOOTMARK kcov-start
KCOV node present at /sys/kernel/debug/kcov
-rw-------    1 0        0                0 Oct  1 10:09 /sys/kernel/debug/kcov
BOOTMARK probe-start
KCOV init-trace ok (area=32768 words / 256 KiB)
KCOV enable ok (collecting)
PROBE build              kbase-probe, EL0 ioctl exerciser
PROBE device             /dev/mali0
[    2.924430] Dummy model register access: Writing unsupported register 0x40120 value 0x3fff
[    2.931550] Dummy model register access: Writing unsupported register 0x40124 value 0x0
PROBE version_check       negotiated major=1 minor=36 (proposed 1.36)
PROBE gpuprops_size       773 bytes
PROBE gpuprops product_id=0x0006 version_status=0xe850 major=9 minor=0
PROBE gpuprops gpu_freq_khz_max=851968 log2_pc_size=0 num_exec_engines=15 log2_l2_line_size=255
PROBE gpuprops raw gpu_id=0x0000000000000100
PROBE mem_alloc           gpu_va=0x41000 out_flags=0x200f (SAME_VA cookie)
PROBE mmap                bound cookie 0x41000 -> cpu=gpu=0x7f93efd82000
PROBE mem_query           commit_size=0 bytes
[    2.980001] input: ImExPS/2 Generic Explorer Mouse as /devices/platform/i8042/serio1/input/input3
PROBE summary             passed=0x1ff failed=0x000
KCOV run: kbase-probe exited 255
BOOTMARK probe-rc 0
BOOTMARK kcov-end
BOOTMARK dmesg-start
[    2.819533] mali mali.0: Kernel DDK version r54p0-01eac0
[    2.821849] mali mali.0: Using Dummy Model
[    2.826214] mali mali.0: GPU metrics tracepoint support enabled
[    2.829841] mali mali.0: Register LUT 000e0800 initialized for GPU arch 0x000e0805
[    2.834167] mali mali.0: GPU identified as 0x0 arch 14.8.5 r0p0 status 0
[    2.837916] mali mali.0: _find_key: OPP table not found (-19)
[    2.841240] mali mali.0: No OPPs found in device tree! Scaling timeouts using 100000 kHz
[    2.845076] mali mali.0: Large page allocation set to true after hardware feature check
[    2.885331] mali mali.0: Clock not available for devfreq
[    2.888585] mali mali.0: Continuing without devfreq
[    2.891823] mali mali.0: * MALI kbase_mmap_min_addr compiled to CONFIG_LSM_MMAP_MIN_ADDR, no runtime update possible! *
[    2.897204] mali mali.0: Probed as mali0
BOOTMARK dmesg-end
BOOTMARK poweroff
[    3.045189] e1000e: EEE TX LPI TIMER: 00000000
[    3.050034] ACPI: PM: Preparing to enter system sleep state S5
[    3.053362] reboot: Power down
