c[?7l[2J[0mSeaBIOS (version 1.16.3-debian-1.16.3-2)


iPXE (https://ipxe.org) 00:02.0 CA00 PCI2.10 PnP PMM+7EFCAB60+7EF0AB60 CA00
Press Ctrl-B to configure iPXE (PCI 00:02.0)...                                                                               


Booting from ROM...
c[?7l[2J[    0.000000] Linux version 6.12.111 (codespace@codespaces-5d341e) (gcc (Ubuntu 13.3.0-6ubuntu2~24.04.1) 13.3.0, GNU ld (GNU Binutils for Ubuntu) 2.42) #2 SMP PREEMPT_DYNAMIC Fri Oct  2 00:15:33 UTC 2026
[    0.000000] Command line: console=ttyS0 panic=-1 rdinit=/init loglevel=7
[    0.000000] BIOS-provided physical RAM map:
[    0.000000] BIOS-e820: [mem 0x0000000000000000-0x000000000009fbff] usable
[    0.000000] BIOS-e820: [mem 0x000000000009fc00-0x000000000009ffff] reserved
[    0.000000] BIOS-e820: [mem 0x00000000000f0000-0x00000000000fffff] reserved
[    0.000000] BIOS-e820: [mem 0x0000000000100000-0x000000007ffdefff] usable
[    0.000000] BIOS-e820: [mem 0x000000007ffdf000-0x000000007fffffff] reserved
[    0.000000] BIOS-e820: [mem 0x00000000b0000000-0x00000000bfffffff] reserved
[    0.000000] BIOS-e820: [mem 0x00000000fed1c000-0x00000000fed1ffff] reserved
[    0.000000] BIOS-e820: [mem 0x00000000feffc000-0x00000000feffffff] reserved
[    0.000000] BIOS-e820: [mem 0x00000000fffc0000-0x00000000ffffffff] reserved
[    0.000000] BIOS-e820: [mem 0x000000fd00000000-0x000000ffffffffff] reserved
[    0.000000] NX (Execute Disable) protection: active
[    0.000000] APIC: Static calls initialized
[    0.000000] SMBIOS 3.0.0 present.
[    0.000000] DMI: QEMU Standard PC (Q35 + ICH9, 2009), BIOS 1.16.3-debian-1.16.3-2 04/01/2014
[    0.000000] DMI: Memory slots populated: 1/1
[    0.000000] Hypervisor detected: KVM
[    0.000000] last_pfn = 0x7ffdf max_arch_pfn = 0x400000000
[    0.000000] kvm-clock: Using msrs 4b564d01 and 4b564d00
[    0.000001] kvm-clock: using sched offset of 545485348 cycles
[    0.000006] clocksource: kvm-clock: mask: 0xffffffffffffffff max_cycles: 0x1cd42e4dffb, max_idle_ns: 881590591483 ns
[    0.000015] tsc: Detected 2445.430 MHz processor
[    0.006571] last_pfn = 0x7ffdf max_arch_pfn = 0x400000000
[    0.006746] MTRR map: 4 entries (3 fixed + 1 variable; max 19), built from 8 variable MTRRs
[    0.006760] x86/PAT: Configuration [0-7]: WB  WC  UC- UC  WB  WP  UC- WT  
[    0.010450] found SMP MP-table at [mem 0x000f5480-0x000f548f]
[    0.012583] RAMDISK: [mem 0x7fd1f000-0x7ffcffff]
[    0.012686] ACPI: Early table checksum verification disabled
[    0.012754] ACPI: RSDP 0x00000000000F52C0 000014 (v00 BOCHS )
[    0.012775] ACPI: RSDT 0x000000007FFE2425 000038 (v01 BOCHS  BXPC     00000001 BXPC 00000001)
[    0.012793] ACPI: FACP 0x000000007FFE2205 0000F4 (v03 BOCHS  BXPC     00000001 BXPC 00000001)
[    0.012811] ACPI: DSDT 0x000000007FFE0040 0021C5 (v01 BOCHS  BXPC     00000001 BXPC 00000001)
[    0.012825] ACPI: FACS 0x000000007FFE0000 000040
[    0.012835] ACPI: APIC 0x000000007FFE22F9 000090 (v03 BOCHS  BXPC     00000001 BXPC 00000001)
[    0.012848] ACPI: HPET 0x000000007FFE2389 000038 (v01 BOCHS  BXPC     00000001 BXPC 00000001)
[    0.012862] ACPI: MCFG 0x000000007FFE23C1 00003C (v01 BOCHS  BXPC     00000001 BXPC 00000001)
[    0.012876] ACPI: WAET 0x000000007FFE23FD 000028 (v01 BOCHS  BXPC     00000001 BXPC 00000001)
[    0.012889] ACPI: Reserving FACP table memory at [mem 0x7ffe2205-0x7ffe22f8]
[    0.012895] ACPI: Reserving DSDT table memory at [mem 0x7ffe0040-0x7ffe2204]
[    0.012900] ACPI: Reserving FACS table memory at [mem 0x7ffe0000-0x7ffe003f]
[    0.012905] ACPI: Reserving APIC table memory at [mem 0x7ffe22f9-0x7ffe2388]
[    0.012910] ACPI: Reserving HPET table memory at [mem 0x7ffe2389-0x7ffe23c0]
[    0.012916] ACPI: Reserving MCFG table memory at [mem 0x7ffe23c1-0x7ffe23fc]
[    0.012921] ACPI: Reserving WAET table memory at [mem 0x7ffe23fd-0x7ffe2424]
[    0.014101] No NUMA configuration found
[    0.014106] Faking a node at [mem 0x0000000000000000-0x000000007ffdefff]
[    0.014117] NODE_DATA(0) allocated [mem 0x7ffdb940-0x7ffdefff]
[    0.014146] Zone ranges:
[    0.014148]   DMA      [mem 0x0000000000001000-0x0000000000ffffff]
[    0.014155]   DMA32    [mem 0x0000000001000000-0x000000007ffdefff]
[    0.014161]   Normal   empty
[    0.014165] Movable zone start for each node
[    0.014167] Early memory node ranges
[    0.014169]   node   0: [mem 0x0000000000001000-0x000000000009efff]
[    0.014178]   node   0: [mem 0x0000000000100000-0x000000007ffdefff]
[    0.014185] Initmem setup node 0 [mem 0x0000000000001000-0x000000007ffdefff]
[    0.014976] On node 0, zone DMA: 1 pages in unavailable ranges
[    0.015868] On node 0, zone DMA: 97 pages in unavailable ranges
[    0.133983] On node 0, zone DMA32: 33 pages in unavailable ranges
[    0.134926] ACPI: PM-Timer IO Port: 0x608
[    0.134952] ACPI: LAPIC_NMI (acpi_id[0xff] dfl dfl lint[0x1])
[    0.135036] IOAPIC[0]: apic_id 0, version 17, address 0xfec00000, GSI 0-23
[    0.135048] ACPI: INT_SRC_OVR (bus 0 bus_irq 0 global_irq 2 dfl dfl)
[    0.135056] ACPI: INT_SRC_OVR (bus 0 bus_irq 5 global_irq 5 high level)
[    0.135063] ACPI: INT_SRC_OVR (bus 0 bus_irq 9 global_irq 9 high level)
[    0.135070] ACPI: INT_SRC_OVR (bus 0 bus_irq 10 global_irq 10 high level)
[    0.135076] ACPI: INT_SRC_OVR (bus 0 bus_irq 11 global_irq 11 high level)
[    0.135090] ACPI: Using ACPI (MADT) for SMP configuration information
[    0.135093] ACPI: HPET id: 0x8086a201 base: 0xfed00000
[    0.135112] CPU topo: Max. logical packages:   1
[    0.135115] CPU topo: Max. logical dies:       1
[    0.135118] CPU topo: Max. dies per package:   1
[    0.135128] CPU topo: Max. threads per core:   1
[    0.135131] CPU topo: Num. cores per package:     4
[    0.135134] CPU topo: Num. threads per package:   4
[    0.135137] CPU topo: Allowing 4 present CPUs plus 0 hotplug CPUs
[    0.135175] kvm-guest: APIC: eoi() replaced with kvm_guest_apic_eoi_write()
[    0.135300] PM: hibernation: Registered nosave memory: [mem 0x00000000-0x00000fff]
[    0.135308] PM: hibernation: Registered nosave memory: [mem 0x0009f000-0x000fffff]
[    0.135315] [mem 0xc0000000-0xfed1bfff] available for PCI devices
[    0.135320] Booting paravirtualized kernel on KVM
[    0.135324] clocksource: refined-jiffies: mask: 0xffffffff max_cycles: 0xffffffff, max_idle_ns: 1910969940391419 ns
[    0.142101] setup_percpu: NR_CPUS:64 nr_cpumask_bits:4 nr_cpu_ids:4 nr_node_ids:1
[    0.148754] percpu: Embedded 56 pages/cpu s192216 r8192 d28968 u524288
[    0.148958] Kernel command line: console=ttyS0 panic=-1 rdinit=/init loglevel=7
[    0.154813] Dentry cache hash table entries: 262144 (order: 9, 2097152 bytes, linear)
[    0.154875] Inode-cache hash table entries: 131072 (order: 8, 1048576 bytes, linear)
[    0.155037] Fallback order for Node 0: 0 
[    0.155046] Built 1 zonelists, mobility grouping on.  Total pages: 524157
[    0.155051] Policy zone: DMA32
[    0.155055] mem auto-init: stack:all(zero), heap alloc:off, heap free:off
[    0.159010] SLUB: HWalign=64, Order=0-3, MinObjects=0, CPUs=4, Nodes=1
[    0.161235] Dynamic Preempt: voluntary
[    0.162057] rcu: Preemptible hierarchical RCU implementation.
[    0.162060] rcu: 	RCU event tracing is enabled.
[    0.162062] rcu: 	RCU restricting CPUs from NR_CPUS=64 to nr_cpu_ids=4.
[    0.162068] 	Trampoline variant of Tasks RCU enabled.
[    0.162070] 	Tracing variant of Tasks RCU enabled.
[    0.162073] rcu: RCU calculated value of scheduler-enlistment delay is 100 jiffies.
[    0.162077] rcu: Adjusting geometry for rcu_fanout_leaf=16, nr_cpu_ids=4
[    0.162088] RCU Tasks: Setting shift to 2 and lim to 1 rcu_task_cb_adjust=1 rcu_task_cpu_ids=4.
[    0.162096] RCU Tasks Trace: Setting shift to 2 and lim to 1 rcu_task_cb_adjust=1 rcu_task_cpu_ids=4.
[    0.191441] NR_IRQS: 4352, nr_irqs: 456, preallocated irqs: 16
[    0.193076] rcu: srcu_init: Setting srcu_struct sizes based on contention.
[    0.193144] clocksource: jiffies: mask: 0xffffffff max_cycles: 0xffffffff, max_idle_ns: 1911260446275000 ns
[    0.205935] Console: colour VGA+ 80x25
[    0.206021] printk: legacy console [ttyS0] enabled
[    0.633576] ACPI: Core revision 20240827
[    0.636764] clocksource: hpet: mask: 0xffffffff max_cycles: 0xffffffff, max_idle_ns: 19112604467 ns
[    0.642743] APIC: Switch to symmetric I/O mode setup
[    0.649523] ..TIMER: vector=0x30 apic1=0 pin1=2 apic2=-1 pin2=-1
[    0.654127] clocksource: tsc-early: mask: 0xffffffffffffffff max_cycles: 0x233fdbaba77, max_idle_ns: 440795254155 ns
[    0.660747] Calibrating delay loop (skipped) preset value.. 4890.86 BogoMIPS (lpj=2445430)
[    0.663477] Last level iTLB entries: 4KB 512, 2MB 255, 4MB 127
[    0.663743] Last level dTLB entries: 4KB 512, 2MB 255, 4MB 127, 1GB 0
[    0.664751] Spectre V1 : Mitigation: usercopy/swapgs barriers and __user pointer sanitization
[    0.665746] Spectre V2 : Mitigation: Retpolines
[    0.666742] Spectre V2 : Spectre v2 / SpectreRSB: Filling RSB on context switch and VMEXIT
[    0.667754] x86/fpu: x87 FPU will use FXSAVE
[    0.718950] Freeing SMP alternatives memory: 48K
[    0.720937] pid_max: default: 32768 minimum: 301
[    0.721834] LSM: initializing lsm=capability,selinux
[    0.722772] SELinux:  Initializing.
[    0.724003] Mount-cache hash table entries: 4096 (order: 3, 32768 bytes, linear)
[    0.724744] Mountpoint-cache hash table entries: 4096 (order: 3, 32768 bytes, linear)
[    0.827126] smpboot: CPU0: AMD QEMU Virtual CPU version 2.5+ (family: 0xf, model: 0x6b, stepping: 0x1)
[    0.828188] Performance Events: PMU not available due to virtualization, using software events only.
[    0.830934] signal: max sigframe size: 1440
[    0.831813] rcu: Hierarchical SRCU implementation.
[    0.832743] rcu: 	Max phase no-delay instances is 400.
[    0.833809] Timer migration: 1 hierarchy levels; 8 children per group; 1 crossnode level
[    0.836076] smp: Bringing up secondary CPUs ...
[    0.836939] smpboot: x86: Booting SMP configuration:
[    0.837744] .... node  #0, CPUs:      #1 #2 #3
[    0.848908] smp: Brought up 1 node, 4 CPUs
[    0.850742] smpboot: Total of 4 processors activated (19563.44 BogoMIPS)
[    0.854140] Memory: 1998184K/2096628K available (26624K kernel code, 2863K rwdata, 7444K rodata, 6512K init, 1848K bss, 93476K reserved, 0K cma-reserved)
[    0.870958] devtmpfs: initialized
[    0.873055] futex hash table entries: 1024 (order: 4, 65536 bytes, linear)
[    0.875136] PM: RTC time: 02:38:28, date: 2026-10-02
[    0.876983] NET: Registered PF_NETLINK/PF_ROUTE protocol family
[    0.878034] audit: initializing netlink subsys (disabled)
[    0.878822] audit: type=2000 audit(1790908708.605:1): state=initialized audit_enabled=0 res=1
[    0.879914] thermal_sys: Registered thermal governor 'step_wise'
[    0.880758] thermal_sys: Registered thermal governor 'user_space'
[    0.881792] cpuidle: using governor menu
[    0.884745] PCI: ECAM [mem 0xb0000000-0xbfffffff] (base 0xb0000000) for domain 0000 [bus 00-ff]
[    0.885745] PCI: ECAM [mem 0xb0000000-0xbfffffff] reserved as E820 entry
[    0.886771] PCI: Using configuration type 1 for base access
[    0.888762] kprobes: kprobe jump-optimization is enabled. All kprobes are optimized if possible.
[    0.892742] HugeTLB: registered 2.00 MiB page size, pre-allocated 0 pages
[    0.896742] HugeTLB: 28 KiB vmemmap can be freed for a 2.00 MiB page
[    0.904993] ACPI: Added _OSI(Module Device)
[    0.908744] ACPI: Added _OSI(Processor Device)
[    0.912745] ACPI: Added _OSI(Processor Aggregator Device)
[    0.923314] ACPI: 1 ACPI AML tables successfully acquired and loaded
[    0.934187] ACPI: Interpreter enabled
[    0.934789] ACPI: PM: (supports S0 S3 S4 S5)
[    0.935742] ACPI: Using IOAPIC for interrupt routing
[    0.936802] PCI: Using host bridge windows from ACPI; if necessary, use "pci=nocrs" and report a bug
[    0.937741] PCI: Using E820 reservations for host bridge windows
[    0.939168] ACPI: Enabled 2 GPEs in block 00 to 3F
[    0.949154] ACPI: PCI Root Bridge [PCI0] (domain 0000 [bus 00-ff])
[    0.949757] acpi PNP0A08:00: _OSC: OS supports [ExtendedConfig ASPM ClockPM Segments MSI HPX-Type3]
[    0.951743] acpi PNP0A08:00: _OSC: platform does not support [LTR]
[    0.953010] acpi PNP0A08:00: _OSC: OS now controls [PME PCIeCapability]
[    0.953892] PCI host bridge to bus 0000:00
[    0.954753] pci_bus 0000:00: root bus resource [io  0x0000-0x0cf7 window]
[    0.955744] pci_bus 0000:00: root bus resource [io  0x0d00-0xffff window]
[    0.956745] pci_bus 0000:00: root bus resource [mem 0x000a0000-0x000bffff window]
[    0.957744] pci_bus 0000:00: root bus resource [mem 0x80000000-0xafffffff window]
[    0.958745] pci_bus 0000:00: root bus resource [mem 0xc0000000-0xfebfffff window]
[    0.959744] pci_bus 0000:00: root bus resource [mem 0x100000000-0x8ffffffff window]
[    0.960744] pci_bus 0000:00: root bus resource [bus 00-ff]
[    0.961848] pci 0000:00:00.0: [8086:29c0] type 00 class 0x060000 conventional PCI endpoint
[    0.965089] pci 0000:00:01.0: [1234:1111] type 00 class 0x030000 conventional PCI endpoint
[    0.968666] pci 0000:00:01.0: BAR 0 [mem 0xfd000000-0xfdffffff pref]
[    0.973474] pci 0000:00:01.0: BAR 2 [mem 0xfebd4000-0xfebd4fff]
[    0.982955] pci 0000:00:01.0: ROM [mem 0xfebc0000-0xfebcffff pref]
[    0.984302] pci 0000:00:01.0: Video device with shadowed ROM at [mem 0x000c0000-0x000dffff]
[    0.987242] pci 0000:00:02.0: [8086:10d3] type 00 class 0x020000 PCIe Root Complex Integrated Endpoint
[    0.989243] pci 0000:00:02.0: BAR 0 [mem 0xfeb80000-0xfeb9ffff]
[    0.990417] pci 0000:00:02.0: BAR 1 [mem 0xfeba0000-0xfebbffff]
[    0.992159] pci 0000:00:02.0: BAR 2 [io  0xc040-0xc05f]
[    0.994113] pci 0000:00:02.0: BAR 3 [mem 0xfebd0000-0xfebd3fff]
[    1.000081] pci 0000:00:02.0: ROM [mem 0xfeb00000-0xfeb7ffff pref]
[    1.003247] pci 0000:00:1f.0: [8086:2918] type 00 class 0x060100 conventional PCI endpoint
[    1.005434] pci 0000:00:1f.0: quirk: [io  0x0600-0x067f] claimed by ICH6 ACPI/GPIO/TCO
[    1.006794] pci 0000:00:1f.2: [8086:2922] type 00 class 0x010601 conventional PCI endpoint
[    1.011744] pci 0000:00:1f.2: BAR 4 [io  0xc060-0xc07f]
[    1.014744] pci 0000:00:1f.2: BAR 5 [mem 0xfebd5000-0xfebd5fff]
[    1.019169] pci 0000:00:1f.3: [8086:2930] type 00 class 0x0c0500 conventional PCI endpoint
[    1.022546] pci 0000:00:1f.3: BAR 4 [io  0x0700-0x073f]
[    1.027523] ACPI: PCI: Interrupt link LNKA configured for IRQ 10
[    1.027949] ACPI: PCI: Interrupt link LNKB configured for IRQ 10
[    1.029964] ACPI: PCI: Interrupt link LNKC configured for IRQ 11
[    1.030951] ACPI: PCI: Interrupt link LNKD configured for IRQ 11
[    1.032910] ACPI: PCI: Interrupt link LNKE configured for IRQ 10
[    1.034745] ACPI: PCI: Interrupt link LNKF configured for IRQ 10
[    1.036080] ACPI: PCI: Interrupt link LNKG configured for IRQ 11
[    1.038038] ACPI: PCI: Interrupt link LNKH configured for IRQ 11
[    1.038865] ACPI: PCI: Interrupt link GSIA configured for IRQ 16
[    1.039784] ACPI: PCI: Interrupt link GSIB configured for IRQ 17
[    1.040792] ACPI: PCI: Interrupt link GSIC configured for IRQ 18
[    1.041811] ACPI: PCI: Interrupt link GSID configured for IRQ 19
[    1.042774] ACPI: PCI: Interrupt link GSIE configured for IRQ 20
[    1.043772] ACPI: PCI: Interrupt link GSIF configured for IRQ 21
[    1.044772] ACPI: PCI: Interrupt link GSIG configured for IRQ 22
[    1.045774] ACPI: PCI: Interrupt link GSIH configured for IRQ 23
[    1.049154] iommu: Default domain type: Translated
[    1.049741] iommu: DMA domain TLB invalidation policy: lazy mode
[    1.052034] SCSI subsystem initialized
[    1.053740] ACPI: bus type USB registered
[    1.054844] usbcore: registered new interface driver usbfs
[    1.055783] usbcore: registered new interface driver hub
[    1.056758] usbcore: registered new device driver usb
[    1.057871] pps_core: LinuxPPS API ver. 1 registered
[    1.058741] pps_core: Software ver. 5.3.6 - Copyright 2005-2007 Rodolfo Giometti <giometti@linux.it>
[    1.059752] PTP clock support registered
[    1.061995] Advanced Linux Sound Architecture Driver Initialized.
[    1.065141] NetLabel: Initializing
[    1.065741] NetLabel:  domain hash size = 128
[    1.066742] NetLabel:  protocols = UNLABELED CIPSOv4 CALIPSO
[    1.067847] NetLabel:  unlabeled traffic allowed by default
[    1.068987] PCI: Using ACPI for IRQ routing
[    1.220023] pci 0000:00:01.0: vgaarb: setting as boot VGA device
[    1.220737] pci 0000:00:01.0: vgaarb: bridge control possible
[    1.220737] pci 0000:00:01.0: vgaarb: VGA device added: decodes=io+mem,owns=io+mem,locks=none
[    1.220745] vgaarb: loaded
[    1.222802] hpet: 3 channels of 0 reserved for per-cpu timers
[    1.223793] hpet0: at MMIO 0xfed00000, IRQs 2, 8, 0
[    1.224742] hpet0: 3 comparators, 64-bit 100.000000 MHz counter
[    1.247758] clocksource: Switched to clocksource kvm-clock
[    1.686051] kwatchdog (54) used greatest stack depth: 15072 bytes left
[    2.347331] VFS: Disk quotas dquot_6.6.0
[    2.351196] VFS: Dquot-cache hash table entries: 512 (order 0, 4096 bytes)
[    2.357921] pnp: PnP ACPI init
[    2.360820] system 00:05: [mem 0xb0000000-0xbfffffff window] has been reserved
[    2.366869] pnp: PnP ACPI: found 6 devices
[    2.383841] clocksource: acpi_pm: mask: 0xffffff max_cycles: 0xffffff, max_idle_ns: 2085701024 ns
[    2.390748] NET: Registered PF_INET protocol family
[    2.400290] IP idents hash table entries: 32768 (order: 6, 262144 bytes, linear)
[    2.407314] tcp_listen_portaddr_hash hash table entries: 1024 (order: 2, 16384 bytes, linear)
[    2.413365] Table-perturb hash table entries: 65536 (order: 6, 262144 bytes, linear)
[    2.419436] TCP established hash table entries: 16384 (order: 5, 131072 bytes, linear)
[    2.426413] TCP bind hash table entries: 16384 (order: 7, 524288 bytes, linear)
[    2.434382] TCP: Hash tables configured (established 16384 bind 16384)
[    2.439857] UDP hash table entries: 1024 (order: 3, 32768 bytes, linear)
[    2.445078] UDP-Lite hash table entries: 1024 (order: 3, 32768 bytes, linear)
[    2.450773] NET: Registered PF_UNIX/PF_LOCAL protocol family
[    2.456536] RPC: Registered named UNIX socket transport module.
[    2.460977] RPC: Registered udp transport module.
[    2.464517] RPC: Registered tcp transport module.
[    2.467688] RPC: Registered tcp-with-tls transport module.
[    2.471695] RPC: Registered tcp NFSv4.1 backchannel transport module.
[    2.477743] pci_bus 0000:00: resource 4 [io  0x0000-0x0cf7 window]
[    2.482354] pci_bus 0000:00: resource 5 [io  0x0d00-0xffff window]
[    2.486675] pci_bus 0000:00: resource 6 [mem 0x000a0000-0x000bffff window]
[    2.492057] pci_bus 0000:00: resource 7 [mem 0x80000000-0xafffffff window]
[    2.497436] pci_bus 0000:00: resource 8 [mem 0xc0000000-0xfebfffff window]
[    2.502648] pci_bus 0000:00: resource 9 [mem 0x100000000-0x8ffffffff window]
[    2.508254] PCI: CLS 0 bytes, default 64
[    2.511697] clocksource: tsc: mask: 0xffffffffffffffff max_cycles: 0x233fdbaba77, max_idle_ns: 440795254155 ns
[    2.512026] Unpacking initramfs...
[    2.530569] Initialise system trusted keyrings
[    2.534378] workingset: timestamp_bits=56 max_order=19 bucket_order=0
[    2.539583] NFS: Registering the id_resolver key type
[    2.543359] Key type id_resolver registered
[    2.546385] Key type id_legacy registered
[    2.549653] 9p: Installing v9fs 9p2000 file system support
[    2.570977] Key type asymmetric registered
[    2.573935] Asymmetric key parser 'x509' registered
[    2.577638] Block layer SCSI generic (bsg) driver version 0.4 loaded (major 251)
[    2.583018] io scheduler mq-deadline registered
[    2.586616] io scheduler kyber registered
[    2.590986] input: Power Button as /devices/LNXSYSTM:00/LNXPWRBN:00/input/input0
[    2.596809] ACPI: button: Power Button [PWRF]
[    2.604993] Serial: 8250/16550 driver, 4 ports, IRQ sharing enabled
[    2.613187] 00:03: ttyS0 at I/O 0x3f8 (irq = 4, base_baud = 115200) is a 16550A
[    2.625207] Non-volatile memory driver v1.3
[    2.629090] Linux agpgart interface v0.103
[    2.634700] ACPI: bus type drm_connector registered
[    2.650054] loop: module loaded
[    2.655911] ACPI: \_SB_.GSIA: Enabled at IRQ 16
[    2.664500] ahci 0000:00:1f.2: AHCI vers 0001.0000, 32 command slots, 1.5 Gbps, SATA mode
[    2.672917] ahci 0000:00:1f.2: 6/6 ports implemented (port mask 0x3f)
[    2.676828] ahci 0000:00:1f.2: flags: 64bit ncq only 
[    2.683781] scsi host0: ahci
[    2.686694] scsi host1: ahci
[    2.692219] scsi host2: ahci
[    2.696208] scsi host3: ahci
[    2.699588] scsi host4: ahci
[    2.702244] scsi host5: ahci
[    2.704282] ata1: SATA max UDMA/133 abar m4096@0xfebd5000 port 0xfebd5100 irq 24 lpm-pol 1
[    2.709171] ata2: SATA max UDMA/133 abar m4096@0xfebd5000 port 0xfebd5180 irq 24 lpm-pol 1
[    2.713465] ata3: SATA max UDMA/133 abar m4096@0xfebd5000 port 0xfebd5200 irq 24 lpm-pol 1
[    2.718663] ata4: SATA max UDMA/133 abar m4096@0xfebd5000 port 0xfebd5280 irq 24 lpm-pol 1
[    2.725248] ata5: SATA max UDMA/133 abar m4096@0xfebd5000 port 0xfebd5300 irq 24 lpm-pol 1
[    2.731334] ata6: SATA max UDMA/133 abar m4096@0xfebd5000 port 0xfebd5380 irq 24 lpm-pol 1
[    2.738544] e100: Intel(R) PRO/100 Network Driver
[    2.741885] e100: Copyright(c) 1999-2006 Intel Corporation
[    2.746093] e1000: Intel(R) PRO/1000 Network Driver
[    2.749736] e1000: Copyright (c) 1999-2006 Intel Corporation.
[    2.750395] Freeing initrd memory: 2756K
[    2.754098] e1000e: Intel(R) PRO/1000 Network Driver
[    2.760651] e1000e: Copyright(c) 1999 - 2015 Intel Corporation.
[    2.766123] ACPI: \_SB_.GSIG: Enabled at IRQ 22
[    2.771129] e1000e 0000:00:02.0: Interrupt Throttling Rate (ints/sec) set to dynamic conservative mode
[    2.820363] e1000e 0000:00:02.0 0000:00:02.0 (uninitialized): registered PHC clock
[    2.879287] e1000e 0000:00:02.0 eth0: (PCI Express:2.5GT/s:Width x1) 52:54:00:12:34:56
[    2.885135] e1000e 0000:00:02.0 eth0: Intel(R) PRO/1000 Network Connection
[    2.890061] e1000e 0000:00:02.0 eth0: MAC: 3, PHY: 8, PBA No: 000000-000
[    2.895483] sky2: driver version 1.30
[    2.898764] usbcore: registered new interface driver usblp
[    2.903139] usbcore: registered new interface driver usb-storage
[    2.908221] i8042: PNP: PS/2 Controller [PNP0303:KBD,PNP0f13:MOU] at 0x60,0x64 irq 1,12
[    2.916092] serio: i8042 KBD port at 0x60,0x64 irq 1
[    2.919717] serio: i8042 AUX port at 0x60,0x64 irq 12
[    2.924785] rtc_cmos 00:04: RTC can wake from S4
[    2.924800] input: AT Translated Set 2 keyboard as /devices/platform/i8042/serio0/input/input1
[    2.932972] rtc_cmos 00:04: registered as rtc0
[    2.938794] rtc_cmos 00:04: alarms up to one day, y3k, 242 bytes nvram, hpet irqs
[    2.945995] i801_smbus 0000:00:1f.3: SMBus using PCI interrupt
[    2.946429] device-mapper: ioctl: 4.48.0-ioctl (2023-03-01) initialised: dm-devel@lists.linux.dev
[    2.953562] i2c i2c-0: Memory type 0x07 not supported yet, not instantiating SPD
[    2.958632] amd_pstate: the _CPC object is not present in SBIOS or ACPI disabled
[    2.958781] hid: raw HID events driver (C) Jiri Kosina
[    2.959879] usbcore: registered new interface driver usbhid
[    2.981064] usbhid: USB HID core driver
[    2.987007] Initializing XFRM netlink socket
[    2.990779] NET: Registered PF_INET6 protocol family
[    2.996569] Segment Routing with IPv6
[    2.999328] In-situ OAM (IOAM) with IPv6
[    3.002592] sit: IPv6, IPv4 and MPLS over IPv4 tunneling driver
[    3.007554] NET: Registered PF_PACKET protocol family
[    3.011582] 9pnet: Installing 9P2000 support
[    3.014909] Key type dns_resolver registered
[    3.019561] IPI shorthand broadcast: enabled
[    3.031472] sched_clock: Marking stable (2567038273, 463594837)->(3404012652, -373379542)
[    3.038893] registered taskstats version 1
[    3.042354] Loading compiled-in X.509 certificates
[    3.049559] Demotion targets for Node 0: null
[    3.053304] PM:   Magic number: 14:962:610
[    3.056659] printk: legacy console [netcon0] enabled
[    3.060609] netconsole: network logging started
[    3.064342] cfg80211: Loading compiled-in X.509 certificates for regulatory database
[    3.066395] ata1: SATA link down (SStatus 0 SControl 300)
[    3.073214] kworker/u16:1 (90) used greatest stack depth: 14344 bytes left
[    3.077273] ata2: SATA link down (SStatus 0 SControl 300)
[    3.081079] Loaded X.509 cert 'sforshee: 00b28ddf47aef9cea7'
[    3.082906] Loaded X.509 cert 'wens: 61c038651aabdcf94bd0ac7ff06c7248db18c600'
[    3.090320] ata5: SATA link down (SStatus 0 SControl 300)
[    3.092753] platform regulatory.0: Direct firmware load for regulatory.db failed with error -2
[    3.093697] ALSA device list:
[    3.093701]   No soundcards found.
[    3.099419] ata3: SATA link up 1.5 Gbps (SStatus 113 SControl 300)
[    3.100745] cfg80211: failed to load regulatory.db
[    3.123239] ata4: SATA link down (SStatus 0 SControl 300)
[    3.127586] ata3.00: LPM support broken, forcing max_power
[    3.131118] ata3.00: ATAPI: QEMU DVD-ROM, 2.5+, max UDMA/100
[    3.135178] ata3.00: applying bridge limits
[    3.137403] ata6: SATA link down (SStatus 0 SControl 300)
[    3.140843] ata3.00: LPM support broken, forcing max_power
[    3.143838] ata3.00: configured for UDMA/100
[    3.147184] scsi 2:0:0:0: CD-ROM            QEMU     QEMU DVD-ROM     2.5+ PQ: 0 ANSI: 5
[    3.173284] sr 2:0:0:0: [sr0] scsi3-mmc drive: 4x/4x cd/rw xa/form2 tray
[    3.190102] cdrom: Uniform CD-ROM driver Revision: 3.20
[    3.201570] sr 2:0:0:0: Attached scsi generic sg0 type 5
[    3.222521] Freeing unused kernel image (initmem) memory: 6512K
[    3.226967] Write protecting the kernel read-only data: 34816k
[    3.234408] Freeing unused kernel image (rodata/data gap) memory: 748K
[    3.357364] x86/mm: Checked W+X mappings: passed, no W+X pages found.
[    3.362632] Run /init as init process
[    3.369463] mount (94) used greatest stack depth: 13368 bytes left
BOOTMARK userspace-up
Linux (none) 6.12.111 #2 SMP PREEMPT_DYNAMIC Fri Oct  2 00:15:33 UTC 2026 x86_64 GNU/Linux
BOOTMARK insmod-start
[    3.486340] input: ImExPS/2 Generic Explorer Mouse as /devices/platform/i8042/serio1/input/input3
[    3.517558] mali mali.0: Kernel DDK version r54p0-01eac0
[    3.520366] mali mali.0: Using Dummy Model
[    3.522563] mali mali.0: GPU metrics tracepoint support enabled
[    3.526422] mali mali.0: Register LUT 000e0800 initialized for GPU arch 0x000e0805
[    3.529914] mali mali.0: GPU identified as 0x0 arch 14.8.5 r0p0 status 0
[    3.532076] mali mali.0: _find_key: OPP table not found (-19)
[    3.534790] mali mali.0: No OPPs found in device tree! Scaling timeouts using 100000 kHz
[    3.539574] mali mali.0: Large page allocation set to true after hardware feature check
[    3.545077] Dummy model register access: Reading unsupported register 0xf10. Returning 0
[    3.549266] Dummy model register access: Writing unsupported register 0xf10 value 0x0
[    3.553461] Dummy model register access: Writing unsupported register 0x88 value 0x0
[    3.557596] Dummy model register access: Writing unsupported register 0x8c value 0x0
[    3.561512] Dummy model register access: Writing unsupported register 0x88 value 0x2c52c5
[    3.564948] Dummy model register access: Writing unsupported register 0x8c value 0x0
[    3.568143] Dummy model register access: Writing unsupported register 0x41030 value 0x0
[    3.570539] Dummy model register access: Writing unsupported register 0x41034 value 0x0
[    3.573051] mali mali.0: Clock not available for devfreq
[    3.575113] mali mali.0: Continuing without devfreq
[    3.578024] mali mali.0: * MALI kbase_mmap_min_addr compiled to CONFIG_LSM_MMAP_MIN_ADDR, no runtime update possible! *
[    3.583324] mali mali.0: Probed as mali0
BOOTMARK insmod-rc 0
Module                  Size  Used by    Not tainted
mali_kbase           2252800  0 
BOOTMARK kcov-start
KCOV node present at /sys/kernel/debug/kcov
-rw-------    1 0        0                0 Oct  2 02:38 /sys/kernel/debug/kcov
BOOTMARK probe-start
KCOV init-trace ok (area=1048576 words / 8192 KiB)
KCOV enable ok (collecting)
PROBE build              kbase-probe, EL0 ioctl exerciser
PROBE device             /dev/mali0
[    3.622028] Dummy model register access: Writing unsupported register 0x40120 value 0x3fff
[    3.625819] Dummy model register access: Writing unsupported register 0x40124 value 0x0
PROBE version_check       negotiated major=1 minor=36 (proposed 1.36)
PROBE gpuprops_size       773 bytes
PROBE gpuprops product_id=0x0006 version_status=0xe850 major=9 minor=0
PROBE gpuprops gpu_freq_khz_max=851968 log2_pc_size=0 num_exec_engines=15 log2_l2_line_size=255
PROBE gpuprops raw gpu_id=0x0000000000000100
PROBE mem_alloc           gpu_va=0x41000 out_flags=0x200f (SAME_VA cookie)
PROBE mmap                bound cookie 0x41000 -> cpu=gpu=0x7fb15edb0000
PROBE mem_query           commit_size=0 bytes
PROBE summary             passed=0x1ff failed=0x000
KCOV run: inline kbase_probe_run() returned 511
KCOV disable ok (counters frozen before counting)
KCOV records=768048 distinct_pcs=5479
KCOV pc_range=0xffffffff81056e29-0xffffffff810d190b
KCOV module_pcs=0 (VMLINUX ONLY -- module not traced)
KCOV buckets vmlinux=5479 below_vmlinux=0 module_region=0 other=0
KCOV kallsyms cov_pc=0xffffffff91c41ba0 mali_text=0xffffffffc0141000-0xffffffffc0367da8
KCOV mali_text_pcs=0
KCOV procmodules mali_kbase base=0xffffffffc0141000 size=2252800
[    4.312074] kcov-ctl (106) used greatest stack depth: 13112 bytes left
KCOV init-trace ok (area=1048576 words / 8192 KiB)
KCOV enable ok (collecting)
KCOV run: inline read /dev/mali0 -> -1
KCOV disable ok (counters frozen before counting)
KCOV records=173412 distinct_pcs=1596
KCOV pc_range=0xffffffff81056e29-0xffffffff8134cd93
KCOV module_pcs=0 (VMLINUX ONLY -- module not traced)
KCOV buckets vmlinux=1596 below_vmlinux=0 module_region=0 other=0
KCOV kallsyms cov_pc=0xffffffff91c41ba0 mali_text=0xffffffffc0141000-0xffffffffc0367da8
KCOV mali_text_pcs=0
KCOV procmodules mali_kbase base=0xffffffffc0141000 size=2252800
BOOTMARK kcov-inline-read-rc 0
BOOTMARK kcov-ctl-rc 255
BOOTMARK probe-rc 0
BOOTMARK kcov-end
BOOTMARK dmesg-start
[    3.517558] mali mali.0: Kernel DDK version r54p0-01eac0
[    3.520366] mali mali.0: Using Dummy Model
[    3.522563] mali mali.0: GPU metrics tracepoint support enabled
[    3.526422] mali mali.0: Register LUT 000e0800 initialized for GPU arch 0x000e0805
[    3.529914] mali mali.0: GPU identified as 0x0 arch 14.8.5 r0p0 status 0
[    3.532076] mali mali.0: _find_key: OPP table not found (-19)
[    3.534790] mali mali.0: No OPPs found in device tree! Scaling timeouts using 100000 kHz
[    3.539574] mali mali.0: Large page allocation set to true after hardware feature check
[    3.573051] mali mali.0: Clock not available for devfreq
[    3.575113] mali mali.0: Continuing without devfreq
[    3.578024] mali mali.0: * MALI kbase_mmap_min_addr compiled to CONFIG_LSM_MMAP_MIN_ADDR, no runtime update possible! *
[    3.583324] mali mali.0: Probed as mali0
BOOTMARK dmesg-end
BOOTMARK poweroff
[    4.983129] e1000e: EEE TX LPI TIMER: 00000000
[    4.989066] ACPI: PM: Preparing to enter system sleep state S5
[    4.993053] reboot: Power down
