c[?7l[2J[0mSeaBIOS (version 1.16.3-debian-1.16.3-2)


iPXE (https://ipxe.org) 00:02.0 CA00 PCI2.10 PnP PMM+7EFCAB60+7EF0AB60 CA00
Press Ctrl-B to configure iPXE (PCI 00:02.0)...                                                                               


Booting from ROM...
c[?7l[2J[    0.000000] Linux version 6.12.111 (codespace@codespaces-5d341e) (gcc (Ubuntu 13.3.0-6ubuntu2~24.04.1) 13.3.0, GNU ld (GNU Binutils for Ubuntu) 2.42) #1 SMP PREEMPT_DYNAMIC Thu Oct  1 01:20:33 UTC 2026
[    0.000000] Command line: console=ttyS0 panic=-1 rdinit=/init loglevel=7
[    0.000000] BIOS-provided physical RAM map:
[    0.000000] BIOS-e820: [mem 0x0000000000000000-0x000000000009fbff] usable
[    0.000000] BIOS-e820: [mem 0x000000000009fc00-0x000000000009ffff] reserved
[    0.000000] BIOS-e820: [mem 0x00000000000f0000-0x00000000000fffff] reserved
[    0.000000] BIOS-e820: [mem 0x0000000000100000-0x000000007ffdefff] usable
[    0.000000] BIOS-e820: [mem 0x000000007ffdf000-0x000000007fffffff] reserved
[    0.000000] BIOS-e820: [mem 0x00000000b0000000-0x00000000bfffffff] reserved
[    0.000000] BIOS-e820: [mem 0x00000000fed1c000-0x00000000fed1ffff] reserved
[    0.000000] BIOS-e820: [mem 0x00000000feffc000-0x00000000feffffff] reserved
[    0.000000] BIOS-e820: [mem 0x00000000fffc0000-0x00000000ffffffff] reserved
[    0.000000] BIOS-e820: [mem 0x000000fd00000000-0x000000ffffffffff] reserved
[    0.000000] NX (Execute Disable) protection: active
[    0.000000] APIC: Static calls initialized
[    0.000000] SMBIOS 3.0.0 present.
[    0.000000] DMI: QEMU Standard PC (Q35 + ICH9, 2009), BIOS 1.16.3-debian-1.16.3-2 04/01/2014
[    0.000000] DMI: Memory slots populated: 1/1
[    0.000000] Hypervisor detected: KVM
[    0.000000] last_pfn = 0x7ffdf max_arch_pfn = 0x400000000
[    0.000000] kvm-clock: Using msrs 4b564d01 and 4b564d00
[    0.000001] kvm-clock: using sched offset of 436372261 cycles
[    0.000002] clocksource: kvm-clock: mask: 0xffffffffffffffff max_cycles: 0x1cd42e4dffb, max_idle_ns: 881590591483 ns
[    0.000005] tsc: Detected 2445.428 MHz processor
[    0.000912] last_pfn = 0x7ffdf max_arch_pfn = 0x400000000
[    0.001147] MTRR map: 4 entries (3 fixed + 1 variable; max 19), built from 8 variable MTRRs
[    0.001155] x86/PAT: Configuration [0-7]: WB  WC  UC- UC  WB  WP  UC- WT  
[    0.003525] found SMP MP-table at [mem 0x000f5480-0x000f548f]
[    0.004042] RAMDISK: [mem 0x7fdc8000-0x7ffcffff]
[    0.004137] ACPI: Early table checksum verification disabled
[    0.004157] ACPI: RSDP 0x00000000000F52C0 000014 (v00 BOCHS )
[    0.004170] ACPI: RSDT 0x000000007FFE2425 000038 (v01 BOCHS  BXPC     00000001 BXPC 00000001)
[    0.004174] ACPI: FACP 0x000000007FFE2205 0000F4 (v03 BOCHS  BXPC     00000001 BXPC 00000001)
[    0.004177] ACPI: DSDT 0x000000007FFE0040 0021C5 (v01 BOCHS  BXPC     00000001 BXPC 00000001)
[    0.004179] ACPI: FACS 0x000000007FFE0000 000040
[    0.004181] ACPI: APIC 0x000000007FFE22F9 000090 (v03 BOCHS  BXPC     00000001 BXPC 00000001)
[    0.004182] ACPI: HPET 0x000000007FFE2389 000038 (v01 BOCHS  BXPC     00000001 BXPC 00000001)
[    0.004184] ACPI: MCFG 0x000000007FFE23C1 00003C (v01 BOCHS  BXPC     00000001 BXPC 00000001)
[    0.004185] ACPI: WAET 0x000000007FFE23FD 000028 (v01 BOCHS  BXPC     00000001 BXPC 00000001)
[    0.004186] ACPI: Reserving FACP table memory at [mem 0x7ffe2205-0x7ffe22f8]
[    0.004187] ACPI: Reserving DSDT table memory at [mem 0x7ffe0040-0x7ffe2204]
[    0.004188] ACPI: Reserving FACS table memory at [mem 0x7ffe0000-0x7ffe003f]
[    0.004188] ACPI: Reserving APIC table memory at [mem 0x7ffe22f9-0x7ffe2388]
[    0.004189] ACPI: Reserving HPET table memory at [mem 0x7ffe2389-0x7ffe23c0]
[    0.004189] ACPI: Reserving MCFG table memory at [mem 0x7ffe23c1-0x7ffe23fc]
[    0.004190] ACPI: Reserving WAET table memory at [mem 0x7ffe23fd-0x7ffe2424]
[    0.004916] No NUMA configuration found
[    0.004917] Faking a node at [mem 0x0000000000000000-0x000000007ffdefff]
[    0.004922] NODE_DATA(0) allocated [mem 0x7ffdb940-0x7ffdefff]
[    0.004932] Zone ranges:
[    0.004933]   DMA      [mem 0x0000000000001000-0x0000000000ffffff]
[    0.004934]   DMA32    [mem 0x0000000001000000-0x000000007ffdefff]
[    0.004935]   Normal   empty
[    0.004936] Movable zone start for each node
[    0.004936] Early memory node ranges
[    0.004936]   node   0: [mem 0x0000000000001000-0x000000000009efff]
[    0.004937]   node   0: [mem 0x0000000000100000-0x000000007ffdefff]
[    0.004938] Initmem setup node 0 [mem 0x0000000000001000-0x000000007ffdefff]
[    0.005896] On node 0, zone DMA: 1 pages in unavailable ranges
[    0.006508] On node 0, zone DMA: 97 pages in unavailable ranges
[    0.100848] On node 0, zone DMA32: 33 pages in unavailable ranges
[    0.101778] ACPI: PM-Timer IO Port: 0x608
[    0.101792] ACPI: LAPIC_NMI (acpi_id[0xff] dfl dfl lint[0x1])
[    0.101872] IOAPIC[0]: apic_id 0, version 17, address 0xfec00000, GSI 0-23
[    0.101875] ACPI: INT_SRC_OVR (bus 0 bus_irq 0 global_irq 2 dfl dfl)
[    0.101876] ACPI: INT_SRC_OVR (bus 0 bus_irq 5 global_irq 5 high level)
[    0.101877] ACPI: INT_SRC_OVR (bus 0 bus_irq 9 global_irq 9 high level)
[    0.101878] ACPI: INT_SRC_OVR (bus 0 bus_irq 10 global_irq 10 high level)
[    0.101879] ACPI: INT_SRC_OVR (bus 0 bus_irq 11 global_irq 11 high level)
[    0.101881] ACPI: Using ACPI (MADT) for SMP configuration information
[    0.101882] ACPI: HPET id: 0x8086a201 base: 0xfed00000
[    0.101889] CPU topo: Max. logical packages:   1
[    0.101890] CPU topo: Max. logical dies:       1
[    0.101890] CPU topo: Max. dies per package:   1
[    0.101893] CPU topo: Max. threads per core:   1
[    0.101893] CPU topo: Num. cores per package:     4
[    0.101894] CPU topo: Num. threads per package:   4
[    0.101894] CPU topo: Allowing 4 present CPUs plus 0 hotplug CPUs
[    0.101922] kvm-guest: APIC: eoi() replaced with kvm_guest_apic_eoi_write()
[    0.101996] PM: hibernation: Registered nosave memory: [mem 0x00000000-0x00000fff]
[    0.101997] PM: hibernation: Registered nosave memory: [mem 0x0009f000-0x000fffff]
[    0.101999] [mem 0xc0000000-0xfed1bfff] available for PCI devices
[    0.102000] Booting paravirtualized kernel on KVM
[    0.102002] clocksource: refined-jiffies: mask: 0xffffffff max_cycles: 0xffffffff, max_idle_ns: 1910969940391419 ns
[    0.106957] setup_percpu: NR_CPUS:64 nr_cpumask_bits:4 nr_cpu_ids:4 nr_node_ids:1
[    0.113546] percpu: Embedded 56 pages/cpu s192216 r8192 d28968 u524288
[    0.113616] Kernel command line: console=ttyS0 panic=-1 rdinit=/init loglevel=7
[    0.119962] Dentry cache hash table entries: 262144 (order: 9, 2097152 bytes, linear)
[    0.120014] Inode-cache hash table entries: 131072 (order: 8, 1048576 bytes, linear)
[    0.120067] Fallback order for Node 0: 0 
[    0.120069] Built 1 zonelists, mobility grouping on.  Total pages: 524157
[    0.120070] Policy zone: DMA32
[    0.120072] mem auto-init: stack:all(zero), heap alloc:off, heap free:off
[    0.123645] SLUB: HWalign=64, Order=0-3, MinObjects=0, CPUs=4, Nodes=1
[    0.125650] Dynamic Preempt: voluntary
[    0.126593] rcu: Preemptible hierarchical RCU implementation.
[    0.126593] rcu: 	RCU event tracing is enabled.
[    0.126594] rcu: 	RCU restricting CPUs from NR_CPUS=64 to nr_cpu_ids=4.
[    0.126595] 	Trampoline variant of Tasks RCU enabled.
[    0.126595] 	Tracing variant of Tasks RCU enabled.
[    0.126596] rcu: RCU calculated value of scheduler-enlistment delay is 100 jiffies.
[    0.126597] rcu: Adjusting geometry for rcu_fanout_leaf=16, nr_cpu_ids=4
[    0.126623] RCU Tasks: Setting shift to 2 and lim to 1 rcu_task_cb_adjust=1 rcu_task_cpu_ids=4.
[    0.126625] RCU Tasks Trace: Setting shift to 2 and lim to 1 rcu_task_cb_adjust=1 rcu_task_cpu_ids=4.
[    0.131550] NR_IRQS: 4352, nr_irqs: 456, preallocated irqs: 16
[    0.132874] rcu: srcu_init: Setting srcu_struct sizes based on contention.
[    0.133002] clocksource: jiffies: mask: 0xffffffff max_cycles: 0xffffffff, max_idle_ns: 1911260446275000 ns
[    0.147672] Console: colour VGA+ 80x25
[    0.147799] printk: legacy console [ttyS0] enabled
[    0.638447] ACPI: Core revision 20240827
[    0.641752] clocksource: hpet: mask: 0xffffffff max_cycles: 0xffffffff, max_idle_ns: 19112604467 ns
[    0.646163] APIC: Switch to symmetric I/O mode setup
[    0.653132] ..TIMER: vector=0x30 apic1=0 pin1=2 apic2=-1 pin2=-1
[    0.657896] clocksource: tsc-early: mask: 0xffffffffffffffff max_cycles: 0x233fd98c0cf, max_idle_ns: 440795209930 ns
[    0.666077] Calibrating delay loop (skipped) preset value.. 4890.85 BogoMIPS (lpj=2445428)
[    0.668603] Last level iTLB entries: 4KB 512, 2MB 255, 4MB 127
[    0.669075] Last level dTLB entries: 4KB 512, 2MB 255, 4MB 127, 1GB 0
[    0.670082] Spectre V1 : Mitigation: usercopy/swapgs barriers and __user pointer sanitization
[    0.671076] Spectre V2 : Mitigation: Retpolines
[    0.672075] Spectre V2 : Spectre v2 / SpectreRSB: Filling RSB on context switch and VMEXIT
[    0.673087] x86/fpu: x87 FPU will use FXSAVE
[    0.697081] Freeing SMP alternatives memory: 48K
[    0.698082] pid_max: default: 32768 minimum: 301
[    0.699149] LSM: initializing lsm=capability,selinux
[    0.700094] SELinux:  Initializing.
[    0.701416] Mount-cache hash table entries: 4096 (order: 3, 32768 bytes, linear)
[    0.702170] Mountpoint-cache hash table entries: 4096 (order: 3, 32768 bytes, linear)
[    0.807488] smpboot: CPU0: AMD QEMU Virtual CPU version 2.5+ (family: 0xf, model: 0x6b, stepping: 0x1)
[    0.809146] Performance Events: PMU not available due to virtualization, using software events only.
[    0.813178] signal: max sigframe size: 1440
[    0.814140] rcu: Hierarchical SRCU implementation.
[    0.815076] rcu: 	Max phase no-delay instances is 400.
[    0.816123] Timer migration: 1 hierarchy levels; 8 children per group; 1 crossnode level
[    0.818259] smp: Bringing up secondary CPUs ...
[    0.819258] smpboot: x86: Booting SMP configuration:
[    0.820078] .... node  #0, CPUs:      #1 #2 #3
[    0.832445] smp: Brought up 1 node, 4 CPUs
[    0.834075] smpboot: Total of 4 processors activated (19563.42 BogoMIPS)
[    0.837516] Memory: 2013192K/2096628K available (18432K kernel code, 2863K rwdata, 7100K rodata, 2800K init, 964K bss, 78468K reserved, 0K cma-reserved)
[    0.839519] devtmpfs: initialized
[    0.840562] futex hash table entries: 1024 (order: 4, 65536 bytes, linear)
[    0.841399] PM: RTC time: 09:31:02, date: 2026-10-01
[    0.844379] NET: Registered PF_NETLINK/PF_ROUTE protocol family
[    0.845148] audit: initializing netlink subsys (disabled)
[    0.846185] audit: type=2000 audit(1790847062.717:1): state=initialized audit_enabled=0 res=1
[    0.847264] thermal_sys: Registered thermal governor 'step_wise'
[    0.848075] thermal_sys: Registered thermal governor 'user_space'
[    0.849130] cpuidle: using governor menu
[    0.852141] PCI: ECAM [mem 0xb0000000-0xbfffffff] (base 0xb0000000) for domain 0000 [bus 00-ff]
[    0.853077] PCI: ECAM [mem 0xb0000000-0xbfffffff] reserved as E820 entry
[    0.854089] PCI: Using configuration type 1 for base access
[    0.855191] kprobes: kprobe jump-optimization is enabled. All kprobes are optimized if possible.
[    0.858671] HugeTLB: registered 2.00 MiB page size, pre-allocated 0 pages
[    0.864075] HugeTLB: 28 KiB vmemmap can be freed for a 2.00 MiB page
[    0.871490] ACPI: Added _OSI(Module Device)
[    0.876075] ACPI: Added _OSI(Processor Device)
[    0.879076] ACPI: Added _OSI(Processor Aggregator Device)
[    0.884300] ACPI: 1 ACPI AML tables successfully acquired and loaded
[    0.897155] ACPI: Interpreter enabled
[    0.898086] ACPI: PM: (supports S0 S3 S4 S5)
[    0.899075] ACPI: Using IOAPIC for interrupt routing
[    0.900112] PCI: Using host bridge windows from ACPI; if necessary, use "pci=nocrs" and report a bug
[    0.901074] PCI: Using E820 reservations for host bridge windows
[    0.902209] ACPI: Enabled 2 GPEs in block 00 to 3F
[    0.906827] ACPI: PCI Root Bridge [PCI0] (domain 0000 [bus 00-ff])
[    0.907078] acpi PNP0A08:00: _OSC: OS supports [ExtendedConfig ASPM ClockPM Segments MSI HPX-Type3]
[    0.908129] acpi PNP0A08:00: _OSC: platform does not support [LTR]
[    0.909159] acpi PNP0A08:00: _OSC: OS now controls [PME PCIeCapability]
[    0.910165] PCI host bridge to bus 0000:00
[    0.911080] pci_bus 0000:00: root bus resource [io  0x0000-0x0cf7 window]
[    0.912080] pci_bus 0000:00: root bus resource [io  0x0d00-0xffff window]
[    0.913080] pci_bus 0000:00: root bus resource [mem 0x000a0000-0x000bffff window]
[    0.914077] pci_bus 0000:00: root bus resource [mem 0x80000000-0xafffffff window]
[    0.915122] pci_bus 0000:00: root bus resource [mem 0xc0000000-0xfebfffff window]
[    0.916077] pci_bus 0000:00: root bus resource [mem 0x100000000-0x8ffffffff window]
[    0.917078] pci_bus 0000:00: root bus resource [bus 00-ff]
[    0.918232] pci 0000:00:00.0: [8086:29c0] type 00 class 0x060000 conventional PCI endpoint
[    0.920980] pci 0000:00:01.0: [1234:1111] type 00 class 0x030000 conventional PCI endpoint
[    0.923216] pci 0000:00:01.0: BAR 0 [mem 0xfd000000-0xfdffffff pref]
[    0.929156] pci 0000:00:01.0: BAR 2 [mem 0xfebd4000-0xfebd4fff]
[    0.939179] pci 0000:00:01.0: ROM [mem 0xfebc0000-0xfebcffff pref]
[    0.940481] pci 0000:00:01.0: Video device with shadowed ROM at [mem 0x000c0000-0x000dffff]
[    0.943152] pci 0000:00:02.0: [8086:10d3] type 00 class 0x020000 PCIe Root Complex Integrated Endpoint
[    0.946075] pci 0000:00:02.0: BAR 0 [mem 0xfeb80000-0xfeb9ffff]
[    0.948790] pci 0000:00:02.0: BAR 1 [mem 0xfeba0000-0xfebbffff]
[    0.951505] pci 0000:00:02.0: BAR 2 [io  0xc040-0xc05f]
[    0.954075] pci 0000:00:02.0: BAR 3 [mem 0xfebd0000-0xfebd3fff]
[    0.960076] pci 0000:00:02.0: ROM [mem 0xfeb00000-0xfeb7ffff pref]
[    0.965551] pci 0000:00:1f.0: [8086:2918] type 00 class 0x060100 conventional PCI endpoint
[    0.967325] pci 0000:00:1f.0: quirk: [io  0x0600-0x067f] claimed by ICH6 ACPI/GPIO/TCO
[    0.969619] pci 0000:00:1f.2: [8086:2922] type 00 class 0x010601 conventional PCI endpoint
[    0.975573] pci 0000:00:1f.2: BAR 4 [io  0xc060-0xc07f]
[    0.977696] pci 0000:00:1f.2: BAR 5 [mem 0xfebd5000-0xfebd5fff]
[    0.980160] pci 0000:00:1f.3: [8086:2930] type 00 class 0x0c0500 conventional PCI endpoint
[    0.983075] pci 0000:00:1f.3: BAR 4 [io  0x0700-0x073f]
[    0.989543] ACPI: PCI: Interrupt link LNKA configured for IRQ 10
[    0.990209] ACPI: PCI: Interrupt link LNKB configured for IRQ 10
[    0.991194] ACPI: PCI: Interrupt link LNKC configured for IRQ 11
[    0.993084] ACPI: PCI: Interrupt link LNKD configured for IRQ 11
[    0.994193] ACPI: PCI: Interrupt link LNKE configured for IRQ 10
[    0.995224] ACPI: PCI: Interrupt link LNKF configured for IRQ 10
[    0.996221] ACPI: PCI: Interrupt link LNKG configured for IRQ 11
[    0.997244] ACPI: PCI: Interrupt link LNKH configured for IRQ 11
[    0.998133] ACPI: PCI: Interrupt link GSIA configured for IRQ 16
[    0.999083] ACPI: PCI: Interrupt link GSIB configured for IRQ 17
[    1.000092] ACPI: PCI: Interrupt link GSIC configured for IRQ 18
[    1.001087] ACPI: PCI: Interrupt link GSID configured for IRQ 19
[    1.002090] ACPI: PCI: Interrupt link GSIE configured for IRQ 20
[    1.003093] ACPI: PCI: Interrupt link GSIF configured for IRQ 21
[    1.004129] ACPI: PCI: Interrupt link GSIG configured for IRQ 22
[    1.005091] ACPI: PCI: Interrupt link GSIH configured for IRQ 23
[    1.007746] iommu: Default domain type: Translated
[    1.008075] iommu: DMA domain TLB invalidation policy: lazy mode
[    1.010372] SCSI subsystem initialized
[    1.011362] ACPI: bus type USB registered
[    1.013143] usbcore: registered new interface driver usbfs
[    1.014098] usbcore: registered new interface driver hub
[    1.015086] usbcore: registered new device driver usb
[    1.016173] pps_core: LinuxPPS API ver. 1 registered
[    1.017075] pps_core: Software ver. 5.3.6 - Copyright 2005-2007 Rodolfo Giometti <giometti@linux.it>
[    1.018083] PTP clock support registered
[    1.020306] Advanced Linux Sound Architecture Driver Initialized.
[    1.022200] NetLabel: Initializing
[    1.023074] NetLabel:  domain hash size = 128
[    1.024089] NetLabel:  protocols = UNLABELED CIPSOv4 CALIPSO
[    1.025122] NetLabel:  unlabeled traffic allowed by default
[    1.026190] PCI: Using ACPI for IRQ routing
[    1.214872] pci 0000:00:01.0: vgaarb: setting as boot VGA device
[    1.215072] pci 0000:00:01.0: vgaarb: bridge control possible
[    1.215072] pci 0000:00:01.0: vgaarb: VGA device added: decodes=io+mem,owns=io+mem,locks=none
[    1.215080] vgaarb: loaded
[    1.217480] hpet: 3 channels of 0 reserved for per-cpu timers
[    1.218120] hpet0: at MMIO 0xfed00000, IRQs 2, 8, 0
[    1.220075] hpet0: 3 comparators, 64-bit 100.000000 MHz counter
[    1.224248] clocksource: Switched to clocksource kvm-clock
[    1.232583] VFS: Disk quotas dquot_6.6.0
[    1.235038] VFS: Dquot-cache hash table entries: 512 (order 0, 4096 bytes)
[    1.240593] pnp: PnP ACPI init
[    1.243143] system 00:05: [mem 0xb0000000-0xbfffffff window] has been reserved
[    1.248933] pnp: PnP ACPI: found 6 devices
[    1.263208] clocksource: acpi_pm: mask: 0xffffff max_cycles: 0xffffff, max_idle_ns: 2085701024 ns
[    1.270325] NET: Registered PF_INET protocol family
[    1.274458] IP idents hash table entries: 32768 (order: 6, 262144 bytes, linear)
[    1.280732] tcp_listen_portaddr_hash hash table entries: 1024 (order: 2, 16384 bytes, linear)
[    1.287334] Table-perturb hash table entries: 65536 (order: 6, 262144 bytes, linear)
[    1.292762] TCP established hash table entries: 16384 (order: 5, 131072 bytes, linear)
[    1.298394] TCP bind hash table entries: 16384 (order: 7, 524288 bytes, linear)
[    1.302994] TCP: Hash tables configured (established 16384 bind 16384)
[    1.307382] UDP hash table entries: 1024 (order: 3, 32768 bytes, linear)
[    1.312182] UDP-Lite hash table entries: 1024 (order: 3, 32768 bytes, linear)
[    1.317743] NET: Registered PF_UNIX/PF_LOCAL protocol family
[    1.321996] RPC: Registered named UNIX socket transport module.
[    1.326244] RPC: Registered udp transport module.
[    1.329491] RPC: Registered tcp transport module.
[    1.332915] RPC: Registered tcp-with-tls transport module.
[    1.336852] RPC: Registered tcp NFSv4.1 backchannel transport module.
[    1.342543] pci_bus 0000:00: resource 4 [io  0x0000-0x0cf7 window]
[    1.347387] pci_bus 0000:00: resource 5 [io  0x0d00-0xffff window]
[    1.352371] pci_bus 0000:00: resource 6 [mem 0x000a0000-0x000bffff window]
[    1.357476] pci_bus 0000:00: resource 7 [mem 0x80000000-0xafffffff window]
[    1.362676] pci_bus 0000:00: resource 8 [mem 0xc0000000-0xfebfffff window]
[    1.366780] pci_bus 0000:00: resource 9 [mem 0x100000000-0x8ffffffff window]
[    1.373378] PCI: CLS 0 bytes, default 64
[    1.376857] clocksource: tsc: mask: 0xffffffffffffffff max_cycles: 0x233fd98c0cf, max_idle_ns: 440795209930 ns
[    1.376894] Unpacking initramfs...
[    1.391980] Initialise system trusted keyrings
[    1.395964] workingset: timestamp_bits=56 max_order=19 bucket_order=0
[    1.400907] NFS: Registering the id_resolver key type
[    1.404847] Key type id_resolver registered
[    1.407885] Key type id_legacy registered
[    1.411367] 9p: Installing v9fs 9p2000 file system support
[    1.425917] Freeing initrd memory: 2080K
[    1.429419] Key type asymmetric registered
[    1.432574] Asymmetric key parser 'x509' registered
[    1.436334] Block layer SCSI generic (bsg) driver version 0.4 loaded (major 251)
[    1.441834] io scheduler mq-deadline registered
[    1.445325] io scheduler kyber registered
[    1.449411] input: Power Button as /devices/LNXSYSTM:00/LNXPWRBN:00/input/input0
[    1.455206] ACPI: button: Power Button [PWRF]
[    1.459464] Serial: 8250/16550 driver, 4 ports, IRQ sharing enabled
[    1.464601] 00:03: ttyS0 at I/O 0x3f8 (irq = 4, base_baud = 115200) is a 16550A
[    1.471559] Non-volatile memory driver v1.3
[    1.474824] Linux agpgart interface v0.103
[    1.477611] ACPI: bus type drm_connector registered
[    1.486784] loop: module loaded
[    1.489555] ACPI: \_SB_.GSIA: Enabled at IRQ 16
[    1.494727] ahci 0000:00:1f.2: AHCI vers 0001.0000, 32 command slots, 1.5 Gbps, SATA mode
[    1.501170] ahci 0000:00:1f.2: 6/6 ports implemented (port mask 0x3f)
[    1.506398] ahci 0000:00:1f.2: flags: 64bit ncq only 
[    1.512240] scsi host0: ahci
[    1.515146] scsi host1: ahci
[    1.517975] scsi host2: ahci
[    1.520732] scsi host3: ahci
[    1.523445] scsi host4: ahci
[    1.526046] scsi host5: ahci
[    1.528321] ata1: SATA max UDMA/133 abar m4096@0xfebd5000 port 0xfebd5100 irq 24 lpm-pol 1
[    1.534714] ata2: SATA max UDMA/133 abar m4096@0xfebd5000 port 0xfebd5180 irq 24 lpm-pol 1
[    1.540853] ata3: SATA max UDMA/133 abar m4096@0xfebd5000 port 0xfebd5200 irq 24 lpm-pol 1
[    1.547111] ata4: SATA max UDMA/133 abar m4096@0xfebd5000 port 0xfebd5280 irq 24 lpm-pol 1
[    1.552888] ata5: SATA max UDMA/133 abar m4096@0xfebd5000 port 0xfebd5300 irq 24 lpm-pol 1
[    1.559231] ata6: SATA max UDMA/133 abar m4096@0xfebd5000 port 0xfebd5380 irq 24 lpm-pol 1
[    1.565818] e100: Intel(R) PRO/100 Network Driver
[    1.569440] e100: Copyright(c) 1999-2006 Intel Corporation
[    1.573697] e1000: Intel(R) PRO/1000 Network Driver
[    1.577496] e1000: Copyright (c) 1999-2006 Intel Corporation.
[    1.581930] e1000e: Intel(R) PRO/1000 Network Driver
[    1.585013] e1000e: Copyright(c) 1999 - 2015 Intel Corporation.
[    1.590306] ACPI: \_SB_.GSIG: Enabled at IRQ 22
[    1.594439] e1000e 0000:00:02.0: Interrupt Throttling Rate (ints/sec) set to dynamic conservative mode
[    1.641456] e1000e 0000:00:02.0 0000:00:02.0 (uninitialized): registered PHC clock
[    1.701540] e1000e 0000:00:02.0 eth0: (PCI Express:2.5GT/s:Width x1) 52:54:00:12:34:56
[    1.707738] e1000e 0000:00:02.0 eth0: Intel(R) PRO/1000 Network Connection
[    1.713211] e1000e 0000:00:02.0 eth0: MAC: 3, PHY: 8, PBA No: 000000-000
[    1.718570] sky2: driver version 1.30
[    1.721902] usbcore: registered new interface driver usblp
[    1.726061] usbcore: registered new interface driver usb-storage
[    1.731306] i8042: PNP: PS/2 Controller [PNP0303:KBD,PNP0f13:MOU] at 0x60,0x64 irq 1,12
[    1.739600] serio: i8042 KBD port at 0x60,0x64 irq 1
[    1.743705] serio: i8042 AUX port at 0x60,0x64 irq 12
[    1.748238] rtc_cmos 00:04: RTC can wake from S4
[    1.753916] input: AT Translated Set 2 keyboard as /devices/platform/i8042/serio0/input/input1
[    1.760722] rtc_cmos 00:04: registered as rtc0
[    1.764554] rtc_cmos 00:04: alarms up to one day, y3k, 242 bytes nvram, hpet irqs
[    1.770798] device-mapper: ioctl: 4.48.0-ioctl (2023-03-01) initialised: dm-devel@lists.linux.dev
[    1.771390] i801_smbus 0000:00:1f.3: SMBus using PCI interrupt
[    1.778916] amd_pstate: the _CPC object is not present in SBIOS or ACPI disabled
[    1.778957] hid: raw HID events driver (C) Jiri Kosina
[    1.779237] usbcore: registered new interface driver usbhid
[    1.784833] i2c i2c-0: Memory type 0x07 not supported yet, not instantiating SPD
[    1.789935] usbhid: USB HID core driver
[    1.793523] Initializing XFRM netlink socket
[    1.817820] NET: Registered PF_INET6 protocol family
[    1.824722] Segment Routing with IPv6
[    1.827325] In-situ OAM (IOAM) with IPv6
[    1.830709] sit: IPv6, IPv4 and MPLS over IPv4 tunneling driver
[    1.835996] NET: Registered PF_PACKET protocol family
[    1.840459] 9pnet: Installing 9P2000 support
[    1.844465] Key type dns_resolver registered
[    1.849965] IPI shorthand broadcast: enabled
[    1.857407] sched_clock: Marking stable (1327050905, 530070777)->(2293712340, -436590658)
[    1.864243] registered taskstats version 1
[    1.867513] Loading compiled-in X.509 certificates
[    1.872320] Demotion targets for Node 0: null
[    1.876306] PM:   Magic number: 14:529:524
[    1.879614] printk: legacy console [netcon0] enabled
[    1.883569] netconsole: network logging started
[    1.887241] cfg80211: Loading compiled-in X.509 certificates for regulatory database
[    1.888534] ata1: SATA link down (SStatus 0 SControl 300)
[    1.894233] kworker/u16:8 (89) used greatest stack depth: 15048 bytes left
[    1.898623] ata5: SATA link down (SStatus 0 SControl 300)
[    1.902613] Loaded X.509 cert 'sforshee: 00b28ddf47aef9cea7'
[    1.912378] ata6: SATA link down (SStatus 0 SControl 300)
[    1.914993] Loaded X.509 cert 'wens: 61c038651aabdcf94bd0ac7ff06c7248db18c600'
[    1.922626] ata3: SATA link up 1.5 Gbps (SStatus 113 SControl 300)
[    1.923529] platform regulatory.0: Direct firmware load for regulatory.db failed with error -2
[    1.925228] ALSA device list:
[    1.925230]   No soundcards found.
[    1.932708] ata2: SATA link down (SStatus 0 SControl 300)
[    1.937377] cfg80211: failed to load regulatory.db
[    1.939022] ata3.00: LPM support broken, forcing max_power
[    1.958536] ata3.00: ATAPI: QEMU DVD-ROM, 2.5+, max UDMA/100
[    1.958545] ata3.00: applying bridge limits
[    1.959572] ata4: SATA link down (SStatus 0 SControl 300)
[    1.971058] ata3.00: LPM support broken, forcing max_power
[    1.975071] ata3.00: configured for UDMA/100
[    1.978479] scsi 2:0:0:0: CD-ROM            QEMU     QEMU DVD-ROM     2.5+ PQ: 0 ANSI: 5
[    1.998767] sr 2:0:0:0: [sr0] scsi3-mmc drive: 4x/4x cd/rw xa/form2 tray
[    2.014679] cdrom: Uniform CD-ROM driver Revision: 3.20
[    2.025642] sr 2:0:0:0: Attached scsi generic sg0 type 5
[    2.039551] Freeing unused kernel image (initmem) memory: 2800K
[    2.043616] Write protecting the kernel read-only data: 26624k
[    2.052353] Freeing unused kernel image (rodata/data gap) memory: 1092K
[    2.088618] x86/mm: Checked W+X mappings: passed, no W+X pages found.
[    2.092359] Run /init as init process
[    2.097299] mount (93) used greatest stack depth: 13688 bytes left
[    2.100438] mount (95) used greatest stack depth: 13640 bytes left
BOOTMARK userspace-up
Linux (none) 6.12.111 #1 SMP PREEMPT_DYNAMIC Thu Oct  1 01:20:33 UTC 2026 x86_64 GNU/Linux
BOOTMARK insmod-start
[    2.130389] mali mali.0: Kernel DDK version r54p0-01eac0
[    2.134641] mali mali.0: Using Dummy Model
[    2.137303] mali mali.0: GPU metrics tracepoint support enabled
[    2.140874] mali mali.0: Register LUT 000e0800 initialized for GPU arch 0x000e0805
[    2.145655] mali mali.0: GPU identified as 0x0 arch 14.8.5 r0p0 status 0
[    2.149529] mali mali.0: _find_key: OPP table not found (-19)
[    2.152998] mali mali.0: No OPPs found in device tree! Scaling timeouts using 100000 kHz
[    2.157901] mali mali.0: Large page allocation set to true after hardware feature check
[    2.163588] Dummy model register access: Reading unsupported register 0xf10. Returning 0
[    2.167565] Dummy model register access: Writing unsupported register 0xf10 value 0x0
[    2.171010] Dummy model register access: Writing unsupported register 0x88 value 0x0
[    2.174999] Dummy model register access: Writing unsupported register 0x8c value 0x0
[    2.179406] Dummy model register access: Writing unsupported register 0x88 value 0x17232d
[    2.183796] Dummy model register access: Writing unsupported register 0x8c value 0x0
[    2.188383] Dummy model register access: Writing unsupported register 0x41030 value 0x0
[    2.192313] Dummy model register access: Writing unsupported register 0x41034 value 0x0
[    2.196520] mali mali.0: Clock not available for devfreq
[    2.199582] mali mali.0: Continuing without devfreq
[    2.202645] mali mali.0: * MALI kbase_mmap_min_addr compiled to CONFIG_LSM_MMAP_MIN_ADDR, no runtime update possible! *
[    2.208539] mali mali.0: Probed as mali0
BOOTMARK insmod-rc 0
Module                  Size  Used by    Not tainted
mali_kbase           1900544  0 
BOOTMARK probe-start
PROBE build              kbase-probe, EL0 ioctl exerciser
PROBE device             /dev/ma[    2.225295] Dummy model register access: Writing unsupported register 0x40120 value 0x3fff
li0
[    2.228050] Dummy model register access: Writing unsupported register 0x40124 value 0x0
PROBE open                   PASS
PROBE version_check       negotiated major=1 minor=36 (proposed 1.36)
PROBE version_check          PASS
PROBE set_flags              PASS
PROBE gpuprops_size       773 bytes
PROBE gpuprops_size          PASS
PROBE gpuprops product_id=0x0006 version_status=0xe850 major=9 minor=0
PROBE gpuprops gpu_freq_khz_max=851968 log2_pc_size=0 num_exec_engines=15 log2_l2_line_size=255
PROBE gpuprops raw gpu_id=0x0000000000000100
PROBE gpuprops_read          PASS
PROBE mem_alloc           gpu_va=0x41000 out_flags=0x200f (SAME_VA cookie)
PROBE mem_alloc              PASS
PROBE mmap                bound cookie 0x41000 -> cpu=gpu=0x7f2715421000
PROBE mmap                   PASS
PROBE mem_query           commit_size=0 bytes
PROBE mem_query              PASS
PROBE munmap                 PASS
PROBE summary             passed=0x1ff failed=0x000
BOOTMARK probe-rc 255
BOOTMARK dmesg-start
[    2.130389] mali mali.0: Kernel DDK version r54p0-01eac0
[    2.134641] mali mali.0: Using Dummy Model
[    2.137303] mali mali.0: GPU metrics tracepoint support enabled
[    2.140874] mali mali.0: Register LUT 000e0800 initialized for GPU arch 0x000e0805
[    2.145655] mali mali.0: GPU identified as 0x0 arch 14.8.5 r0p0 status 0
[    2.149529] mali mali.0: _find_key: OPP table not found (-19)
[    2.152998] mali mali.0: No OPPs found in device tree! Scaling timeouts using 100000 kHz
[    2.157901] mali mali.0: Large page allocation set to true after hardware feature check
[    2.196520] mali mali.0: Clock not available for devfreq
[    2.199582] mali mali.0: Continuing without devfreq
[    2.202645] mali mali.0: * MALI kbase_mmap_min_addr compiled to CONFIG_LSM_MMAP_MIN_ADDR, no runtime update possible! *
[    2.208539] mali mali.0: Probed as mali0
BOOTMARK dmesg-end
BOOTMARK poweroff
[    2.316381] input: ImExPS/2 Generic Explorer Mouse as /devices/platform/i8042/serio1/input/input3
[    2.322889] e1000e: EEE TX LPI TIMER: 00000000
[    2.329226] ACPI: PM: Preparing to enter system sleep state S5
[    2.332804] reboot: Power down
