c[?7l[2J[0mSeaBIOS (version 1.16.3-debian-1.16.3-2)


iPXE (https://ipxe.org) 00:02.0 CA00 PCI2.10 PnP PMM+7EFCAB60+7EF0AB60 CA00
Press Ctrl-B to configure iPXE (PCI 00:02.0)...                                                                               


Booting from ROM...
c[?7l[2J[    0.000000] Linux version 6.12.111 (codespace@codespaces-5d341e) (gcc (Ubuntu 13.3.0-6ubuntu2~24.04.1) 13.3.0, GNU ld (GNU Binutils for Ubuntu) 2.42) #1 SMP PREEMPT_DYNAMIC Thu Oct  1 11:09:58 UTC 2026
[    0.000000] Command line: console=ttyS0 panic=-1 rdinit=/init loglevel=7
[    0.000000] BIOS-provided physical RAM map:
[    0.000000] BIOS-e820: [mem 0x0000000000000000-0x000000000009fbff] usable
[    0.000000] BIOS-e820: [mem 0x000000000009fc00-0x000000000009ffff] reserved
[    0.000000] BIOS-e820: [mem 0x00000000000f0000-0x00000000000fffff] reserved
[    0.000000] BIOS-e820: [mem 0x0000000000100000-0x000000007ffdefff] usable
[    0.000000] BIOS-e820: [mem 0x000000007ffdf000-0x000000007fffffff] reserved
[    0.000000] BIOS-e820: [mem 0x00000000b0000000-0x00000000bfffffff] reserved
[    0.000000] BIOS-e820: [mem 0x00000000fed1c000-0x00000000fed1ffff] reserved
[    0.000000] BIOS-e820: [mem 0x00000000feffc000-0x00000000feffffff] reserved
[    0.000000] BIOS-e820: [mem 0x00000000fffc0000-0x00000000ffffffff] reserved
[    0.000000] BIOS-e820: [mem 0x000000fd00000000-0x000000ffffffffff] reserved
[    0.000000] NX (Execute Disable) protection: active
[    0.000000] APIC: Static calls initialized
[    0.000000] SMBIOS 3.0.0 present.
[    0.000000] DMI: QEMU Standard PC (Q35 + ICH9, 2009), BIOS 1.16.3-debian-1.16.3-2 04/01/2014
[    0.000000] DMI: Memory slots populated: 1/1
[    0.000000] Hypervisor detected: KVM
[    0.000000] last_pfn = 0x7ffdf max_arch_pfn = 0x400000000
[    0.000000] kvm-clock: Using msrs 4b564d01 and 4b564d00
[    0.000001] kvm-clock: using sched offset of 1280471058 cycles
[    0.000002] clocksource: kvm-clock: mask: 0xffffffffffffffff max_cycles: 0x1cd42e4dffb, max_idle_ns: 881590591483 ns
[    0.000006] tsc: Detected 2445.430 MHz processor
[    0.001476] last_pfn = 0x7ffdf max_arch_pfn = 0x400000000
[    0.001749] MTRR map: 4 entries (3 fixed + 1 variable; max 19), built from 8 variable MTRRs
[    0.001760] x86/PAT: Configuration [0-7]: WB  WC  UC- UC  WB  WP  UC- WT  
[    0.005599] found SMP MP-table at [mem 0x000f5480-0x000f548f]
[    0.006432] RAMDISK: [mem 0x7ecf0000-0x7ffcffff]
[    0.006619] ACPI: Early table checksum verification disabled
[    0.006744] ACPI: RSDP 0x00000000000F52C0 000014 (v00 BOCHS )
[    0.006770] ACPI: RSDT 0x000000007FFE2425 000038 (v01 BOCHS  BXPC     00000001 BXPC 00000001)
[    0.006777] ACPI: FACP 0x000000007FFE2205 0000F4 (v03 BOCHS  BXPC     00000001 BXPC 00000001)
[    0.006797] ACPI: DSDT 0x000000007FFE0040 0021C5 (v01 BOCHS  BXPC     00000001 BXPC 00000001)
[    0.006801] ACPI: FACS 0x000000007FFE0000 000040
[    0.006804] ACPI: APIC 0x000000007FFE22F9 000090 (v03 BOCHS  BXPC     00000001 BXPC 00000001)
[    0.006807] ACPI: HPET 0x000000007FFE2389 000038 (v01 BOCHS  BXPC     00000001 BXPC 00000001)
[    0.006811] ACPI: MCFG 0x000000007FFE23C1 00003C (v01 BOCHS  BXPC     00000001 BXPC 00000001)
[    0.006814] ACPI: WAET 0x000000007FFE23FD 000028 (v01 BOCHS  BXPC     00000001 BXPC 00000001)
[    0.006817] ACPI: Reserving FACP table memory at [mem 0x7ffe2205-0x7ffe22f8]
[    0.006819] ACPI: Reserving DSDT table memory at [mem 0x7ffe0040-0x7ffe2204]
[    0.006820] ACPI: Reserving FACS table memory at [mem 0x7ffe0000-0x7ffe003f]
[    0.006821] ACPI: Reserving APIC table memory at [mem 0x7ffe22f9-0x7ffe2388]
[    0.006822] ACPI: Reserving HPET table memory at [mem 0x7ffe2389-0x7ffe23c0]
[    0.006823] ACPI: Reserving MCFG table memory at [mem 0x7ffe23c1-0x7ffe23fc]
[    0.006824] ACPI: Reserving WAET table memory at [mem 0x7ffe23fd-0x7ffe2424]
[    0.007924] No NUMA configuration found
[    0.007926] Faking a node at [mem 0x0000000000000000-0x000000007ffdefff]
[    0.008000] NODE_DATA(0) allocated [mem 0x7ffdb940-0x7ffdefff]
[    0.008210] Zone ranges:
[    0.008211]   DMA      [mem 0x0000000000001000-0x0000000000ffffff]
[    0.008214]   DMA32    [mem 0x0000000001000000-0x000000007ffdefff]
[    0.008216]   Normal   empty
[    0.008217] Movable zone start for each node
[    0.008218] Early memory node ranges
[    0.008218]   node   0: [mem 0x0000000000001000-0x000000000009efff]
[    0.008220]   node   0: [mem 0x0000000000100000-0x000000007ffdefff]
[    0.008222] Initmem setup node 0 [mem 0x0000000000001000-0x000000007ffdefff]
[    0.009112] On node 0, zone DMA: 1 pages in unavailable ranges
[    0.010144] On node 0, zone DMA: 97 pages in unavailable ranges
[    0.246544] On node 0, zone DMA32: 33 pages in unavailable ranges
[    0.248365] ACPI: PM-Timer IO Port: 0x608
[    0.248387] ACPI: LAPIC_NMI (acpi_id[0xff] dfl dfl lint[0x1])
[    0.248510] IOAPIC[0]: apic_id 0, version 17, address 0xfec00000, GSI 0-23
[    0.248514] ACPI: INT_SRC_OVR (bus 0 bus_irq 0 global_irq 2 dfl dfl)
[    0.248517] ACPI: INT_SRC_OVR (bus 0 bus_irq 5 global_irq 5 high level)
[    0.248519] ACPI: INT_SRC_OVR (bus 0 bus_irq 9 global_irq 9 high level)
[    0.248520] ACPI: INT_SRC_OVR (bus 0 bus_irq 10 global_irq 10 high level)
[    0.248522] ACPI: INT_SRC_OVR (bus 0 bus_irq 11 global_irq 11 high level)
[    0.248526] ACPI: Using ACPI (MADT) for SMP configuration information
[    0.248528] ACPI: HPET id: 0x8086a201 base: 0xfed00000
[    0.248541] CPU topo: Max. logical packages:   1
[    0.248542] CPU topo: Max. logical dies:       1
[    0.248543] CPU topo: Max. dies per package:   1
[    0.248550] CPU topo: Max. threads per core:   1
[    0.248552] CPU topo: Num. cores per package:     4
[    0.248553] CPU topo: Num. threads per package:   4
[    0.248553] CPU topo: Allowing 4 present CPUs plus 0 hotplug CPUs
[    0.248595] kvm-guest: APIC: eoi() replaced with kvm_guest_apic_eoi_write()
[    0.248829] PM: hibernation: Registered nosave memory: [mem 0x00000000-0x00000fff]
[    0.248832] PM: hibernation: Registered nosave memory: [mem 0x0009f000-0x000fffff]
[    0.248834] [mem 0xc0000000-0xfed1bfff] available for PCI devices
[    0.248836] Booting paravirtualized kernel on KVM
[    0.248839] clocksource: refined-jiffies: mask: 0xffffffff max_cycles: 0xffffffff, max_idle_ns: 1910969940391419 ns
[    0.259729] setup_percpu: NR_CPUS:64 nr_cpumask_bits:4 nr_cpu_ids:4 nr_node_ids:1
[    0.271083] percpu: Embedded 56 pages/cpu s192216 r8192 d28968 u524288
[    0.271182] Kernel command line: console=ttyS0 panic=-1 rdinit=/init loglevel=7
[    0.283139] Dentry cache hash table entries: 262144 (order: 9, 2097152 bytes, linear)
[    0.288554] Inode-cache hash table entries: 131072 (order: 8, 1048576 bytes, linear)
[    0.288919] Fallback order for Node 0: 0 
[    0.289063] Built 1 zonelists, mobility grouping on.  Total pages: 524157
[    0.289066] Policy zone: DMA32
[    0.289068] mem auto-init: stack:all(zero), heap alloc:off, heap free:off
[    0.297384] SLUB: HWalign=64, Order=0-3, MinObjects=0, CPUs=4, Nodes=1
[    0.300660] Dynamic Preempt: voluntary
[    0.301707] rcu: Preemptible hierarchical RCU implementation.
[    0.301723] rcu: 	RCU event tracing is enabled.
[    0.301724] rcu: 	RCU restricting CPUs from NR_CPUS=64 to nr_cpu_ids=4.
[    0.301726] 	Trampoline variant of Tasks RCU enabled.
[    0.301727] 	Tracing variant of Tasks RCU enabled.
[    0.301727] rcu: RCU calculated value of scheduler-enlistment delay is 100 jiffies.
[    0.301728] rcu: Adjusting geometry for rcu_fanout_leaf=16, nr_cpu_ids=4
[    0.301774] RCU Tasks: Setting shift to 2 and lim to 1 rcu_task_cb_adjust=1 rcu_task_cpu_ids=4.
[    0.301791] RCU Tasks Trace: Setting shift to 2 and lim to 1 rcu_task_cb_adjust=1 rcu_task_cpu_ids=4.
[    0.309462] NR_IRQS: 4352, nr_irqs: 456, preallocated irqs: 16
[    0.312314] rcu: srcu_init: Setting srcu_struct sizes based on contention.
[    0.312472] clocksource: jiffies: mask: 0xffffffff max_cycles: 0xffffffff, max_idle_ns: 1911260446275000 ns
[    0.335667] Console: colour VGA+ 80x25
[    0.335807] printk: legacy console [ttyS0] enabled
[    1.180696] ACPI: Core revision 20240827
[    1.185925] clocksource: hpet: mask: 0xffffffff max_cycles: 0xffffffff, max_idle_ns: 19112604467 ns
[    1.197041] APIC: Switch to symmetric I/O mode setup
[    1.209976] ..TIMER: vector=0x30 apic1=0 pin1=2 apic2=-1 pin2=-1
[    1.220090] clocksource: tsc-early: mask: 0xffffffffffffffff max_cycles: 0x233fdbaba77, max_idle_ns: 440795254155 ns
[    1.239957] Calibrating delay loop (skipped) preset value.. 4890.86 BogoMIPS (lpj=2445430)
[    1.243298] Last level iTLB entries: 4KB 512, 2MB 255, 4MB 127
[    1.243931] Last level dTLB entries: 4KB 512, 2MB 255, 4MB 127, 1GB 0
[    1.244937] Spectre V1 : Mitigation: usercopy/swapgs barriers and __user pointer sanitization
[    1.246932] Spectre V2 : Mitigation: Retpolines
[    1.247932] Spectre V2 : Spectre v2 / SpectreRSB: Filling RSB on context switch and VMEXIT
[    1.248946] x86/fpu: x87 FPU will use FXSAVE
[    1.279135] Freeing SMP alternatives memory: 48K
[    1.280145] pid_max: default: 32768 minimum: 301
[    1.281052] LSM: initializing lsm=capability,selinux
[    1.281955] SELinux:  Initializing.
[    1.284024] Mount-cache hash table entries: 4096 (order: 3, 32768 bytes, linear)
[    1.285066] Mountpoint-cache hash table entries: 4096 (order: 3, 32768 bytes, linear)
[    1.338145] smpboot: CPU0: AMD QEMU Virtual CPU version 2.5+ (family: 0xf, model: 0x6b, stepping: 0x1)
[    1.340576] Performance Events: PMU not available due to virtualization, using software events only.
[    1.343929] signal: max sigframe size: 1440
[    1.345229] rcu: Hierarchical SRCU implementation.
[    1.345932] rcu: 	Max phase no-delay instances is 400.
[    1.347374] Timer migration: 1 hierarchy levels; 8 children per group; 1 crossnode level
[    1.349098] smp: Bringing up secondary CPUs ...
[    1.351194] smpboot: x86: Booting SMP configuration:
[    1.351933] .... node  #0, CPUs:      #1 #2 #3
[    1.386996] smp: Brought up 1 node, 4 CPUs
[    1.389932] smpboot: Total of 4 processors activated (19563.44 BogoMIPS)
[    1.400529] Memory: 1995940K/2096628K available (18432K kernel code, 2863K rwdata, 7100K rodata, 2800K init, 964K bss, 95720K reserved, 0K cma-reserved)
[    1.408928] devtmpfs: initialized
[    1.416102] futex hash table entries: 1024 (order: 4, 65536 bytes, linear)
[    1.419676] PM: RTC time: 05:12:21, date: 2026-10-02
[    1.426506] NET: Registered PF_NETLINK/PF_ROUTE protocol family
[    1.427932] audit: initializing netlink subsys (disabled)
[    1.432129] thermal_sys: Registered thermal governor 'step_wise'
[    1.432131] thermal_sys: Registered thermal governor 'user_space'
[    1.431930] audit: type=2000 audit(1790917940.059:1): state=initialized audit_enabled=0 res=1
[    1.459941] cpuidle: using governor menu
[    1.464099] PCI: ECAM [mem 0xb0000000-0xbfffffff] (base 0xb0000000) for domain 0000 [bus 00-ff]
[    1.464933] PCI: ECAM [mem 0xb0000000-0xbfffffff] reserved as E820 entry
[    1.465943] PCI: Using configuration type 1 for base access
[    1.467971] kprobes: kprobe jump-optimization is enabled. All kprobes are optimized if possible.
[    1.483999] HugeTLB: registered 2.00 MiB page size, pre-allocated 0 pages
[    1.502930] HugeTLB: 28 KiB vmemmap can be freed for a 2.00 MiB page
[    1.556406] ACPI: Added _OSI(Module Device)
[    1.562931] ACPI: Added _OSI(Processor Device)
[    1.570933] ACPI: Added _OSI(Processor Aggregator Device)
[    1.585636] ACPI: 1 ACPI AML tables successfully acquired and loaded
[    1.615033] ACPI: Interpreter enabled
[    1.615943] ACPI: PM: (supports S0 S3 S4 S5)
[    1.616931] ACPI: Using IOAPIC for interrupt routing
[    1.618967] PCI: Using host bridge windows from ACPI; if necessary, use "pci=nocrs" and report a bug
[    1.619930] PCI: Using E820 reservations for host bridge windows
[    1.621074] ACPI: Enabled 2 GPEs in block 00 to 3F
[    1.626123] ACPI: PCI Root Bridge [PCI0] (domain 0000 [bus 00-ff])
[    1.626934] acpi PNP0A08:00: _OSC: OS supports [ExtendedConfig ASPM ClockPM Segments MSI HPX-Type3]
[    1.627970] acpi PNP0A08:00: _OSC: platform does not support [LTR]
[    1.628985] acpi PNP0A08:00: _OSC: OS now controls [PME PCIeCapability]
[    1.631060] PCI host bridge to bus 0000:00
[    1.631935] pci_bus 0000:00: root bus resource [io  0x0000-0x0cf7 window]
[    1.632933] pci_bus 0000:00: root bus resource [io  0x0d00-0xffff window]
[    1.633932] pci_bus 0000:00: root bus resource [mem 0x000a0000-0x000bffff window]
[    1.634932] pci_bus 0000:00: root bus resource [mem 0x80000000-0xafffffff window]
[    1.635932] pci_bus 0000:00: root bus resource [mem 0xc0000000-0xfebfffff window]
[    1.636932] pci_bus 0000:00: root bus resource [mem 0x100000000-0x8ffffffff window]
[    1.638931] pci_bus 0000:00: root bus resource [bus 00-ff]
[    1.640125] pci 0000:00:00.0: [8086:29c0] type 00 class 0x060000 conventional PCI endpoint
[    1.642930] pci 0000:00:01.0: [1234:1111] type 00 class 0x030000 conventional PCI endpoint
[    1.647261] pci 0000:00:01.0: BAR 0 [mem 0xfd000000-0xfdffffff pref]
[    1.655279] pci 0000:00:01.0: BAR 2 [mem 0xfebd4000-0xfebd4fff]
[    1.670204] pci 0000:00:01.0: ROM [mem 0xfebc0000-0xfebcffff pref]
[    1.673497] pci 0000:00:01.0: Video device with shadowed ROM at [mem 0x000c0000-0x000dffff]
[    1.677494] pci 0000:00:02.0: [8086:10d3] type 00 class 0x020000 PCIe Root Complex Integrated Endpoint
[    1.680932] pci 0000:00:02.0: BAR 0 [mem 0xfeb80000-0xfeb9ffff]
[    1.683592] pci 0000:00:02.0: BAR 1 [mem 0xfeba0000-0xfebbffff]
[    1.685930] pci 0000:00:02.0: BAR 2 [io  0xc040-0xc05f]
[    1.688615] pci 0000:00:02.0: BAR 3 [mem 0xfebd0000-0xfebd3fff]
[    1.693932] pci 0000:00:02.0: ROM [mem 0xfeb00000-0xfeb7ffff pref]
[    1.700319] pci 0000:00:1f.0: [8086:2918] type 00 class 0x060100 conventional PCI endpoint
[    1.704765] pci 0000:00:1f.0: quirk: [io  0x0600-0x067f] claimed by ICH6 ACPI/GPIO/TCO
[    1.706481] pci 0000:00:1f.2: [8086:2922] type 00 class 0x010601 conventional PCI endpoint
[    1.714931] pci 0000:00:1f.2: BAR 4 [io  0xc060-0xc07f]
[    1.716931] pci 0000:00:1f.2: BAR 5 [mem 0xfebd5000-0xfebd5fff]
[    1.721162] pci 0000:00:1f.3: [8086:2930] type 00 class 0x0c0500 conventional PCI endpoint
[    1.727149] pci 0000:00:1f.3: BAR 4 [io  0x0700-0x073f]
[    1.735853] ACPI: PCI: Interrupt link LNKA configured for IRQ 10
[    1.737004] ACPI: PCI: Interrupt link LNKB configured for IRQ 10
[    1.738139] ACPI: PCI: Interrupt link LNKC configured for IRQ 11
[    1.739143] ACPI: PCI: Interrupt link LNKD configured for IRQ 11
[    1.740153] ACPI: PCI: Interrupt link LNKE configured for IRQ 10
[    1.741252] ACPI: PCI: Interrupt link LNKF configured for IRQ 10
[    1.742130] ACPI: PCI: Interrupt link LNKG configured for IRQ 11
[    1.743175] ACPI: PCI: Interrupt link LNKH configured for IRQ 11
[    1.744024] ACPI: PCI: Interrupt link GSIA configured for IRQ 16
[    1.744965] ACPI: PCI: Interrupt link GSIB configured for IRQ 17
[    1.745946] ACPI: PCI: Interrupt link GSIC configured for IRQ 18
[    1.746985] ACPI: PCI: Interrupt link GSID configured for IRQ 19
[    1.748948] ACPI: PCI: Interrupt link GSIE configured for IRQ 20
[    1.750930] ACPI: PCI: Interrupt link GSIF configured for IRQ 21
[    1.751947] ACPI: PCI: Interrupt link GSIG configured for IRQ 22
[    1.752965] ACPI: PCI: Interrupt link GSIH configured for IRQ 23
[    1.757544] iommu: Default domain type: Translated
[    1.757931] iommu: DMA domain TLB invalidation policy: lazy mode
[    1.760861] SCSI subsystem initialized
[    1.764569] ACPI: bus type USB registered
[    1.766095] usbcore: registered new interface driver usbfs
[    1.766991] usbcore: registered new interface driver hub
[    1.767964] usbcore: registered new device driver usb
[    1.770070] pps_core: LinuxPPS API ver. 1 registered
[    1.770930] pps_core: Software ver. 5.3.6 - Copyright 2005-2007 Rodolfo Giometti <giometti@linux.it>
[    1.771949] PTP clock support registered
[    1.780081] Advanced Linux Sound Architecture Driver Initialized.
[    1.785994] NetLabel: Initializing
[    1.786930] NetLabel:  domain hash size = 128
[    1.787930] NetLabel:  protocols = UNLABELED CIPSOv4 CALIPSO
[    1.789552] NetLabel:  unlabeled traffic allowed by default
[    1.791160] PCI: Using ACPI for IRQ routing
[    2.174977] pci 0000:00:01.0: vgaarb: setting as boot VGA device
[    2.175927] pci 0000:00:01.0: vgaarb: bridge control possible
[    2.175927] pci 0000:00:01.0: vgaarb: VGA device added: decodes=io+mem,owns=io+mem,locks=none
[    2.175934] vgaarb: loaded
[    2.178411] hpet: 3 channels of 0 reserved for per-cpu timers
[    2.178985] hpet0: at MMIO 0xfed00000, IRQs 2, 8, 0
[    2.179931] hpet0: 3 comparators, 64-bit 100.000000 MHz counter
[    2.190158] clocksource: Switched to clocksource kvm-clock
[    2.211858] VFS: Disk quotas dquot_6.6.0
[    2.226359] VFS: Dquot-cache hash table entries: 512 (order 0, 4096 bytes)
[    2.255791] pnp: PnP ACPI init
[    2.267820] system 00:05: [mem 0xb0000000-0xbfffffff window] has been reserved
[    2.279975] pnp: PnP ACPI: found 6 devices
[    2.397400] clocksource: acpi_pm: mask: 0xffffff max_cycles: 0xffffff, max_idle_ns: 2085701024 ns
[    2.414281] NET: Registered PF_INET protocol family
[    2.427063] IP idents hash table entries: 32768 (order: 6, 262144 bytes, linear)
[    2.445720] tcp_listen_portaddr_hash hash table entries: 1024 (order: 2, 16384 bytes, linear)
[    2.475983] Table-perturb hash table entries: 65536 (order: 6, 262144 bytes, linear)
[    2.508611] TCP established hash table entries: 16384 (order: 5, 131072 bytes, linear)
[    2.526955] TCP bind hash table entries: 16384 (order: 7, 524288 bytes, linear)
[    2.555962] TCP: Hash tables configured (established 16384 bind 16384)
[    2.571077] UDP hash table entries: 1024 (order: 3, 32768 bytes, linear)
[    2.588458] UDP-Lite hash table entries: 1024 (order: 3, 32768 bytes, linear)
[    2.612288] NET: Registered PF_UNIX/PF_LOCAL protocol family
[    2.649952] RPC: Registered named UNIX socket transport module.
[    2.664325] RPC: Registered udp transport module.
[    2.683308] RPC: Registered tcp transport module.
[    2.692017] RPC: Registered tcp-with-tls transport module.
[    2.697601] RPC: Registered tcp NFSv4.1 backchannel transport module.
[    2.711901] pci_bus 0000:00: resource 4 [io  0x0000-0x0cf7 window]
[    2.724462] pci_bus 0000:00: resource 5 [io  0x0d00-0xffff window]
[    2.736245] pci_bus 0000:00: resource 6 [mem 0x000a0000-0x000bffff window]
[    2.750161] pci_bus 0000:00: resource 7 [mem 0x80000000-0xafffffff window]
[    2.760038] kwatchdog (58) used greatest stack depth: 15072 bytes left
[    2.768443] pci_bus 0000:00: resource 8 [mem 0xc0000000-0xfebfffff window]
[    2.768448] pci_bus 0000:00: resource 9 [mem 0x100000000-0x8ffffffff window]
[    2.768803] PCI: CLS 0 bytes, default 64
[    2.770881] clocksource: tsc: mask: 0xffffffffffffffff max_cycles: 0x233fdbaba77, max_idle_ns: 440795254155 ns
[    2.771434] Unpacking initramfs...
[    2.896821] Initialise system trusted keyrings
[    2.907251] workingset: timestamp_bits=56 max_order=19 bucket_order=0
[    2.925152] NFS: Registering the id_resolver key type
[    2.932112] Key type id_resolver registered
[    2.940944] Key type id_legacy registered
[    2.949596] 9p: Installing v9fs 9p2000 file system support
[    3.046861] Key type asymmetric registered
[    3.052779] Asymmetric key parser 'x509' registered
[    3.062370] Block layer SCSI generic (bsg) driver version 0.4 loaded (major 251)
[    3.076538] io scheduler mq-deadline registered
[    3.083505] io scheduler kyber registered
[    3.093045] input: Power Button as /devices/LNXSYSTM:00/LNXPWRBN:00/input/input0
[    3.106210] ACPI: button: Power Button [PWRF]
[    3.121890] Serial: 8250/16550 driver, 4 ports, IRQ sharing enabled
[    3.131097] 00:03: ttyS0 at I/O 0x3f8 (irq = 4, base_baud = 115200) is a 16550A
[    3.147786] Non-volatile memory driver v1.3
[    3.155513] Linux agpgart interface v0.103
[    3.163070] ACPI: bus type drm_connector registered
[    3.195314] loop: module loaded
[    3.203106] ACPI: \_SB_.GSIA: Enabled at IRQ 16
[    3.214866] ahci 0000:00:1f.2: AHCI vers 0001.0000, 32 command slots, 1.5 Gbps, SATA mode
[    3.233950] ahci 0000:00:1f.2: 6/6 ports implemented (port mask 0x3f)
[    3.243189] ahci 0000:00:1f.2: flags: 64bit ncq only 
[    3.265110] scsi host0: ahci
[    3.280996] scsi host1: ahci
[    3.291249] scsi host2: ahci
[    3.304955] scsi host3: ahci
[    3.311957] scsi host4: ahci
[    3.321684] scsi host5: ahci
[    3.329233] ata1: SATA max UDMA/133 abar m4096@0xfebd5000 port 0xfebd5100 irq 24 lpm-pol 1
[    3.343253] ata2: SATA max UDMA/133 abar m4096@0xfebd5000 port 0xfebd5180 irq 24 lpm-pol 1
[    3.358818] ata3: SATA max UDMA/133 abar m4096@0xfebd5000 port 0xfebd5200 irq 24 lpm-pol 1
[    3.377049] ata4: SATA max UDMA/133 abar m4096@0xfebd5000 port 0xfebd5280 irq 24 lpm-pol 1
[    3.391383] ata5: SATA max UDMA/133 abar m4096@0xfebd5000 port 0xfebd5300 irq 24 lpm-pol 1
[    3.405720] ata6: SATA max UDMA/133 abar m4096@0xfebd5000 port 0xfebd5380 irq 24 lpm-pol 1
[    3.421558] e100: Intel(R) PRO/100 Network Driver
[    3.428849] e100: Copyright(c) 1999-2006 Intel Corporation
[    3.441126] e1000: Intel(R) PRO/1000 Network Driver
[    3.450191] e1000: Copyright (c) 1999-2006 Intel Corporation.
[    3.461755] e1000e: Intel(R) PRO/1000 Network Driver
[    3.470338] e1000e: Copyright(c) 1999 - 2015 Intel Corporation.
[    3.491546] ACPI: \_SB_.GSIG: Enabled at IRQ 22
[    3.502417] e1000e 0000:00:02.0: Interrupt Throttling Rate (ints/sec) set to dynamic conservative mode
[    3.573279] e1000e 0000:00:02.0 0000:00:02.0 (uninitialized): registered PHC clock
[    3.667804] e1000e 0000:00:02.0 eth0: (PCI Express:2.5GT/s:Width x1) 52:54:00:12:34:56
[    3.684124] e1000e 0000:00:02.0 eth0: Intel(R) PRO/1000 Network Connection
[    3.698680] e1000e 0000:00:02.0 eth0: MAC: 3, PHY: 8, PBA No: 000000-000
[    3.721247] sky2: driver version 1.30
[    3.729322] usbcore: registered new interface driver usblp
[    3.743153] usbcore: registered new interface driver usb-storage
[    3.755908] i8042: PNP: PS/2 Controller [PNP0303:KBD,PNP0f13:MOU] at 0x60,0x64 irq 1,12
[    3.764558] ata1: SATA link down (SStatus 0 SControl 300)
[    3.776025] serio: i8042 KBD port at 0x60,0x64 irq 1
[    3.797638] ata2: SATA link down (SStatus 0 SControl 300)
[    3.797841] serio: i8042 AUX port at 0x60,0x64 irq 12
[    3.807017] ata3: SATA link up 1.5 Gbps (SStatus 113 SControl 300)
[    3.807547] ata4: SATA link down (SStatus 0 SControl 300)
[    3.809447] ata3.00: LPM support broken, forcing max_power
[    3.809466] ata3.00: ATAPI: QEMU DVD-ROM, 2.5+, max UDMA/100
[    3.809472] ata3.00: applying bridge limits
[    3.821989] ata6: SATA link down (SStatus 0 SControl 300)
[    3.856175] rtc_cmos 00:04: RTC can wake from S4
[    3.869628] ata5: SATA link down (SStatus 0 SControl 300)
[    3.881167] Freeing initrd memory: 19328K
[    3.883009] rtc_cmos 00:04: registered as rtc0
[    3.886724] rtc_cmos 00:04: alarms up to one day, y3k, 242 bytes nvram, hpet irqs
[    3.896986] ata3.00: LPM support broken, forcing max_power
[    3.900899] i801_smbus 0000:00:1f.3: SMBus using PCI interrupt
[    3.901205] i2c i2c-0: Memory type 0x07 not supported yet, not instantiating SPD
[    3.902035] device-mapper: ioctl: 4.48.0-ioctl (2023-03-01) initialised: dm-devel@lists.linux.dev
[    3.902098] amd_pstate: the _CPC object is not present in SBIOS or ACPI disabled
[    3.902187] hid: raw HID events driver (C) Jiri Kosina
[    3.902713] usbcore: registered new interface driver usbhid
[    3.902714] usbhid: USB HID core driver
[    3.911087] input: AT Translated Set 2 keyboard as /devices/platform/i8042/serio0/input/input1
[    3.917610] Initializing XFRM netlink socket
[    3.917861] ata3.00: configured for UDMA/100
[    3.923084] NET: Registered PF_INET6 protocol family
[    3.924188] scsi 2:0:0:0: CD-ROM            QEMU     QEMU DVD-ROM     2.5+ PQ: 0 ANSI: 5
[    4.079666] Segment Routing with IPv6
[    4.086761] In-situ OAM (IOAM) with IPv6
[    4.096783] sit: IPv6, IPv4 and MPLS over IPv4 tunneling driver
[    4.116439] NET: Registered PF_PACKET protocol family
[    4.132057] 9pnet: Installing 9P2000 support
[    4.139694] Key type dns_resolver registered
[    4.157688] IPI shorthand broadcast: enabled
[    4.161023] sr 2:0:0:0: [sr0] scsi3-mmc drive: 4x/4x cd/rw xa/form2 tray
[    4.182198] sched_clock: Marking stable (3257036970, 924456072)->(5593686750, -1412193708)
[    4.195452] registered taskstats version 1
[    4.200145] Loading compiled-in X.509 certificates
[    4.221012] Demotion targets for Node 0: null
[    4.230252] PM:   Magic number: 14:868:212
[    4.234197] cdrom: Uniform CD-ROM driver Revision: 3.20
[    4.238924] printk: legacy console [netcon0] enabled
[    4.238942] netconsole: network logging started
[    4.239060] cfg80211: Loading compiled-in X.509 certificates for regulatory database
[    4.239603] kworker/u16:0 (92) used greatest stack depth: 14408 bytes left
[    4.243312] Loaded X.509 cert 'sforshee: 00b28ddf47aef9cea7'
[    4.290419] Loaded X.509 cert 'wens: 61c038651aabdcf94bd0ac7ff06c7248db18c600'
[    4.298377] platform regulatory.0: Direct firmware load for regulatory.db failed with error -2
[    4.302421] ALSA device list:
[    4.317116] cfg80211: failed to load regulatory.db
[    4.330627]   No soundcards found.
[    4.341676] sr 2:0:0:0: Attached scsi generic sg0 type 5
[    4.376604] Freeing unused kernel image (initmem) memory: 2800K
[    4.383099] Write protecting the kernel read-only data: 26624k
[    4.406017] Freeing unused kernel image (rodata/data gap) memory: 1092K
[    4.470628] x86/mm: Checked W+X mappings: passed, no W+X pages found.
[    4.484877] Run /init as init process
[    4.501378] mount (97) used greatest stack depth: 14112 bytes left
[    4.520657] mount (100) used greatest stack depth: 13992 bytes left
BOOTMARK userspace-up
Linux (none) 6.12.111 #1 SMP PREEMPT_DYNAMIC Thu Oct  1 11:09:58 UTC 2026 x86_64 GNU/Linux
BOOTMARK insmod-start
[    4.554071] input: ImExPS/2 Generic Explorer Mouse as /devices/platform/i8042/serio1/input/input3
[    5.194252] mali mali.0: Kernel DDK version r54p0-01eac0
[    5.198991] mali mali.0: Using Dummy Model
[    5.202730] mali mali.0: GPU metrics tracepoint support enabled
[    5.207416] mali mali.0: Register LUT 000e0800 initialized for GPU arch 0x000e0805
[    5.214531] mali mali.0: GPU identified as 0x0 arch 14.8.5 r0p0 status 0
[    5.219044] mali mali.0: _find_key: OPP table not found (-19)
[    5.223996] mali mali.0: No OPPs found in device tree! Scaling timeouts using 100000 kHz
[    5.232196] mali mali.0: Large page allocation set to true after hardware feature check
[    5.252643] Dummy model register access: Reading unsupported register 0xf10. Returning 0
[    5.260402] Dummy model register access: Writing unsupported register 0xf10 value 0x0
[    5.268028] Dummy model register access: Writing unsupported register 0x88 value 0x0
[    5.279064] Dummy model register access: Writing unsupported register 0x8c value 0x0
[    5.290059] Dummy model register access: Writing unsupported register 0x88 value 0x3dd88b
[    5.299325] Dummy model register access: Writing unsupported register 0x8c value 0x0
[    5.308079] Dummy model register access: Writing unsupported register 0x41030 value 0x0
[    5.316526] Dummy model register access: Writing unsupported register 0x41034 value 0x0
[    5.327246] mali mali.0: Clock not available for devfreq
[    5.333063] mali mali.0: Continuing without devfreq
[    5.339346] mali mali.0: * MALI kbase_mmap_min_addr compiled to CONFIG_LSM_MMAP_MIN_ADDR, no runtime update possible! *
[    5.350146] mali mali.0: Probed as mali0
[    5.371931] insmod (104) used greatest stack depth: 13832 bytes left
BOOTMARK insmod-rc 0
Module                  Size  Used by    Not tainted
mali_kbase           2351104  0 
BOOTMARK kcov-start
no /sys/kernel/debug/kcov - kernel built without KCOV (expected on non-kcov profiles)
BOOTMARK probe-start
PROBE build              kbase-probe, EL0 ioctl exerciser
PROBE device             /dev/mali0
PROBE version_check       negotiated major=1 minor=36 (proposed 1.36)
PROBE gpuprops_size       773 bytes
PROBE gpuprops product_id=0x0006 version_status=0xe850 major=9 minor=0
PROBE gpuprops gpu_freq_khz_max=851968 log2_pc_size=0 num_exec_engines=15 log2_l2_line_size=255
PROBE gpuprops raw gpu_id=0x0000000000000100
PROBE mem_alloc           gpu_va=0x41000 out_flags=0x200f (SAME_VA cookie)
PROBE mmap                bound cookie 0x41000 -> cpu=gpu=0x7f787b744000
PROBE mem_query           commit_size=0 bytes
PROBE summary             passed=0x1ff failed=0x000
BOOTMARK probe-rc 255
BOOTMARK kcov-end
BOOTMARK negargs-start
NEGARGS context created (SET_FLAGS handshake)
NEGARGS MEM_ALLOC va_pages=2^40      rc=-12  verdict=REJECTED
NEGARGS MEM_ALLOC_EX padding!=0      rc=-22  verdict=REJECTED
NEGARGS MEM_ALLOC zero flags         rc=-12  verdict=REJECTED
NEGARGS MEM_FREE gpu_addr=0          rc=-22  verdict=REJECTED
NEGARGS MEM_FREE unaligned va        rc=-22  verdict=REJECTED
NEGARGS MEM_QUERY unmapped va        rc=-22  verdict=REJECTED
NEGARGS MEM_FLAGS_CHANGE ghost va    rc=-22  verdict=REJECTED
NEGARGS MEM_ALIAS stride=0           rc=-14  verdict=REJECTED
NEGARGS MEM_COMMIT unmapped va       rc=-22  verdict=REJECTED[    5.603363] dmesg (112) used greatest stack depth: 13688 bytes left

NEGARGS TILER_HEAP_INIT chunk_size=0 rc=-22  verdict=REJECTED
NEGARGS TILER_HEAP_INIT initial>max  rc=-22  verdict=REJECTED
NEGARGS TILER_HEAP_INIT group_id OOB rc=-22  verdict=REJECTED
NEGARGS KCPU_ENQUEUE id=255 unborn queue rc=-22  verdict=REJECTED
NEGARGS KCPU_QUEUE_CREATE control    rc=0      verdict=ACCEPTED
NEGARGS KCPU_ENQUEUE nr_commands=2   rc=-22  verdict=REJECTED
NEGARGS KCPU_QUEUE_DELETE control    rc=0      verdict=ACCEPTED
NEGARGS CS_QUEUE_GROUP_CREATE prio=0xff rc=-22  verdict=REJECTED
NEGARGS pre-SET_FLAGS MEM_ALLOC      rc=-1   verdict=REJECTED
NEGARGS unknown nr 0x7f              rc=-25  verdict=REJECTED
NEGARGS summary ran=19 rejected=17 expected-ok=2 unexpected=0
BOOTMARK negargs-rc 0
BOOTMARK negargs-end
BOOTMARK dmesg-start
[    5.194252] mali mali.0: Kernel DDK version r54p0-01eac0
[    5.198991] mali mali.0: Using Dummy Model
[    5.202730] mali mali.0: GPU metrics tracepoint support enabled
[    5.207416] mali mali.0: Register LUT 000e0800 initialized for GPU arch 0x000e0805
[    5.214531] mali mali.0: GPU identified as 0x0 arch 14.8.5 r0p0 status 0
[    5.219044] mali mali.0: _find_key: OPP table not found (-19)
[    5.223996] mali mali.0: No OPPs found in device tree! Scaling timeouts using 100000 kHz
[    5.232196] mali mali.0: Large page allocation set to true after hardware feature check
[    5.327246] mali mali.0: Clock not available for devfreq
[    5.333063] mali mali.0: Continuing without devfreq
[    5.339346] mali mali.0: * MALI kbase_mmap_min_addr compiled to CONFIG_LSM_MMAP_MIN_ADDR, no runtime update possible! *
[    5.350146] mali mali.0: Probed as mali0
[    5.526427] mali mali.0: GPU allocation attempted with va_pages==1099511627776 larger than KBASE_MEM_ALLOC_MAX_SIZE!
[    5.526446] mali mali.0: kbase_mem_alloc called with bad flags (2000)
[    5.526453] mali mali.0: gpu_addr 0 is reserved for the ringbuffer and it's an error to try to free it using kbase_mem_free
[    5.526458] mali mali.0: kbase_mem_free: gpu_addr parameter is invalid
[    5.590886] mali mali.0: Unknown ioctl 0x4b7f nr:127
BOOTMARK dmesg-end
BOOTMARK poweroff
[    5.899156] e1000e: EEE TX LPI TIMER: 00000000
[    5.906202] ACPI: PM: Preparing to enter system sleep state S5
[    5.913226] reboot: Power down

CLEAN-LOCATION: debug
  bundle:    artifacts/debug  (sha256sum -c clean before and after the boot)
  booted from: /tmp/portable-test-debug  with the repo's build/ tree renamed away
  strict-artifact: yes (no build/ fallback permitted)
  at:          2026-10-02T05:12:15Z
