c[?7l[2J[0mSeaBIOS (version 1.16.3-debian-1.16.3-2)


iPXE (https://ipxe.org) 00:02.0 CA00 PCI2.10 PnP PMM+7EFCAB60+7EF0AB60 CA00
Press Ctrl-B to configure iPXE (PCI 00:02.0)...                                                                               


Booting from ROM...
c[?7l[2J[    0.000000] Linux version 6.12.111 (codespace@codespaces-5d341e) (gcc (Ubuntu 13.3.0-6ubuntu2~24.04.1) 13.3.0, GNU ld (GNU Binutils for Ubuntu) 2.42) #1 SMP PREEMPT_DYNAMIC Thu Oct  1 09:02:26 UTC 2026
[    0.000000] Command line: console=ttyS0 panic=-1 rdinit=/init loglevel=7
[    0.000000] BIOS-provided physical RAM map:
[    0.000000] BIOS-e820: [mem 0x0000000000000000-0x000000000009fbff] usable
[    0.000000] BIOS-e820: [mem 0x000000000009fc00-0x000000000009ffff] reserved
[    0.000000] BIOS-e820: [mem 0x00000000000f0000-0x00000000000fffff] reserved
[    0.000000] BIOS-e820: [mem 0x0000000000100000-0x000000007ffdefff] usable
[    0.000000] BIOS-e820: [mem 0x000000007ffdf000-0x000000007fffffff] reserved
[    0.000000] BIOS-e820: [mem 0x00000000b0000000-0x00000000bfffffff] reserved
[    0.000000] BIOS-e820: [mem 0x00000000fed1c000-0x00000000fed1ffff] reserved
[    0.000000] BIOS-e820: [mem 0x00000000feffc000-0x00000000feffffff] reserved
[    0.000000] BIOS-e820: [mem 0x00000000fffc0000-0x00000000ffffffff] reserved
[    0.000000] BIOS-e820: [mem 0x000000fd00000000-0x000000ffffffffff] reserved
[    0.000000] NX (Execute Disable) protection: active
[    0.000000] APIC: Static calls initialized
[    0.000000] SMBIOS 3.0.0 present.
[    0.000000] DMI: QEMU Standard PC (Q35 + ICH9, 2009), BIOS 1.16.3-debian-1.16.3-2 04/01/2014
[    0.000000] DMI: Memory slots populated: 1/1
[    0.000000] Hypervisor detected: KVM
[    0.000000] last_pfn = 0x7ffdf max_arch_pfn = 0x400000000
[    0.000000] kvm-clock: Using msrs 4b564d01 and 4b564d00
[    0.000001] kvm-clock: using sched offset of 844727029 cycles
[    0.000003] clocksource: kvm-clock: mask: 0xffffffffffffffff max_cycles: 0x1cd42e4dffb, max_idle_ns: 881590591483 ns
[    0.000007] tsc: Detected 2445.428 MHz processor
[    0.000899] last_pfn = 0x7ffdf max_arch_pfn = 0x400000000
[    0.001069] MTRR map: 4 entries (3 fixed + 1 variable; max 19), built from 8 variable MTRRs
[    0.001077] x86/PAT: Configuration [0-7]: WB  WC  UC- UC  WB  WP  UC- WT  
[    0.003859] found SMP MP-table at [mem 0x000f5480-0x000f548f]
[    0.004967] RAMDISK: [mem 0x7fd3a000-0x7ffcffff]
[    0.005019] ACPI: Early table checksum verification disabled
[    0.005097] ACPI: RSDP 0x00000000000F52C0 000014 (v00 BOCHS )
[    0.005110] ACPI: RSDT 0x000000007FFE2425 000038 (v01 BOCHS  BXPC     00000001 BXPC 00000001)
[    0.005116] ACPI: FACP 0x000000007FFE2205 0000F4 (v03 BOCHS  BXPC     00000001 BXPC 00000001)
[    0.005123] ACPI: DSDT 0x000000007FFE0040 0021C5 (v01 BOCHS  BXPC     00000001 BXPC 00000001)
[    0.005128] ACPI: FACS 0x000000007FFE0000 000040
[    0.005131] ACPI: APIC 0x000000007FFE22F9 000090 (v03 BOCHS  BXPC     00000001 BXPC 00000001)
[    0.005135] ACPI: HPET 0x000000007FFE2389 000038 (v01 BOCHS  BXPC     00000001 BXPC 00000001)
[    0.005138] ACPI: MCFG 0x000000007FFE23C1 00003C (v01 BOCHS  BXPC     00000001 BXPC 00000001)
[    0.005142] ACPI: WAET 0x000000007FFE23FD 000028 (v01 BOCHS  BXPC     00000001 BXPC 00000001)
[    0.005144] ACPI: Reserving FACP table memory at [mem 0x7ffe2205-0x7ffe22f8]
[    0.005146] ACPI: Reserving DSDT table memory at [mem 0x7ffe0040-0x7ffe2204]
[    0.005147] ACPI: Reserving FACS table memory at [mem 0x7ffe0000-0x7ffe003f]
[    0.005149] ACPI: Reserving APIC table memory at [mem 0x7ffe22f9-0x7ffe2388]
[    0.005150] ACPI: Reserving HPET table memory at [mem 0x7ffe2389-0x7ffe23c0]
[    0.005151] ACPI: Reserving MCFG table memory at [mem 0x7ffe23c1-0x7ffe23fc]
[    0.005152] ACPI: Reserving WAET table memory at [mem 0x7ffe23fd-0x7ffe2424]
[    0.005873] No NUMA configuration found
[    0.005876] Faking a node at [mem 0x0000000000000000-0x000000007ffdefff]
[    0.005883] NODE_DATA(0) allocated [mem 0x7ffdb940-0x7ffdefff]
[    0.005904] Zone ranges:
[    0.005906]   DMA      [mem 0x0000000000001000-0x0000000000ffffff]
[    0.005910]   DMA32    [mem 0x0000000001000000-0x000000007ffdefff]
[    0.005912]   Normal   empty
[    0.005914] Movable zone start for each node
[    0.005914] Early memory node ranges
[    0.005915]   node   0: [mem 0x0000000000001000-0x000000000009efff]
[    0.005920]   node   0: [mem 0x0000000000100000-0x000000007ffdefff]
[    0.005921] Initmem setup node 0 [mem 0x0000000000001000-0x000000007ffdefff]
[    0.006193] On node 0, zone DMA: 1 pages in unavailable ranges
[    0.006262] On node 0, zone DMA: 97 pages in unavailable ranges
[    0.049211] On node 0, zone DMA32: 33 pages in unavailable ranges
[    0.702801] kasan: KernelAddressSanitizer initialized
[    0.703711] ACPI: PM-Timer IO Port: 0x608
[    0.703730] ACPI: LAPIC_NMI (acpi_id[0xff] dfl dfl lint[0x1])
[    0.703815] IOAPIC[0]: apic_id 0, version 17, address 0xfec00000, GSI 0-23
[    0.703846] ACPI: INT_SRC_OVR (bus 0 bus_irq 0 global_irq 2 dfl dfl)
[    0.703848] ACPI: INT_SRC_OVR (bus 0 bus_irq 5 global_irq 5 high level)
[    0.703850] ACPI: INT_SRC_OVR (bus 0 bus_irq 9 global_irq 9 high level)
[    0.703884] ACPI: INT_SRC_OVR (bus 0 bus_irq 10 global_irq 10 high level)
[    0.703886] ACPI: INT_SRC_OVR (bus 0 bus_irq 11 global_irq 11 high level)
[    0.703889] ACPI: Using ACPI (MADT) for SMP configuration information
[    0.703891] ACPI: HPET id: 0x8086a201 base: 0xfed00000
[    0.703934] CPU topo: Max. logical packages:   1
[    0.703935] CPU topo: Max. logical dies:       1
[    0.703936] CPU topo: Max. dies per package:   1
[    0.703940] CPU topo: Max. threads per core:   1
[    0.703941] CPU topo: Num. cores per package:     4
[    0.703942] CPU topo: Num. threads per package:   4
[    0.703942] CPU topo: Allowing 4 present CPUs plus 0 hotplug CPUs
[    0.704067] kvm-guest: APIC: eoi() replaced with kvm_guest_apic_eoi_write()
[    0.704179] PM: hibernation: Registered nosave memory: [mem 0x00000000-0x00000fff]
[    0.704181] PM: hibernation: Registered nosave memory: [mem 0x0009f000-0x000fffff]
[    0.704184] [mem 0xc0000000-0xfed1bfff] available for PCI devices
[    0.704186] Booting paravirtualized kernel on KVM
[    0.704188] clocksource: refined-jiffies: mask: 0xffffffff max_cycles: 0xffffffff, max_idle_ns: 1910969940391419 ns
[    0.718306] setup_percpu: NR_CPUS:64 nr_cpumask_bits:4 nr_cpu_ids:4 nr_node_ids:1
[    0.724474] percpu: Embedded 69 pages/cpu s241816 r8192 d32616 u524288
[    0.724553] Kernel command line: console=ttyS0 panic=-1 rdinit=/init loglevel=7
[    0.730680] Dentry cache hash table entries: 262144 (order: 9, 2097152 bytes, linear)
[    0.735230] Inode-cache hash table entries: 131072 (order: 8, 1048576 bytes, linear)
[    0.736296] Fallback order for Node 0: 0 
[    0.736305] Built 1 zonelists, mobility grouping on.  Total pages: 524157
[    0.736308] Policy zone: DMA32
[    0.736311] mem auto-init: stack:all(zero), heap alloc:off, heap free:off
[    0.736314] stackdepot: allocating hash table via alloc_large_system_hash
[    0.736319] stackdepot hash table entries: 1048576 (order: 12, 16777216 bytes, linear)
[    0.813793] SLUB: HWalign=64, Order=0-3, MinObjects=0, CPUs=4, Nodes=1
[    0.815794] Dynamic Preempt: voluntary
[    0.816055] rcu: Preemptible hierarchical RCU implementation.
[    0.816056] rcu: 	RCU event tracing is enabled.
[    0.816057] rcu: 	RCU restricting CPUs from NR_CPUS=64 to nr_cpu_ids=4.
[    0.816060] 	Trampoline variant of Tasks RCU enabled.
[    0.816061] 	Tracing variant of Tasks RCU enabled.
[    0.816062] rcu: RCU calculated value of scheduler-enlistment delay is 100 jiffies.
[    0.816063] rcu: Adjusting geometry for rcu_fanout_leaf=16, nr_cpu_ids=4
[    0.816087] RCU Tasks: Setting shift to 2 and lim to 1 rcu_task_cb_adjust=1 rcu_task_cpu_ids=4.
[    0.816091] RCU Tasks Trace: Setting shift to 2 and lim to 1 rcu_task_cb_adjust=1 rcu_task_cpu_ids=4.
[    0.832181] NR_IRQS: 4352, nr_irqs: 456, preallocated irqs: 16
[    0.834197] rcu: srcu_init: Setting srcu_struct sizes based on contention.
[    0.834267] clocksource: jiffies: mask: 0xffffffff max_cycles: 0xffffffff, max_idle_ns: 1911260446275000 ns
[    0.854318] Console: colour VGA+ 80x25
[    0.854595] printk: legacy console [ttyS0] enabled
[    1.315869] ACPI: Core revision 20240827
[    1.318880] clocksource: hpet: mask: 0xffffffff max_cycles: 0xffffffff, max_idle_ns: 19112604467 ns
[    1.325016] APIC: Switch to symmetric I/O mode setup
[    1.332152] ..TIMER: vector=0x30 apic1=0 pin1=2 apic2=-1 pin2=-1
[    1.336540] clocksource: tsc-early: mask: 0xffffffffffffffff max_cycles: 0x233fd98c0cf, max_idle_ns: 440795209930 ns
[    1.344164] Calibrating delay loop (skipped) preset value.. 4890.85 BogoMIPS (lpj=2445428)
[    1.346829] Last level iTLB entries: 4KB 512, 2MB 255, 4MB 127
[    1.347084] Last level dTLB entries: 4KB 512, 2MB 255, 4MB 127, 1GB 0
[    1.348092] Spectre V1 : Mitigation: usercopy/swapgs barriers and __user pointer sanitization
[    1.349087] Spectre V2 : Mitigation: Retpolines
[    1.350084] Spectre V2 : Spectre v2 / SpectreRSB: Filling RSB on context switch and VMEXIT
[    1.351100] x86/fpu: x87 FPU will use FXSAVE
[    1.384104] Freeing SMP alternatives memory: 48K
[    1.386234] pid_max: default: 32768 minimum: 301
[    1.388265] LSM: initializing lsm=capability,selinux
[    1.389134] SELinux:  Initializing.
[    1.390501] Mount-cache hash table entries: 4096 (order: 3, 32768 bytes, linear)
[    1.391089] Mountpoint-cache hash table entries: 4096 (order: 3, 32768 bytes, linear)
[    1.495440] smpboot: CPU0: AMD QEMU Virtual CPU version 2.5+ (family: 0xf, model: 0x6b, stepping: 0x1)
[    1.497445] Performance Events: PMU not available due to virtualization, using software events only.
[    1.500224] signal: max sigframe size: 1440
[    1.501191] rcu: Hierarchical SRCU implementation.
[    1.502085] rcu: 	Max phase no-delay instances is 400.
[    1.503212] Timer migration: 1 hierarchy levels; 8 children per group; 1 crossnode level
[    1.505959] smp: Bringing up secondary CPUs ...
[    1.506473] smpboot: x86: Booting SMP configuration:
[    1.507089] .... node  #0, CPUs:      #1 #2 #3
[    1.521174] smp: Brought up 1 node, 4 CPUs
[    1.523085] smpboot: Total of 4 processors activated (19563.42 BogoMIPS)
[    1.526328] Memory: 1673536K/2096628K available (51200K kernel code, 8687K rwdata, 11408K rodata, 6012K init, 1384K bss, 418180K reserved, 0K cma-reserved)
[    1.528089] devtmpfs: initialized
[    1.532329] futex hash table entries: 1024 (order: 4, 65536 bytes, linear)
[    1.533601] PM: RTC time: 09:04:34, date: 2026-10-01
[    1.537530] NET: Registered PF_NETLINK/PF_ROUTE protocol family
[    1.539221] audit: initializing netlink subsys (disabled)
[    1.540150] audit: type=2000 audit(1790845474.321:1): state=initialized audit_enabled=0 res=1
[    1.541727] thermal_sys: Registered thermal governor 'step_wise'
[    1.542085] thermal_sys: Registered thermal governor 'user_space'
[    1.543162] cpuidle: using governor menu
[    1.546676] PCI: ECAM [mem 0xb0000000-0xbfffffff] (base 0xb0000000) for domain 0000 [bus 00-ff]
[    1.547090] PCI: ECAM [mem 0xb0000000-0xbfffffff] reserved as E820 entry
[    1.548109] PCI: Using configuration type 1 for base access
[    1.549258] kprobes: kprobe jump-optimization is enabled. All kprobes are optimized if possible.
[    1.553421] HugeTLB: registered 2.00 MiB page size, pre-allocated 0 pages
[    1.554085] HugeTLB: 28 KiB vmemmap can be freed for a 2.00 MiB page
[    1.557392] ACPI: Added _OSI(Module Device)
[    1.558084] ACPI: Added _OSI(Processor Device)
[    1.559085] ACPI: Added _OSI(Processor Aggregator Device)
[    1.587357] ACPI: 1 ACPI AML tables successfully acquired and loaded
[    1.593905] ACPI: Interpreter enabled
[    1.594185] ACPI: PM: (supports S0 S3 S4 S5)
[    1.595086] ACPI: Using IOAPIC for interrupt routing
[    1.596281] PCI: Using host bridge windows from ACPI; if necessary, use "pci=nocrs" and report a bug
[    1.597089] PCI: Using E820 reservations for host bridge windows
[    1.599469] ACPI: Enabled 2 GPEs in block 00 to 3F
[    1.626718] ACPI: PCI Root Bridge [PCI0] (domain 0000 [bus 00-ff])
[    1.627107] acpi PNP0A08:00: _OSC: OS supports [ExtendedConfig ASPM ClockPM Segments MSI HPX-Type3]
[    1.629428] acpi PNP0A08:00: _OSC: platform does not support [LTR]
[    1.631839] acpi PNP0A08:00: _OSC: OS now controls [PME PCIeCapability]
[    1.633336] PCI host bridge to bus 0000:00
[    1.634137] pci_bus 0000:00: root bus resource [io  0x0000-0x0cf7 window]
[    1.635089] pci_bus 0000:00: root bus resource [io  0x0d00-0xffff window]
[    1.636089] pci_bus 0000:00: root bus resource [mem 0x000a0000-0x000bffff window]
[    1.637089] pci_bus 0000:00: root bus resource [mem 0x80000000-0xafffffff window]
[    1.638089] pci_bus 0000:00: root bus resource [mem 0xc0000000-0xfebfffff window]
[    1.639090] pci_bus 0000:00: root bus resource [mem 0x100000000-0x8ffffffff window]
[    1.640094] pci_bus 0000:00: root bus resource [bus 00-ff]
[    1.642196] pci 0000:00:00.0: [8086:29c0] type 00 class 0x060000 conventional PCI endpoint
[    1.646159] pci 0000:00:01.0: [1234:1111] type 00 class 0x030000 conventional PCI endpoint
[    1.650478] pci 0000:00:01.0: BAR 0 [mem 0xfd000000-0xfdffffff pref]
[    1.659474] pci 0000:00:01.0: BAR 2 [mem 0xfebd4000-0xfebd4fff]
[    1.672418] pci 0000:00:01.0: ROM [mem 0xfebc0000-0xfebcffff pref]
[    1.675920] pci 0000:00:01.0: Video device with shadowed ROM at [mem 0x000c0000-0x000dffff]
[    1.681154] pci 0000:00:02.0: [8086:10d3] type 00 class 0x020000 PCIe Root Complex Integrated Endpoint
[    1.683615] pci 0000:00:02.0: BAR 0 [mem 0xfeb80000-0xfeb9ffff]
[    1.685532] pci 0000:00:02.0: BAR 1 [mem 0xfeba0000-0xfebbffff]
[    1.687084] pci 0000:00:02.0: BAR 2 [io  0xc040-0xc05f]
[    1.690083] pci 0000:00:02.0: BAR 3 [mem 0xfebd0000-0xfebd3fff]
[    1.694084] pci 0000:00:02.0: ROM [mem 0xfeb00000-0xfeb7ffff pref]
[    1.698675] pci 0000:00:1f.0: [8086:2918] type 00 class 0x060100 conventional PCI endpoint
[    1.701683] pci 0000:00:1f.0: quirk: [io  0x0600-0x067f] claimed by ICH6 ACPI/GPIO/TCO
[    1.704549] pci 0000:00:1f.2: [8086:2922] type 00 class 0x010601 conventional PCI endpoint
[    1.709544] pci 0000:00:1f.2: BAR 4 [io  0xc060-0xc07f]
[    1.711914] pci 0000:00:1f.2: BAR 5 [mem 0xfebd5000-0xfebd5fff]
[    1.714353] pci 0000:00:1f.3: [8086:2930] type 00 class 0x0c0500 conventional PCI endpoint
[    1.717701] pci 0000:00:1f.3: BAR 4 [io  0x0700-0x073f]
[    1.728857] ACPI: PCI: Interrupt link LNKA configured for IRQ 10
[    1.731161] ACPI: PCI: Interrupt link LNKB configured for IRQ 10
[    1.733932] ACPI: PCI: Interrupt link LNKC configured for IRQ 11
[    1.736267] ACPI: PCI: Interrupt link LNKD configured for IRQ 11
[    1.738007] ACPI: PCI: Interrupt link LNKE configured for IRQ 10
[    1.740116] ACPI: PCI: Interrupt link LNKF configured for IRQ 10
[    1.742944] ACPI: PCI: Interrupt link LNKG configured for IRQ 11
[    1.744504] ACPI: PCI: Interrupt link LNKH configured for IRQ 11
[    1.745410] ACPI: PCI: Interrupt link GSIA configured for IRQ 16
[    1.746210] ACPI: PCI: Interrupt link GSIB configured for IRQ 17
[    1.748290] ACPI: PCI: Interrupt link GSIC configured for IRQ 18
[    1.749230] ACPI: PCI: Interrupt link GSID configured for IRQ 19
[    1.750241] ACPI: PCI: Interrupt link GSIE configured for IRQ 20
[    1.751227] ACPI: PCI: Interrupt link GSIF configured for IRQ 21
[    1.752309] ACPI: PCI: Interrupt link GSIG configured for IRQ 22
[    1.753211] ACPI: PCI: Interrupt link GSIH configured for IRQ 23
[    1.763412] iommu: Default domain type: Translated
[    1.764086] iommu: DMA domain TLB invalidation policy: lazy mode
[    1.767974] SCSI subsystem initialized
[    1.771453] ACPI: bus type USB registered
[    1.775024] usbcore: registered new interface driver usbfs
[    1.775362] usbcore: registered new interface driver hub
[    1.777144] usbcore: registered new device driver usb
[    1.778694] pps_core: LinuxPPS API ver. 1 registered
[    1.779084] pps_core: Software ver. 5.3.6 - Copyright 2005-2007 Rodolfo Giometti <giometti@linux.it>
[    1.780193] PTP clock support registered
[    1.784686] Advanced Linux Sound Architecture Driver Initialized.
[    1.789281] NetLabel: Initializing
[    1.790086] NetLabel:  domain hash size = 128
[    1.791084] NetLabel:  protocols = UNLABELED CIPSOv4 CALIPSO
[    1.793084] NetLabel:  unlabeled traffic allowed by default
[    1.796220] PCI: Using ACPI for IRQ routing
[    1.948325] pci 0000:00:01.0: vgaarb: setting as boot VGA device
[    1.949080] pci 0000:00:01.0: vgaarb: bridge control possible
[    1.949080] pci 0000:00:01.0: vgaarb: VGA device added: decodes=io+mem,owns=io+mem,locks=none
[    1.949093] vgaarb: loaded
[    1.952641] hpet: 3 channels of 0 reserved for per-cpu timers
[    1.953154] hpet0: at MMIO 0xfed00000, IRQs 2, 8, 0
[    1.954084] hpet0: 3 comparators, 64-bit 100.000000 MHz counter
[    1.962537] clocksource: Switched to clocksource kvm-clock
[    1.969300] VFS: Disk quotas dquot_6.6.0
[    1.971990] VFS: Dquot-cache hash table entries: 512 (order 0, 4096 bytes)
[    1.979880] pnp: PnP ACPI init
[    1.984914] system 00:05: [mem 0xb0000000-0xbfffffff window] has been reserved
[    1.991959] pnp: PnP ACPI: found 6 devices
[    2.021520] clocksource: acpi_pm: mask: 0xffffff max_cycles: 0xffffff, max_idle_ns: 2085701024 ns
[    2.028055] NET: Registered PF_INET protocol family
[    2.031807] IP idents hash table entries: 32768 (order: 6, 262144 bytes, linear)
[    2.038888] tcp_listen_portaddr_hash hash table entries: 1024 (order: 2, 16384 bytes, linear)
[    2.044831] Table-perturb hash table entries: 65536 (order: 6, 262144 bytes, linear)
[    2.050379] TCP established hash table entries: 16384 (order: 5, 131072 bytes, linear)
[    2.057875] TCP bind hash table entries: 16384 (order: 7, 524288 bytes, linear)
[    2.063116] TCP: Hash tables configured (established 16384 bind 16384)
[    2.068372] UDP hash table entries: 1024 (order: 3, 32768 bytes, linear)
[    2.073304] UDP-Lite hash table entries: 1024 (order: 3, 32768 bytes, linear)
[    2.079261] NET: Registered PF_UNIX/PF_LOCAL protocol family
[    2.087597] RPC: Registered named UNIX socket transport module.
[    2.092307] RPC: Registered udp transport module.
[    2.095813] RPC: Registered tcp transport module.
[    2.099328] RPC: Registered tcp-with-tls transport module.
[    2.103308] RPC: Registered tcp NFSv4.1 backchannel transport module.
[    2.109691] pci_bus 0000:00: resource 4 [io  0x0000-0x0cf7 window]
[    2.113819] pci_bus 0000:00: resource 5 [io  0x0d00-0xffff window]
[    2.117692] pci_bus 0000:00: resource 6 [mem 0x000a0000-0x000bffff window]
[    2.122046] pci_bus 0000:00: resource 7 [mem 0x80000000-0xafffffff window]
[    2.126453] pci_bus 0000:00: resource 8 [mem 0xc0000000-0xfebfffff window]
[    2.131307] pci_bus 0000:00: resource 9 [mem 0x100000000-0x8ffffffff window]
[    2.136157] PCI: CLS 0 bytes, default 64
[    2.139124] clocksource: tsc: mask: 0xffffffffffffffff max_cycles: 0x233fd98c0cf, max_idle_ns: 440795209930 ns
[    2.139971] Unpacking initramfs...
[    2.156666] Initialise system trusted keyrings
[    2.160600] workingset: timestamp_bits=56 max_order=19 bucket_order=0
[    2.168097] NFS: Registering the id_resolver key type
[    2.172035] Key type id_resolver registered
[    2.175156] Key type id_legacy registered
[    2.178808] 9p: Installing v9fs 9p2000 file system support
[    2.198813] Key type asymmetric registered
[    2.202078] Asymmetric key parser 'x509' registered
[    2.206452] Block layer SCSI generic (bsg) driver version 0.4 loaded (major 251)
[    2.212276] io scheduler mq-deadline registered
[    2.215935] io scheduler kyber registered
[    2.220788] input: Power Button as /devices/LNXSYSTM:00/LNXPWRBN:00/input/input0
[    2.224420] Freeing initrd memory: 2648K
[    2.229102] ACPI: button: Power Button [PWRF]
[    2.234740] Serial: 8250/16550 driver, 4 ports, IRQ sharing enabled
[    2.240026] 00:03: ttyS0 at I/O 0x3f8 (irq = 4, base_baud = 115200) is a 16550A
[    2.248914] Non-volatile memory driver v1.3
[    2.251603] Linux agpgart interface v0.103
[    2.255217] ACPI: bus type drm_connector registered
[    2.276974] loop: module loaded
[    2.286445] ACPI: \_SB_.GSIA: Enabled at IRQ 16
[    2.292242] ahci 0000:00:1f.2: AHCI vers 0001.0000, 32 command slots, 1.5 Gbps, SATA mode
[    2.298277] ahci 0000:00:1f.2: 6/6 ports implemented (port mask 0x3f)
[    2.303182] ahci 0000:00:1f.2: flags: 64bit ncq only 
[    2.314150] scsi host0: ahci
[    2.317589] scsi host1: ahci
[    2.320747] scsi host2: ahci
[    2.323870] scsi host3: ahci
[    2.326931] scsi host4: ahci
[    2.329820] scsi host5: ahci
[    2.332131] ata1: SATA max UDMA/133 abar m4096@0xfebd5000 port 0xfebd5100 irq 24 lpm-pol 1
[    2.337208] ata2: SATA max UDMA/133 abar m4096@0xfebd5000 port 0xfebd5180 irq 24 lpm-pol 1
[    2.342296] ata3: SATA max UDMA/133 abar m4096@0xfebd5000 port 0xfebd5200 irq 24 lpm-pol 1
[    2.347447] ata4: SATA max UDMA/133 abar m4096@0xfebd5000 port 0xfebd5280 irq 24 lpm-pol 1
[    2.352594] ata5: SATA max UDMA/133 abar m4096@0xfebd5000 port 0xfebd5300 irq 24 lpm-pol 1
[    2.358300] ata6: SATA max UDMA/133 abar m4096@0xfebd5000 port 0xfebd5380 irq 24 lpm-pol 1
[    2.367877] e100: Intel(R) PRO/100 Network Driver
[    2.370721] e100: Copyright(c) 1999-2006 Intel Corporation
[    2.374585] e1000: Intel(R) PRO/1000 Network Driver
[    2.377703] e1000: Copyright (c) 1999-2006 Intel Corporation.
[    2.381472] e1000e: Intel(R) PRO/1000 Network Driver
[    2.384600] e1000e: Copyright(c) 1999 - 2015 Intel Corporation.
[    2.394273] ACPI: \_SB_.GSIG: Enabled at IRQ 22
[    2.399029] e1000e 0000:00:02.0: Interrupt Throttling Rate (ints/sec) set to dynamic conservative mode
[    2.450936] e1000e 0000:00:02.0 0000:00:02.0 (uninitialized): registered PHC clock
[    2.508912] e1000e 0000:00:02.0 eth0: (PCI Express:2.5GT/s:Width x1) 52:54:00:12:34:56
[    2.514599] e1000e 0000:00:02.0 eth0: Intel(R) PRO/1000 Network Connection
[    2.519467] e1000e 0000:00:02.0 eth0: MAC: 3, PHY: 8, PBA No: 000000-000
[    2.524155] sky2: driver version 1.30
[    2.528271] usbcore: registered new interface driver usblp
[    2.532293] usbcore: registered new interface driver usb-storage
[    2.536915] i8042: PNP: PS/2 Controller [PNP0303:KBD,PNP0f13:MOU] at 0x60,0x64 irq 1,12
[    2.545514] serio: i8042 KBD port at 0x60,0x64 irq 1
[    2.549401] serio: i8042 AUX port at 0x60,0x64 irq 12
[    2.555113] rtc_cmos 00:04: RTC can wake from S4
[    2.561475] input: AT Translated Set 2 keyboard as /devices/platform/i8042/serio0/input/input1
[    2.563383] rtc_cmos 00:04: registered as rtc0
[    2.571310] rtc_cmos 00:04: alarms up to one day, y3k, 242 bytes nvram, hpet irqs
[    2.578032] device-mapper: ioctl: 4.48.0-ioctl (2023-03-01) initialised: dm-devel@lists.linux.dev
[    2.585919] amd_pstate: the _CPC object is not present in SBIOS or ACPI disabled
[    2.586785] i801_smbus 0000:00:1f.3: SMBus using PCI interrupt
[    2.592673] hid: raw HID events driver (C) Jiri Kosina
[    2.596279] i2c i2c-0: Memory type 0x07 not supported yet, not instantiating SPD
[    2.604486] usbcore: registered new interface driver usbhid
[    2.609905] usbhid: USB HID core driver
[    2.620285] Initializing XFRM netlink socket
[    2.623392] NET: Registered PF_INET6 protocol family
[    2.629228] Segment Routing with IPv6
[    2.631754] In-situ OAM (IOAM) with IPv6
[    2.634558] sit: IPv6, IPv4 and MPLS over IPv4 tunneling driver
[    2.639335] NET: Registered PF_PACKET protocol family
[    2.643214] 9pnet: Installing 9P2000 support
[    2.646512] Key type dns_resolver registered
[    2.651497] IPI shorthand broadcast: enabled
[    2.679255] ata6: SATA link down (SStatus 0 SControl 300)
[    2.680739] sched_clock: Marking stable (2173037087, 506814590)->(3052258173, -372406496)
[    2.683558] ata1: SATA link down (SStatus 0 SControl 300)
[    2.694312] ata2: SATA link down (SStatus 0 SControl 300)
[    2.695463] registered taskstats version 1
[    2.701222] ata4: SATA link down (SStatus 0 SControl 300)
[    2.701969] Loading compiled-in X.509 certificates
[    2.707076] ata5: SATA link down (SStatus 0 SControl 300)
[    2.712213] ata3: SATA link up 1.5 Gbps (SStatus 113 SControl 300)
[    2.716881] ata3.00: LPM support broken, forcing max_power
[    2.720680] ata3.00: ATAPI: QEMU DVD-ROM, 2.5+, max UDMA/100
[    2.724686] ata3.00: applying bridge limits
[    2.727958] ata3.00: LPM support broken, forcing max_power
[    2.731957] ata3.00: configured for UDMA/100
[    2.736658] scsi 2:0:0:0: CD-ROM            QEMU     QEMU DVD-ROM     2.5+ PQ: 0 ANSI: 5
[    2.736736] Demotion targets for Node 0: null
[    2.745064] PM:   Magic number: 14:564:69
[    2.748176] printk: legacy console [netcon0] enabled
[    2.751624] netconsole: network logging started
[    2.755441] cfg80211: Loading compiled-in X.509 certificates for regulatory database
[    2.761782] kworker/u16:1 (87) used greatest stack depth: 29312 bytes left
[    2.764678] Loaded X.509 cert 'sforshee: 00b28ddf47aef9cea7'
[    2.769749] Loaded X.509 cert 'wens: 61c038651aabdcf94bd0ac7ff06c7248db18c600'
[    2.775037] platform regulatory.0: Direct firmware load for regulatory.db failed with error -2
[    2.779062] ALSA device list:
[    2.781026] cfg80211: failed to load regulatory.db
[    2.782896]   No soundcards found.
[    2.786541] sr 2:0:0:0: [sr0] scsi3-mmc drive: 4x/4x cd/rw xa/form2 tray
[    2.809250] cdrom: Uniform CD-ROM driver Revision: 3.20
[    2.825333] sr 2:0:0:0: Attached scsi generic sg0 type 5
[    2.846775] Freeing unused kernel image (initmem) memory: 6012K
[    2.850797] Write protecting the kernel read-only data: 63488k
[    2.860255] Freeing unused kernel image (rodata/data gap) memory: 880K
[    2.905061] x86/mm: Checked W+X mappings: passed, no W+X pages found.
[    2.909082] Run /init as init process
[    2.916328] mount (91) used greatest stack depth: 28176 bytes left
BOOTMARK userspace-up
Linux (none) 6.12.111 #1 SMP PREEMPT_DYNAMIC Thu Oct  1 09:02:26 UTC 2026 x86_64 GNU/Linux
BOOTMARK insmod-start
[    2.970400] mali mali.0: Kernel DDK version r54p0-01eac0
[    2.973677] mali mali.0: Using Dummy Model
[    2.976127] mali mali.0: GPU metrics tracepoint support enabled
[    2.979578] mali mali.0: Register LUT 000e0800 initialized for GPU arch 0x000e0805
[    2.983669] mali mali.0: GPU identified as 0x0 arch 14.8.5 r0p0 status 0
[    2.987518] mali mali.0: _find_key: OPP table not found (-19)
[    2.990622] mali mali.0: No OPPs found in device tree! Scaling timeouts using 100000 kHz
[    2.995469] mali mali.0: Large page allocation set to true after hardware feature check
[    3.004603] Dummy model register access: Reading unsupported register 0xf10. Returning 0
[    3.008852] Dummy model register access: Writing unsupported register 0xf10 value 0x0
[    3.013108] Dummy model register access: Writing unsupported register 0x88 value 0x0
[    3.017148] Dummy model register access: Writing unsupported register 0x8c value 0x0
[    3.021218] Dummy model register access: Writing unsupported register 0x88 value 0x19a309
[    3.025435] Dummy model register access: Writing unsupported register 0x8c value 0x0
[    3.029756] Dummy model register access: Writing unsupported register 0x41030 value 0x0
[    3.035129] Dummy model register access: Writing unsupported register 0x41034 value 0x0
[    3.041321] mali mali.0: Clock not available for devfreq
[    3.044865] mali mali.0: Continuing without devfreq
[    3.046684] input: ImExPS/2 Generic Explorer Mouse as /devices/platform/i8042/serio1/input/input3
[    3.049228] mali mali.0: * MALI kbase_mmap_min_addr compiled to CONFIG_LSM_MMAP_MIN_ADDR, no runtime update possible! *
[    3.057509] mali mali.0: Probed as mali0
[    3.062642] insmod (96) used greatest stack depth: 27632 bytes left
BOOTMARK insmod-rc 0
Module                  Size  Used by    Not tainted
mali_kbase           3354624  0 
BOOTMARK probe-start
PROBE build              kbase-probe, EL0 ioctl exerciser
PROBE device             /dev/mali0
[    3.083964] Dummy model register access: Writing unsupported register 0x40120 value 0x3fff
[    3.087853] Dummy model register access: Writing unsupported register 0x40124 value 0x0
PROBE version_check       negotiated major=1 minor=36 (proposed 1.36)
PROBE gpuprops_size       773 bytes
PROBE gpuprops product_id=0x0006 version_status=0xe850 major=9 minor=0
PROBE gpuprops gpu_freq_khz_max=851968 log2_pc_size=0 num_exec_engines=15 log2_l2_line_size=255
PR[    3.104183] kbase-probe (100) used greatest stack depth: 27424 bytes left
OBE gpuprops raw gpu_id=0x0000000000000100
PROBE mem_alloc           gpu_va=0x41000 out_flags=0x200f (SAME_VA cookie)
PROBE mmap                bound cookie 0x41000 -> cpu=gpu=0x7f0b5997b000
PROBE mem_query           commit_size=0 bytes
PROBE summary             passed=0x1ff failed=0x000
BOOTMARK probe-rc 255
BOOTMARK dmesg-start
[    2.970400] mali mali.0: Kernel DDK version r54p0-01eac0
[    2.973677] mali mali.0: Using Dummy Model
[    2.976127] mali mali.0: GPU metrics tracepoint support enabled
[    2.979578] mali mali.0: Register LUT 000e0800 initialized for GPU arch 0x000e0805
[    2.983669] mali mali.0: GPU identified as 0x0 arch 14.8.5 r0p0 status 0
[    2.987518] mali mali.0: _find_key: OPP table not found (-19)
[    2.990622] mali mali.0: No OPPs found in device tree! Scaling timeouts using 100000 kHz
[    2.995469] mali mali.0: Large page allocation set to true after hardware feature check
[    3.041321] mali mali.0: Clock not available for devfreq
[    3.044865] mali mali.0: Continuing without devfreq
[    3.049228] mali mali.0: * MALI kbase_mmap_min_addr compiled to CONFIG_LSM_MMAP_MIN_ADDR, no runtime update possible! *
[    3.057509] mali mali.0: Probed as mali0
[    3.104183] kbase-probe (100) used greatest stack depth: 27424 bytes left
BOOTMARK dmesg-end
BOOTMARK poweroff
[    3.172652] e1000e: EEE TX LPI TIMER: 00000000
[    3.178286] ACPI: PM: Preparing to enter system sleep state S5
[    3.182051] reboot: Power down
