c[?7l[2J[0mSeaBIOS (version 1.16.3-debian-1.16.3-2)


iPXE (https://ipxe.org) 00:02.0 CA00 PCI2.10 PnP PMM+7EFCAB60+7EF0AB60 CA00
Press Ctrl-B to configure iPXE (PCI 00:02.0)...                                                                               


Booting from ROM...
c[?7l[2J[    0.000000] Linux version 6.12.111 (codespace@codespaces-5d341e) (gcc (Ubuntu 13.3.0-6ubuntu2~24.04.1) 13.3.0, GNU ld (GNU Binutils for Ubuntu) 2.42) #2 SMP PREEMPT_DYNAMIC Fri Oct  2 00:15:33 UTC 2026
[    0.000000] Command line: console=ttyS0 panic=-1 rdinit=/init loglevel=7
[    0.000000] BIOS-provided physical RAM map:
[    0.000000] BIOS-e820: [mem 0x0000000000000000-0x000000000009fbff] usable
[    0.000000] BIOS-e820: [mem 0x000000000009fc00-0x000000000009ffff] reserved
[    0.000000] BIOS-e820: [mem 0x00000000000f0000-0x00000000000fffff] reserved
[    0.000000] BIOS-e820: [mem 0x0000000000100000-0x000000007ffdefff] usable
[    0.000000] BIOS-e820: [mem 0x000000007ffdf000-0x000000007fffffff] reserved
[    0.000000] BIOS-e820: [mem 0x00000000b0000000-0x00000000bfffffff] reserved
[    0.000000] BIOS-e820: [mem 0x00000000fed1c000-0x00000000fed1ffff] reserved
[    0.000000] BIOS-e820: [mem 0x00000000feffc000-0x00000000feffffff] reserved
[    0.000000] BIOS-e820: [mem 0x00000000fffc0000-0x00000000ffffffff] reserved
[    0.000000] BIOS-e820: [mem 0x000000fd00000000-0x000000ffffffffff] reserved
[    0.000000] NX (Execute Disable) protection: active
[    0.000000] APIC: Static calls initialized
[    0.000000] SMBIOS 3.0.0 present.
[    0.000000] DMI: QEMU Standard PC (Q35 + ICH9, 2009), BIOS 1.16.3-debian-1.16.3-2 04/01/2014
[    0.000000] DMI: Memory slots populated: 1/1
[    0.000000] Hypervisor detected: KVM
[    0.000000] last_pfn = 0x7ffdf max_arch_pfn = 0x400000000
[    0.000000] kvm-clock: Using msrs 4b564d01 and 4b564d00
[    0.000002] kvm-clock: using sched offset of 1522798664 cycles
[    0.000011] clocksource: kvm-clock: mask: 0xffffffffffffffff max_cycles: 0x1cd42e4dffb, max_idle_ns: 881590591483 ns
[    0.000028] tsc: Detected 2445.430 MHz processor
[    0.023728] last_pfn = 0x7ffdf max_arch_pfn = 0x400000000
[    0.024010] MTRR map: 4 entries (3 fixed + 1 variable; max 19), built from 8 variable MTRRs
[    0.024035] x86/PAT: Configuration [0-7]: WB  WC  UC- UC  WB  WP  UC- WT  
[    0.035880] found SMP MP-table at [mem 0x000f5480-0x000f548f]
[    0.047117] RAMDISK: [mem 0x7fcc1000-0x7ffcffff]
[    0.047324] ACPI: Early table checksum verification disabled
[    0.047368] ACPI: RSDP 0x00000000000F52C0 000014 (v00 BOCHS )
[    0.047406] ACPI: RSDT 0x000000007FFE2425 000038 (v01 BOCHS  BXPC     00000001 BXPC 00000001)
[    0.047438] ACPI: FACP 0x000000007FFE2205 0000F4 (v03 BOCHS  BXPC     00000001 BXPC 00000001)
[    0.047497] ACPI: DSDT 0x000000007FFE0040 0021C5 (v01 BOCHS  BXPC     00000001 BXPC 00000001)
[    0.047527] ACPI: FACS 0x000000007FFE0000 000040
[    0.047546] ACPI: APIC 0x000000007FFE22F9 000090 (v03 BOCHS  BXPC     00000001 BXPC 00000001)
[    0.047575] ACPI: HPET 0x000000007FFE2389 000038 (v01 BOCHS  BXPC     00000001 BXPC 00000001)
[    0.047603] ACPI: MCFG 0x000000007FFE23C1 00003C (v01 BOCHS  BXPC     00000001 BXPC 00000001)
[    0.047632] ACPI: WAET 0x000000007FFE23FD 000028 (v01 BOCHS  BXPC     00000001 BXPC 00000001)
[    0.047657] ACPI: Reserving FACP table memory at [mem 0x7ffe2205-0x7ffe22f8]
[    0.047669] ACPI: Reserving DSDT table memory at [mem 0x7ffe0040-0x7ffe2204]
[    0.047680] ACPI: Reserving FACS table memory at [mem 0x7ffe0000-0x7ffe003f]
[    0.047691] ACPI: Reserving APIC table memory at [mem 0x7ffe22f9-0x7ffe2388]
[    0.047702] ACPI: Reserving HPET table memory at [mem 0x7ffe2389-0x7ffe23c0]
[    0.047712] ACPI: Reserving MCFG table memory at [mem 0x7ffe23c1-0x7ffe23fc]
[    0.047723] ACPI: Reserving WAET table memory at [mem 0x7ffe23fd-0x7ffe2424]
[    0.052958] No NUMA configuration found
[    0.052966] Faking a node at [mem 0x0000000000000000-0x000000007ffdefff]
[    0.052986] NODE_DATA(0) allocated [mem 0x7ffdb940-0x7ffdefff]
[    0.053039] Zone ranges:
[    0.053043]   DMA      [mem 0x0000000000001000-0x0000000000ffffff]
[    0.053057]   DMA32    [mem 0x0000000001000000-0x000000007ffdefff]
[    0.053069]   Normal   empty
[    0.053076] Movable zone start for each node
[    0.053081] Early memory node ranges
[    0.053085]   node   0: [mem 0x0000000000001000-0x000000000009efff]
[    0.053100]   node   0: [mem 0x0000000000100000-0x000000007ffdefff]
[    0.053113] Initmem setup node 0 [mem 0x0000000000001000-0x000000007ffdefff]
[    0.054369] On node 0, zone DMA: 1 pages in unavailable ranges
[    0.058567] On node 0, zone DMA: 97 pages in unavailable ranges
[    0.455328] On node 0, zone DMA32: 33 pages in unavailable ranges
[    0.459829] ACPI: PM-Timer IO Port: 0x608
[    0.459877] ACPI: LAPIC_NMI (acpi_id[0xff] dfl dfl lint[0x1])
[    0.460013] IOAPIC[0]: apic_id 0, version 17, address 0xfec00000, GSI 0-23
[    0.460035] ACPI: INT_SRC_OVR (bus 0 bus_irq 0 global_irq 2 dfl dfl)
[    0.460050] ACPI: INT_SRC_OVR (bus 0 bus_irq 5 global_irq 5 high level)
[    0.460064] ACPI: INT_SRC_OVR (bus 0 bus_irq 9 global_irq 9 high level)
[    0.460078] ACPI: INT_SRC_OVR (bus 0 bus_irq 10 global_irq 10 high level)
[    0.460092] ACPI: INT_SRC_OVR (bus 0 bus_irq 11 global_irq 11 high level)
[    0.460121] ACPI: Using ACPI (MADT) for SMP configuration information
[    0.460127] ACPI: HPET id: 0x8086a201 base: 0xfed00000
[    0.460162] CPU topo: Max. logical packages:   1
[    0.460168] CPU topo: Max. logical dies:       1
[    0.460174] CPU topo: Max. dies per package:   1
[    0.460195] CPU topo: Max. threads per core:   1
[    0.460202] CPU topo: Num. cores per package:     4
[    0.460208] CPU topo: Num. threads per package:   4
[    0.460214] CPU topo: Allowing 4 present CPUs plus 0 hotplug CPUs
[    0.460277] kvm-guest: APIC: eoi() replaced with kvm_guest_apic_eoi_write()
[    0.460505] PM: hibernation: Registered nosave memory: [mem 0x00000000-0x00000fff]
[    0.460521] PM: hibernation: Registered nosave memory: [mem 0x0009f000-0x000fffff]
[    0.460533] [mem 0xc0000000-0xfed1bfff] available for PCI devices
[    0.460542] Booting paravirtualized kernel on KVM
[    0.460549] clocksource: refined-jiffies: mask: 0xffffffff max_cycles: 0xffffffff, max_idle_ns: 1910969940391419 ns
[    0.479027] setup_percpu: NR_CPUS:64 nr_cpumask_bits:4 nr_cpu_ids:4 nr_node_ids:1
[    0.500944] percpu: Embedded 56 pages/cpu s192216 r8192 d28968 u524288
[    0.501176] Kernel command line: console=ttyS0 panic=-1 rdinit=/init loglevel=7
[    0.519023] Dentry cache hash table entries: 262144 (order: 9, 2097152 bytes, linear)
[    0.519106] Inode-cache hash table entries: 131072 (order: 8, 1048576 bytes, linear)
[    0.519366] Fallback order for Node 0: 0 
[    0.519378] Built 1 zonelists, mobility grouping on.  Total pages: 524157
[    0.519386] Policy zone: DMA32
[    0.519391] mem auto-init: stack:all(zero), heap alloc:off, heap free:off
[    0.531317] SLUB: HWalign=64, Order=0-3, MinObjects=0, CPUs=4, Nodes=1
[    0.539664] Dynamic Preempt: voluntary
[    0.540971] rcu: Preemptible hierarchical RCU implementation.
[    0.540978] rcu: 	RCU event tracing is enabled.
[    0.540982] rcu: 	RCU restricting CPUs from NR_CPUS=64 to nr_cpu_ids=4.
[    0.540992] 	Trampoline variant of Tasks RCU enabled.
[    0.540996] 	Tracing variant of Tasks RCU enabled.
[    0.541000] rcu: RCU calculated value of scheduler-enlistment delay is 100 jiffies.
[    0.541008] rcu: Adjusting geometry for rcu_fanout_leaf=16, nr_cpu_ids=4
[    0.541031] RCU Tasks: Setting shift to 2 and lim to 1 rcu_task_cb_adjust=1 rcu_task_cpu_ids=4.
[    0.541046] RCU Tasks Trace: Setting shift to 2 and lim to 1 rcu_task_cb_adjust=1 rcu_task_cpu_ids=4.
[    0.651892] NR_IRQS: 4352, nr_irqs: 456, preallocated irqs: 16
[    0.660573] rcu: srcu_init: Setting srcu_struct sizes based on contention.
[    0.660691] clocksource: jiffies: mask: 0xffffffff max_cycles: 0xffffffff, max_idle_ns: 1911260446275000 ns
[    0.704213] Console: colour VGA+ 80x25
[    0.704372] printk: legacy console [ttyS0] enabled
[    1.823596] ACPI: Core revision 20240827
[    1.831521] clocksource: hpet: mask: 0xffffffff max_cycles: 0xffffffff, max_idle_ns: 19112604467 ns
[    1.847470] APIC: Switch to symmetric I/O mode setup
[    1.860203] ..TIMER: vector=0x30 apic1=0 pin1=2 apic2=-1 pin2=-1
[    1.868057] clocksource: tsc-early: mask: 0xffffffffffffffff max_cycles: 0x233fdbaba77, max_idle_ns: 440795254155 ns
[    1.887306] Calibrating delay loop (skipped) preset value.. 4890.86 BogoMIPS (lpj=2445430)
[    1.889294] Last level iTLB entries: 4KB 512, 2MB 255, 4MB 127
[    1.889301] Last level dTLB entries: 4KB 512, 2MB 255, 4MB 127, 1GB 0
[    1.890341] Spectre V1 : Mitigation: usercopy/swapgs barriers and __user pointer sanitization
[    1.891309] Spectre V2 : Mitigation: Retpolines
[    1.892301] Spectre V2 : Spectre v2 / SpectreRSB: Filling RSB on context switch and VMEXIT
[    1.893324] x86/fpu: x87 FPU will use FXSAVE
[    1.988512] Freeing SMP alternatives memory: 48K
[    1.989776] pid_max: default: 32768 minimum: 301
[    1.990436] LSM: initializing lsm=capability,selinux
[    1.991359] SELinux:  Initializing.
[    1.993714] Mount-cache hash table entries: 4096 (order: 3, 32768 bytes, linear)
[    1.994305] Mountpoint-cache hash table entries: 4096 (order: 3, 32768 bytes, linear)
[    2.069613] smpboot: CPU0: AMD QEMU Virtual CPU version 2.5+ (family: 0xf, model: 0x6b, stepping: 0x1)
[    2.071367] Performance Events: PMU not available due to virtualization, using software events only.
[    2.074531] signal: max sigframe size: 1440
[    2.076478] rcu: Hierarchical SRCU implementation.
[    2.077300] rcu: 	Max phase no-delay instances is 400.
[    2.079451] Timer migration: 1 hierarchy levels; 8 children per group; 1 crossnode level
[    2.082132] smp: Bringing up secondary CPUs ...
[    2.083549] smpboot: x86: Booting SMP configuration:
[    2.084304] .... node  #0, CPUs:      #1 #2 #3
[    2.109716] smp: Brought up 1 node, 4 CPUs
[    2.111305] smpboot: Total of 4 processors activated (19563.44 BogoMIPS)
[    2.122444] Memory: 1997804K/2096628K available (26624K kernel code, 2863K rwdata, 7444K rodata, 6512K init, 1848K bss, 93856K reserved, 0K cma-reserved)
[    2.128299] devtmpfs: initialized
[    2.132364] futex hash table entries: 1024 (order: 4, 65536 bytes, linear)
[    2.134140] PM: RTC time: 05:59:56, date: 2026-10-02
[    2.139737] NET: Registered PF_NETLINK/PF_ROUTE protocol family
[    2.141746] audit: initializing netlink subsys (disabled)
[    2.145822] thermal_sys: Registered thermal governor 'step_wise'
[    2.145831] thermal_sys: Registered thermal governor 'user_space'
[    2.145430] audit: type=2000 audit(1790920794.501:1): state=initialized audit_enabled=0 res=1
[    2.169299] cpuidle: using governor menu
[    2.173905] PCI: ECAM [mem 0xb0000000-0xbfffffff] (base 0xb0000000) for domain 0000 [bus 00-ff]
[    2.174304] PCI: ECAM [mem 0xb0000000-0xbfffffff] reserved as E820 entry
[    2.175358] PCI: Using configuration type 1 for base access
[    2.179576] kprobes: kprobe jump-optimization is enabled. All kprobes are optimized if possible.
[    2.195305] HugeTLB: registered 2.00 MiB page size, pre-allocated 0 pages
[    2.204299] HugeTLB: 28 KiB vmemmap can be freed for a 2.00 MiB page
[    2.217614] ACPI: Added _OSI(Module Device)
[    2.222301] ACPI: Added _OSI(Processor Device)
[    2.227301] ACPI: Added _OSI(Processor Aggregator Device)
[    2.242860] ACPI: 1 ACPI AML tables successfully acquired and loaded
[    2.261899] ACPI: Interpreter enabled
[    2.266428] ACPI: PM: (supports S0 S3 S4 S5)
[    2.274302] ACPI: Using IOAPIC for interrupt routing
[    2.279807] PCI: Using host bridge windows from ACPI; if necessary, use "pci=nocrs" and report a bug
[    2.297301] PCI: Using E820 reservations for host bridge windows
[    2.311297] ACPI: Enabled 2 GPEs in block 00 to 3F
[    2.341770] ACPI: PCI Root Bridge [PCI0] (domain 0000 [bus 00-ff])
[    2.356316] acpi PNP0A08:00: _OSC: OS supports [ExtendedConfig ASPM ClockPM Segments MSI HPX-Type3]
[    2.378336] acpi PNP0A08:00: _OSC: platform does not support [LTR]
[    2.392756] acpi PNP0A08:00: _OSC: OS now controls [PME PCIeCapability]
[    2.406561] PCI host bridge to bus 0000:00
[    2.416311] pci_bus 0000:00: root bus resource [io  0x0000-0x0cf7 window]
[    2.425303] pci_bus 0000:00: root bus resource [io  0x0d00-0xffff window]
[    2.436305] pci_bus 0000:00: root bus resource [mem 0x000a0000-0x000bffff window]
[    2.448306] pci_bus 0000:00: root bus resource [mem 0x80000000-0xafffffff window]
[    2.456303] pci_bus 0000:00: root bus resource [mem 0xc0000000-0xfebfffff window]
[    2.467304] pci_bus 0000:00: root bus resource [mem 0x100000000-0x8ffffffff window]
[    2.479304] pci_bus 0000:00: root bus resource [bus 00-ff]
[    2.485545] pci 0000:00:00.0: [8086:29c0] type 00 class 0x060000 conventional PCI endpoint
[    2.499445] pci 0000:00:01.0: [1234:1111] type 00 class 0x030000 conventional PCI endpoint
[    2.527680] pci 0000:00:01.0: BAR 0 [mem 0xfd000000-0xfdffffff pref]
[    2.552424] pci 0000:00:01.0: BAR 2 [mem 0xfebd4000-0xfebd4fff]
[    2.590588] pci 0000:00:01.0: ROM [mem 0xfebc0000-0xfebcffff pref]
[    2.602046] pci 0000:00:01.0: Video device with shadowed ROM at [mem 0x000c0000-0x000dffff]
[    2.616400] pci 0000:00:02.0: [8086:10d3] type 00 class 0x020000 PCIe Root Complex Integrated Endpoint
[    2.632300] pci 0000:00:02.0: BAR 0 [mem 0xfeb80000-0xfeb9ffff]
[    2.645302] pci 0000:00:02.0: BAR 1 [mem 0xfeba0000-0xfebbffff]
[    2.657082] pci 0000:00:02.0: BAR 2 [io  0xc040-0xc05f]
[    2.668301] pci 0000:00:02.0: BAR 3 [mem 0xfebd0000-0xfebd3fff]
[    2.684958] pci 0000:00:02.0: ROM [mem 0xfeb00000-0xfeb7ffff pref]
[    2.699698] pci 0000:00:1f.0: [8086:2918] type 00 class 0x060100 conventional PCI endpoint
[    2.711018] pci 0000:00:1f.0: quirk: [io  0x0600-0x067f] claimed by ICH6 ACPI/GPIO/TCO
[    2.721541] pci 0000:00:1f.2: [8086:2922] type 00 class 0x010601 conventional PCI endpoint
[    2.744301] pci 0000:00:1f.2: BAR 4 [io  0xc060-0xc07f]
[    2.757301] pci 0000:00:1f.2: BAR 5 [mem 0xfebd5000-0xfebd5fff]
[    2.767655] pci 0000:00:1f.3: [8086:2930] type 00 class 0x0c0500 conventional PCI endpoint
[    2.788486] pci 0000:00:1f.3: BAR 4 [io  0x0700-0x073f]
[    2.807670] ACPI: PCI: Interrupt link LNKA configured for IRQ 10
[    2.813731] ACPI: PCI: Interrupt link LNKB configured for IRQ 10
[    2.825701] ACPI: PCI: Interrupt link LNKC configured for IRQ 11
[    2.830696] ACPI: PCI: Interrupt link LNKD configured for IRQ 11
[    2.838596] ACPI: PCI: Interrupt link LNKE configured for IRQ 10
[    2.847692] ACPI: PCI: Interrupt link LNKF configured for IRQ 10
[    2.856426] ACPI: PCI: Interrupt link LNKG configured for IRQ 11
[    2.866425] ACPI: PCI: Interrupt link LNKH configured for IRQ 11
[    2.876812] ACPI: PCI: Interrupt link GSIA configured for IRQ 16
[    2.885377] ACPI: PCI: Interrupt link GSIB configured for IRQ 17
[    2.895378] ACPI: PCI: Interrupt link GSIC configured for IRQ 18
[    2.902374] ACPI: PCI: Interrupt link GSID configured for IRQ 19
[    2.907353] ACPI: PCI: Interrupt link GSIE configured for IRQ 20
[    2.912372] ACPI: PCI: Interrupt link GSIF configured for IRQ 21
[    2.915406] ACPI: PCI: Interrupt link GSIG configured for IRQ 22
[    2.920419] ACPI: PCI: Interrupt link GSIH configured for IRQ 23
[    2.928055] iommu: Default domain type: Translated
[    2.932300] iommu: DMA domain TLB invalidation policy: lazy mode
[    2.939479] SCSI subsystem initialized
[    2.941838] ACPI: bus type USB registered
[    2.944594] usbcore: registered new interface driver usbfs
[    2.949415] usbcore: registered new interface driver hub
[    2.954325] usbcore: registered new device driver usb
[    2.958602] pps_core: LinuxPPS API ver. 1 registered
[    2.963299] pps_core: Software ver. 5.3.6 - Copyright 2005-2007 Rodolfo Giometti <giometti@linux.it>
[    2.973342] PTP clock support registered
[    2.981704] Advanced Linux Sound Architecture Driver Initialized.
[    2.993607] NetLabel: Initializing
[    2.998299] NetLabel:  domain hash size = 128
[    3.008300] NetLabel:  protocols = UNLABELED CIPSOv4 CALIPSO
[    3.017375] NetLabel:  unlabeled traffic allowed by default
[    3.025553] PCI: Using ACPI for IRQ routing
[    3.366365] pci 0000:00:01.0: vgaarb: setting as boot VGA device
[    3.367294] pci 0000:00:01.0: vgaarb: bridge control possible
[    3.367294] pci 0000:00:01.0: vgaarb: VGA device added: decodes=io+mem,owns=io+mem,locks=none
[    3.395304] vgaarb: loaded
[    3.402439] hpet: 3 channels of 0 reserved for per-cpu timers
[    3.416366] hpet0: at MMIO 0xfed00000, IRQs 2, 8, 0
[    3.426299] hpet0: 3 comparators, 64-bit 100.000000 MHz counter
[    3.477371] clocksource: Switched to clocksource kvm-clock
[    5.865407] VFS: Disk quotas dquot_6.6.0
[    5.868899] VFS: Dquot-cache hash table entries: 512 (order 0, 4096 bytes)
[    5.875670] pnp: PnP ACPI init
[    5.879369] system 00:05: [mem 0xb0000000-0xbfffffff window] has been reserved
[    5.888309] pnp: PnP ACPI: found 6 devices
[    5.926029] clocksource: acpi_pm: mask: 0xffffff max_cycles: 0xffffff, max_idle_ns: 2085701024 ns
[    5.933147] NET: Registered PF_INET protocol family
[    5.938166] IP idents hash table entries: 32768 (order: 6, 262144 bytes, linear)
[    5.947114] tcp_listen_portaddr_hash hash table entries: 1024 (order: 2, 16384 bytes, linear)
[    5.957051] Table-perturb hash table entries: 65536 (order: 6, 262144 bytes, linear)
[    5.965502] TCP established hash table entries: 16384 (order: 5, 131072 bytes, linear)
[    5.982327] TCP bind hash table entries: 16384 (order: 7, 524288 bytes, linear)
[    5.990706] TCP: Hash tables configured (established 16384 bind 16384)
[    5.998424] UDP hash table entries: 1024 (order: 3, 32768 bytes, linear)
[    6.005233] UDP-Lite hash table entries: 1024 (order: 3, 32768 bytes, linear)
[    6.011700] NET: Registered PF_UNIX/PF_LOCAL protocol family
[    6.030814] RPC: Registered named UNIX socket transport module.
[    6.038302] RPC: Registered udp transport module.
[    6.048151] RPC: Registered tcp transport module.
[    6.057136] RPC: Registered tcp-with-tls transport module.
[    6.065566] RPC: Registered tcp NFSv4.1 backchannel transport module.
[    6.079133] pci_bus 0000:00: resource 4 [io  0x0000-0x0cf7 window]
[    6.086950] pci_bus 0000:00: resource 5 [io  0x0d00-0xffff window]
[    6.095069] pci_bus 0000:00: resource 6 [mem 0x000a0000-0x000bffff window]
[    6.103651] pci_bus 0000:00: resource 7 [mem 0x80000000-0xafffffff window]
[    6.113593] pci_bus 0000:00: resource 8 [mem 0xc0000000-0xfebfffff window]
[    6.125433] pci_bus 0000:00: resource 9 [mem 0x100000000-0x8ffffffff window]
[    6.135685] PCI: CLS 0 bytes, default 64
[    6.141996] clocksource: tsc: mask: 0xffffffffffffffff max_cycles: 0x233fdbaba77, max_idle_ns: 440795254155 ns
[    6.143741] Unpacking initramfs...
[    6.241756] Initialise system trusted keyrings
[    6.253737] workingset: timestamp_bits=56 max_order=19 bucket_order=0
[    6.272597] NFS: Registering the id_resolver key type
[    6.281568] Key type id_resolver registered
[    6.287025] Key type id_legacy registered
[    6.297103] 9p: Installing v9fs 9p2000 file system support
[    6.456779] Key type asymmetric registered
[    6.465137] Asymmetric key parser 'x509' registered
[    6.478455] Block layer SCSI generic (bsg) driver version 0.4 loaded (major 251)
[    6.496306] io scheduler mq-deadline registered
[    6.503135] io scheduler kyber registered
[    6.517374] input: Power Button as /devices/LNXSYSTM:00/LNXPWRBN:00/input/input0
[    6.551460] ACPI: button: Power Button [PWRF]
[    6.580501] Serial: 8250/16550 driver, 4 ports, IRQ sharing enabled
[    6.613393] 00:03: ttyS0 at I/O 0x3f8 (irq = 4, base_baud = 115200) is a 16550A
[    6.633386] Non-volatile memory driver v1.3
[    6.640849] Linux agpgart interface v0.103
[    6.650886] ACPI: bus type drm_connector registered
[    6.726948] loop: module loaded
[    6.733838] ACPI: \_SB_.GSIA: Enabled at IRQ 16
[    6.741852] ahci 0000:00:1f.2: AHCI vers 0001.0000, 32 command slots, 1.5 Gbps, SATA mode
[    6.753575] ahci 0000:00:1f.2: 6/6 ports implemented (port mask 0x3f)
[    6.765407] ahci 0000:00:1f.2: flags: 64bit ncq only 
[    6.778298] Freeing initrd memory: 3132K
[    6.790443] scsi host0: ahci
[    6.801177] scsi host1: ahci
[    6.807873] scsi host2: ahci
[    6.819480] scsi host3: ahci
[    6.826871] scsi host4: ahci
[    6.834965] scsi host5: ahci
[    6.838048] ata1: SATA max UDMA/133 abar m4096@0xfebd5000 port 0xfebd5100 irq 24 lpm-pol 1
[    6.845922] ata2: SATA max UDMA/133 abar m4096@0xfebd5000 port 0xfebd5180 irq 24 lpm-pol 1
[    6.855112] ata3: SATA max UDMA/133 abar m4096@0xfebd5000 port 0xfebd5200 irq 24 lpm-pol 1
[    6.870637] ata4: SATA max UDMA/133 abar m4096@0xfebd5000 port 0xfebd5280 irq 24 lpm-pol 1
[    6.883021] ata5: SATA max UDMA/133 abar m4096@0xfebd5000 port 0xfebd5300 irq 24 lpm-pol 1
[    6.895504] ata6: SATA max UDMA/133 abar m4096@0xfebd5000 port 0xfebd5380 irq 24 lpm-pol 1
[    6.916496] e100: Intel(R) PRO/100 Network Driver
[    6.920886] e100: Copyright(c) 1999-2006 Intel Corporation
[    6.933566] e1000: Intel(R) PRO/1000 Network Driver
[    6.943745] e1000: Copyright (c) 1999-2006 Intel Corporation.
[    6.955473] e1000e: Intel(R) PRO/1000 Network Driver
[    6.959850] e1000e: Copyright(c) 1999 - 2015 Intel Corporation.
[    6.968463] ACPI: \_SB_.GSIG: Enabled at IRQ 22
[    6.978448] e1000e 0000:00:02.0: Interrupt Throttling Rate (ints/sec) set to dynamic conservative mode
[    7.053717] e1000e 0000:00:02.0 0000:00:02.0 (uninitialized): registered PHC clock
[    7.149045] e1000e 0000:00:02.0 eth0: (PCI Express:2.5GT/s:Width x1) 52:54:00:12:34:56
[    7.164877] e1000e 0000:00:02.0 eth0: Intel(R) PRO/1000 Network Connection
[    7.170486] e1000e 0000:00:02.0 eth0: MAC: 3, PHY: 8, PBA No: 000000-000
[    7.175990] sky2: driver version 1.30
[    7.180537] usbcore: registered new interface driver usblp
[    7.185529] usbcore: registered new interface driver usb-storage
[    7.196752] i8042: PNP: PS/2 Controller [PNP0303:KBD,PNP0f13:MOU] at 0x60,0x64 irq 1,12
[    7.211253] serio: i8042 KBD port at 0x60,0x64 irq 1
[    7.222035] serio: i8042 AUX port at 0x60,0x64 irq 12
[    7.236864] rtc_cmos 00:04: RTC can wake from S4
[    7.249542] rtc_cmos 00:04: registered as rtc0
[    7.257725] input: AT Translated Set 2 keyboard as /devices/platform/i8042/serio0/input/input1
[    7.262711] rtc_cmos 00:04: alarms up to one day, y3k, 242 bytes nvram, hpet irqs
[    7.273892] ata1: SATA link down (SStatus 0 SControl 300)
[    7.289761] ata4: SATA link down (SStatus 0 SControl 300)
[    7.292577] device-mapper: ioctl: 4.48.0-ioctl (2023-03-01) initialised: dm-devel@lists.linux.dev
[    7.292671] amd_pstate: the _CPC object is not present in SBIOS or ACPI disabled
[    7.292784] hid: raw HID events driver (C) Jiri Kosina
[    7.298898] i801_smbus 0000:00:1f.3: SMBus using PCI interrupt
[    7.299252] i2c i2c-0: Memory type 0x07 not supported yet, not instantiating SPD
[    7.302789] usbcore: registered new interface driver usbhid
[    7.311696] ata3: SATA link up 1.5 Gbps (SStatus 113 SControl 300)
[    7.316162] ata2: SATA link down (SStatus 0 SControl 300)
[    7.327580] usbhid: USB HID core driver
[    7.338833] Initializing XFRM netlink socket
[    7.355339] ata6: SATA link down (SStatus 0 SControl 300)
[    7.356185] ata5: SATA link down (SStatus 0 SControl 300)
[    7.358237] ata3.00: LPM support broken, forcing max_power
[    7.387501] NET: Registered PF_INET6 protocol family
[    7.405607] ata3.00: ATAPI: QEMU DVD-ROM, 2.5+, max UDMA/100
[    7.405649] ata3.00: applying bridge limits
[    7.420389] ata3.00: LPM support broken, forcing max_power
[    7.446855] Segment Routing with IPv6
[    7.456907] ata3.00: configured for UDMA/100
[    7.464932] scsi 2:0:0:0: CD-ROM            QEMU     QEMU DVD-ROM     2.5+ PQ: 0 ANSI: 5
[    7.471930] In-situ OAM (IOAM) with IPv6
[    7.479743] sit: IPv6, IPv4 and MPLS over IPv4 tunneling driver
[    7.636450] NET: Registered PF_PACKET protocol family
[    7.647191] 9pnet: Installing 9P2000 support
[    7.655916] Key type dns_resolver registered
[    7.677522] IPI shorthand broadcast: enabled
[    7.689792] sr 2:0:0:0: [sr0] scsi3-mmc drive: 4x/4x cd/rw xa/form2 tray
[    7.750152] sched_clock: Marking stable (6526228673, 1223604695)->(8644039148, -894205780)
[    7.772140] registered taskstats version 1
[    7.779359] cdrom: Uniform CD-ROM driver Revision: 3.20
[    7.790810] Loading compiled-in X.509 certificates
[    7.829551] Demotion targets for Node 0: null
[    7.832228] sr 2:0:0:0: Attached scsi generic sg0 type 5
[    7.860444] PM:   Magic number: 14:145:971
[    7.864133] printk: legacy console [netcon0] enabled
[    7.868169] netconsole: network logging started
[    7.872142] cfg80211: Loading compiled-in X.509 certificates for regulatory database
[    7.882450] kworker/u16:5 (89) used greatest stack depth: 14344 bytes left
[    7.894860] Loaded X.509 cert 'sforshee: 00b28ddf47aef9cea7'
[    7.912260] Loaded X.509 cert 'wens: 61c038651aabdcf94bd0ac7ff06c7248db18c600'
[    7.922744] ALSA device list:
[    7.932327] platform regulatory.0: Direct firmware load for regulatory.db failed with error -2
[    7.933699]   No soundcards found.
[    7.951807] cfg80211: failed to load regulatory.db
[    8.018781] Freeing unused kernel image (initmem) memory: 6512K
[    8.029226] Write protecting the kernel read-only data: 34816k
[    8.106157] Freeing unused kernel image (rodata/data gap) memory: 748K
[    8.194369] input: ImExPS/2 Generic Explorer Mouse as /devices/platform/i8042/serio1/input/input3
[    8.374086] x86/mm: Checked W+X mappings: passed, no W+X pages found.
[    8.377919] Run /init as init process
[    8.392959] mount (92) used greatest stack depth: 13976 bytes left
[    8.410345] mount (94) used greatest stack depth: 13848 bytes left
BOOTMARK userspace-up
Linux (none) 6.12.111 #2 SMP PREEMPT_DYNAMIC Fri Oct  2 00:15:33 UTC 2026 x86_64 GNU/Linux
BOOTMARK insmod-start
[    8.641163] mali mali.0: Kernel DDK version r54p0-01eac0
[    8.647871] mali mali.0: Using Dummy Model
[    8.653908] mali mali.0: GPU metrics tracepoint support enabled
[    8.664387] mali mali.0: Register LUT 000e0800 initialized for GPU arch 0x000e0805
[    8.677355] mali mali.0: GPU identified as 0x0 arch 14.8.5 r0p0 status 0
[    8.686706] mali mali.0: _find_key: OPP table not found (-19)
[    8.693548] mali mali.0: No OPPs found in device tree! Scaling timeouts using 100000 kHz
[    8.709608] mali mali.0: Large page allocation set to true after hardware feature check
[    8.742539] Dummy model register access: Reading unsupported register 0xf10. Returning 0
[    8.754092] Dummy model register access: Writing unsupported register 0xf10 value 0x0
[    8.760940] Dummy model register access: Writing unsupported register 0x88 value 0x0
[    8.769590] Dummy model register access: Writing unsupported register 0x8c value 0x0
[    8.790858] Dummy model register access: Writing unsupported register 0x88 value 0x6962c1
[    8.806075] Dummy model register access: Writing unsupported register 0x8c value 0x0
[    8.819542] Dummy model register access: Writing unsupported register 0x41030 value 0x0
[    8.836495] Dummy model register access: Writing unsupported register 0x41034 value 0x0
[    8.840227] mali mali.0: Clock not available for devfreq
[    8.843717] mali mali.0: Continuing without devfreq
[    8.847342] mali mali.0: * MALI kbase_mmap_min_addr compiled to CONFIG_LSM_MMAP_MIN_ADDR, no runtime update possible! *
[    8.853780] mali mali.0: Probed as mali0
[    8.870433] insmod (99) used greatest stack depth: 13608 bytes left
BOOTMARK insmod-rc 0
Module                  Size  Used by    Not tainted
mali_kbase           2252800  0 
BOOTMARK kcov-start
KCOV node present at /sys/kernel/debug/kcov
-rw-------    1 0        0                0 Oct  2 05:59 /sys/kernel/debug/kcov
BOOTMARK kprobe-armed
BOOTMARK probe-start
KCOV init-trace ok (area=1048576 words / 8192 KiB)
KCOV enable ok (collecting)
PROBE build              kbase-probe, EL0 ioctl exerciser
PROBE device             /dev/mali0
PROBE version_check       negotiated major=1 minor=36 (proposed 1.36)
PROBE gpuprops_size       773 bytes
PROBE gpuprops product_id=0x0006 version_status=0xe850 major=9 minor=0
PROBE gpuprops gpu_freq_khz_max=851968 log2_pc_size=0 num_exec_engines=15 log2_l2_line_size=255
PROBE gpuprops raw gpu_id=0x0000000000000100
PROBE mem_alloc           gpu_va=0x41000 out_flags=0x200f (SAME_VA cookie)
PROBE mmap                bound cookie 0x41000 -> cpu=gpu=0x7f65ffcd0000
PROBE mem_query           commit_size=0 bytes
PROBE summary             passed=0x1ff failed=0x000
KCOV run: inline kbase_probe_run() returned 511
KCOV probe-window records=594122 in_mali_window=540041
KCOV disable ok (counters frozen before counting)
KCOV records=596632 distinct_pcs=5848
KCOV pc_range=0xffffffff81056eea-0xffffffffa593312c
KCOV slide=0x1ac00000 mali_text_raw=0xffffffffc0307000-0xffffffffc052dda8 canonical=0xffffffffa5707000-0xffffffffa592dda8
KCOV module_pcs=1653 (module text covered)
KCOV buckets vmlinux=4193 module(canonical)=1653 other=2
KCOV kallsyms cov_pc=0xffffffff9be41ba0
KCOV procmodules mali_kbase base=0xffffffffc0307000 size=2252800
KCOV init-trace ok (area=1048576 words / 8192 KiB)
KCOV enable ok (collecting)
KCOV run: inline read /dev/mali0 -> -1
KCOV disable ok (counters frozen before counting)
KCOV records=2605 distinct_pcs=1126
KCOV pc_range=0xffffffff8106094b-0xffffffffa59330b0
KCOV slide=0x1ac00000 mali_text_raw=0xffffffffc0307000-0xffffffffc052dda8 canonical=0xffffffffa5707000-0xffffffffa592dda8
KCOV module_pcs=22 (module text covered)
KCOV buckets vmlinux=1102 module(canonical)=22 other=2
KCOV kallsyms cov_pc=0xffffffff9be41ba0
KCOV procmodules mali_kbase base=0xffffffffc0307000 size=2252800
BOOTMARK kcov-inline-read-rc 0
KCOV init-trace ok (area=1048576 words / 8192 KiB)
KCOV enable ok (collecting)
KCOV run: inline read /dev/mali0 -> -1
KCOV window records=1780 in_mali_window=22 in_vmlinux_window=1758 other=0 (mali_text=0xffffffffc0307000-0xffffffffc052dda8 cov_pc=0xffffffff9be41ba0)
KCOV disable ok (counters frozen before counting)
KCOV records=1048575 distinct_pcs=1429 TRUNCATED(area full)
KCOV pc_range=0xffffffff8106094b-0xffffffffa59330b0
KCOV slide=0x1ac00000 mali_text_raw=0xffffffffc0307000-0xffffffffc052dda8 canonical=0xffffffffa5707000-0xffffffffa592dda8
KCOV module_pcs=22 (module text covered)
KCOV buckets vmlinux=1405 module(canonical)=22 other=2
KCOV kallsyms cov_pc=0xffffffff9be41ba0
KCOV procmodules mali_kbase base=0xffffffffc0307000 size=2252800
KPROBE hits: open=3 read=2 ioctl=6
BOOTMARK kcov-ctl-rc 255
BOOTMARK probe-rc 0
BOOTMARK kcov-end
BOOTMARK negargs-start
NEGARGS context created (SET_FLAGS handshake)
NEGARGS MEM_ALLOC va_pages=2^40      rc=-12  verdict=REJECTED
NEGARGS MEM_ALLOC_EX padding!=0      rc=-22  verdict=REJECTED
NEGARGS MEM_ALLOC zero flags         rc=-12  verdict=REJECTED
NEGARGS MEM_FREE gpu_addr=0          rc=-22  verdict=REJECTED
NEGARGS MEM_FREE unaligned va        rc=-22  verdict=REJECTED
NEGARGS MEM_QUERY unmapped va        rc=-22  verdict=REJECTED
NEGARGS MEM_FLAGS_CHANGE ghost va    rc=-22  verdict=REJECTED
NEGARGS MEM_ALIAS stride=0           rc=-14  verdict=REJECTED
NEGARGS MEM_COMMIT unmapped va       rc=-22  verdict=REJECTED
NEGARGS TILER_HEAP_INIT chunk_size=0 rc=-22  verdict=REJECTED
NEGARGS TILER_HEAP_INIT initial>max  rc=-22  verdict=REJECTED
NEGARGS TILER_HEAP_INIT group_id OOB rc=-22  verdict=REJECTED
NEGARGS KCPU_ENQUEUE id=255 unborn queue rc=-22  verdict=REJECTED
NEGARGS KCPU_QUEUE_CREATE control    rc=0      verdict=ACCEPTED
NEGARGS KCPU_ENQUEUE nr_commands=2   rc=-22  verdict=REJECTED
NEGARGS KCPU_QUEUE_DELETE control    rc=0      verdict=ACCEPTED
NEGARGS CS_QUEUE_GROUP_CREATE prio=0xff rc=-22  verdict=REJECTED
NEGARGS pre-SET_FLAGS MEM_ALLOC      rc=-1   verdict=REJECTED
NEGARGS unknown nr 0x7f              rc=-25  verdict=REJECTED
NEGARGS summary ran=19 rejected=17 expected-ok=2 unexpected=0
BOOTMARK negargs-rc 0
BOOTMARK negargs-end
BOOTMARK dmesg-start
[    8.641163] mali mali.0: Kernel DDK version r54p0-01eac0
[    8.647871] mali mali.0: Using Dummy Model
[    8.653908] mali mali.0: GPU metrics tracepoint support enabled
[    8.664387] mali mali.0: Register LUT 000e0800 initialized for GPU arch 0x000e0805
[    8.677355] mali mali.0: GPU identified as 0x0 arch 14.8.5 r0p0 status 0
[    8.686706] mali mali.0: _find_key: OPP table not found (-19)
[    8.693548] mali mali.0: No OPPs found in device tree! Scaling timeouts using 100000 kHz
[    8.709608] mali mali.0: Large page allocation set to true after hardware feature check
[    8.840227] mali mali.0: Clock not available for devfreq
[    8.843717] mali mali.0: Continuing without devfreq
[    8.847342] mali mali.0: * MALI kbase_mmap_min_addr compiled to CONFIG_LSM_MMAP_MIN_ADDR, no runtime update possible! *
[    8.853780] mali mali.0: Probed as mali0
[   19.492192] mali mali.0: GPU allocation attempted with va_pages==1099511627776 larger than KBASE_MEM_ALLOC_MAX_SIZE!
[   19.492250] mali mali.0: kbase_mem_alloc called with bad flags (2000)
[   19.492307] mali mali.0: gpu_addr 0 is reserved for the ringbuffer and it's an error to try to free it using kbase_mem_free
[   19.492338] mali mali.0: kbase_mem_free: gpu_addr parameter is invalid
[   19.677048] mali mali.0: Unknown ioctl 0x4b7f nr:127
BOOTMARK dmesg-end
BOOTMARK poweroff
[   19.894539] e1000e: EEE TX LPI TIMER: 00000000
[   19.904342] ACPI: PM: Preparing to enter system sleep state S5
[   19.919786] reboot: Power down
