c[?7l[2J[0mSeaBIOS (version 1.16.3-debian-1.16.3-2)


iPXE (https://ipxe.org) 00:02.0 CA00 PCI2.10 PnP PMM+7EFCAB60+7EF0AB60 CA00
Press Ctrl-B to configure iPXE (PCI 00:02.0)...                                                                               


Booting from ROM...
c[?7l[2J[    0.000000] Linux version 6.12.111 (codespace@codespaces-5d341e) (gcc (Ubuntu 13.3.0-6ubuntu2~24.04.1) 13.3.0, GNU ld (GNU Binutils for Ubuntu) 2.42) #2 SMP PREEMPT_DYNAMIC Fri Oct  2 00:15:33 UTC 2026
[    0.000000] Command line: console=ttyS0 panic=-1 rdinit=/init loglevel=7
[    0.000000] BIOS-provided physical RAM map:
[    0.000000] BIOS-e820: [mem 0x0000000000000000-0x000000000009fbff] usable
[    0.000000] BIOS-e820: [mem 0x000000000009fc00-0x000000000009ffff] reserved
[    0.000000] BIOS-e820: [mem 0x00000000000f0000-0x00000000000fffff] reserved
[    0.000000] BIOS-e820: [mem 0x0000000000100000-0x000000007ffdefff] usable
[    0.000000] BIOS-e820: [mem 0x000000007ffdf000-0x000000007fffffff] reserved
[    0.000000] BIOS-e820: [mem 0x00000000b0000000-0x00000000bfffffff] reserved
[    0.000000] BIOS-e820: [mem 0x00000000fed1c000-0x00000000fed1ffff] reserved
[    0.000000] BIOS-e820: [mem 0x00000000feffc000-0x00000000feffffff] reserved
[    0.000000] BIOS-e820: [mem 0x00000000fffc0000-0x00000000ffffffff] reserved
[    0.000000] BIOS-e820: [mem 0x000000fd00000000-0x000000ffffffffff] reserved
[    0.000000] NX (Execute Disable) protection: active
[    0.000000] APIC: Static calls initialized
[    0.000000] SMBIOS 3.0.0 present.
[    0.000000] DMI: QEMU Standard PC (Q35 + ICH9, 2009), BIOS 1.16.3-debian-1.16.3-2 04/01/2014
[    0.000000] DMI: Memory slots populated: 1/1
[    0.000000] Hypervisor detected: KVM
[    0.000000] last_pfn = 0x7ffdf max_arch_pfn = 0x400000000
[    0.000000] kvm-clock: Using msrs 4b564d01 and 4b564d00
[    0.000002] kvm-clock: using sched offset of 401732425 cycles
[    0.000010] clocksource: kvm-clock: mask: 0xffffffffffffffff max_cycles: 0x1cd42e4dffb, max_idle_ns: 881590591483 ns
[    0.000026] tsc: Detected 2445.430 MHz processor
[    0.007313] last_pfn = 0x7ffdf max_arch_pfn = 0x400000000
[    0.007560] MTRR map: 4 entries (3 fixed + 1 variable; max 19), built from 8 variable MTRRs
[    0.007575] x86/PAT: Configuration [0-7]: WB  WC  UC- UC  WB  WP  UC- WT  
[    0.010974] found SMP MP-table at [mem 0x000f5480-0x000f548f]
[    0.013412] RAMDISK: [mem 0x7fd2e000-0x7ffcffff]
[    0.013434] ACPI: Early table checksum verification disabled
[    0.013454] ACPI: RSDP 0x00000000000F52C0 000014 (v00 BOCHS )
[    0.013475] ACPI: RSDT 0x000000007FFE2425 000038 (v01 BOCHS  BXPC     00000001 BXPC 00000001)
[    0.013492] ACPI: FACP 0x000000007FFE2205 0000F4 (v03 BOCHS  BXPC     00000001 BXPC 00000001)
[    0.013510] ACPI: DSDT 0x000000007FFE0040 0021C5 (v01 BOCHS  BXPC     00000001 BXPC 00000001)
[    0.013523] ACPI: FACS 0x000000007FFE0000 000040
[    0.013533] ACPI: APIC 0x000000007FFE22F9 000090 (v03 BOCHS  BXPC     00000001 BXPC 00000001)
[    0.013547] ACPI: HPET 0x000000007FFE2389 000038 (v01 BOCHS  BXPC     00000001 BXPC 00000001)
[    0.013561] ACPI: MCFG 0x000000007FFE23C1 00003C (v01 BOCHS  BXPC     00000001 BXPC 00000001)
[    0.013575] ACPI: WAET 0x000000007FFE23FD 000028 (v01 BOCHS  BXPC     00000001 BXPC 00000001)
[    0.013587] ACPI: Reserving FACP table memory at [mem 0x7ffe2205-0x7ffe22f8]
[    0.013593] ACPI: Reserving DSDT table memory at [mem 0x7ffe0040-0x7ffe2204]
[    0.013599] ACPI: Reserving FACS table memory at [mem 0x7ffe0000-0x7ffe003f]
[    0.013604] ACPI: Reserving APIC table memory at [mem 0x7ffe22f9-0x7ffe2388]
[    0.013609] ACPI: Reserving HPET table memory at [mem 0x7ffe2389-0x7ffe23c0]
[    0.013614] ACPI: Reserving MCFG table memory at [mem 0x7ffe23c1-0x7ffe23fc]
[    0.013619] ACPI: Reserving WAET table memory at [mem 0x7ffe23fd-0x7ffe2424]
[    0.014861] No NUMA configuration found
[    0.014865] Faking a node at [mem 0x0000000000000000-0x000000007ffdefff]
[    0.014875] NODE_DATA(0) allocated [mem 0x7ffdb940-0x7ffdefff]
[    0.014901] Zone ranges:
[    0.014903]   DMA      [mem 0x0000000000001000-0x0000000000ffffff]
[    0.014910]   DMA32    [mem 0x0000000001000000-0x000000007ffdefff]
[    0.014916]   Normal   empty
[    0.014919] Movable zone start for each node
[    0.014922] Early memory node ranges
[    0.014923]   node   0: [mem 0x0000000000001000-0x000000000009efff]
[    0.014931]   node   0: [mem 0x0000000000100000-0x000000007ffdefff]
[    0.014938] Initmem setup node 0 [mem 0x0000000000001000-0x000000007ffdefff]
[    0.015134] On node 0, zone DMA: 1 pages in unavailable ranges
[    0.015251] On node 0, zone DMA: 97 pages in unavailable ranges
[    0.032619] On node 0, zone DMA32: 33 pages in unavailable ranges
[    0.033608] ACPI: PM-Timer IO Port: 0x608
[    0.033634] ACPI: LAPIC_NMI (acpi_id[0xff] dfl dfl lint[0x1])
[    0.033722] IOAPIC[0]: apic_id 0, version 17, address 0xfec00000, GSI 0-23
[    0.033764] ACPI: INT_SRC_OVR (bus 0 bus_irq 0 global_irq 2 dfl dfl)
[    0.033773] ACPI: INT_SRC_OVR (bus 0 bus_irq 5 global_irq 5 high level)
[    0.033780] ACPI: INT_SRC_OVR (bus 0 bus_irq 9 global_irq 9 high level)
[    0.033786] ACPI: INT_SRC_OVR (bus 0 bus_irq 10 global_irq 10 high level)
[    0.033793] ACPI: INT_SRC_OVR (bus 0 bus_irq 11 global_irq 11 high level)
[    0.033807] ACPI: Using ACPI (MADT) for SMP configuration information
[    0.033811] ACPI: HPET id: 0x8086a201 base: 0xfed00000
[    0.033829] CPU topo: Max. logical packages:   1
[    0.033832] CPU topo: Max. logical dies:       1
[    0.033835] CPU topo: Max. dies per package:   1
[    0.033845] CPU topo: Max. threads per core:   1
[    0.033848] CPU topo: Num. cores per package:     4
[    0.033850] CPU topo: Num. threads per package:   4
[    0.033853] CPU topo: Allowing 4 present CPUs plus 0 hotplug CPUs
[    0.033892] kvm-guest: APIC: eoi() replaced with kvm_guest_apic_eoi_write()
[    0.033947] PM: hibernation: Registered nosave memory: [mem 0x00000000-0x00000fff]
[    0.033955] PM: hibernation: Registered nosave memory: [mem 0x0009f000-0x000fffff]
[    0.033961] [mem 0xc0000000-0xfed1bfff] available for PCI devices
[    0.033966] Booting paravirtualized kernel on KVM
[    0.033971] clocksource: refined-jiffies: mask: 0xffffffff max_cycles: 0xffffffff, max_idle_ns: 1910969940391419 ns
[    0.040783] setup_percpu: NR_CPUS:64 nr_cpumask_bits:4 nr_cpu_ids:4 nr_node_ids:1
[    0.041070] percpu: Embedded 56 pages/cpu s192216 r8192 d28968 u524288
[    0.041191] Kernel command line: console=ttyS0 panic=-1 rdinit=/init loglevel=7
[    0.041801] Dentry cache hash table entries: 262144 (order: 9, 2097152 bytes, linear)
[    0.041863] Inode-cache hash table entries: 131072 (order: 8, 1048576 bytes, linear)
[    0.041970] Fallback order for Node 0: 0 
[    0.041977] Built 1 zonelists, mobility grouping on.  Total pages: 524157
[    0.041982] Policy zone: DMA32
[    0.041985] mem auto-init: stack:all(zero), heap alloc:off, heap free:off
[    0.045139] SLUB: HWalign=64, Order=0-3, MinObjects=0, CPUs=4, Nodes=1
[    0.047072] Dynamic Preempt: voluntary
[    0.047377] rcu: Preemptible hierarchical RCU implementation.
[    0.047380] rcu: 	RCU event tracing is enabled.
[    0.047382] rcu: 	RCU restricting CPUs from NR_CPUS=64 to nr_cpu_ids=4.
[    0.047387] 	Trampoline variant of Tasks RCU enabled.
[    0.047390] 	Tracing variant of Tasks RCU enabled.
[    0.047392] rcu: RCU calculated value of scheduler-enlistment delay is 100 jiffies.
[    0.047396] rcu: Adjusting geometry for rcu_fanout_leaf=16, nr_cpu_ids=4
[    0.047407] RCU Tasks: Setting shift to 2 and lim to 1 rcu_task_cb_adjust=1 rcu_task_cpu_ids=4.
[    0.047415] RCU Tasks Trace: Setting shift to 2 and lim to 1 rcu_task_cb_adjust=1 rcu_task_cpu_ids=4.
[    0.076706] NR_IRQS: 4352, nr_irqs: 456, preallocated irqs: 16
[    0.077170] rcu: srcu_init: Setting srcu_struct sizes based on contention.
[    0.077186] clocksource: jiffies: mask: 0xffffffff max_cycles: 0xffffffff, max_idle_ns: 1911260446275000 ns
[    0.092020] Console: colour VGA+ 80x25
[    0.092120] printk: legacy console [ttyS0] enabled
[    0.545326] ACPI: Core revision 20240827
[    0.548588] clocksource: hpet: mask: 0xffffffff max_cycles: 0xffffffff, max_idle_ns: 19112604467 ns
[    0.555471] APIC: Switch to symmetric I/O mode setup
[    0.562003] ..TIMER: vector=0x30 apic1=0 pin1=2 apic2=-1 pin2=-1
[    0.566499] clocksource: tsc-early: mask: 0xffffffffffffffff max_cycles: 0x233fdbaba77, max_idle_ns: 440795254155 ns
[    0.574364] Calibrating delay loop (skipped) preset value.. 4890.86 BogoMIPS (lpj=2445430)
[    0.576377] Last level iTLB entries: 4KB 512, 2MB 255, 4MB 127
[    0.577361] Last level dTLB entries: 4KB 512, 2MB 255, 4MB 127, 1GB 0
[    0.578371] Spectre V1 : Mitigation: usercopy/swapgs barriers and __user pointer sanitization
[    0.579369] Spectre V2 : Mitigation: Retpolines
[    0.580363] Spectre V2 : Spectre v2 / SpectreRSB: Filling RSB on context switch and VMEXIT
[    0.581374] x86/fpu: x87 FPU will use FXSAVE
[    0.633106] Freeing SMP alternatives memory: 48K
[    0.633382] pid_max: default: 32768 minimum: 301
[    0.634388] LSM: initializing lsm=capability,selinux
[    0.635409] SELinux:  Initializing.
[    0.636628] Mount-cache hash table entries: 4096 (order: 3, 32768 bytes, linear)
[    0.637364] Mountpoint-cache hash table entries: 4096 (order: 3, 32768 bytes, linear)
[    0.741963] smpboot: CPU0: AMD QEMU Virtual CPU version 2.5+ (family: 0xf, model: 0x6b, stepping: 0x1)
[    0.742628] Performance Events: PMU not available due to virtualization, using software events only.
[    0.746486] signal: max sigframe size: 1440
[    0.747408] rcu: Hierarchical SRCU implementation.
[    0.748361] rcu: 	Max phase no-delay instances is 400.
[    0.749454] Timer migration: 1 hierarchy levels; 8 children per group; 1 crossnode level
[    0.750768] smp: Bringing up secondary CPUs ...
[    0.751554] smpboot: x86: Booting SMP configuration:
[    0.752363] .... node  #0, CPUs:      #1 #2 #3
[    0.765593] smp: Brought up 1 node, 4 CPUs
[    0.767361] smpboot: Total of 4 processors activated (19563.44 BogoMIPS)
[    0.770463] Memory: 1998240K/2096628K available (26624K kernel code, 2863K rwdata, 7444K rodata, 6512K init, 1848K bss, 93420K reserved, 0K cma-reserved)
[    0.771539] devtmpfs: initialized
[    0.773504] futex hash table entries: 1024 (order: 4, 65536 bytes, linear)
[    0.774655] PM: RTC time: 00:37:55, date: 2026-10-02
[    0.775904] NET: Registered PF_NETLINK/PF_ROUTE protocol family
[    0.776628] audit: initializing netlink subsys (disabled)
[    0.777397] audit: type=2000 audit(1790901474.699:1): state=initialized audit_enabled=0 res=1
[    0.778412] thermal_sys: Registered thermal governor 'step_wise'
[    0.779361] thermal_sys: Registered thermal governor 'user_space'
[    0.780403] cpuidle: using governor menu
[    0.783060] PCI: ECAM [mem 0xb0000000-0xbfffffff] (base 0xb0000000) for domain 0000 [bus 00-ff]
[    0.783365] PCI: ECAM [mem 0xb0000000-0xbfffffff] reserved as E820 entry
[    0.784408] PCI: Using configuration type 1 for base access
[    0.785517] kprobes: kprobe jump-optimization is enabled. All kprobes are optimized if possible.
[    0.789370] HugeTLB: registered 2.00 MiB page size, pre-allocated 0 pages
[    0.790362] HugeTLB: 28 KiB vmemmap can be freed for a 2.00 MiB page
[    0.792508] ACPI: Added _OSI(Module Device)
[    0.793364] ACPI: Added _OSI(Processor Device)
[    0.794363] ACPI: Added _OSI(Processor Aggregator Device)
[    0.800677] ACPI: 1 ACPI AML tables successfully acquired and loaded
[    0.805172] ACPI: Interpreter enabled
[    0.805397] ACPI: PM: (supports S0 S3 S4 S5)
[    0.806362] ACPI: Using IOAPIC for interrupt routing
[    0.807406] PCI: Using host bridge windows from ACPI; if necessary, use "pci=nocrs" and report a bug
[    0.808361] PCI: Using E820 reservations for host bridge windows
[    0.810584] ACPI: Enabled 2 GPEs in block 00 to 3F
[    0.820092] ACPI: PCI Root Bridge [PCI0] (domain 0000 [bus 00-ff])
[    0.820370] acpi PNP0A08:00: _OSC: OS supports [ExtendedConfig ASPM ClockPM Segments MSI HPX-Type3]
[    0.821529] acpi PNP0A08:00: _OSC: platform does not support [LTR]
[    0.822543] acpi PNP0A08:00: _OSC: OS now controls [PME PCIeCapability]
[    0.823480] PCI host bridge to bus 0000:00
[    0.824368] pci_bus 0000:00: root bus resource [io  0x0000-0x0cf7 window]
[    0.825363] pci_bus 0000:00: root bus resource [io  0x0d00-0xffff window]
[    0.826364] pci_bus 0000:00: root bus resource [mem 0x000a0000-0x000bffff window]
[    0.827363] pci_bus 0000:00: root bus resource [mem 0x80000000-0xafffffff window]
[    0.828363] pci_bus 0000:00: root bus resource [mem 0xc0000000-0xfebfffff window]
[    0.829363] pci_bus 0000:00: root bus resource [mem 0x100000000-0x8ffffffff window]
[    0.830363] pci_bus 0000:00: root bus resource [bus 00-ff]
[    0.831482] pci 0000:00:00.0: [8086:29c0] type 00 class 0x060000 conventional PCI endpoint
[    0.834654] pci 0000:00:01.0: [1234:1111] type 00 class 0x030000 conventional PCI endpoint
[    0.837385] pci 0000:00:01.0: BAR 0 [mem 0xfd000000-0xfdffffff pref]
[    0.841373] pci 0000:00:01.0: BAR 2 [mem 0xfebd4000-0xfebd4fff]
[    0.849373] pci 0000:00:01.0: ROM [mem 0xfebc0000-0xfebcffff pref]
[    0.850491] pci 0000:00:01.0: Video device with shadowed ROM at [mem 0x000c0000-0x000dffff]
[    0.852509] pci 0000:00:02.0: [8086:10d3] type 00 class 0x020000 PCIe Root Complex Integrated Endpoint
[    0.855362] pci 0000:00:02.0: BAR 0 [mem 0xfeb80000-0xfeb9ffff]
[    0.858361] pci 0000:00:02.0: BAR 1 [mem 0xfeba0000-0xfebbffff]
[    0.861880] pci 0000:00:02.0: BAR 2 [io  0xc040-0xc05f]
[    0.863361] pci 0000:00:02.0: BAR 3 [mem 0xfebd0000-0xfebd3fff]
[    0.870361] pci 0000:00:02.0: ROM [mem 0xfeb00000-0xfeb7ffff pref]
[    0.874614] pci 0000:00:1f.0: [8086:2918] type 00 class 0x060100 conventional PCI endpoint
[    0.877846] pci 0000:00:1f.0: quirk: [io  0x0600-0x067f] claimed by ICH6 ACPI/GPIO/TCO
[    0.879430] pci 0000:00:1f.2: [8086:2922] type 00 class 0x010601 conventional PCI endpoint
[    0.885921] pci 0000:00:1f.2: BAR 4 [io  0xc060-0xc07f]
[    0.888001] pci 0000:00:1f.2: BAR 5 [mem 0xfebd5000-0xfebd5fff]
[    0.890856] pci 0000:00:1f.3: [8086:2930] type 00 class 0x0c0500 conventional PCI endpoint
[    0.894363] pci 0000:00:1f.3: BAR 4 [io  0x0700-0x073f]
[    0.900745] ACPI: PCI: Interrupt link LNKA configured for IRQ 10
[    0.902439] ACPI: PCI: Interrupt link LNKB configured for IRQ 10
[    0.903619] ACPI: PCI: Interrupt link LNKC configured for IRQ 11
[    0.905367] ACPI: PCI: Interrupt link LNKD configured for IRQ 11
[    0.907429] ACPI: PCI: Interrupt link LNKE configured for IRQ 10
[    0.908734] ACPI: PCI: Interrupt link LNKF configured for IRQ 10
[    0.910621] ACPI: PCI: Interrupt link LNKG configured for IRQ 11
[    0.912620] ACPI: PCI: Interrupt link LNKH configured for IRQ 11
[    0.913537] ACPI: PCI: Interrupt link GSIA configured for IRQ 16
[    0.914394] ACPI: PCI: Interrupt link GSIB configured for IRQ 17
[    0.915408] ACPI: PCI: Interrupt link GSIC configured for IRQ 18
[    0.917406] ACPI: PCI: Interrupt link GSID configured for IRQ 19
[    0.918410] ACPI: PCI: Interrupt link GSIE configured for IRQ 20
[    0.919410] ACPI: PCI: Interrupt link GSIF configured for IRQ 21
[    0.920413] ACPI: PCI: Interrupt link GSIG configured for IRQ 22
[    0.921411] ACPI: PCI: Interrupt link GSIH configured for IRQ 23
[    0.923737] iommu: Default domain type: Translated
[    0.924362] iommu: DMA domain TLB invalidation policy: lazy mode
[    0.925485] SCSI subsystem initialized
[    0.928498] ACPI: bus type USB registered
[    0.929411] usbcore: registered new interface driver usbfs
[    0.930391] usbcore: registered new interface driver hub
[    0.931385] usbcore: registered new device driver usb
[    0.932411] pps_core: LinuxPPS API ver. 1 registered
[    0.933362] pps_core: Software ver. 5.3.6 - Copyright 2005-2007 Rodolfo Giometti <giometti@linux.it>
[    0.934374] PTP clock support registered
[    0.936453] Advanced Linux Sound Architecture Driver Initialized.
[    0.937718] NetLabel: Initializing
[    0.938361] NetLabel:  domain hash size = 128
[    0.939361] NetLabel:  protocols = UNLABELED CIPSOv4 CALIPSO
[    0.940413] NetLabel:  unlabeled traffic allowed by default
[    0.942407] PCI: Using ACPI for IRQ routing
[    1.139955] pci 0000:00:01.0: vgaarb: setting as boot VGA device
[    1.140357] pci 0000:00:01.0: vgaarb: bridge control possible
[    1.140357] pci 0000:00:01.0: vgaarb: VGA device added: decodes=io+mem,owns=io+mem,locks=none
[    1.140366] vgaarb: loaded
[    1.141554] hpet: 3 channels of 0 reserved for per-cpu timers
[    1.142390] hpet0: at MMIO 0xfed00000, IRQs 2, 8, 0
[    1.143361] hpet0: 3 comparators, 64-bit 100.000000 MHz counter
[    1.160625] clocksource: Switched to clocksource kvm-clock
[    1.579447] kwatchdog (53) used greatest stack depth: 15568 bytes left
[    2.136136] VFS: Disk quotas dquot_6.6.0
[    2.139008] VFS: Dquot-cache hash table entries: 512 (order 0, 4096 bytes)
[    2.143887] pnp: PnP ACPI init
[    2.146413] system 00:05: [mem 0xb0000000-0xbfffffff window] has been reserved
[    2.152564] pnp: PnP ACPI: found 6 devices
[    2.169000] clocksource: acpi_pm: mask: 0xffffff max_cycles: 0xffffff, max_idle_ns: 2085701024 ns
[    2.175241] NET: Registered PF_INET protocol family
[    2.178351] IP idents hash table entries: 32768 (order: 6, 262144 bytes, linear)
[    2.183924] tcp_listen_portaddr_hash hash table entries: 1024 (order: 2, 16384 bytes, linear)
[    2.189862] Table-perturb hash table entries: 65536 (order: 6, 262144 bytes, linear)
[    2.195427] TCP established hash table entries: 16384 (order: 5, 131072 bytes, linear)
[    2.200973] TCP bind hash table entries: 16384 (order: 7, 524288 bytes, linear)
[    2.206349] TCP: Hash tables configured (established 16384 bind 16384)
[    2.210758] UDP hash table entries: 1024 (order: 3, 32768 bytes, linear)
[    2.215142] UDP-Lite hash table entries: 1024 (order: 3, 32768 bytes, linear)
[    2.219906] NET: Registered PF_UNIX/PF_LOCAL protocol family
[    2.224406] RPC: Registered named UNIX socket transport module.
[    2.228440] RPC: Registered udp transport module.
[    2.231492] RPC: Registered tcp transport module.
[    2.234638] RPC: Registered tcp-with-tls transport module.
[    2.238506] RPC: Registered tcp NFSv4.1 backchannel transport module.
[    2.243885] pci_bus 0000:00: resource 4 [io  0x0000-0x0cf7 window]
[    2.248119] pci_bus 0000:00: resource 5 [io  0x0d00-0xffff window]
[    2.252340] pci_bus 0000:00: resource 6 [mem 0x000a0000-0x000bffff window]
[    2.256506] pci_bus 0000:00: resource 7 [mem 0x80000000-0xafffffff window]
[    2.261184] pci_bus 0000:00: resource 8 [mem 0xc0000000-0xfebfffff window]
[    2.265395] pci_bus 0000:00: resource 9 [mem 0x100000000-0x8ffffffff window]
[    2.269925] PCI: CLS 0 bytes, default 64
[    2.272896] clocksource: tsc: mask: 0xffffffffffffffff max_cycles: 0x233fdbaba77, max_idle_ns: 440795254155 ns
[    2.273007] Unpacking initramfs...
[    2.286832] Initialise system trusted keyrings
[    2.290727] workingset: timestamp_bits=56 max_order=19 bucket_order=0
[    2.296444] NFS: Registering the id_resolver key type
[    2.300651] Key type id_resolver registered
[    2.303997] Key type id_legacy registered
[    2.307541] 9p: Installing v9fs 9p2000 file system support
[    2.327013] Key type asymmetric registered
[    2.330289] Asymmetric key parser 'x509' registered
[    2.334339] Block layer SCSI generic (bsg) driver version 0.4 loaded (major 251)
[    2.340256] io scheduler mq-deadline registered
[    2.343948] io scheduler kyber registered
[    2.348088] input: Power Button as /devices/LNXSYSTM:00/LNXPWRBN:00/input/input0
[    2.354026] ACPI: button: Power Button [PWRF]
[    2.359665] Serial: 8250/16550 driver, 4 ports, IRQ sharing enabled
[    2.364672] 00:03: ttyS0 at I/O 0x3f8 (irq = 4, base_baud = 115200) is a 16550A
[    2.372382] Non-volatile memory driver v1.3
[    2.375525] Linux agpgart interface v0.103
[    2.378907] ACPI: bus type drm_connector registered
[    2.388038] loop: module loaded
[    2.391022] ACPI: \_SB_.GSIA: Enabled at IRQ 16
[    2.395995] ahci 0000:00:1f.2: AHCI vers 0001.0000, 32 command slots, 1.5 Gbps, SATA mode
[    2.402190] ahci 0000:00:1f.2: 6/6 ports implemented (port mask 0x3f)
[    2.407712] ahci 0000:00:1f.2: flags: 64bit ncq only 
[    2.415887] scsi host0: ahci
[    2.418040] scsi host1: ahci
[    2.420229] scsi host2: ahci
[    2.423278] scsi host3: ahci
[    2.425540] scsi host4: ahci
[    2.427952] scsi host5: ahci
[    2.430648] ata1: SATA max UDMA/133 abar m4096@0xfebd5000 port 0xfebd5100 irq 24 lpm-pol 1
[    2.436460] ata2: SATA max UDMA/133 abar m4096@0xfebd5000 port 0xfebd5180 irq 24 lpm-pol 1
[    2.442022] ata3: SATA max UDMA/133 abar m4096@0xfebd5000 port 0xfebd5200 irq 24 lpm-pol 1
[    2.447794] ata4: SATA max UDMA/133 abar m4096@0xfebd5000 port 0xfebd5280 irq 24 lpm-pol 1
[    2.453453] ata5: SATA max UDMA/133 abar m4096@0xfebd5000 port 0xfebd5300 irq 24 lpm-pol 1
[    2.459612] ata6: SATA max UDMA/133 abar m4096@0xfebd5000 port 0xfebd5380 irq 24 lpm-pol 1
[    2.466324] Freeing initrd memory: 2696K
[    2.469002] e100: Intel(R) PRO/100 Network Driver
[    2.473528] e100: Copyright(c) 1999-2006 Intel Corporation
[    2.477746] e1000: Intel(R) PRO/1000 Network Driver
[    2.481607] e1000: Copyright (c) 1999-2006 Intel Corporation.
[    2.486226] e1000e: Intel(R) PRO/1000 Network Driver
[    2.489801] e1000e: Copyright(c) 1999 - 2015 Intel Corporation.
[    2.494878] ACPI: \_SB_.GSIG: Enabled at IRQ 22
[    2.499328] e1000e 0000:00:02.0: Interrupt Throttling Rate (ints/sec) set to dynamic conservative mode
[    2.547043] e1000e 0000:00:02.0 0000:00:02.0 (uninitialized): registered PHC clock
[    2.609504] e1000e 0000:00:02.0 eth0: (PCI Express:2.5GT/s:Width x1) 52:54:00:12:34:56
[    2.615421] e1000e 0000:00:02.0 eth0: Intel(R) PRO/1000 Network Connection
[    2.620715] e1000e 0000:00:02.0 eth0: MAC: 3, PHY: 8, PBA No: 000000-000
[    2.625711] sky2: driver version 1.30
[    2.628991] usbcore: registered new interface driver usblp
[    2.632336] usbcore: registered new interface driver usb-storage
[    2.636701] i8042: PNP: PS/2 Controller [PNP0303:KBD,PNP0f13:MOU] at 0x60,0x64 irq 1,12
[    2.644343] serio: i8042 KBD port at 0x60,0x64 irq 1
[    2.647801] serio: i8042 AUX port at 0x60,0x64 irq 12
[    2.651709] rtc_cmos 00:04: RTC can wake from S4
[    2.656664] input: AT Translated Set 2 keyboard as /devices/platform/i8042/serio0/input/input1
[    2.660316] rtc_cmos 00:04: registered as rtc0
[    2.666272] rtc_cmos 00:04: alarms up to one day, y3k, 242 bytes nvram, hpet irqs
[    2.673938] device-mapper: ioctl: 4.48.0-ioctl (2023-03-01) initialised: dm-devel@lists.linux.dev
[    2.675423] i801_smbus 0000:00:1f.3: SMBus using PCI interrupt
[    2.684157] amd_pstate: the _CPC object is not present in SBIOS or ACPI disabled
[    2.689907] i2c i2c-0: Memory type 0x07 not supported yet, not instantiating SPD
[    2.698118] hid: raw HID events driver (C) Jiri Kosina
[    2.710007] usbcore: registered new interface driver usbhid
[    2.714809] usbhid: USB HID core driver
[    2.718937] Initializing XFRM netlink socket
[    2.722103] NET: Registered PF_INET6 protocol family
[    2.726033] Segment Routing with IPv6
[    2.728926] In-situ OAM (IOAM) with IPv6
[    2.731561] sit: IPv6, IPv4 and MPLS over IPv4 tunneling driver
[    2.736146] NET: Registered PF_PACKET protocol family
[    2.739707] 9pnet: Installing 9P2000 support
[    2.742125] Key type dns_resolver registered
[    2.746019] IPI shorthand broadcast: enabled
[    2.755738] sched_clock: Marking stable (2261032510, 494171777)->(3173363451, -418159164)
[    2.761753] registered taskstats version 1
[    2.764869] Loading compiled-in X.509 certificates
[    2.771942] Demotion targets for Node 0: null
[    2.775671] PM:   Magic number: 14:750:606
[    2.778835] printk: legacy console [netcon0] enabled
[    2.782505] netconsole: network logging started
[    2.786301] cfg80211: Loading compiled-in X.509 certificates for regulatory database
[    2.790130] ata1: SATA link down (SStatus 0 SControl 300)
[    2.795945] kworker/u16:11 (89) used greatest stack depth: 14344 bytes left
[    2.798655] Loaded X.509 cert 'sforshee: 00b28ddf47aef9cea7'
[    2.803625] ata5: SATA link down (SStatus 0 SControl 300)
[    2.808415] Loaded X.509 cert 'wens: 61c038651aabdcf94bd0ac7ff06c7248db18c600'
[    2.813143] ata6: SATA link down (SStatus 0 SControl 300)
[    2.816144] platform regulatory.0: Direct firmware load for regulatory.db failed with error -2
[    2.819720] ALSA device list:
[    2.821151] ata2: SATA link down (SStatus 0 SControl 300)
[    2.823563] ata4: SATA link down (SStatus 0 SControl 300)
[    2.825405] cfg80211: failed to load regulatory.db
[    2.825886] ata3: SATA link up 1.5 Gbps (SStatus 113 SControl 300)
[    2.826627] ata3.00: LPM support broken, forcing max_power
[    2.826675] ata3.00: ATAPI: QEMU DVD-ROM, 2.5+, max UDMA/100
[    2.826768] ata3.00: applying bridge limits
[    2.827251]   No soundcards found.
[    2.827482] ata3.00: LPM support broken, forcing max_power
[    2.827534] ata3.00: configured for UDMA/100
[    2.830146] scsi 2:0:0:0: CD-ROM            QEMU     QEMU DVD-ROM     2.5+ PQ: 0 ANSI: 5
[    2.875873] sr 2:0:0:0: [sr0] scsi3-mmc drive: 4x/4x cd/rw xa/form2 tray
[    2.892490] cdrom: Uniform CD-ROM driver Revision: 3.20
[    2.902531] sr 2:0:0:0: Attached scsi generic sg0 type 5
[    2.911451] Freeing unused kernel image (initmem) memory: 6512K
[    2.916125] Write protecting the kernel read-only data: 34816k
[    2.923165] Freeing unused kernel image (rodata/data gap) memory: 748K
[    3.032231] x86/mm: Checked W+X mappings: passed, no W+X pages found.
[    3.036313] Run /init as init process
[    3.040725] mount (95) used greatest stack depth: 13912 bytes left
[    3.044287] mount (96) used greatest stack depth: 13848 bytes left
[    3.048293] mount (98) used greatest stack depth: 13368 bytes left
BOOTMARK userspace-up
Linux (none) 6.12.111 #2 SMP PREEMPT_DYNAMIC Fri Oct  2 00:15:33 UTC 2026 x86_64 GNU/Linux
BOOTMARK insmod-start
[    3.092215] mali mali.0: Kernel DDK version r54p0-01eac0
[    3.095406] mali mali.0: Using Dummy Model
[    3.097952] mali mali.0: GPU metrics tracepoint support enabled
[    3.102126] mali mali.0: Register LUT 000e0800 initialized for GPU arch 0x000e0805
[    3.106856] mali mali.0: GPU identified as 0x0 arch 14.8.5 r0p0 status 0
[    3.111004] mali mali.0: _find_key: OPP table not found (-19)
[    3.114382] mali mali.0: No OPPs found in device tree! Scaling timeouts using 100000 kHz
[    3.119447] mali mali.0: Large page allocation set to true after hardware feature check
[    3.126379] Dummy model register access: Reading unsupported register 0xf10. Returning 0
[    3.131391] Dummy model register access: Writing unsupported register 0xf10 value 0x0
[    3.136251] Dummy model register access: Writing unsupported register 0x88 value 0x0
[    3.140899] Dummy model register access: Writing unsupported register 0x8c value 0x0
[    3.145445] Dummy model register access: Writing unsupported register 0x88 value 0x274706
[    3.150203] Dummy model register access: Writing unsupported register 0x8c value 0x0
[    3.154853] Dummy model register access: Writing unsupported register 0x41030 value 0x0
[    3.158789] Dummy model register access: Writing unsupported register 0x41034 value 0x0
[    3.163041] mali mali.0: Clock not available for devfreq
[    3.166234] mali mali.0: Continuing without devfreq
[    3.169270] mali mali.0: * MALI kbase_mmap_min_addr compiled to CONFIG_LSM_MMAP_MIN_ADDR, no runtime update possible! *
[    3.175437] mali mali.0: Probed as mali0
BOOTMARK insmod-rc 0
[    3.181108] input: ImExPS/2 Generic Explorer Mouse as /devices/platform/i8042/serio1/input/input3
Module                  Size  Used by    Not tainted
mali_kbase           2252800  0 
BOOTMARK kcov-start
KCOV node present at /sys/kernel/debug/kcov
-rw-------    1 0        0                0 Oct  2 00:37 /sys/kernel/debug/kcov
BOOTMARK probe-start
KCOV init-trace ok (area=32768 words / 256 KiB)
KCOV enable ok (collecting)
PROBE build              kbase-probe, EL0 ioctl exerciser
PROBE device             /dev/mali0
[    3.209000] Dummy model register access: Writing unsupported register 0x40120 value 0x3fff
[    3.212128] Dummy model register access: Writing unsupported register 0x40124 value 0x0
PROBE version_check       negotiated major=1 minor=36 (proposed 1.36)
PROBE gpuprops_size       773 bytes
PROBE gpuprops product_id=0x0006 version_status=0xe850 major=9 minor=0
PROBE gpuprops gpu_freq_khz_max=851968 log2_pc_size=0 num_exec_engines=15 log2_l2_line_size=255
PROBE gpuprops raw gpu_id=0x0000000000000100
PROBE mem_alloc           gpu_va=0x41000 out_flags=0x200f (SAME_VA cookie)
PROBE mmap                bound cookie 0x41000 ->[    3.236988] kcov-ctl (107) used greatest stack depth: 13296 bytes left
 cpu=gpu=0x7efc2ada6000
PROBE mem_query           commit_size=0 bytes
PROBE summary             passed=0x1ff failed=0x000
KCOV run: /bin/kbase-probe exited 255
KCOV records=13909 distinct_pcs=2746
KCOV pc_range=0xffffffff81047c8d-0xffffffff8134d613
KCOV disable ok
BOOTMARK kcov-ctl-rc 255
BOOTMARK probe-rc 0
BOOTMARK kcov-end
BOOTMARK dmesg-start
[    3.092215] mali mali.0: Kernel DDK version r54p0-01eac0
[    3.095406] mali mali.0: Using Dummy Model
[    3.097952] mali mali.0: GPU metrics tracepoint support enabled
[    3.102126] mali mali.0: Register LUT 000e0800 initialized for GPU arch 0x000e0805
[    3.106856] mali mali.0: GPU identified as 0x0 arch 14.8.5 r0p0 status 0
[    3.111004] mali mali.0: _find_key: OPP table not found (-19)
[    3.114382] mali mali.0: No OPPs found in device tree! Scaling timeouts using 100000 kHz
[    3.119447] mali mali.0: Large page allocation set to true after hardware feature check
[    3.163041] mali mali.0: Clock not available for devfreq
[    3.166234] mali mali.0: Continuing without devfreq
[    3.169270] mali mali.0: * MALI kbase_mmap_min_addr compiled to CONFIG_LSM_MMAP_MIN_ADDR, no runtime update possible! *
[    3.175437] mali mali.0: Probed as mali0
BOOTMARK dmesg-end
BOOTMARK poweroff
[    3.306599] e1000e: EEE TX LPI TIMER: 00000000
[    3.311548] ACPI: PM: Preparing to enter system sleep state S5
[    3.313847] reboot: Power down
