c[?7l[2J[0mSeaBIOS (version 1.16.3-debian-1.16.3-2)


iPXE (https://ipxe.org) 00:02.0 CA00 PCI2.10 PnP PMM+7EFCAB60+7EF0AB60 CA00
Press Ctrl-B to configure iPXE (PCI 00:02.0)...                                                                               


Booting from ROM...
c[?7l[2J[    0.000000] Linux version 6.12.111 (codespace@codespaces-5d341e) (gcc (Ubuntu 13.3.0-6ubuntu2~24.04.1) 13.3.0, GNU ld (GNU Binutils for Ubuntu) 2.42) #1 SMP PREEMPT_DYNAMIC Thu Oct  1 01:20:33 UTC 2026
[    0.000000] Command line: console=ttyS0 panic=-1 rdinit=/init loglevel=7
[    0.000000] BIOS-provided physical RAM map:
[    0.000000] BIOS-e820: [mem 0x0000000000000000-0x000000000009fbff] usable
[    0.000000] BIOS-e820: [mem 0x000000000009fc00-0x000000000009ffff] reserved
[    0.000000] BIOS-e820: [mem 0x00000000000f0000-0x00000000000fffff] reserved
[    0.000000] BIOS-e820: [mem 0x0000000000100000-0x000000007ffdefff] usable
[    0.000000] BIOS-e820: [mem 0x000000007ffdf000-0x000000007fffffff] reserved
[    0.000000] BIOS-e820: [mem 0x00000000b0000000-0x00000000bfffffff] reserved
[    0.000000] BIOS-e820: [mem 0x00000000fed1c000-0x00000000fed1ffff] reserved
[    0.000000] BIOS-e820: [mem 0x00000000feffc000-0x00000000feffffff] reserved
[    0.000000] BIOS-e820: [mem 0x00000000fffc0000-0x00000000ffffffff] reserved
[    0.000000] BIOS-e820: [mem 0x000000fd00000000-0x000000ffffffffff] reserved
[    0.000000] NX (Execute Disable) protection: active
[    0.000000] APIC: Static calls initialized
[    0.000000] SMBIOS 3.0.0 present.
[    0.000000] DMI: QEMU Standard PC (Q35 + ICH9, 2009), BIOS 1.16.3-debian-1.16.3-2 04/01/2014
[    0.000000] DMI: Memory slots populated: 1/1
[    0.000000] Hypervisor detected: KVM
[    0.000000] last_pfn = 0x7ffdf max_arch_pfn = 0x400000000
[    0.000000] kvm-clock: Using msrs 4b564d01 and 4b564d00
[    0.000000] kvm-clock: using sched offset of 454705407 cycles
[    0.000002] clocksource: kvm-clock: mask: 0xffffffffffffffff max_cycles: 0x1cd42e4dffb, max_idle_ns: 881590591483 ns
[    0.000004] tsc: Detected 2445.428 MHz processor
[    0.000740] last_pfn = 0x7ffdf max_arch_pfn = 0x400000000
[    0.000911] MTRR map: 4 entries (3 fixed + 1 variable; max 19), built from 8 variable MTRRs
[    0.000918] x86/PAT: Configuration [0-7]: WB  WC  UC- UC  WB  WP  UC- WT  
[    0.003522] found SMP MP-table at [mem 0x000f5480-0x000f548f]
[    0.004018] RAMDISK: [mem 0x7fdc8000-0x7ffcffff]
[    0.004121] ACPI: Early table checksum verification disabled
[    0.004216] ACPI: RSDP 0x00000000000F52C0 000014 (v00 BOCHS )
[    0.004229] ACPI: RSDT 0x000000007FFE2425 000038 (v01 BOCHS  BXPC     00000001 BXPC 00000001)
[    0.004234] ACPI: FACP 0x000000007FFE2205 0000F4 (v03 BOCHS  BXPC     00000001 BXPC 00000001)
[    0.004237] ACPI: DSDT 0x000000007FFE0040 0021C5 (v01 BOCHS  BXPC     00000001 BXPC 00000001)
[    0.004239] ACPI: FACS 0x000000007FFE0000 000040
[    0.004240] ACPI: APIC 0x000000007FFE22F9 000090 (v03 BOCHS  BXPC     00000001 BXPC 00000001)
[    0.004242] ACPI: HPET 0x000000007FFE2389 000038 (v01 BOCHS  BXPC     00000001 BXPC 00000001)
[    0.004243] ACPI: MCFG 0x000000007FFE23C1 00003C (v01 BOCHS  BXPC     00000001 BXPC 00000001)
[    0.004245] ACPI: WAET 0x000000007FFE23FD 000028 (v01 BOCHS  BXPC     00000001 BXPC 00000001)
[    0.004246] ACPI: Reserving FACP table memory at [mem 0x7ffe2205-0x7ffe22f8]
[    0.004247] ACPI: Reserving DSDT table memory at [mem 0x7ffe0040-0x7ffe2204]
[    0.004248] ACPI: Reserving FACS table memory at [mem 0x7ffe0000-0x7ffe003f]
[    0.004248] ACPI: Reserving APIC table memory at [mem 0x7ffe22f9-0x7ffe2388]
[    0.004249] ACPI: Reserving HPET table memory at [mem 0x7ffe2389-0x7ffe23c0]
[    0.004249] ACPI: Reserving MCFG table memory at [mem 0x7ffe23c1-0x7ffe23fc]
[    0.004250] ACPI: Reserving WAET table memory at [mem 0x7ffe23fd-0x7ffe2424]
[    0.004813] No NUMA configuration found
[    0.004814] Faking a node at [mem 0x0000000000000000-0x000000007ffdefff]
[    0.004843] NODE_DATA(0) allocated [mem 0x7ffdb940-0x7ffdefff]
[    0.004853] Zone ranges:
[    0.004854]   DMA      [mem 0x0000000000001000-0x0000000000ffffff]
[    0.004855]   DMA32    [mem 0x0000000001000000-0x000000007ffdefff]
[    0.004856]   Normal   empty
[    0.004857] Movable zone start for each node
[    0.004857] Early memory node ranges
[    0.004857]   node   0: [mem 0x0000000000001000-0x000000000009efff]
[    0.004858]   node   0: [mem 0x0000000000100000-0x000000007ffdefff]
[    0.004859] Initmem setup node 0 [mem 0x0000000000001000-0x000000007ffdefff]
[    0.011534] On node 0, zone DMA: 1 pages in unavailable ranges
[    0.011590] On node 0, zone DMA: 97 pages in unavailable ranges
[    0.036453] On node 0, zone DMA32: 33 pages in unavailable ranges
[    0.038243] ACPI: PM-Timer IO Port: 0x608
[    0.038331] ACPI: LAPIC_NMI (acpi_id[0xff] dfl dfl lint[0x1])
[    0.038418] IOAPIC[0]: apic_id 0, version 17, address 0xfec00000, GSI 0-23
[    0.038421] ACPI: INT_SRC_OVR (bus 0 bus_irq 0 global_irq 2 dfl dfl)
[    0.038422] ACPI: INT_SRC_OVR (bus 0 bus_irq 5 global_irq 5 high level)
[    0.038423] ACPI: INT_SRC_OVR (bus 0 bus_irq 9 global_irq 9 high level)
[    0.038424] ACPI: INT_SRC_OVR (bus 0 bus_irq 10 global_irq 10 high level)
[    0.038424] ACPI: INT_SRC_OVR (bus 0 bus_irq 11 global_irq 11 high level)
[    0.038427] ACPI: Using ACPI (MADT) for SMP configuration information
[    0.038427] ACPI: HPET id: 0x8086a201 base: 0xfed00000
[    0.038502] CPU topo: Max. logical packages:   1
[    0.038503] CPU topo: Max. logical dies:       1
[    0.038503] CPU topo: Max. dies per package:   1
[    0.038506] CPU topo: Max. threads per core:   1
[    0.038507] CPU topo: Num. cores per package:     4
[    0.038507] CPU topo: Num. threads per package:   4
[    0.038508] CPU topo: Allowing 4 present CPUs plus 0 hotplug CPUs
[    0.038536] kvm-guest: APIC: eoi() replaced with kvm_guest_apic_eoi_write()
[    0.038695] PM: hibernation: Registered nosave memory: [mem 0x00000000-0x00000fff]
[    0.038696] PM: hibernation: Registered nosave memory: [mem 0x0009f000-0x000fffff]
[    0.038698] [mem 0xc0000000-0xfed1bfff] available for PCI devices
[    0.038699] Booting paravirtualized kernel on KVM
[    0.038701] clocksource: refined-jiffies: mask: 0xffffffff max_cycles: 0xffffffff, max_idle_ns: 1910969940391419 ns
[    0.043683] setup_percpu: NR_CPUS:64 nr_cpumask_bits:4 nr_cpu_ids:4 nr_node_ids:1
[    0.045056] percpu: Embedded 56 pages/cpu s192216 r8192 d28968 u524288
[    0.045108] Kernel command line: console=ttyS0 panic=-1 rdinit=/init loglevel=7
[    0.046538] Dentry cache hash table entries: 262144 (order: 9, 2097152 bytes, linear)
[    0.046600] Inode-cache hash table entries: 131072 (order: 8, 1048576 bytes, linear)
[    0.046756] Fallback order for Node 0: 0 
[    0.046759] Built 1 zonelists, mobility grouping on.  Total pages: 524157
[    0.046760] Policy zone: DMA32
[    0.046762] mem auto-init: stack:all(zero), heap alloc:off, heap free:off
[    0.051585] SLUB: HWalign=64, Order=0-3, MinObjects=0, CPUs=4, Nodes=1
[    0.053746] Dynamic Preempt: voluntary
[    0.055008] rcu: Preemptible hierarchical RCU implementation.
[    0.055009] rcu: 	RCU event tracing is enabled.
[    0.055010] rcu: 	RCU restricting CPUs from NR_CPUS=64 to nr_cpu_ids=4.
[    0.055011] 	Trampoline variant of Tasks RCU enabled.
[    0.055012] 	Tracing variant of Tasks RCU enabled.
[    0.055013] rcu: RCU calculated value of scheduler-enlistment delay is 100 jiffies.
[    0.055013] rcu: Adjusting geometry for rcu_fanout_leaf=16, nr_cpu_ids=4
[    0.055041] RCU Tasks: Setting shift to 2 and lim to 1 rcu_task_cb_adjust=1 rcu_task_cpu_ids=4.
[    0.055043] RCU Tasks Trace: Setting shift to 2 and lim to 1 rcu_task_cb_adjust=1 rcu_task_cpu_ids=4.
[    0.059118] NR_IRQS: 4352, nr_irqs: 456, preallocated irqs: 16
[    0.060669] rcu: srcu_init: Setting srcu_struct sizes based on contention.
[    0.060820] clocksource: jiffies: mask: 0xffffffff max_cycles: 0xffffffff, max_idle_ns: 1911260446275000 ns
[    0.075469] Console: colour VGA+ 80x25
[    0.075566] printk: legacy console [ttyS0] enabled
[    0.524291] ACPI: Core revision 20240827
[    0.527530] clocksource: hpet: mask: 0xffffffff max_cycles: 0xffffffff, max_idle_ns: 19112604467 ns
[    0.533924] APIC: Switch to symmetric I/O mode setup
[    0.540858] ..TIMER: vector=0x30 apic1=0 pin1=2 apic2=-1 pin2=-1
[    0.545342] clocksource: tsc-early: mask: 0xffffffffffffffff max_cycles: 0x233fd98c0cf, max_idle_ns: 440795209930 ns
[    0.553120] Calibrating delay loop (skipped) preset value.. 4890.85 BogoMIPS (lpj=2445428)
[    0.554913] Last level iTLB entries: 4KB 512, 2MB 255, 4MB 127
[    0.556118] Last level dTLB entries: 4KB 512, 2MB 255, 4MB 127, 1GB 0
[    0.557127] Spectre V1 : Mitigation: usercopy/swapgs barriers and __user pointer sanitization
[    0.558119] Spectre V2 : Mitigation: Retpolines
[    0.559118] Spectre V2 : Spectre v2 / SpectreRSB: Filling RSB on context switch and VMEXIT
[    0.560130] x86/fpu: x87 FPU will use FXSAVE
[    0.586286] Freeing SMP alternatives memory: 48K
[    0.587273] pid_max: default: 32768 minimum: 301
[    0.588144] LSM: initializing lsm=capability,selinux
[    0.589141] SELinux:  Initializing.
[    0.590385] Mount-cache hash table entries: 4096 (order: 3, 32768 bytes, linear)
[    0.591218] Mountpoint-cache hash table entries: 4096 (order: 3, 32768 bytes, linear)
[    0.693457] smpboot: CPU0: AMD QEMU Virtual CPU version 2.5+ (family: 0xf, model: 0x6b, stepping: 0x1)
[    0.696085] Performance Events: PMU not available due to virtualization, using software events only.
[    0.699205] signal: max sigframe size: 1440
[    0.700315] rcu: Hierarchical SRCU implementation.
[    0.701118] rcu: 	Max phase no-delay instances is 400.
[    0.703374] Timer migration: 1 hierarchy levels; 8 children per group; 1 crossnode level
[    0.704780] smp: Bringing up secondary CPUs ...
[    0.706250] smpboot: x86: Booting SMP configuration:
[    0.707120] .... node  #0, CPUs:      #1 #2 #3
[    0.720322] smp: Brought up 1 node, 4 CPUs
[    0.722121] smpboot: Total of 4 processors activated (19563.42 BogoMIPS)
[    0.724690] Memory: 2013192K/2096628K available (18432K kernel code, 2863K rwdata, 7100K rodata, 2800K init, 964K bss, 78468K reserved, 0K cma-reserved)
[    0.727191] devtmpfs: initialized
[    0.728709] futex hash table entries: 1024 (order: 4, 65536 bytes, linear)
[    0.729588] PM: RTC time: 18:42:31, date: 2026-10-01
[    0.732360] NET: Registered PF_NETLINK/PF_ROUTE protocol family
[    0.733289] audit: initializing netlink subsys (disabled)
[    0.735265] audit: type=2000 audit(1790880151.045:1): state=initialized audit_enabled=0 res=1
[    0.735417] thermal_sys: Registered thermal governor 'step_wise'
[    0.736119] thermal_sys: Registered thermal governor 'user_space'
[    0.737170] cpuidle: using governor menu
[    0.739706] PCI: ECAM [mem 0xb0000000-0xbfffffff] (base 0xb0000000) for domain 0000 [bus 00-ff]
[    0.740120] PCI: ECAM [mem 0xb0000000-0xbfffffff] reserved as E820 entry
[    0.741136] PCI: Using configuration type 1 for base access
[    0.743275] kprobes: kprobe jump-optimization is enabled. All kprobes are optimized if possible.
[    0.746119] HugeTLB: registered 2.00 MiB page size, pre-allocated 0 pages
[    0.751118] HugeTLB: 28 KiB vmemmap can be freed for a 2.00 MiB page
[    0.755644] ACPI: Added _OSI(Module Device)
[    0.758118] ACPI: Added _OSI(Processor Device)
[    0.762118] ACPI: Added _OSI(Processor Aggregator Device)
[    0.766546] ACPI: 1 ACPI AML tables successfully acquired and loaded
[    0.776467] ACPI: Interpreter enabled
[    0.779132] ACPI: PM: (supports S0 S3 S4 S5)
[    0.782119] ACPI: Using IOAPIC for interrupt routing
[    0.786290] PCI: Using host bridge windows from ACPI; if necessary, use "pci=nocrs" and report a bug
[    0.793118] PCI: Using E820 reservations for host bridge windows
[    0.797209] ACPI: Enabled 2 GPEs in block 00 to 3F
[    0.803214] ACPI: PCI Root Bridge [PCI0] (domain 0000 [bus 00-ff])
[    0.808122] acpi PNP0A08:00: _OSC: OS supports [ExtendedConfig ASPM ClockPM Segments MSI HPX-Type3]
[    0.814149] acpi PNP0A08:00: _OSC: platform does not support [LTR]
[    0.819158] acpi PNP0A08:00: _OSC: OS now controls [PME PCIeCapability]
[    0.824229] PCI host bridge to bus 0000:00
[    0.827122] pci_bus 0000:00: root bus resource [io  0x0000-0x0cf7 window]
[    0.832119] pci_bus 0000:00: root bus resource [io  0x0d00-0xffff window]
[    0.837119] pci_bus 0000:00: root bus resource [mem 0x000a0000-0x000bffff window]
[    0.843119] pci_bus 0000:00: root bus resource [mem 0x80000000-0xafffffff window]
[    0.848120] pci_bus 0000:00: root bus resource [mem 0xc0000000-0xfebfffff window]
[    0.854119] pci_bus 0000:00: root bus resource [mem 0x100000000-0x8ffffffff window]
[    0.859119] pci_bus 0000:00: root bus resource [bus 00-ff]
[    0.863241] pci 0000:00:00.0: [8086:29c0] type 00 class 0x060000 conventional PCI endpoint
[    0.870539] pci 0000:00:01.0: [1234:1111] type 00 class 0x030000 conventional PCI endpoint
[    0.881250] pci 0000:00:01.0: BAR 0 [mem 0xfd000000-0xfdffffff pref]
[    0.890008] pci 0000:00:01.0: BAR 2 [mem 0xfebd4000-0xfebd4fff]
[    0.902250] pci 0000:00:01.0: ROM [mem 0xfebc0000-0xfebcffff pref]
[    0.908771] pci 0000:00:01.0: Video device with shadowed ROM at [mem 0x000c0000-0x000dffff]
[    0.916405] pci 0000:00:02.0: [8086:10d3] type 00 class 0x020000 PCIe Root Complex Integrated Endpoint
[    0.924832] pci 0000:00:02.0: BAR 0 [mem 0xfeb80000-0xfeb9ffff]
[    0.930840] pci 0000:00:02.0: BAR 1 [mem 0xfeba0000-0xfebbffff]
[    0.936467] pci 0000:00:02.0: BAR 2 [io  0xc040-0xc05f]
[    0.941118] pci 0000:00:02.0: BAR 3 [mem 0xfebd0000-0xfebd3fff]
[    0.950118] pci 0000:00:02.0: ROM [mem 0xfeb00000-0xfeb7ffff pref]
[    0.956569] pci 0000:00:1f.0: [8086:2918] type 00 class 0x060100 conventional PCI endpoint
[    0.963591] pci 0000:00:1f.0: quirk: [io  0x0600-0x067f] claimed by ICH6 ACPI/GPIO/TCO
[    0.969811] pci 0000:00:1f.2: [8086:2922] type 00 class 0x010601 conventional PCI endpoint
[    0.980632] pci 0000:00:1f.2: BAR 4 [io  0xc060-0xc07f]
[    0.986118] pci 0000:00:1f.2: BAR 5 [mem 0xfebd5000-0xfebd5fff]
[    0.991674] pci 0000:00:1f.3: [8086:2930] type 00 class 0x0c0500 conventional PCI endpoint
[    0.999517] pci 0000:00:1f.3: BAR 4 [io  0x0700-0x073f]
[    1.008067] ACPI: PCI: Interrupt link LNKA configured for IRQ 10
[    1.013263] ACPI: PCI: Interrupt link LNKB configured for IRQ 10
[    1.017209] ACPI: PCI: Interrupt link LNKC configured for IRQ 11
[    1.021261] ACPI: PCI: Interrupt link LNKD configured for IRQ 11
[    1.026274] ACPI: PCI: Interrupt link LNKE configured for IRQ 10
[    1.030224] ACPI: PCI: Interrupt link LNKF configured for IRQ 10
[    1.034252] ACPI: PCI: Interrupt link LNKG configured for IRQ 11
[    1.039252] ACPI: PCI: Interrupt link LNKH configured for IRQ 11
[    1.043179] ACPI: PCI: Interrupt link GSIA configured for IRQ 16
[    1.047142] ACPI: PCI: Interrupt link GSIB configured for IRQ 17
[    1.051123] ACPI: PCI: Interrupt link GSIC configured for IRQ 18
[    1.055142] ACPI: PCI: Interrupt link GSID configured for IRQ 19
[    1.059129] ACPI: PCI: Interrupt link GSIE configured for IRQ 20
[    1.063149] ACPI: PCI: Interrupt link GSIF configured for IRQ 21
[    1.068130] ACPI: PCI: Interrupt link GSIG configured for IRQ 22
[    1.072142] ACPI: PCI: Interrupt link GSIH configured for IRQ 23
[    1.077778] iommu: Default domain type: Translated
[    1.081118] iommu: DMA domain TLB invalidation policy: lazy mode
[    1.086207] SCSI subsystem initialized
[    1.090410] ACPI: bus type USB registered
[    1.093226] usbcore: registered new interface driver usbfs
[    1.096175] usbcore: registered new interface driver hub
[    1.100141] usbcore: registered new device driver usb
[    1.103258] pps_core: LinuxPPS API ver. 1 registered
[    1.106118] pps_core: Software ver. 5.3.6 - Copyright 2005-2007 Rodolfo Giometti <giometti@linux.it>
[    1.112124] PTP clock support registered
[    1.115301] Advanced Linux Sound Architecture Driver Initialized.
[    1.120238] NetLabel: Initializing
[    1.123118] NetLabel:  domain hash size = 128
[    1.125118] NetLabel:  protocols = UNLABELED CIPSOv4 CALIPSO
[    1.129293] NetLabel:  unlabeled traffic allowed by default
[    1.133537] PCI: Using ACPI for IRQ routing
[    1.275579] pci 0000:00:01.0: vgaarb: setting as boot VGA device
[    1.276115] pci 0000:00:01.0: vgaarb: bridge control possible
[    1.276115] pci 0000:00:01.0: vgaarb: VGA device added: decodes=io+mem,owns=io+mem,locks=none
[    1.289121] vgaarb: loaded
[    1.291681] hpet: 3 channels of 0 reserved for per-cpu timers
[    1.295159] hpet0: at MMIO 0xfed00000, IRQs 2, 8, 0
[    1.298118] hpet0: 3 comparators, 64-bit 100.000000 MHz counter
[    1.307115] clocksource: Switched to clocksource kvm-clock
[    1.313890] VFS: Disk quotas dquot_6.6.0
[    1.316510] VFS: Dquot-cache hash table entries: 512 (order 0, 4096 bytes)
[    1.322132] pnp: PnP ACPI init
[    1.324541] system 00:05: [mem 0xb0000000-0xbfffffff window] has been reserved
[    1.329611] pnp: PnP ACPI: found 6 devices
[    1.343678] clocksource: acpi_pm: mask: 0xffffff max_cycles: 0xffffff, max_idle_ns: 2085701024 ns
[    1.349846] NET: Registered PF_INET protocol family
[    1.355399] IP idents hash table entries: 32768 (order: 6, 262144 bytes, linear)
[    1.361509] tcp_listen_portaddr_hash hash table entries: 1024 (order: 2, 16384 bytes, linear)
[    1.366488] Table-perturb hash table entries: 65536 (order: 6, 262144 bytes, linear)
[    1.371244] TCP established hash table entries: 16384 (order: 5, 131072 bytes, linear)
[    1.377353] TCP bind hash table entries: 16384 (order: 7, 524288 bytes, linear)
[    1.384041] TCP: Hash tables configured (established 16384 bind 16384)
[    1.389180] UDP hash table entries: 1024 (order: 3, 32768 bytes, linear)
[    1.393673] UDP-Lite hash table entries: 1024 (order: 3, 32768 bytes, linear)
[    1.398834] NET: Registered PF_UNIX/PF_LOCAL protocol family
[    1.404116] RPC: Registered named UNIX socket transport module.
[    1.408364] RPC: Registered udp transport module.
[    1.411506] RPC: Registered tcp transport module.
[    1.414893] RPC: Registered tcp-with-tls transport module.
[    1.418763] RPC: Registered tcp NFSv4.1 backchannel transport module.
[    1.424199] pci_bus 0000:00: resource 4 [io  0x0000-0x0cf7 window]
[    1.428083] pci_bus 0000:00: resource 5 [io  0x0d00-0xffff window]
[    1.434042] pci_bus 0000:00: resource 6 [mem 0x000a0000-0x000bffff window]
[    1.438218] pci_bus 0000:00: resource 7 [mem 0x80000000-0xafffffff window]
[    1.443390] pci_bus 0000:00: resource 8 [mem 0xc0000000-0xfebfffff window]
[    1.448607] pci_bus 0000:00: resource 9 [mem 0x100000000-0x8ffffffff window]
[    1.454170] PCI: CLS 0 bytes, default 64
[    1.457519] clocksource: tsc: mask: 0xffffffffffffffff max_cycles: 0x233fd98c0cf, max_idle_ns: 440795209930 ns
[    1.457734] Unpacking initramfs...
[    1.481035] Initialise system trusted keyrings
[    1.484102] workingset: timestamp_bits=56 max_order=19 bucket_order=0
[    1.491986] NFS: Registering the id_resolver key type
[    1.496030] Key type id_resolver registered
[    1.499744] Key type id_legacy registered
[    1.502481] 9p: Installing v9fs 9p2000 file system support
[    1.507628] Freeing initrd memory: 2080K
[    1.517620] Key type asymmetric registered
[    1.519674] Asymmetric key parser 'x509' registered
[    1.522699] Block layer SCSI generic (bsg) driver version 0.4 loaded (major 251)
[    1.527179] io scheduler mq-deadline registered
[    1.529916] io scheduler kyber registered
[    1.532967] input: Power Button as /devices/LNXSYSTM:00/LNXPWRBN:00/input/input0
[    1.537480] ACPI: button: Power Button [PWRF]
[    1.541225] Serial: 8250/16550 driver, 4 ports, IRQ sharing enabled
[    1.545381] 00:03: ttyS0 at I/O 0x3f8 (irq = 4, base_baud = 115200) is a 16550A
[    1.551054] Non-volatile memory driver v1.3
[    1.553472] Linux agpgart interface v0.103
[    1.556135] ACPI: bus type drm_connector registered
[    1.566340] loop: module loaded
[    1.569122] ACPI: \_SB_.GSIA: Enabled at IRQ 16
[    1.573937] ahci 0000:00:1f.2: AHCI vers 0001.0000, 32 command slots, 1.5 Gbps, SATA mode
[    1.579317] ahci 0000:00:1f.2: 6/6 ports implemented (port mask 0x3f)
[    1.583039] ahci 0000:00:1f.2: flags: 64bit ncq only 
[    1.589862] scsi host0: ahci
[    1.592612] scsi host1: ahci
[    1.595517] scsi host2: ahci
[    1.598353] scsi host3: ahci
[    1.601209] scsi host4: ahci
[    1.605107] scsi host5: ahci
[    1.607254] ata1: SATA max UDMA/133 abar m4096@0xfebd5000 port 0xfebd5100 irq 24 lpm-pol 1
[    1.612385] ata2: SATA max UDMA/133 abar m4096@0xfebd5000 port 0xfebd5180 irq 24 lpm-pol 1
[    1.617483] ata3: SATA max UDMA/133 abar m4096@0xfebd5000 port 0xfebd5200 irq 24 lpm-pol 1
[    1.622610] ata4: SATA max UDMA/133 abar m4096@0xfebd5000 port 0xfebd5280 irq 24 lpm-pol 1
[    1.628298] ata5: SATA max UDMA/133 abar m4096@0xfebd5000 port 0xfebd5300 irq 24 lpm-pol 1
[    1.634263] ata6: SATA max UDMA/133 abar m4096@0xfebd5000 port 0xfebd5380 irq 24 lpm-pol 1
[    1.641168] e100: Intel(R) PRO/100 Network Driver
[    1.644467] e100: Copyright(c) 1999-2006 Intel Corporation
[    1.648260] e1000: Intel(R) PRO/1000 Network Driver
[    1.651844] e1000: Copyright (c) 1999-2006 Intel Corporation.
[    1.656059] e1000e: Intel(R) PRO/1000 Network Driver
[    1.659428] e1000e: Copyright(c) 1999 - 2015 Intel Corporation.
[    1.663877] ACPI: \_SB_.GSIG: Enabled at IRQ 22
[    1.668356] e1000e 0000:00:02.0: Interrupt Throttling Rate (ints/sec) set to dynamic conservative mode
[    1.716442] e1000e 0000:00:02.0 0000:00:02.0 (uninitialized): registered PHC clock
[    1.774668] e1000e 0000:00:02.0 eth0: (PCI Express:2.5GT/s:Width x1) 52:54:00:12:34:56
[    1.780182] e1000e 0000:00:02.0 eth0: Intel(R) PRO/1000 Network Connection
[    1.785293] e1000e 0000:00:02.0 eth0: MAC: 3, PHY: 8, PBA No: 000000-000
[    1.790212] sky2: driver version 1.30
[    1.793401] usbcore: registered new interface driver usblp
[    1.797435] usbcore: registered new interface driver usb-storage
[    1.802132] i8042: PNP: PS/2 Controller [PNP0303:KBD,PNP0f13:MOU] at 0x60,0x64 irq 1,12
[    1.809721] serio: i8042 KBD port at 0x60,0x64 irq 1
[    1.813433] serio: i8042 AUX port at 0x60,0x64 irq 12
[    1.817719] rtc_cmos 00:04: RTC can wake from S4
[    1.822037] input: AT Translated Set 2 keyboard as /devices/platform/i8042/serio0/input/input1
[    1.828905] rtc_cmos 00:04: registered as rtc0
[    1.832173] rtc_cmos 00:04: alarms up to one day, y3k, 242 bytes nvram, hpet irqs
[    1.838486] i801_smbus 0000:00:1f.3: SMBus using PCI interrupt
[    1.839017] device-mapper: ioctl: 4.48.0-ioctl (2023-03-01) initialised: dm-devel@lists.linux.dev
[    1.842160] i2c i2c-0: Memory type 0x07 not supported yet, not instantiating SPD
[    1.847436] amd_pstate: the _CPC object is not present in SBIOS or ACPI disabled
[    1.858555] hid: raw HID events driver (C) Jiri Kosina
[    1.863746] usbcore: registered new interface driver usbhid
[    1.868053] usbhid: USB HID core driver
[    1.878041] Initializing XFRM netlink socket
[    1.881409] NET: Registered PF_INET6 protocol family
[    1.886270] Segment Routing with IPv6
[    1.888959] In-situ OAM (IOAM) with IPv6
[    1.891862] sit: IPv6, IPv4 and MPLS over IPv4 tunneling driver
[    1.896432] NET: Registered PF_PACKET protocol family
[    1.900372] 9pnet: Installing 9P2000 support
[    1.903283] Key type dns_resolver registered
[    1.907248] IPI shorthand broadcast: enabled
[    1.913583] sched_clock: Marking stable (1424026111, 489296033)->(2053718723, -140396579)
[    1.919813] registered taskstats version 1
[    1.922700] Loading compiled-in X.509 certificates
[    1.927776] Demotion targets for Node 0: null
[    1.931293] PM:   Magic number: 14:692:745
[    1.934598] printk: legacy console [netcon0] enabled
[    1.938301] netconsole: network logging started
[    1.941626] cfg80211: Loading compiled-in X.509 certificates for regulatory database
[    1.947769] kworker/u16:11 (88) used greatest stack depth: 14408 bytes left
[    1.950915] Loaded X.509 cert 'sforshee: 00b28ddf47aef9cea7'
[    1.955486] Loaded X.509 cert 'wens: 61c038651aabdcf94bd0ac7ff06c7248db18c600'
[    1.960572] ALSA device list:
[    1.962855] ata1: SATA link down (SStatus 0 SControl 300)
[    1.962866] platform regulatory.0: Direct firmware load for regulatory.db failed with error -2
[    1.966635]   No soundcards found.
[    1.968128] ata5: SATA link down (SStatus 0 SControl 300)
[    1.973201] cfg80211: failed to load regulatory.db
[    1.976612] ata4: SATA link down (SStatus 0 SControl 300)
[    1.986617] ata6: SATA link down (SStatus 0 SControl 300)
[    1.990868] ata3: SATA link up 1.5 Gbps (SStatus 113 SControl 300)
[    1.994533] ata3.00: LPM support broken, forcing max_power
[    1.997943] ata3.00: ATAPI: QEMU DVD-ROM, 2.5+, max UDMA/100
[    2.001433] ata3.00: applying bridge limits
[    2.004421] ata2: SATA link down (SStatus 0 SControl 300)
[    2.007741] ata3.00: LPM support broken, forcing max_power
[    2.010982] ata3.00: configured for UDMA/100
[    2.014637] scsi 2:0:0:0: CD-ROM            QEMU     QEMU DVD-ROM     2.5+ PQ: 0 ANSI: 5
[    2.031927] sr 2:0:0:0: [sr0] scsi3-mmc drive: 4x/4x cd/rw xa/form2 tray
[    2.047756] cdrom: Uniform CD-ROM driver Revision: 3.20
[    2.060226] sr 2:0:0:0: Attached scsi generic sg0 type 5
[    2.069474] Freeing unused kernel image (initmem) memory: 2800K
[    2.072937] Write protecting the kernel read-only data: 26624k
[    2.080597] Freeing unused kernel image (rodata/data gap) memory: 1092K
[    2.115515] x86/mm: Checked W+X mappings: passed, no W+X pages found.
[    2.118948] Run /init as init process
[    2.125937] mount (94) used greatest stack depth: 14112 bytes left
[    2.129300] mount (96) used greatest stack depth: 13992 bytes left
[    2.132841] mount (97) used greatest stack depth: 13640 bytes left
BOOTMARK userspace-up
Linux (none) 6.12.111 #1 SMP PREEMPT_DYNAMIC Thu Oct  1 01:20:33 UTC 2026 x86_64 GNU/Linux
BOOTMARK insmod-start
[    2.165829] mali mali.0: Kernel DDK version r54p0-01eac0
[    2.169049] mali mali.0: Using Dummy Model
[    2.171527] mali mali.0: GPU metrics tracepoint support enabled
[    2.175168] mali mali.0: Register LUT 000e0800 initialized for GPU arch 0x000e0805
[    2.179640] mali mali.0: GPU identified as 0x0 arch 14.8.5 r0p0 status 0
[    2.183612] mali mali.0: _find_key: OPP table not found (-19)
[    2.187063] mali mali.0: No OPPs found in device tree! Scaling timeouts using 100000 kHz
[    2.192065] mali mali.0: Large page allocation set to true after hardware feature check
[    2.199383] Dummy model register access: Reading unsupported register 0xf10. Returning 0
[    2.203677] Dummy model register access: Writing unsupported register 0xf10 value 0x0
[    2.208253] Dummy model register access: Writing unsupported register 0x88 value 0x0
[    2.212690] Dummy model register access: Writing unsupported register 0x8c value 0x0
[    2.217224] Dummy model register access: Writing unsupported register 0x88 value 0x197024
[    2.221971] Dummy model register access: Writing unsupported register 0x8c value 0x0
[    2.226199] Dummy model register access: Writing unsupported register 0x41030 value 0x0
[    2.231370] Dummy model register access: Writing unsupported register 0x41034 value 0x0
[    2.235367] mali mali.0: Clock not available for devfreq
[    2.238350] mali mali.0: Continuing without devfreq
[    2.241446] mali mali.0: * MALI kbase_mmap_min_addr compiled to CONFIG_LSM_MMAP_MIN_ADDR, no runtime update possible! *
[    2.247094] mali mali.0: Probed as mali0
BOOTMARK insmod-rc 0
Module                  Size  Used by    Not tainted
mali_kbase           1900544  0 
BOOTMARK probe-start
PROBE build              kbase-probe, EL0 ioctl exerciser
PROBE device             /dev/mali0
[    2.267856] Dummy model register access: Writing unsupported register 0x40120 value 0x3fff
[    2.272456] Dummy model register access: Writing unsupported register 0x40124 value 0x0
PROBE open                   PASS
PROBE version_check       negotiated major=1 minor=36 (proposed 1.36)
PROBE version_check          PASS
PROBE set_flags              PASS
PROBE gpuprops_size       773 bytes
PROBE gpuprops_size          PASS
PROBE gpuprops product_id=0x0006 version_status=0xe850 major=9 minor=0
PROBE gpuprops gpu_freq_khz_max=851968 log2_pc_size=0 num_exec_engines=15 log2_l2_line_size=255
PROBE gpuprops raw gpu_id=0x0000000000000100
PROBE gpuprops_read          PASS
PROBE mem_alloc           gpu_va=0x41000 out_flags=0x200f (SAME_VA cookie)
PROBE mem_alloc              PASS
PROBE mmap                bound cookie 0x41000 -> cpu=gpu=0x7fb5f7b04000
PROBE mmap                   PASS
PROBE mem_query           commit_size=0 bytes
PROBE mem_query              PASS
PROBE munmap                 PASS
PROBE summary             passed=0x1ff failed=0x000
BOOTMARK probe-rc 255
BOOTMARK dmesg-start
[    2.165829] mali mali.0: Kernel DDK version r54p0-01eac0
[    2.169049] mali mali.0: Using Dummy Model
[    2.171527] mali mali.0: GPU metrics tracepoint support enabled
[    2.175168] mali mali.0: Register LUT 000e0800 initialized for GPU arch 0x000e0805
[    2.179640] mali mali.0: GPU identified as 0x0 arch 14.8.5 r0p0 status 0
[    2.183612] mali mali.0: _find_key: OPP table not found (-19)
[    2.187063] mali mali.0: No OPPs found in device tree! Scaling timeouts using 100000 kHz
[    2.192065] mali mali.0: Large page allocation set to true after hardware feature check
[    2.235367] mali mali.0: Clock not available for devfreq
[    2.238350] mali mali.0: Continuing without devfreq
[    2.241446] mali mali.0: * MALI kbase_mmap_min_addr compiled to CONFIG_LSM_MMAP_MIN_ADDR, no runtime update possible! *
[    2.247094] mali mali.0: Probed as mali0
BOOTMARK dmesg-end
BOOTMARK poweroff
[    2.361756] input: ImExPS/2 Generic Explorer Mouse as /devices/platform/i8042/serio1/input/input3
[    2.368719] e1000e: EEE TX LPI TIMER: 00000000
[    2.373724] ACPI: PM: Preparing to enter system sleep state S5
[    2.377507] reboot: Power down

CLEAN-LOCATION: baseline
  bundle:    artifacts/baseline  (sha256sum -c clean before and after the boot)
  booted from: /tmp/portable-test-baseline  with the repo's build/ tree renamed away
  strict-artifact: yes (no build/ fallback permitted)
  at:          2026-10-01T18:42:29Z
